[0.136s][warning][gc] -XX:+PrintGCDetails is deprecated. Will use -Xlog:gc* instead.
[7.396s][info   ][gc] Using G1
[7.428s][info   ][gc,init] Version: 17-internal+0-adhoc.mariach.jdk17 (slowdebug)
[7.428s][info   ][gc,init] CPUs: 32 total, 32 available
[7.429s][info   ][gc,init] Memory: 251G
[7.429s][info   ][gc,init] Large Page Support: Disabled
[7.429s][info   ][gc,init] NUMA Support: Disabled
[7.429s][info   ][gc,init] Compressed Oops: Disabled
[7.429s][info   ][gc,init] Heap Region Size: 1M
[7.429s][info   ][gc,init] Heap Min Capacity: 56M
[7.429s][info   ][gc,init] Heap Initial Capacity: 2G
[7.429s][info   ][gc,init] Heap Max Capacity: 2G
[7.429s][info   ][gc,init] Pre-touch: Disabled
[7.430s][info   ][gc,init] Parallel Workers: 1
[7.430s][info   ][gc,init] Concurrent Workers: 1
[7.430s][info   ][gc,init] Concurrent Refinement Workers: 1
[7.430s][info   ][gc,init] Periodic GC: Disabled
insertion 0
[10.215s][info   ][gc,start] GC(0) Pause Young (Normal) (G1 Evacuation Pause)
[10.215s][info   ][gc,task ] GC(0) Using 1 workers of 1 for evacuation
[12.252s][info   ][gc,mmu  ] GC(0) MMU target violated: 201.0ms (200.0ms/201.0ms)
[12.252s][info   ][gc,phases] GC(0)   Pre Evacuate Collection Set: 1.6ms
[12.253s][info   ][gc,phases] GC(0)   Merge Heap Roots: 0.1ms
[12.253s][info   ][gc,phases] GC(0)   Evacuate Collection Set: 2002.8ms
[12.253s][info   ][gc,phases] GC(0)   Post Evacuate Collection Set: 30.4ms
[12.253s][info   ][gc,phases] GC(0)   Other: 4.7ms
[12.253s][info   ][gc,heap  ] GC(0) Eden regions: 50->0(43)
[12.253s][info   ][gc,heap  ] GC(0) Survivor regions: 0->7(7)
[12.253s][info   ][gc,heap  ] GC(0) Old regions: 0->37
[12.253s][info   ][gc,heap  ] GC(0) Archive regions: 0->0
[12.253s][info   ][gc,heap  ] GC(0) Humongous regions: 0->0
[12.254s][info   ][gc,metaspace] GC(0) Metaspace: 6660K(6784K)->6660K(6784K)
[12.255s][info   ][gc          ] GC(0) Pause Young (Normal) (G1 Evacuation Pause) 50M->43M(2048M) 2040.784ms
[12.256s][info   ][gc,cpu      ] GC(0) User=2.01s Sys=0.02s Real=2.04s
[12.300s][info   ][gc,start    ] GC(1) Pause Young (Normal) (G1 Evacuation Pause)
[12.300s][info   ][gc,task     ] GC(1) Using 1 workers of 1 for evacuation
[14.644s][info   ][gc,mmu      ] GC(1) MMU target violated: 201.0ms (200.0ms/201.0ms)
[14.644s][info   ][gc,phases   ] GC(1)   Pre Evacuate Collection Set: 0.9ms
[14.645s][info   ][gc,phases   ] GC(1)   Merge Heap Roots: 0.1ms
[14.645s][info   ][gc,phases   ] GC(1)   Evacuate Collection Set: 2313.6ms
[14.645s][info   ][gc,phases   ] GC(1)   Post Evacuate Collection Set: 27.4ms
[14.645s][info   ][gc,phases   ] GC(1)   Other: 4.7ms
[14.645s][info   ][gc,heap     ] GC(1) Eden regions: 43->0(43)
[14.645s][info   ][gc,heap     ] GC(1) Survivor regions: 7->7(7)
[14.645s][info   ][gc,heap     ] GC(1) Old regions: 37->80
[14.645s][info   ][gc,heap     ] GC(1) Archive regions: 0->0
[14.645s][info   ][gc,heap     ] GC(1) Humongous regions: 0->0
[14.645s][info   ][gc,metaspace] GC(1) Metaspace: 6660K(6784K)->6660K(6784K)
[14.647s][info   ][gc          ] GC(1) Pause Young (Normal) (G1 Evacuation Pause) 86M->87M(2048M) 2347.661ms
[14.647s][info   ][gc,cpu      ] GC(1) User=2.33s Sys=0.02s Real=2.35s
[14.694s][info   ][gc,start    ] GC(2) Pause Young (Normal) (G1 Evacuation Pause)
[14.694s][info   ][gc,task     ] GC(2) Using 1 workers of 1 for evacuation
[17.124s][info   ][gc,mmu      ] GC(2) MMU target violated: 201.0ms (200.0ms/201.0ms)
[17.124s][info   ][gc,phases   ] GC(2)   Pre Evacuate Collection Set: 0.8ms
[17.124s][info   ][gc,phases   ] GC(2)   Merge Heap Roots: 0.1ms
[17.124s][info   ][gc,phases   ] GC(2)   Evacuate Collection Set: 2402.1ms
[17.124s][info   ][gc,phases   ] GC(2)   Post Evacuate Collection Set: 24.5ms
[17.124s][info   ][gc,phases   ] GC(2)   Other: 4.2ms
[17.124s][info   ][gc,heap     ] GC(2) Eden regions: 43->0(43)
[17.125s][info   ][gc,heap     ] GC(2) Survivor regions: 7->7(7)
[17.125s][info   ][gc,heap     ] GC(2) Old regions: 80->123
[17.125s][info   ][gc,heap     ] GC(2) Archive regions: 0->0
[17.125s][info   ][gc,heap     ] GC(2) Humongous regions: 0->0
[17.125s][info   ][gc,metaspace] GC(2) Metaspace: 6660K(6784K)->6660K(6784K)
[17.127s][info   ][gc          ] GC(2) Pause Young (Normal) (G1 Evacuation Pause) 130M->130M(2048M) 2432.691ms
[17.127s][info   ][gc,cpu      ] GC(2) User=2.41s Sys=0.02s Real=2.44s
[17.173s][info   ][gc,start    ] GC(3) Pause Young (Normal) (G1 Evacuation Pause)
[17.174s][info   ][gc,task     ] GC(3) Using 1 workers of 1 for evacuation
[19.584s][info   ][gc,mmu      ] GC(3) MMU target violated: 201.0ms (200.0ms/201.0ms)
[19.585s][info   ][gc,phases   ] GC(3)   Pre Evacuate Collection Set: 0.8ms
[19.585s][info   ][gc,phases   ] GC(3)   Merge Heap Roots: 0.1ms
[19.585s][info   ][gc,phases   ] GC(3)   Evacuate Collection Set: 2383.5ms
[19.585s][info   ][gc,phases   ] GC(3)   Post Evacuate Collection Set: 24.6ms
[19.585s][info   ][gc,phases   ] GC(3)   Other: 4.4ms
[19.585s][info   ][gc,heap     ] GC(3) Eden regions: 43->0(43)
[19.585s][info   ][gc,heap     ] GC(3) Survivor regions: 7->7(7)
[19.586s][info   ][gc,heap     ] GC(3) Old regions: 123->166
[19.586s][info   ][gc,heap     ] GC(3) Archive regions: 0->0
[19.586s][info   ][gc,heap     ] GC(3) Humongous regions: 0->0
[19.586s][info   ][gc,metaspace] GC(3) Metaspace: 6660K(6784K)->6660K(6784K)
[19.588s][info   ][gc          ] GC(3) Pause Young (Normal) (G1 Evacuation Pause) 173M->173M(2048M) 2414.375ms
[19.588s][info   ][gc,cpu      ] GC(3) User=2.40s Sys=0.01s Real=2.42s
[19.633s][info   ][gc,start    ] GC(4) Pause Young (Normal) (G1 Evacuation Pause)
[19.634s][info   ][gc,task     ] GC(4) Using 1 workers of 1 for evacuation
[22.042s][info   ][gc,mmu      ] GC(4) MMU target violated: 201.0ms (200.0ms/201.0ms)
[22.043s][info   ][gc,phases   ] GC(4)   Pre Evacuate Collection Set: 0.8ms
[22.043s][info   ][gc,phases   ] GC(4)   Merge Heap Roots: 0.1ms
[22.043s][info   ][gc,phases   ] GC(4)   Evacuate Collection Set: 2381.0ms
[22.043s][info   ][gc,phases   ] GC(4)   Post Evacuate Collection Set: 24.6ms
[22.043s][info   ][gc,phases   ] GC(4)   Other: 4.4ms
[22.043s][info   ][gc,heap     ] GC(4) Eden regions: 43->0(43)
[22.043s][info   ][gc,heap     ] GC(4) Survivor regions: 7->7(7)
[22.043s][info   ][gc,heap     ] GC(4) Old regions: 166->209
[22.044s][info   ][gc,heap     ] GC(4) Archive regions: 0->0
[22.044s][info   ][gc,heap     ] GC(4) Humongous regions: 0->0
[22.044s][info   ][gc,metaspace] GC(4) Metaspace: 6660K(6784K)->6660K(6784K)
[22.045s][info   ][gc          ] GC(4) Pause Young (Normal) (G1 Evacuation Pause) 216M->216M(2048M) 2411.970ms
[22.046s][info   ][gc,cpu      ] GC(4) User=2.40s Sys=0.01s Real=2.41s
DONE insertion 0
my print 0
================== Sum before H2 traversal 3000000
================== Total Sum 3032001
DONE my print 0
deletion 0
[22.369s][info   ][gc,start    ] GC(5) Pause Young (Normal) (G1 Evacuation Pause)
[22.369s][info   ][gc,task     ] GC(5) Using 1 workers of 1 for evacuation
[24.693s][info   ][gc,mmu      ] GC(5) MMU target violated: 201.0ms (200.0ms/201.0ms)
[24.693s][info   ][gc,phases   ] GC(5)   Pre Evacuate Collection Set: 0.8ms
[24.693s][info   ][gc,phases   ] GC(5)   Merge Heap Roots: 0.1ms
[24.693s][info   ][gc,phases   ] GC(5)   Evacuate Collection Set: 2294.0ms
[24.693s][info   ][gc,phases   ] GC(5)   Post Evacuate Collection Set: 27.2ms
[24.693s][info   ][gc,phases   ] GC(5)   Other: 3.9ms
[24.694s][info   ][gc,heap     ] GC(5) Eden regions: 43->0(43)
[24.694s][info   ][gc,heap     ] GC(5) Survivor regions: 7->7(7)
[24.694s][info   ][gc,heap     ] GC(5) Old regions: 209->252
[24.694s][info   ][gc,heap     ] GC(5) Archive regions: 0->0
[24.694s][info   ][gc,heap     ] GC(5) Humongous regions: 0->0
[24.694s][info   ][gc,metaspace] GC(5) Metaspace: 6953K(7040K)->6953K(7040K)
[24.696s][info   ][gc          ] GC(5) Pause Young (Normal) (G1 Evacuation Pause) 259M->259M(2048M) 2327.242ms
[24.696s][info   ][gc,cpu      ] GC(5) User=2.33s Sys=0.02s Real=2.33s
[33.458s][info   ][gc,start    ] GC(6) Pause Young (Normal) (G1 Evacuation Pause)
[33.458s][info   ][gc,task     ] GC(6) Using 1 workers of 1 for evacuation
[38.404s][info   ][gc,mmu      ] GC(6) MMU target violated: 201.0ms (200.0ms/201.0ms)
[38.405s][info   ][gc,phases   ] GC(6)   Pre Evacuate Collection Set: 1.1ms
[38.405s][info   ][gc,phases   ] GC(6)   Merge Heap Roots: 48.3ms
[38.405s][info   ][gc,phases   ] GC(6)   Evacuate Collection Set: 4864.8ms
[38.405s][info   ][gc,phases   ] GC(6)   Post Evacuate Collection Set: 29.9ms
[38.405s][info   ][gc,phases   ] GC(6)   Other: 4.4ms
[38.405s][info   ][gc,heap     ] GC(6) Eden regions: 43->0(43)
[38.405s][info   ][gc,heap     ] GC(6) Survivor regions: 7->7(7)
[38.405s][info   ][gc,heap     ] GC(6) Old regions: 252->294
[38.406s][info   ][gc,heap     ] GC(6) Archive regions: 0->0
[38.406s][info   ][gc,heap     ] GC(6) Humongous regions: 23->23
[38.406s][info   ][gc,metaspace] GC(6) Metaspace: 6955K(7040K)->6955K(7040K)
[38.407s][info   ][gc          ] GC(6) Pause Young (Normal) (G1 Evacuation Pause) 325M->323M(2048M) 4949.517ms
[38.408s][info   ][gc,cpu      ] GC(6) User=4.94s Sys=0.01s Real=4.95s
[47.656s][info   ][gc,start    ] GC(7) Pause Young (Normal) (G1 Evacuation Pause)
[47.656s][info   ][gc,task     ] GC(7) Using 1 workers of 1 for evacuation
[54.092s][info   ][gc,mmu      ] GC(7) MMU target violated: 201.0ms (200.0ms/201.0ms)
[54.093s][info   ][gc,phases   ] GC(7)   Pre Evacuate Collection Set: 1.1ms
[54.093s][info   ][gc,phases   ] GC(7)   Merge Heap Roots: 55.9ms
[54.093s][info   ][gc,phases   ] GC(7)   Evacuate Collection Set: 6345.4ms
[54.093s][info   ][gc,phases   ] GC(7)   Post Evacuate Collection Set: 31.3ms
[54.093s][info   ][gc,phases   ] GC(7)   Other: 4.6ms
[54.093s][info   ][gc,heap     ] GC(7) Eden regions: 43->0(43)
[54.093s][info   ][gc,heap     ] GC(7) Survivor regions: 7->7(7)
[54.093s][info   ][gc,heap     ] GC(7) Old regions: 294->332
[54.094s][info   ][gc,heap     ] GC(7) Archive regions: 0->0
[54.094s][info   ][gc,heap     ] GC(7) Humongous regions: 43->43
[54.094s][info   ][gc,metaspace] GC(7) Metaspace: 6955K(7040K)->6955K(7040K)
[54.095s][info   ][gc          ] GC(7) Pause Young (Normal) (G1 Evacuation Pause) 386M->382M(2048M) 6439.441ms
[54.096s][info   ][gc,cpu      ] GC(7) User=6.41s Sys=0.03s Real=6.43s
[62.239s][info   ][gc,start    ] GC(8) Pause Young (Normal) (G1 Evacuation Pause)
[62.239s][info   ][gc,task     ] GC(8) Using 1 workers of 1 for evacuation
[68.715s][info   ][gc,mmu      ] GC(8) MMU target violated: 201.0ms (200.0ms/201.0ms)
[68.715s][info   ][gc,phases   ] GC(8)   Pre Evacuate Collection Set: 2.0ms
[68.716s][info   ][gc,phases   ] GC(8)   Merge Heap Roots: 42.0ms
[68.716s][info   ][gc,phases   ] GC(8)   Evacuate Collection Set: 6399.7ms
[68.716s][info   ][gc,phases   ] GC(8)   Post Evacuate Collection Set: 30.2ms
[68.716s][info   ][gc,phases   ] GC(8)   Other: 4.1ms
[68.716s][info   ][gc,heap     ] GC(8) Eden regions: 43->0(43)
[68.716s][info   ][gc,heap     ] GC(8) Survivor regions: 7->7(7)
[68.716s][info   ][gc,heap     ] GC(8) Old regions: 332->367
[68.716s][info   ][gc,heap     ] GC(8) Archive regions: 0->0
[68.716s][info   ][gc,heap     ] GC(8) Humongous regions: 48->48
[68.716s][info   ][gc,metaspace] GC(8) Metaspace: 6955K(7040K)->6955K(7040K)
[68.718s][info   ][gc          ] GC(8) Pause Young (Normal) (G1 Evacuation Pause) 430M->422M(2048M) 6479.273ms
[68.718s][info   ][gc,cpu      ] GC(8) User=6.47s Sys=0.01s Real=6.48s
[79.697s][info   ][gc,start    ] GC(9) Pause Young (Normal) (G1 Evacuation Pause)
[79.698s][info   ][gc,task     ] GC(9) Using 1 workers of 1 for evacuation
[86.410s][info   ][gc,mmu      ] GC(9) MMU target violated: 201.0ms (200.0ms/201.0ms)
[86.411s][info   ][gc,phases   ] GC(9)   Pre Evacuate Collection Set: 1.2ms
[86.411s][info   ][gc,phases   ] GC(9)   Merge Heap Roots: 60.1ms
[86.411s][info   ][gc,phases   ] GC(9)   Evacuate Collection Set: 6621.2ms
[86.411s][info   ][gc,phases   ] GC(9)   Post Evacuate Collection Set: 27.9ms
[86.411s][info   ][gc,phases   ] GC(9)   Other: 4.7ms
[86.411s][info   ][gc,heap     ] GC(9) Eden regions: 43->0(43)
[86.411s][info   ][gc,heap     ] GC(9) Survivor regions: 7->7(7)
[86.411s][info   ][gc,heap     ] GC(9) Old regions: 367->398
[86.411s][info   ][gc,heap     ] GC(9) Archive regions: 0->0
[86.411s][info   ][gc,heap     ] GC(9) Humongous regions: 81->81
[86.411s][info   ][gc,metaspace] GC(9) Metaspace: 6955K(7040K)->6955K(7040K)
[86.413s][info   ][gc          ] GC(9) Pause Young (Normal) (G1 Evacuation Pause) 498M->486M(2048M) 6715.789ms
[86.413s][info   ][gc,cpu      ] GC(9) User=6.71s Sys=0.01s Real=6.71s
[97.685s][info   ][gc,start    ] GC(10) Pause Young (Normal) (G1 Evacuation Pause)
[97.685s][info   ][gc,task     ] GC(10) Using 1 workers of 1 for evacuation
[103.067s][info   ][gc,mmu      ] GC(10) MMU target violated: 201.0ms (200.0ms/201.0ms)
[103.068s][info   ][gc,phases   ] GC(10)   Pre Evacuate Collection Set: 1.5ms
[103.068s][info   ][gc,phases   ] GC(10)   Merge Heap Roots: 31.5ms
[103.068s][info   ][gc,phases   ] GC(10)   Evacuate Collection Set: 5318.6ms
[103.068s][info   ][gc,phases   ] GC(10)   Post Evacuate Collection Set: 28.6ms
[103.068s][info   ][gc,phases   ] GC(10)   Other: 4.4ms
[103.068s][info   ][gc,heap     ] GC(10) Eden regions: 43->0(43)
[103.068s][info   ][gc,heap     ] GC(10) Survivor regions: 7->7(7)
[103.069s][info   ][gc,heap     ] GC(10) Old regions: 398->425
[103.069s][info   ][gc,heap     ] GC(10) Archive regions: 0->0
[103.069s][info   ][gc,heap     ] GC(10) Humongous regions: 81->81
[103.069s][info   ][gc,metaspace] GC(10) Metaspace: 6955K(7040K)->6955K(7040K)
[103.070s][info   ][gc          ] GC(10) Pause Young (Normal) (G1 Evacuation Pause) 529M->512M(2048M) 5385.626ms
[103.071s][info   ][gc,cpu      ] GC(10) User=5.38s Sys=0.01s Real=5.39s
************ Deleteded 2249998
************ Deleteded for real = 2249998
DONE deletion 0
================== Sum before H2 traversal 750002
================== Total Sum 782003
insertion 1
[113.387s][info   ][gc,start    ] GC(11) Pause Young (Normal) (G1 Evacuation Pause)
[113.388s][info   ][gc,task     ] GC(11) Using 1 workers of 1 for evacuation
[119.001s][info   ][gc,mmu      ] GC(11) MMU target violated: 201.0ms (200.0ms/201.0ms)
[119.001s][info   ][gc,phases   ] GC(11)   Pre Evacuate Collection Set: 0.8ms
[119.002s][info   ][gc,phases   ] GC(11)   Merge Heap Roots: 19.8ms
[119.002s][info   ][gc,phases   ] GC(11)   Evacuate Collection Set: 5557.8ms
[119.002s][info   ][gc,phases   ] GC(11)   Post Evacuate Collection Set: 33.2ms
[119.002s][info   ][gc,phases   ] GC(11)   Other: 4.1ms
[119.002s][info   ][gc,heap     ] GC(11) Eden regions: 43->0(43)
[119.002s][info   ][gc,heap     ] GC(11) Survivor regions: 7->7(7)
[119.002s][info   ][gc,heap     ] GC(11) Old regions: 425->453
[119.002s][info   ][gc,heap     ] GC(11) Archive regions: 0->0
[119.002s][info   ][gc,heap     ] GC(11) Humongous regions: 99->90
[119.003s][info   ][gc,metaspace] GC(11) Metaspace: 7052K(7168K)->7052K(7168K)
[119.004s][info   ][gc          ] GC(11) Pause Young (Normal) (G1 Evacuation Pause) 573M->549M(2048M) 5616.951ms
[119.004s][info   ][gc,cpu      ] GC(11) User=5.61s Sys=0.01s Real=5.61s
[119.049s][info   ][gc,start    ] GC(12) Pause Young (Normal) (G1 Evacuation Pause)
[119.049s][info   ][gc,task     ] GC(12) Using 1 workers of 1 for evacuation
[122.538s][info   ][gc,mmu      ] GC(12) MMU target violated: 201.0ms (200.0ms/201.0ms)
[122.539s][info   ][gc,phases   ] GC(12)   Pre Evacuate Collection Set: 0.8ms
[122.539s][info   ][gc,phases   ] GC(12)   Merge Heap Roots: 7.4ms
[122.539s][info   ][gc,phases   ] GC(12)   Evacuate Collection Set: 3455.0ms
[122.539s][info   ][gc,phases   ] GC(12)   Post Evacuate Collection Set: 24.1ms
[122.539s][info   ][gc,phases   ] GC(12)   Other: 4.0ms
[122.539s][info   ][gc,heap     ] GC(12) Eden regions: 43->0(43)
[122.539s][info   ][gc,heap     ] GC(12) Survivor regions: 7->7(7)
[122.539s][info   ][gc,heap     ] GC(12) Old regions: 453->496
[122.540s][info   ][gc,heap     ] GC(12) Archive regions: 0->0
[122.540s][info   ][gc,heap     ] GC(12) Humongous regions: 90->90
[122.540s][info   ][gc,metaspace] GC(12) Metaspace: 7052K(7168K)->7052K(7168K)
[122.541s][info   ][gc          ] GC(12) Pause Young (Normal) (G1 Evacuation Pause) 592M->592M(2048M) 3492.558ms
[122.542s][info   ][gc,cpu      ] GC(12) User=3.52s Sys=0.01s Real=3.49s
[122.586s][info   ][gc,start    ] GC(13) Pause Young (Normal) (G1 Evacuation Pause)
[122.586s][info   ][gc,task     ] GC(13) Using 1 workers of 1 for evacuation
[124.861s][info   ][gc,mmu      ] GC(13) MMU target violated: 201.0ms (200.0ms/201.0ms)
[124.861s][info   ][gc,phases   ] GC(13)   Pre Evacuate Collection Set: 0.8ms
[124.861s][info   ][gc,phases   ] GC(13)   Merge Heap Roots: 0.5ms
[124.861s][info   ][gc,phases   ] GC(13)   Evacuate Collection Set: 2247.3ms
[124.861s][info   ][gc,phases   ] GC(13)   Post Evacuate Collection Set: 24.0ms
[124.862s][info   ][gc,phases   ] GC(13)   Other: 4.1ms
[124.862s][info   ][gc,heap     ] GC(13) Eden regions: 43->0(43)
[124.862s][info   ][gc,heap     ] GC(13) Survivor regions: 7->7(7)
[124.862s][info   ][gc,heap     ] GC(13) Old regions: 496->539
[124.862s][info   ][gc,heap     ] GC(13) Archive regions: 0->0
[124.862s][info   ][gc,heap     ] GC(13) Humongous regions: 90->90
[124.862s][info   ][gc,metaspace] GC(13) Metaspace: 7052K(7168K)->7052K(7168K)
[124.864s][info   ][gc          ] GC(13) Pause Young (Normal) (G1 Evacuation Pause) 635M->635M(2048M) 2277.647ms
[124.864s][info   ][gc,cpu      ] GC(13) User=2.27s Sys=0.01s Real=2.27s
[124.904s][info   ][gc,start    ] GC(14) Pause Young (Normal) (G1 Evacuation Pause)
[124.904s][info   ][gc,task     ] GC(14) Using 1 workers of 1 for evacuation
[127.196s][info   ][gc,mmu      ] GC(14) MMU target violated: 201.0ms (200.0ms/201.0ms)
[127.196s][info   ][gc,phases   ] GC(14)   Pre Evacuate Collection Set: 0.8ms
[127.196s][info   ][gc,phases   ] GC(14)   Merge Heap Roots: 0.5ms
[127.196s][info   ][gc,phases   ] GC(14)   Evacuate Collection Set: 2264.2ms
[127.196s][info   ][gc,phases   ] GC(14)   Post Evacuate Collection Set: 24.2ms
[127.196s][info   ][gc,phases   ] GC(14)   Other: 4.0ms
[127.196s][info   ][gc,heap     ] GC(14) Eden regions: 43->0(43)
[127.197s][info   ][gc,heap     ] GC(14) Survivor regions: 7->7(7)
[127.197s][info   ][gc,heap     ] GC(14) Old regions: 539->582
[127.197s][info   ][gc,heap     ] GC(14) Archive regions: 0->0
[127.197s][info   ][gc,heap     ] GC(14) Humongous regions: 90->90
[127.197s][info   ][gc,metaspace] GC(14) Metaspace: 7052K(7168K)->7052K(7168K)
[127.199s][info   ][gc          ] GC(14) Pause Young (Normal) (G1 Evacuation Pause) 678M->678M(2048M) 2294.878ms
[127.199s][info   ][gc,cpu      ] GC(14) User=2.27s Sys=0.03s Real=2.30s
[127.239s][info   ][gc,start    ] GC(15) Pause Young (Normal) (G1 Evacuation Pause)
[127.239s][info   ][gc,task     ] GC(15) Using 1 workers of 1 for evacuation
[129.509s][info   ][gc,mmu      ] GC(15) MMU target violated: 201.0ms (200.0ms/201.0ms)
[129.509s][info   ][gc,phases   ] GC(15)   Pre Evacuate Collection Set: 0.8ms
[129.509s][info   ][gc,phases   ] GC(15)   Merge Heap Roots: 0.5ms
[129.509s][info   ][gc,phases   ] GC(15)   Evacuate Collection Set: 2242.3ms
[129.510s][info   ][gc,phases   ] GC(15)   Post Evacuate Collection Set: 23.9ms
[129.510s][info   ][gc,phases   ] GC(15)   Other: 3.9ms
[129.510s][info   ][gc,heap     ] GC(15) Eden regions: 43->0(43)
[129.510s][info   ][gc,heap     ] GC(15) Survivor regions: 7->7(7)
[129.510s][info   ][gc,heap     ] GC(15) Old regions: 582->625
[129.510s][info   ][gc,heap     ] GC(15) Archive regions: 0->0
[129.510s][info   ][gc,heap     ] GC(15) Humongous regions: 90->90
[129.510s][info   ][gc,metaspace] GC(15) Metaspace: 7052K(7168K)->7052K(7168K)
[129.512s][info   ][gc          ] GC(15) Pause Young (Normal) (G1 Evacuation Pause) 721M->721M(2048M) 2272.557ms
[129.512s][info   ][gc,cpu      ] GC(15) User=2.27s Sys=0.00s Real=2.27s
[129.551s][info   ][gc,start    ] GC(16) Pause Young (Normal) (G1 Evacuation Pause)
[129.551s][info   ][gc,task     ] GC(16) Using 1 workers of 1 for evacuation
[131.827s][info   ][gc,mmu      ] GC(16) MMU target violated: 201.0ms (200.0ms/201.0ms)
[131.828s][info   ][gc,phases   ] GC(16)   Pre Evacuate Collection Set: 0.8ms
[131.828s][info   ][gc,phases   ] GC(16)   Merge Heap Roots: 0.5ms
[131.828s][info   ][gc,phases   ] GC(16)   Evacuate Collection Set: 2248.8ms
[131.828s][info   ][gc,phases   ] GC(16)   Post Evacuate Collection Set: 23.9ms
[131.828s][info   ][gc,phases   ] GC(16)   Other: 3.9ms
[131.828s][info   ][gc,heap     ] GC(16) Eden regions: 43->0(43)
[131.828s][info   ][gc,heap     ] GC(16) Survivor regions: 7->7(7)
[131.828s][info   ][gc,heap     ] GC(16) Old regions: 625->668
[131.828s][info   ][gc,heap     ] GC(16) Archive regions: 0->0
[131.828s][info   ][gc,heap     ] GC(16) Humongous regions: 90->90
[131.828s][info   ][gc,metaspace] GC(16) Metaspace: 7052K(7168K)->7052K(7168K)
[131.830s][info   ][gc          ] GC(16) Pause Young (Normal) (G1 Evacuation Pause) 764M->764M(2048M) 2278.859ms
[131.830s][info   ][gc,cpu      ] GC(16) User=2.27s Sys=0.02s Real=2.28s
DONE insertion 1
my print 1
================== Sum before H2 traversal 3750002
================== Total Sum 3782003
DONE my print 1
deletion 1
[133.461s][info   ][gc,start    ] GC(17) Pause Young (Normal) (G1 Evacuation Pause)
[133.461s][info   ][gc,task     ] GC(17) Using 1 workers of 1 for evacuation
[136.641s][info   ][gc,mmu      ] GC(17) MMU target violated: 201.0ms (200.0ms/201.0ms)
[136.641s][info   ][gc,phases   ] GC(17)   Pre Evacuate Collection Set: 0.8ms
[136.641s][info   ][gc,phases   ] GC(17)   Merge Heap Roots: 7.2ms
[136.641s][info   ][gc,phases   ] GC(17)   Evacuate Collection Set: 3145.9ms
[136.641s][info   ][gc,phases   ] GC(17)   Post Evacuate Collection Set: 24.1ms
[136.641s][info   ][gc,phases   ] GC(17)   Other: 3.8ms
[136.641s][info   ][gc,heap     ] GC(17) Eden regions: 43->0(43)
[136.642s][info   ][gc,heap     ] GC(17) Survivor regions: 7->7(7)
[136.642s][info   ][gc,heap     ] GC(17) Old regions: 668->710
[136.642s][info   ][gc,heap     ] GC(17) Archive regions: 0->0
[136.642s][info   ][gc,heap     ] GC(17) Humongous regions: 97->97
[136.642s][info   ][gc,metaspace] GC(17) Metaspace: 7052K(7168K)->7052K(7168K)
[136.643s][info   ][gc          ] GC(17) Pause Young (Normal) (G1 Evacuation Pause) 814M->814M(2048M) 3182.732ms
[136.644s][info   ][gc,cpu      ] GC(17) User=3.17s Sys=0.01s Real=3.18s
[144.763s][info   ][gc,start    ] GC(18) Pause Young (Normal) (G1 Evacuation Pause)
[144.764s][info   ][gc,task     ] GC(18) Using 1 workers of 1 for evacuation
[150.382s][info   ][gc,mmu      ] GC(18) MMU target violated: 201.0ms (200.0ms/201.0ms)
[150.383s][info   ][gc,phases   ] GC(18)   Pre Evacuate Collection Set: 2.6ms
[150.383s][info   ][gc,phases   ] GC(18)   Merge Heap Roots: 38.1ms
[150.383s][info   ][gc,phases   ] GC(18)   Evacuate Collection Set: 5548.7ms
[150.383s][info   ][gc,phases   ] GC(18)   Post Evacuate Collection Set: 27.4ms
[150.383s][info   ][gc,phases   ] GC(18)   Other: 4.0ms
[150.383s][info   ][gc,heap     ] GC(18) Eden regions: 43->0(43)
[150.383s][info   ][gc,heap     ] GC(18) Survivor regions: 7->7(7)
[150.383s][info   ][gc,heap     ] GC(18) Old regions: 710->751
[150.383s][info   ][gc,heap     ] GC(18) Archive regions: 0->0
[150.384s][info   ][gc,heap     ] GC(18) Humongous regions: 116->116
[150.384s][info   ][gc,metaspace] GC(18) Metaspace: 7052K(7168K)->7052K(7168K)
[150.385s][info   ][gc          ] GC(18) Pause Young (Normal) (G1 Evacuation Pause) 876M->874M(2048M) 5621.710ms
[150.385s][info   ][gc,cpu      ] GC(18) User=5.61s Sys=0.01s Real=5.62s
[158.395s][info   ][gc,start    ] GC(19) Pause Young (Normal) (G1 Evacuation Pause)
[158.395s][info   ][gc,task     ] GC(19) Using 1 workers of 1 for evacuation
[165.178s][info   ][gc,mmu      ] GC(19) MMU target violated: 201.0ms (200.0ms/201.0ms)
[165.178s][info   ][gc,phases   ] GC(19)   Pre Evacuate Collection Set: 2.2ms
[165.178s][info   ][gc,phases   ] GC(19)   Merge Heap Roots: 50.8ms
[165.178s][info   ][gc,phases   ] GC(19)   Evacuate Collection Set: 6699.4ms
[165.178s][info   ][gc,phases   ] GC(19)   Post Evacuate Collection Set: 28.0ms
[165.178s][info   ][gc,phases   ] GC(19)   Other: 5.9ms
[165.179s][info   ][gc,heap     ] GC(19) Eden regions: 43->0(43)
[165.179s][info   ][gc,heap     ] GC(19) Survivor regions: 7->7(7)
[165.179s][info   ][gc,heap     ] GC(19) Old regions: 751->790
[165.179s][info   ][gc,heap     ] GC(19) Archive regions: 0->0
[165.179s][info   ][gc,heap     ] GC(19) Humongous regions: 138->138
[165.179s][info   ][gc,metaspace] GC(19) Metaspace: 7052K(7168K)->7052K(7168K)
[165.180s][info   ][gc          ] GC(19) Pause Young (Normal) (G1 Evacuation Pause) 939M->934M(2048M) 6785.222ms
[165.181s][info   ][gc,cpu      ] GC(19) User=6.78s Sys=0.01s Real=6.79s
[173.121s][info   ][gc,start    ] GC(20) Pause Young (Concurrent Start) (G1 Evacuation Pause)
[173.122s][info   ][gc,task     ] GC(20) Using 1 workers of 1 for evacuation
[180.375s][info   ][gc,mmu      ] GC(20) MMU target violated: 201.0ms (200.0ms/201.0ms)
[180.375s][info   ][gc,phases   ] GC(20)   Pre Evacuate Collection Set: 1.0ms
[180.375s][info   ][gc,phases   ] GC(20)   Merge Heap Roots: 46.8ms
[180.375s][info   ][gc,phases   ] GC(20)   Evacuate Collection Set: 7174.3ms
[180.376s][info   ][gc,phases   ] GC(20)   Post Evacuate Collection Set: 28.6ms
[180.376s][info   ][gc,phases   ] GC(20)   Other: 5.4ms
[180.376s][info   ][gc,heap     ] GC(20) Eden regions: 43->0(43)
[180.376s][info   ][gc,heap     ] GC(20) Survivor regions: 7->7(7)
[180.376s][info   ][gc,heap     ] GC(20) Old regions: 790->826
[180.376s][info   ][gc,heap     ] GC(20) Archive regions: 0->0
[180.376s][info   ][gc,heap     ] GC(20) Humongous regions: 138->138
[180.376s][info   ][gc,metaspace] GC(20) Metaspace: 7052K(7168K)->7052K(7168K)
[180.378s][info   ][gc          ] GC(20) Pause Young (Concurrent Start) (G1 Evacuation Pause) 977M->970M(2048M) 7256.330ms
[180.378s][info   ][gc,cpu      ] GC(20) User=7.25s Sys=0.01s Real=7.26s
[180.378s][info   ][gc          ] GC(21) Concurrent Mark Cycle
[180.378s][info   ][gc,marking  ] GC(21) Concurrent Clear Claimed Marks
[180.378s][info   ][gc,marking  ] GC(21) Concurrent Clear Claimed Marks 0.109ms
[180.378s][info   ][gc,marking  ] GC(21) Concurrent Scan Root Regions
[181.385s][info   ][gc,marking  ] GC(21) Concurrent Scan Root Regions 1006.451ms
[181.385s][info   ][gc,marking  ] GC(21) Concurrent Mark
[181.385s][info   ][gc,marking  ] GC(21) Concurrent Mark From Roots
[181.385s][info   ][gc,task     ] GC(21) Using 1 workers of 1 for marking
[191.330s][info   ][gc,start    ] GC(22) Pause Young (Normal) (G1 Evacuation Pause)
[191.330s][info   ][gc,task     ] GC(22) Using 1 workers of 1 for evacuation
[197.679s][info   ][gc,mmu      ] GC(22) MMU target violated: 201.0ms (200.0ms/201.0ms)
[197.679s][info   ][gc,phases   ] GC(22)   Pre Evacuate Collection Set: 0.9ms
[197.679s][info   ][gc,phases   ] GC(22)   Merge Heap Roots: 44.4ms
[197.679s][info   ][gc,phases   ] GC(22)   Evacuate Collection Set: 6271.1ms
[197.679s][info   ][gc,phases   ] GC(22)   Post Evacuate Collection Set: 29.8ms
[197.680s][info   ][gc,phases   ] GC(22)   Other: 5.0ms
[197.680s][info   ][gc,heap     ] GC(22) Eden regions: 43->0(43)
[197.680s][info   ][gc,heap     ] GC(22) Survivor regions: 7->7(7)
[197.680s][info   ][gc,heap     ] GC(22) Old regions: 826->858
[197.680s][info   ][gc,heap     ] GC(22) Archive regions: 0->0
[197.680s][info   ][gc,heap     ] GC(22) Humongous regions: 171->171
[197.680s][info   ][gc,metaspace] GC(22) Metaspace: 7052K(7168K)->7052K(7168K)
[197.682s][info   ][gc          ] GC(22) Pause Young (Normal) (G1 Evacuation Pause) 1046M->1036M(2048M) 6351.505ms
[197.682s][info   ][gc,cpu      ] GC(22) User=6.35s Sys=0.00s Real=6.35s
[199.516s][info   ][gc,marking  ] GC(21) Concurrent Mark From Roots 18131.012ms
[199.517s][info   ][gc,marking  ] GC(21) Concurrent Preclean
[199.517s][info   ][gc,marking  ] GC(21) Concurrent Preclean 0.533ms
[199.518s][info   ][gc,start    ] GC(21) Pause Remark
H2 liveness 128018 added to region 38
Total liveness 131057 added to region 38

H2 liveness 131054 added to region 39
Total liveness 131054 added to region 39

H2 liveness 92939 added to region 40
Total liveness 102110 added to region 40

[199.713s][info   ][gc          ] GC(21) Pause Remark 1043M->746M(2048M) 195.343ms
[199.713s][info   ][gc,cpu      ] GC(21) User=0.19s Sys=0.01s Real=0.19s
[199.714s][info   ][gc,marking  ] GC(21) Concurrent Mark 18328.405ms
[199.714s][info   ][gc,marking  ] GC(21) Concurrent Rebuild Remembered Sets
************ Deleteded 2249998
************ Deleteded for real = 2249998
DONE deletion 1
================== Sum before H2 traversal 1500004
================== Total Sum 1532005
insertion 2
[210.690s][info   ][gc,start    ] GC(23) Pause Young (Normal) (G1 Evacuation Pause)
[210.691s][info   ][gc,task     ] GC(23) Using 1 workers of 1 for evacuation
[216.713s][info   ][gc,mmu      ] GC(23) MMU target violated: 201.0ms (200.0ms/201.0ms)
[216.713s][info   ][gc,phases   ] GC(23)   Pre Evacuate Collection Set: 0.8ms
[216.714s][info   ][gc,phases   ] GC(23)   Merge Heap Roots: 28.1ms
[216.714s][info   ][gc,phases   ] GC(23)   Evacuate Collection Set: 5938.6ms
[216.714s][info   ][gc,phases   ] GC(23)   Post Evacuate Collection Set: 53.2ms
[216.714s][info   ][gc,phases   ] GC(23)   Other: 4.1ms
[216.714s][info   ][gc,heap     ] GC(23) Eden regions: 43->0(43)
[216.714s][info   ][gc,heap     ] GC(23) Survivor regions: 7->7(7)
[216.714s][info   ][gc,heap     ] GC(23) Old regions: 671->703
[216.714s][info   ][gc,heap     ] GC(23) Archive regions: 0->0
[216.714s][info   ][gc,heap     ] GC(23) Humongous regions: 79->70
[216.715s][info   ][gc,metaspace] GC(23) Metaspace: 7052K(7168K)->7052K(7168K)
[216.716s][info   ][gc          ] GC(23) Pause Young (Normal) (G1 Evacuation Pause) 800M->779M(2048M) 6025.881ms
[216.716s][info   ][gc,cpu      ] GC(23) User=6.02s Sys=0.00s Real=6.03s
[216.761s][info   ][gc,start    ] GC(24) Pause Young (Normal) (G1 Evacuation Pause)
[216.761s][info   ][gc,task     ] GC(24) Using 1 workers of 1 for evacuation
[221.325s][info   ][gc,mmu      ] GC(24) MMU target violated: 201.0ms (200.0ms/201.0ms)
[221.325s][info   ][gc,phases   ] GC(24)   Pre Evacuate Collection Set: 0.8ms
[221.325s][info   ][gc,phases   ] GC(24)   Merge Heap Roots: 47.9ms
[221.325s][info   ][gc,phases   ] GC(24)   Evacuate Collection Set: 4474.6ms
[221.325s][info   ][gc,phases   ] GC(24)   Post Evacuate Collection Set: 38.0ms
[221.326s][info   ][gc,phases   ] GC(24)   Other: 4.3ms
[221.326s][info   ][gc,heap     ] GC(24) Eden regions: 43->0(43)
[221.326s][info   ][gc,heap     ] GC(24) Survivor regions: 7->7(7)
[221.326s][info   ][gc,heap     ] GC(24) Old regions: 703->746
[221.326s][info   ][gc,heap     ] GC(24) Archive regions: 0->0
[221.326s][info   ][gc,heap     ] GC(24) Humongous regions: 70->70
[221.326s][info   ][gc,metaspace] GC(24) Metaspace: 7052K(7168K)->7052K(7168K)
[221.328s][info   ][gc          ] GC(24) Pause Young (Normal) (G1 Evacuation Pause) 822M->822M(2048M) 4566.460ms
[221.328s][info   ][gc,cpu      ] GC(24) User=4.56s Sys=0.00s Real=4.57s
[221.373s][info   ][gc,start    ] GC(25) Pause Young (Normal) (G1 Evacuation Pause)
[221.373s][info   ][gc,task     ] GC(25) Using 1 workers of 1 for evacuation
[225.176s][info   ][gc,mmu      ] GC(25) MMU target violated: 201.0ms (200.0ms/201.0ms)
[225.176s][info   ][gc,phases   ] GC(25)   Pre Evacuate Collection Set: 0.8ms
[225.177s][info   ][gc,phases   ] GC(25)   Merge Heap Roots: 27.3ms
[225.177s][info   ][gc,phases   ] GC(25)   Evacuate Collection Set: 3734.9ms
[225.177s][info   ][gc,phases   ] GC(25)   Post Evacuate Collection Set: 38.0ms
[225.177s][info   ][gc,phases   ] GC(25)   Other: 4.0ms
[225.177s][info   ][gc,heap     ] GC(25) Eden regions: 43->0(43)
[225.177s][info   ][gc,heap     ] GC(25) Survivor regions: 7->7(7)
[225.177s][info   ][gc,heap     ] GC(25) Old regions: 746->789
[225.177s][info   ][gc,heap     ] GC(25) Archive regions: 0->0
[225.177s][info   ][gc,heap     ] GC(25) Humongous regions: 70->70
[225.177s][info   ][gc,metaspace] GC(25) Metaspace: 7052K(7168K)->7052K(7168K)
[225.179s][info   ][gc          ] GC(25) Pause Young (Normal) (G1 Evacuation Pause) 865M->865M(2048M) 3806.018ms
[225.179s][info   ][gc,cpu      ] GC(25) User=3.80s Sys=0.01s Real=3.81s
[225.224s][info   ][gc,start    ] GC(26) Pause Young (Normal) (G1 Evacuation Pause)
[225.224s][info   ][gc,task     ] GC(26) Using 1 workers of 1 for evacuation
[228.961s][info   ][gc,mmu      ] GC(26) MMU target violated: 201.0ms (200.0ms/201.0ms)
[228.961s][info   ][gc,phases   ] GC(26)   Pre Evacuate Collection Set: 0.8ms
[228.961s][info   ][gc,phases   ] GC(26)   Merge Heap Roots: 27.0ms
[228.961s][info   ][gc,phases   ] GC(26)   Evacuate Collection Set: 3663.9ms
[228.961s][info   ][gc,phases   ] GC(26)   Post Evacuate Collection Set: 42.7ms
[228.961s][info   ][gc,phases   ] GC(26)   Other: 4.1ms
[228.962s][info   ][gc,heap     ] GC(26) Eden regions: 43->0(43)
[228.962s][info   ][gc,heap     ] GC(26) Survivor regions: 7->7(7)
[228.962s][info   ][gc,heap     ] GC(26) Old regions: 789->832
[228.962s][info   ][gc,heap     ] GC(26) Archive regions: 0->0
[228.962s][info   ][gc,heap     ] GC(26) Humongous regions: 70->70
[228.962s][info   ][gc,metaspace] GC(26) Metaspace: 7052K(7168K)->7052K(7168K)
[228.964s][info   ][gc          ] GC(26) Pause Young (Normal) (G1 Evacuation Pause) 908M->908M(2048M) 3739.472ms
[228.964s][info   ][gc,cpu      ] GC(26) User=3.72s Sys=0.01s Real=3.74s
[229.006s][info   ][gc,start    ] GC(27) Pause Young (Normal) (G1 Evacuation Pause)
[229.007s][info   ][gc,task     ] GC(27) Using 1 workers of 1 for evacuation
[232.852s][info   ][gc,mmu      ] GC(27) MMU target violated: 201.0ms (200.0ms/201.0ms)
[232.853s][info   ][gc,phases   ] GC(27)   Pre Evacuate Collection Set: 1.1ms
[232.853s][info   ][gc,phases   ] GC(27)   Merge Heap Roots: 26.6ms
[232.853s][info   ][gc,phases   ] GC(27)   Evacuate Collection Set: 3778.5ms
[232.853s][info   ][gc,phases   ] GC(27)   Post Evacuate Collection Set: 37.6ms
[232.853s][info   ][gc,phases   ] GC(27)   Other: 4.1ms
[232.853s][info   ][gc,heap     ] GC(27) Eden regions: 43->0(43)
[232.853s][info   ][gc,heap     ] GC(27) Survivor regions: 7->7(7)
[232.854s][info   ][gc,heap     ] GC(27) Old regions: 832->875
[232.854s][info   ][gc,heap     ] GC(27) Archive regions: 0->0
[232.854s][info   ][gc,heap     ] GC(27) Humongous regions: 70->70
[232.854s][info   ][gc,metaspace] GC(27) Metaspace: 7052K(7168K)->7052K(7168K)
[232.855s][info   ][gc          ] GC(27) Pause Young (Normal) (G1 Evacuation Pause) 951M->951M(2048M) 3848.931ms
[232.856s][info   ][gc,cpu      ] GC(27) User=3.85s Sys=0.01s Real=3.84s
[232.894s][info   ][gc,start    ] GC(28) Pause Young (Normal) (G1 Evacuation Pause)
[232.894s][info   ][gc,task     ] GC(28) Using 1 workers of 1 for evacuation
[236.717s][info   ][gc,mmu      ] GC(28) MMU target violated: 201.0ms (200.0ms/201.0ms)
[236.717s][info   ][gc,phases   ] GC(28)   Pre Evacuate Collection Set: 0.8ms
[236.718s][info   ][gc,phases   ] GC(28)   Merge Heap Roots: 26.3ms
[236.718s][info   ][gc,phases   ] GC(28)   Evacuate Collection Set: 3756.7ms
[236.718s][info   ][gc,phases   ] GC(28)   Post Evacuate Collection Set: 37.4ms
[236.718s][info   ][gc,phases   ] GC(28)   Other: 3.8ms
[236.718s][info   ][gc,heap     ] GC(28) Eden regions: 43->0(43)
[236.718s][info   ][gc,heap     ] GC(28) Survivor regions: 7->7(7)
[236.718s][info   ][gc,heap     ] GC(28) Old regions: 875->918
[236.718s][info   ][gc,heap     ] GC(28) Archive regions: 0->0
[236.718s][info   ][gc,heap     ] GC(28) Humongous regions: 70->70
[236.718s][info   ][gc,metaspace] GC(28) Metaspace: 7052K(7168K)->7052K(7168K)
[236.720s][info   ][gc          ] GC(28) Pause Young (Normal) (G1 Evacuation Pause) 994M->994M(2048M) 3825.899ms
[236.720s][info   ][gc,cpu      ] GC(28) User=3.83s Sys=0.00s Real=3.83s
DONE insertion 2
my print 2
================== Sum before H2 traversal 4500004
================== Total Sum 4532005
DONE my print 2
deletion 2
[236.945s][info   ][gc,start    ] GC(29) Pause Young (Normal) (G1 Evacuation Pause)
[236.946s][info   ][gc,task     ] GC(29) Using 1 workers of 1 for evacuation
[241.164s][info   ][gc,mmu      ] GC(29) MMU target violated: 201.0ms (200.0ms/201.0ms)
[241.164s][info   ][gc,phases   ] GC(29)   Pre Evacuate Collection Set: 0.8ms
[241.165s][info   ][gc,phases   ] GC(29)   Merge Heap Roots: 26.9ms
[241.165s][info   ][gc,phases   ] GC(29)   Evacuate Collection Set: 4150.0ms
[241.165s][info   ][gc,phases   ] GC(29)   Post Evacuate Collection Set: 38.7ms
[241.165s][info   ][gc,phases   ] GC(29)   Other: 4.1ms
[241.165s][info   ][gc,heap     ] GC(29) Eden regions: 43->0(43)
[241.165s][info   ][gc,heap     ] GC(29) Survivor regions: 7->7(7)
[241.165s][info   ][gc,heap     ] GC(29) Old regions: 918->960
[241.165s][info   ][gc,heap     ] GC(29) Archive regions: 0->0
[241.165s][info   ][gc,heap     ] GC(29) Humongous regions: 76->76
[241.166s][info   ][gc,metaspace] GC(29) Metaspace: 7052K(7168K)->7052K(7168K)
[241.167s][info   ][gc          ] GC(29) Pause Young (Normal) (G1 Evacuation Pause) 1043M->1043M(2048M) 4221.688ms
[241.167s][info   ][gc,cpu      ] GC(29) User=4.22s Sys=0.01s Real=4.23s
[242.015s][info   ][gc,start    ] GC(30) Pause Young (Normal) (G1 Evacuation Pause)
[242.016s][info   ][gc,task     ] GC(30) Using 1 workers of 1 for evacuation
[248.407s][info   ][gc,mmu      ] GC(30) MMU target violated: 201.0ms (200.0ms/201.0ms)
[248.407s][info   ][gc,phases   ] GC(30)   Pre Evacuate Collection Set: 0.8ms
[248.407s][info   ][gc,phases   ] GC(30)   Merge Heap Roots: 28.8ms
[248.407s][info   ][gc,phases   ] GC(30)   Evacuate Collection Set: 6304.3ms
[248.407s][info   ][gc,phases   ] GC(30)   Post Evacuate Collection Set: 55.2ms
[248.407s][info   ][gc,phases   ] GC(30)   Other: 3.8ms
[248.407s][info   ][gc,heap     ] GC(30) Eden regions: 43->0(43)
[248.408s][info   ][gc,heap     ] GC(30) Survivor regions: 7->7(7)
[248.408s][info   ][gc,heap     ] GC(30) Old regions: 960->1002
[248.408s][info   ][gc,heap     ] GC(30) Archive regions: 0->0
[248.408s][info   ][gc,heap     ] GC(30) Humongous regions: 96->96
[248.408s][info   ][gc,metaspace] GC(30) Metaspace: 7052K(7168K)->7052K(7168K)
[248.410s][info   ][gc          ] GC(30) Pause Young (Normal) (G1 Evacuation Pause) 1106M->1105M(2048M) 6394.121ms
[248.410s][info   ][gc,cpu      ] GC(30) User=6.39s Sys=0.02s Real=6.40s
[248.696s][info   ][gc,marking  ] GC(21) Concurrent Rebuild Remembered Sets 48981.925ms
[248.696s][info   ][gc,start    ] GC(21) Pause Cleanup
region 38 is OLD
rem set is Untracked
region 39 is OLD
rem set is Untracked
region 40 is OLD
rem set is Updating
Should region be added? OLD 38 :
  marked  131057
  live    131057
  h2 live 128018
  bellow threshold? 1
  rem set complete? 0

Should region be added? OLD 39 :
  marked  131054
  live    131054
  h2 live 131054
  bellow threshold? 1
  rem set complete? 0

Should region be added? OLD 40 :
  marked  102110
  live    102110
  h2 live 92939
  bellow threshold? 1
  rem set complete? 1

Region added 40
Should region be added? OLD 40 :
  marked  102110
  live    102110
  h2 live 92939
  bellow threshold? 1
  rem set complete? 1

OLD candidates sorted : 40  250  315  79  281  165  122  208  16  120  13  209  242  182  6  131  202  211  29  48  8  96  236  7  25  89  214  217  5  108  34  4  249  117  11  101  145  241  229  78  113  59  176  20  225  141  99  276  234  215  2  31  196  68  116  9  26  53  173  104  112  149  1  126  18  10  3  58  41  106  57  243  43  232  109  124  171  80  221  61  17  201  205  180  138  35  220  118  12  230  184  193  246  227  166  135  154  152  75  210  63  115  23  198  226  175  235  278  123  279  181  21  70  168  121  147  67  91  190  170  169  159  33  
[248.701s][info   ][gc          ] GC(21) Pause Cleanup 1108M->1108M(2048M) 5.239ms
[248.701s][info   ][gc,cpu      ] GC(21) User=0.00s Sys=0.00s Real=0.00s
[248.702s][info   ][gc,marking  ] GC(21) Concurrent Cleanup for Next Mark
[248.724s][info   ][gc,marking  ] GC(21) Concurrent Cleanup for Next Mark 22.606ms
[248.724s][info   ][gc          ] GC(21) Concurrent Mark Cycle 68346.395ms
[249.880s][info   ][gc,start    ] GC(31) Pause Young (Prepare Mixed) (G1 Evacuation Pause)
[249.880s][info   ][gc,task     ] GC(31) Using 1 workers of 1 for evacuation
[257.722s][info   ][gc,mmu      ] GC(31) MMU target violated: 201.0ms (200.0ms/201.0ms)
[257.722s][info   ][gc,phases   ] GC(31)   Pre Evacuate Collection Set: 0.8ms
[257.722s][info   ][gc,phases   ] GC(31)   Merge Heap Roots: 62.7ms
[257.722s][info   ][gc,phases   ] GC(31)   Evacuate Collection Set: 7742.1ms
[257.722s][info   ][gc,phases   ] GC(31)   Post Evacuate Collection Set: 33.6ms
[257.722s][info   ][gc,phases   ] GC(31)   Other: 4.0ms
[257.722s][info   ][gc,heap     ] GC(31) Eden regions: 43->0(43)
[257.723s][info   ][gc,heap     ] GC(31) Survivor regions: 7->7(7)
[257.723s][info   ][gc,heap     ] GC(31) Old regions: 1002->1042
[257.723s][info   ][gc,heap     ] GC(31) Archive regions: 0->0
[257.723s][info   ][gc,heap     ] GC(31) Humongous regions: 118->118
[257.723s][info   ][gc,metaspace] GC(31) Metaspace: 7052K(7168K)->7052K(7168K)
[257.724s][info   ][gc          ] GC(31) Pause Young (Prepare Mixed) (G1 Evacuation Pause) 1170M->1167M(2048M) 7844.172ms
[257.725s][info   ][gc,cpu      ] GC(31) User=7.83s Sys=0.01s Real=7.84s
[263.025s][info   ][gc,start    ] GC(32) Pause Young (Mixed) (G1 Evacuation Pause)
[263.025s][info   ][gc,task     ] GC(32) Using 1 workers of 1 for evacuation
Should region be added? OLD 40 :
  marked  102110
  live    102110
  h2 live 92939
  bellow threshold? 1
  rem set complete? 1

[H2 PLACEMENT] OBJ = 0x7ffee2000000
[H2 PLACEMENT] OBJ = 0x7ffee2000058
[H2 PLACEMENT] OBJ = 0x7ffee20000b0
[H2 PLACEMENT] OBJ = 0x7ffee2000108
[H2 PLACEMENT] OBJ = 0x7ffee2000160
[H2 PLACEMENT] OBJ = 0x7ffee20001b8
[H2 PLACEMENT] OBJ = 0x7ffee2000210
[H2 PLACEMENT] OBJ = 0x7ffee2000268
[H2 PLACEMENT] OBJ = 0x7ffee20002c0
[H2 PLACEMENT] OBJ = 0x7ffee2000318
[H2 PLACEMENT] OBJ = 0x7ffee2000370
[H2 PLACEMENT] OBJ = 0x7ffee20003c8
[H2 PLACEMENT] OBJ = 0x7ffee2000420
[H2 PLACEMENT] OBJ = 0x7ffee2000478
[H2 PLACEMENT] OBJ = 0x7ffee20004d0
[H2 PLACEMENT] OBJ = 0x7ffee2000528
[H2 PLACEMENT] OBJ = 0x7ffee2000580
[H2 PLACEMENT] OBJ = 0x7ffee20005d8
[H2 PLACEMENT] OBJ = 0x7ffee2000630
[H2 PLACEMENT] OBJ = 0x7ffee2000688
[H2 PLACEMENT] OBJ = 0x7ffee20006e0
[H2 PLACEMENT] OBJ = 0x7ffee2000738
[H2 PLACEMENT] OBJ = 0x7ffee2000790
[H2 PLACEMENT] OBJ = 0x7ffee20007e8
[H2 PLACEMENT] OBJ = 0x7ffee2000840
[H2 PLACEMENT] OBJ = 0x7ffee2000898
[H2 PLACEMENT] OBJ = 0x7ffee20008f0
[H2 PLACEMENT] OBJ = 0x7ffee2000948
[H2 PLACEMENT] OBJ = 0x7ffee20009a0
[H2 PLACEMENT] OBJ = 0x7ffee20009f8
[H2 PLACEMENT] OBJ = 0x7ffee2000a50
[H2 PLACEMENT] OBJ = 0x7ffee2000aa8
[H2 PLACEMENT] OBJ = 0x7ffee2000b00
[H2 PLACEMENT] OBJ = 0x7ffee2000b58
[H2 PLACEMENT] OBJ = 0x7ffee2000bb0
[H2 PLACEMENT] OBJ = 0x7ffee2000c08
[H2 PLACEMENT] OBJ = 0x7ffee2000c60
[H2 PLACEMENT] OBJ = 0x7ffee2000cb8
[H2 PLACEMENT] OBJ = 0x7ffee2000d10
[H2 PLACEMENT] OBJ = 0x7ffee2000d68
[H2 PLACEMENT] OBJ = 0x7ffee2000dc0
[H2 PLACEMENT] OBJ = 0x7ffee2000e18
[H2 PLACEMENT] OBJ = 0x7ffee2000e70
[H2 PLACEMENT] OBJ = 0x7ffee2000ec8
[H2 PLACEMENT] OBJ = 0x7ffee2000f20
[H2 PLACEMENT] OBJ = 0x7ffee2000f78
[H2 PLACEMENT] OBJ = 0x7ffee2000fd0
[H2 PLACEMENT] OBJ = 0x7ffee2001028
[H2 PLACEMENT] OBJ = 0x7ffee2001080
[H2 PLACEMENT] OBJ = 0x7ffee20010d8
[H2 PLACEMENT] OBJ = 0x7ffee2001130
[H2 PLACEMENT] OBJ = 0x7ffee2001188
[H2 PLACEMENT] OBJ = 0x7ffee20011e0
[H2 PLACEMENT] OBJ = 0x7ffee2001238
[H2 PLACEMENT] OBJ = 0x7ffee2001290
[H2 PLACEMENT] OBJ = 0x7ffee20012e8
[H2 PLACEMENT] OBJ = 0x7ffee2001340
[H2 PLACEMENT] OBJ = 0x7ffee2001398
[H2 PLACEMENT] OBJ = 0x7ffee20013f0
[H2 PLACEMENT] OBJ = 0x7ffee2001448
[H2 PLACEMENT] OBJ = 0x7ffee20014a0
[H2 PLACEMENT] OBJ = 0x7ffee20014f8
[H2 PLACEMENT] OBJ = 0x7ffee2001550
[H2 PLACEMENT] OBJ = 0x7ffee20015a8
[H2 PLACEMENT] OBJ = 0x7ffee2001600
[H2 PLACEMENT] OBJ = 0x7ffee2001658
[H2 PLACEMENT] OBJ = 0x7ffee20016b0
[H2 PLACEMENT] OBJ = 0x7ffee2001708
[H2 PLACEMENT] OBJ = 0x7ffee2001760
[H2 PLACEMENT] OBJ = 0x7ffee20017b8
[H2 PLACEMENT] OBJ = 0x7ffee2001810
[H2 PLACEMENT] OBJ = 0x7ffee2001868
[H2 PLACEMENT] OBJ = 0x7ffee20018c0
[H2 PLACEMENT] OBJ = 0x7ffee2001918
[H2 PLACEMENT] OBJ = 0x7ffee2001970
[H2 PLACEMENT] OBJ = 0x7ffee20019c8
[H2 PLACEMENT] OBJ = 0x7ffee2001a20
[H2 PLACEMENT] OBJ = 0x7ffee2001a78
[H2 PLACEMENT] OBJ = 0x7ffee2001ad0
[H2 PLACEMENT] OBJ = 0x7ffee2001b28
[H2 PLACEMENT] OBJ = 0x7ffee2001b80
[H2 PLACEMENT] OBJ = 0x7ffee2001bd8
[H2 PLACEMENT] OBJ = 0x7ffee2001c30
[H2 PLACEMENT] OBJ = 0x7ffee2001c88
[H2 PLACEMENT] OBJ = 0x7ffee2001ce0
[H2 PLACEMENT] OBJ = 0x7ffee2001d38
[H2 PLACEMENT] OBJ = 0x7ffee2001d90
[H2 PLACEMENT] OBJ = 0x7ffee2001de8
[H2 PLACEMENT] OBJ = 0x7ffee2001e40
[H2 PLACEMENT] OBJ = 0x7ffee2001e98
[H2 PLACEMENT] OBJ = 0x7ffee2001ef0
[H2 PLACEMENT] OBJ = 0x7ffee2001f48
[H2 PLACEMENT] OBJ = 0x7ffee2001fa0
[H2 PLACEMENT] OBJ = 0x7ffee2001ff8
[H2 PLACEMENT] OBJ = 0x7ffee2002050
[H2 PLACEMENT] OBJ = 0x7ffee20020a8
[H2 PLACEMENT] OBJ = 0x7ffee2002100
[H2 PLACEMENT] OBJ = 0x7ffee2002158
[H2 PLACEMENT] OBJ = 0x7ffee20021b0
[H2 PLACEMENT] OBJ = 0x7ffee2002208
[H2 PLACEMENT] OBJ = 0x7ffee2002260
[H2 PLACEMENT] OBJ = 0x7ffee20022b8
[H2 PLACEMENT] OBJ = 0x7ffee2002310
[H2 PLACEMENT] OBJ = 0x7ffee2002368
[H2 PLACEMENT] OBJ = 0x7ffee20023c0
[H2 PLACEMENT] OBJ = 0x7ffee2002418
[H2 PLACEMENT] OBJ = 0x7ffee2002470
[H2 PLACEMENT] OBJ = 0x7ffee20024c8
[H2 PLACEMENT] OBJ = 0x7ffee2002520
[H2 PLACEMENT] OBJ = 0x7ffee2002578
[H2 PLACEMENT] OBJ = 0x7ffee20025d0
[H2 PLACEMENT] OBJ = 0x7ffee2002628
[H2 PLACEMENT] OBJ = 0x7ffee2002680
[H2 PLACEMENT] OBJ = 0x7ffee20026d8
[H2 PLACEMENT] OBJ = 0x7ffee2002730
[H2 PLACEMENT] OBJ = 0x7ffee2002788
[H2 PLACEMENT] OBJ = 0x7ffee20027e0
[H2 PLACEMENT] OBJ = 0x7ffee2002838
[H2 PLACEMENT] OBJ = 0x7ffee2002890
[H2 PLACEMENT] OBJ = 0x7ffee20028e8
[H2 PLACEMENT] OBJ = 0x7ffee2002940
[H2 PLACEMENT] OBJ = 0x7ffee2002998
[H2 PLACEMENT] OBJ = 0x7ffee20029f0
[H2 PLACEMENT] OBJ = 0x7ffee2002a48
[H2 PLACEMENT] OBJ = 0x7ffee2002aa0
[H2 PLACEMENT] OBJ = 0x7ffee2002af8
[H2 PLACEMENT] OBJ = 0x7ffee2002b50
[H2 PLACEMENT] OBJ = 0x7ffee2002ba8
[H2 PLACEMENT] OBJ = 0x7ffee2002c00
[H2 PLACEMENT] OBJ = 0x7ffee2002c58
[H2 PLACEMENT] OBJ = 0x7ffee2002cb0
[H2 PLACEMENT] OBJ = 0x7ffee2002d08
[H2 PLACEMENT] OBJ = 0x7ffee2002d60
[H2 PLACEMENT] OBJ = 0x7ffee2002db8
[H2 PLACEMENT] OBJ = 0x7ffee2002e10
[H2 PLACEMENT] OBJ = 0x7ffee2002e68
[H2 PLACEMENT] OBJ = 0x7ffee2002ec0
[H2 PLACEMENT] OBJ = 0x7ffee2002f18
[H2 PLACEMENT] OBJ = 0x7ffee2002f70
[H2 PLACEMENT] OBJ = 0x7ffee2002fc8
[H2 PLACEMENT] OBJ = 0x7ffee2003020
[H2 PLACEMENT] OBJ = 0x7ffee2003078
[H2 PLACEMENT] OBJ = 0x7ffee20030d0
[H2 PLACEMENT] OBJ = 0x7ffee2003128
[H2 PLACEMENT] OBJ = 0x7ffee2003180
[H2 PLACEMENT] OBJ = 0x7ffee20031d8
[H2 PLACEMENT] OBJ = 0x7ffee2003230
[H2 PLACEMENT] OBJ = 0x7ffee2003288
[H2 PLACEMENT] OBJ = 0x7ffee20032e0
[H2 PLACEMENT] OBJ = 0x7ffee2003338
[H2 PLACEMENT] OBJ = 0x7ffee2003390
[H2 PLACEMENT] OBJ = 0x7ffee20033e8
[H2 PLACEMENT] OBJ = 0x7ffee2003440
[H2 PLACEMENT] OBJ = 0x7ffee2003498
[H2 PLACEMENT] OBJ = 0x7ffee20034f0
[H2 PLACEMENT] OBJ = 0x7ffee2003548
[H2 PLACEMENT] OBJ = 0x7ffee20035a0
[H2 PLACEMENT] OBJ = 0x7ffee20035f8
[H2 PLACEMENT] OBJ = 0x7ffee2003650
[H2 PLACEMENT] OBJ = 0x7ffee20036a8
[H2 PLACEMENT] OBJ = 0x7ffee2003700
[H2 PLACEMENT] OBJ = 0x7ffee2003758
[H2 PLACEMENT] OBJ = 0x7ffee20037b0
[H2 PLACEMENT] OBJ = 0x7ffee2003808
[H2 PLACEMENT] OBJ = 0x7ffee2003860
[H2 PLACEMENT] OBJ = 0x7ffee20038b8
[H2 PLACEMENT] OBJ = 0x7ffee2003910
[H2 PLACEMENT] OBJ = 0x7ffee2003968
[H2 PLACEMENT] OBJ = 0x7ffee20039c0
[H2 PLACEMENT] OBJ = 0x7ffee2003a18
[H2 PLACEMENT] OBJ = 0x7ffee2003a70
[H2 PLACEMENT] OBJ = 0x7ffee2003ac8
[H2 PLACEMENT] OBJ = 0x7ffee2003b20
[H2 PLACEMENT] OBJ = 0x7ffee2003b78
[H2 PLACEMENT] OBJ = 0x7ffee2003bd0
[H2 PLACEMENT] OBJ = 0x7ffee2003c28
[H2 PLACEMENT] OBJ = 0x7ffee2003c80
[H2 PLACEMENT] OBJ = 0x7ffee2003cd8
[H2 PLACEMENT] OBJ = 0x7ffee2003d30
[H2 PLACEMENT] OBJ = 0x7ffee2003d88
[H2 PLACEMENT] OBJ = 0x7ffee2003de0
[H2 PLACEMENT] OBJ = 0x7ffee2003e38
[H2 PLACEMENT] OBJ = 0x7ffee2003e90
[H2 PLACEMENT] OBJ = 0x7ffee2003ee8
[H2 PLACEMENT] OBJ = 0x7ffee2003f40
[H2 PLACEMENT] OBJ = 0x7ffee2003f98
[H2 PLACEMENT] OBJ = 0x7ffee2003ff0
[H2 PLACEMENT] OBJ = 0x7ffee2004048
[H2 PLACEMENT] OBJ = 0x7ffee20040a0
[H2 PLACEMENT] OBJ = 0x7ffee20040f8
[H2 PLACEMENT] OBJ = 0x7ffee2004150
[H2 PLACEMENT] OBJ = 0x7ffee20041a8
[H2 PLACEMENT] OBJ = 0x7ffee2004200
[H2 PLACEMENT] OBJ = 0x7ffee2004258
[H2 PLACEMENT] OBJ = 0x7ffee20042b0
[H2 PLACEMENT] OBJ = 0x7ffee2004308
[H2 PLACEMENT] OBJ = 0x7ffee2004360
[H2 PLACEMENT] OBJ = 0x7ffee20043b8
[H2 PLACEMENT] OBJ = 0x7ffee2004410
[H2 PLACEMENT] OBJ = 0x7ffee2004468
[H2 PLACEMENT] OBJ = 0x7ffee20044c0
[H2 PLACEMENT] OBJ = 0x7ffee2004518
[H2 PLACEMENT] OBJ = 0x7ffee2004570
[H2 PLACEMENT] OBJ = 0x7ffee20045c8
[H2 PLACEMENT] OBJ = 0x7ffee2004620
[H2 PLACEMENT] OBJ = 0x7ffee2004678
[H2 PLACEMENT] OBJ = 0x7ffee20046d0
[H2 PLACEMENT] OBJ = 0x7ffee2004728
[H2 PLACEMENT] OBJ = 0x7ffee2004780
[H2 PLACEMENT] OBJ = 0x7ffee20047d8
[H2 PLACEMENT] OBJ = 0x7ffee2004830
[H2 PLACEMENT] OBJ = 0x7ffee2004888
[H2 PLACEMENT] OBJ = 0x7ffee20048e0
[H2 PLACEMENT] OBJ = 0x7ffee2004938
[H2 PLACEMENT] OBJ = 0x7ffee2004990
[H2 PLACEMENT] OBJ = 0x7ffee20049e8
[H2 PLACEMENT] OBJ = 0x7ffee2004a40
[H2 PLACEMENT] OBJ = 0x7ffee2004a98
[H2 PLACEMENT] OBJ = 0x7ffee2004af0
[H2 PLACEMENT] OBJ = 0x7ffee2004b48
[H2 PLACEMENT] OBJ = 0x7ffee2004ba0
[H2 PLACEMENT] OBJ = 0x7ffee2004bf8
[H2 PLACEMENT] OBJ = 0x7ffee2004c50
[H2 PLACEMENT] OBJ = 0x7ffee2004ca8
[H2 PLACEMENT] OBJ = 0x7ffee2004d00
[H2 PLACEMENT] OBJ = 0x7ffee2004d58
[H2 PLACEMENT] OBJ = 0x7ffee2004db0
[H2 PLACEMENT] OBJ = 0x7ffee2004e08
[H2 PLACEMENT] OBJ = 0x7ffee2004e60
[H2 PLACEMENT] OBJ = 0x7ffee2004eb8
[H2 PLACEMENT] OBJ = 0x7ffee2004f10
[H2 PLACEMENT] OBJ = 0x7ffee2004f68
[H2 PLACEMENT] OBJ = 0x7ffee2004fc0
[H2 PLACEMENT] OBJ = 0x7ffee2005018
[H2 PLACEMENT] OBJ = 0x7ffee2005070
[H2 PLACEMENT] OBJ = 0x7ffee20050c8
[H2 PLACEMENT] OBJ = 0x7ffee2005120
[H2 PLACEMENT] OBJ = 0x7ffee2005178
[H2 PLACEMENT] OBJ = 0x7ffee20051d0
[H2 PLACEMENT] OBJ = 0x7ffee2005228
[H2 PLACEMENT] OBJ = 0x7ffee2005280
[H2 PLACEMENT] OBJ = 0x7ffee20052d8
[H2 PLACEMENT] OBJ = 0x7ffee2005330
[H2 PLACEMENT] OBJ = 0x7ffee2005388
[H2 PLACEMENT] OBJ = 0x7ffee20053e0
[H2 PLACEMENT] OBJ = 0x7ffee2005438
[H2 PLACEMENT] OBJ = 0x7ffee2005490
[H2 PLACEMENT] OBJ = 0x7ffee20054e8
[H2 PLACEMENT] OBJ = 0x7ffee2005540
[H2 PLACEMENT] OBJ = 0x7ffee2005598
[H2 PLACEMENT] OBJ = 0x7ffee20055f0
[H2 PLACEMENT] OBJ = 0x7ffee2005648
[H2 PLACEMENT] OBJ = 0x7ffee20056a0
[H2 PLACEMENT] OBJ = 0x7ffee20056f8
[H2 PLACEMENT] OBJ = 0x7ffee2005750
[H2 PLACEMENT] OBJ = 0x7ffee20057a8
[H2 PLACEMENT] OBJ = 0x7ffee2005800
[H2 PLACEMENT] OBJ = 0x7ffee2005858
[H2 PLACEMENT] OBJ = 0x7ffee20058b0
[H2 PLACEMENT] OBJ = 0x7ffee2005908
[H2 PLACEMENT] OBJ = 0x7ffee2005960
[H2 PLACEMENT] OBJ = 0x7ffee20059b8
[H2 PLACEMENT] OBJ = 0x7ffee2005a10
[H2 PLACEMENT] OBJ = 0x7ffee2005a68
[H2 PLACEMENT] OBJ = 0x7ffee2005ac0
[H2 PLACEMENT] OBJ = 0x7ffee2005b18
[H2 PLACEMENT] OBJ = 0x7ffee2005b70
[H2 PLACEMENT] OBJ = 0x7ffee2005bc8
[H2 PLACEMENT] OBJ = 0x7ffee2005c20
[H2 PLACEMENT] OBJ = 0x7ffee2005c78
[H2 PLACEMENT] OBJ = 0x7ffee2005cd0
[H2 PLACEMENT] OBJ = 0x7ffee2005d28
[H2 PLACEMENT] OBJ = 0x7ffee2005d80
[H2 PLACEMENT] OBJ = 0x7ffee2005dd8
[H2 PLACEMENT] OBJ = 0x7ffee2005e30
[H2 PLACEMENT] OBJ = 0x7ffee2005e88
[H2 PLACEMENT] OBJ = 0x7ffee2005ee0
[H2 PLACEMENT] OBJ = 0x7ffee2005f38
[H2 PLACEMENT] OBJ = 0x7ffee2005f90
[H2 PLACEMENT] OBJ = 0x7ffee2005fe8
[H2 PLACEMENT] OBJ = 0x7ffee2006040
[H2 PLACEMENT] OBJ = 0x7ffee2006098
[H2 PLACEMENT] OBJ = 0x7ffee20060f0
[H2 PLACEMENT] OBJ = 0x7ffee2006148
[H2 PLACEMENT] OBJ = 0x7ffee20061a0
[H2 PLACEMENT] OBJ = 0x7ffee20061f8
[H2 PLACEMENT] OBJ = 0x7ffee2006250
[H2 PLACEMENT] OBJ = 0x7ffee20062a8
[H2 PLACEMENT] OBJ = 0x7ffee2006300
[H2 PLACEMENT] OBJ = 0x7ffee2006358
[H2 PLACEMENT] OBJ = 0x7ffee20063b0
[H2 PLACEMENT] OBJ = 0x7ffee2006408
[H2 PLACEMENT] OBJ = 0x7ffee2006460
[H2 PLACEMENT] OBJ = 0x7ffee20064b8
[H2 PLACEMENT] OBJ = 0x7ffee2006510
[H2 PLACEMENT] OBJ = 0x7ffee2006568
[H2 PLACEMENT] OBJ = 0x7ffee20065c0
[H2 PLACEMENT] OBJ = 0x7ffee2006618
[H2 PLACEMENT] OBJ = 0x7ffee2006670
[H2 PLACEMENT] OBJ = 0x7ffee20066c8
[H2 PLACEMENT] OBJ = 0x7ffee2006720
[H2 PLACEMENT] OBJ = 0x7ffee2006778
[H2 PLACEMENT] OBJ = 0x7ffee20067d0
[H2 PLACEMENT] OBJ = 0x7ffee2006828
[H2 PLACEMENT] OBJ = 0x7ffee2006880
[H2 PLACEMENT] OBJ = 0x7ffee20068d8
[H2 PLACEMENT] OBJ = 0x7ffee2006930
[H2 PLACEMENT] OBJ = 0x7ffee2006988
[H2 PLACEMENT] OBJ = 0x7ffee20069e0
[H2 PLACEMENT] OBJ = 0x7ffee2006a38
[H2 PLACEMENT] OBJ = 0x7ffee2006a90
[H2 PLACEMENT] OBJ = 0x7ffee2006ae8
[H2 PLACEMENT] OBJ = 0x7ffee2006b40
[H2 PLACEMENT] OBJ = 0x7ffee2006b98
[H2 PLACEMENT] OBJ = 0x7ffee2006bf0
[H2 PLACEMENT] OBJ = 0x7ffee2006c48
[H2 PLACEMENT] OBJ = 0x7ffee2006ca0
[H2 PLACEMENT] OBJ = 0x7ffee2006cf8
[H2 PLACEMENT] OBJ = 0x7ffee2006d50
[H2 PLACEMENT] OBJ = 0x7ffee2006da8
[H2 PLACEMENT] OBJ = 0x7ffee2006e00
[H2 PLACEMENT] OBJ = 0x7ffee2006e58
[H2 PLACEMENT] OBJ = 0x7ffee2006eb0
[H2 PLACEMENT] OBJ = 0x7ffee2006f08
[H2 PLACEMENT] OBJ = 0x7ffee2006f60
[H2 PLACEMENT] OBJ = 0x7ffee2006fb8
[H2 PLACEMENT] OBJ = 0x7ffee2007010
[H2 PLACEMENT] OBJ = 0x7ffee2007068
[H2 PLACEMENT] OBJ = 0x7ffee20070c0
[H2 PLACEMENT] OBJ = 0x7ffee2007118
[H2 PLACEMENT] OBJ = 0x7ffee2007170
[H2 PLACEMENT] OBJ = 0x7ffee20071c8
[H2 PLACEMENT] OBJ = 0x7ffee2007220
[H2 PLACEMENT] OBJ = 0x7ffee2007278
[H2 PLACEMENT] OBJ = 0x7ffee20072d0
[H2 PLACEMENT] OBJ = 0x7ffee2007328
[H2 PLACEMENT] OBJ = 0x7ffee2007380
[H2 PLACEMENT] OBJ = 0x7ffee20073d8
[H2 PLACEMENT] OBJ = 0x7ffee2007430
[H2 PLACEMENT] OBJ = 0x7ffee2007488
[H2 PLACEMENT] OBJ = 0x7ffee20074e0
[H2 PLACEMENT] OBJ = 0x7ffee2007538
[H2 PLACEMENT] OBJ = 0x7ffee2007590
[H2 PLACEMENT] OBJ = 0x7ffee20075e8
[H2 PLACEMENT] OBJ = 0x7ffee2007640
[H2 PLACEMENT] OBJ = 0x7ffee2007698
[H2 PLACEMENT] OBJ = 0x7ffee20076f0
[H2 PLACEMENT] OBJ = 0x7ffee2007748
[H2 PLACEMENT] OBJ = 0x7ffee20077a0
[H2 PLACEMENT] OBJ = 0x7ffee20077f8
[H2 PLACEMENT] OBJ = 0x7ffee2007850
[H2 PLACEMENT] OBJ = 0x7ffee20078a8
[H2 PLACEMENT] OBJ = 0x7ffee2007900
[H2 PLACEMENT] OBJ = 0x7ffee2007958
[H2 PLACEMENT] OBJ = 0x7ffee20079b0
[H2 PLACEMENT] OBJ = 0x7ffee2007a08
[H2 PLACEMENT] OBJ = 0x7ffee2007a60
[H2 PLACEMENT] OBJ = 0x7ffee2007ab8
[H2 PLACEMENT] OBJ = 0x7ffee2007b10
[H2 PLACEMENT] OBJ = 0x7ffee2007b68
[H2 PLACEMENT] OBJ = 0x7ffee2007bc0
[H2 PLACEMENT] OBJ = 0x7ffee2007c18
[H2 PLACEMENT] OBJ = 0x7ffee2007c70
[H2 PLACEMENT] OBJ = 0x7ffee2007cc8
[H2 PLACEMENT] OBJ = 0x7ffee2007d20
[H2 PLACEMENT] OBJ = 0x7ffee2007d78
[H2 PLACEMENT] OBJ = 0x7ffee2007dd0
[H2 PLACEMENT] OBJ = 0x7ffee2007e28
[H2 PLACEMENT] OBJ = 0x7ffee2007e80
[H2 PLACEMENT] OBJ = 0x7ffee2007ed8
[H2 PLACEMENT] OBJ = 0x7ffee2007f30
[H2 PLACEMENT] OBJ = 0x7ffee2007f88
[H2 PLACEMENT] OBJ = 0x7ffee2007fe0
[H2 PLACEMENT] OBJ = 0x7ffee2008038
[H2 PLACEMENT] OBJ = 0x7ffee2008090
[H2 PLACEMENT] OBJ = 0x7ffee20080e8
[H2 PLACEMENT] OBJ = 0x7ffee2008140
[H2 PLACEMENT] OBJ = 0x7ffee2008198
[H2 PLACEMENT] OBJ = 0x7ffee20081f0
[H2 PLACEMENT] OBJ = 0x7ffee2008248
[H2 PLACEMENT] OBJ = 0x7ffee20082a0
[H2 PLACEMENT] OBJ = 0x7ffee20082f8
[H2 PLACEMENT] OBJ = 0x7ffee2008350
[H2 PLACEMENT] OBJ = 0x7ffee20083a8
[H2 PLACEMENT] OBJ = 0x7ffee2008400
[H2 PLACEMENT] OBJ = 0x7ffee2008458
[H2 PLACEMENT] OBJ = 0x7ffee20084b0
[H2 PLACEMENT] OBJ = 0x7ffee2008508
[H2 PLACEMENT] OBJ = 0x7ffee2008560
[H2 PLACEMENT] OBJ = 0x7ffee20085b8
[H2 PLACEMENT] OBJ = 0x7ffee2008610
[H2 PLACEMENT] OBJ = 0x7ffee2008668
[H2 PLACEMENT] OBJ = 0x7ffee20086c0
[H2 PLACEMENT] OBJ = 0x7ffee2008718
[H2 PLACEMENT] OBJ = 0x7ffee2008770
[H2 PLACEMENT] OBJ = 0x7ffee20087c8
[H2 PLACEMENT] OBJ = 0x7ffee2008820
[H2 PLACEMENT] OBJ = 0x7ffee2008878
[H2 PLACEMENT] OBJ = 0x7ffee20088d0
[H2 PLACEMENT] OBJ = 0x7ffee2008928
[H2 PLACEMENT] OBJ = 0x7ffee2008980
[H2 PLACEMENT] OBJ = 0x7ffee20089d8
[H2 PLACEMENT] OBJ = 0x7ffee2008a30
[H2 PLACEMENT] OBJ = 0x7ffee2008a88
[H2 PLACEMENT] OBJ = 0x7ffee2008ae0
[H2 PLACEMENT] OBJ = 0x7ffee2008b38
[H2 PLACEMENT] OBJ = 0x7ffee2008b90
[H2 PLACEMENT] OBJ = 0x7ffee2008be8
[H2 PLACEMENT] OBJ = 0x7ffee2008c40
[H2 PLACEMENT] OBJ = 0x7ffee2008c98
[H2 PLACEMENT] OBJ = 0x7ffee2008cf0
[H2 PLACEMENT] OBJ = 0x7ffee2008d48
[H2 PLACEMENT] OBJ = 0x7ffee2008da0
[H2 PLACEMENT] OBJ = 0x7ffee2008df8
[H2 PLACEMENT] OBJ = 0x7ffee2008e50
[H2 PLACEMENT] OBJ = 0x7ffee2008ea8
[H2 PLACEMENT] OBJ = 0x7ffee2008f00
[H2 PLACEMENT] OBJ = 0x7ffee2008f58
[H2 PLACEMENT] OBJ = 0x7ffee2008fb0
[H2 PLACEMENT] OBJ = 0x7ffee2009008
[H2 PLACEMENT] OBJ = 0x7ffee2009060
[H2 PLACEMENT] OBJ = 0x7ffee20090b8
[H2 PLACEMENT] OBJ = 0x7ffee2009110
[H2 PLACEMENT] OBJ = 0x7ffee2009168
[H2 PLACEMENT] OBJ = 0x7ffee20091c0
[H2 PLACEMENT] OBJ = 0x7ffee2009218
[H2 PLACEMENT] OBJ = 0x7ffee2009270
[H2 PLACEMENT] OBJ = 0x7ffee20092c8
[H2 PLACEMENT] OBJ = 0x7ffee2009320
[H2 PLACEMENT] OBJ = 0x7ffee2009378
[H2 PLACEMENT] OBJ = 0x7ffee20093d0
[H2 PLACEMENT] OBJ = 0x7ffee2009428
[H2 PLACEMENT] OBJ = 0x7ffee2009480
[H2 PLACEMENT] OBJ = 0x7ffee20094d8
[H2 PLACEMENT] OBJ = 0x7ffee2009530
[H2 PLACEMENT] OBJ = 0x7ffee2009588
[H2 PLACEMENT] OBJ = 0x7ffee20095e0
[H2 PLACEMENT] OBJ = 0x7ffee2009638
[H2 PLACEMENT] OBJ = 0x7ffee2009690
[H2 PLACEMENT] OBJ = 0x7ffee20096e8
[H2 PLACEMENT] OBJ = 0x7ffee2009740
[H2 PLACEMENT] OBJ = 0x7ffee2009798
[H2 PLACEMENT] OBJ = 0x7ffee20097f0
[H2 PLACEMENT] OBJ = 0x7ffee2009848
[H2 PLACEMENT] OBJ = 0x7ffee20098a0
[H2 PLACEMENT] OBJ = 0x7ffee20098f8
[H2 PLACEMENT] OBJ = 0x7ffee2009950
[H2 PLACEMENT] OBJ = 0x7ffee20099a8
[H2 PLACEMENT] OBJ = 0x7ffee2009a00
[H2 PLACEMENT] OBJ = 0x7ffee2009a58
[H2 PLACEMENT] OBJ = 0x7ffee2009ab0
[H2 PLACEMENT] OBJ = 0x7ffee2009b08
[H2 PLACEMENT] OBJ = 0x7ffee2009b60
[H2 PLACEMENT] OBJ = 0x7ffee2009bb8
[H2 PLACEMENT] OBJ = 0x7ffee2009c10
[H2 PLACEMENT] OBJ = 0x7ffee2009c68
[H2 PLACEMENT] OBJ = 0x7ffee2009cc0
[H2 PLACEMENT] OBJ = 0x7ffee2009d18
[H2 PLACEMENT] OBJ = 0x7ffee2009d70
[H2 PLACEMENT] OBJ = 0x7ffee2009dc8
[H2 PLACEMENT] OBJ = 0x7ffee2009e20
[H2 PLACEMENT] OBJ = 0x7ffee2009e78
[H2 PLACEMENT] OBJ = 0x7ffee2009ed0
[H2 PLACEMENT] OBJ = 0x7ffee2009f28
[H2 PLACEMENT] OBJ = 0x7ffee2009f80
[H2 PLACEMENT] OBJ = 0x7ffee2009fd8
[H2 PLACEMENT] OBJ = 0x7ffee200a030
[H2 PLACEMENT] OBJ = 0x7ffee200a088
[H2 PLACEMENT] OBJ = 0x7ffee200a0e0
[H2 PLACEMENT] OBJ = 0x7ffee200a138
[H2 PLACEMENT] OBJ = 0x7ffee200a190
[H2 PLACEMENT] OBJ = 0x7ffee200a1e8
[H2 PLACEMENT] OBJ = 0x7ffee200a240
[H2 PLACEMENT] OBJ = 0x7ffee200a298
[H2 PLACEMENT] OBJ = 0x7ffee200a2f0
[H2 PLACEMENT] OBJ = 0x7ffee200a348
[H2 PLACEMENT] OBJ = 0x7ffee200a3a0
[H2 PLACEMENT] OBJ = 0x7ffee200a3f8
[H2 PLACEMENT] OBJ = 0x7ffee200a450
[H2 PLACEMENT] OBJ = 0x7ffee200a4a8
[H2 PLACEMENT] OBJ = 0x7ffee200a500
[H2 PLACEMENT] OBJ = 0x7ffee200a558
[H2 PLACEMENT] OBJ = 0x7ffee200a5b0
[H2 PLACEMENT] OBJ = 0x7ffee200a608
[H2 PLACEMENT] OBJ = 0x7ffee200a660
[H2 PLACEMENT] OBJ = 0x7ffee200a6b8
[H2 PLACEMENT] OBJ = 0x7ffee200a710
[H2 PLACEMENT] OBJ = 0x7ffee200a768
[H2 PLACEMENT] OBJ = 0x7ffee200a7c0
[H2 PLACEMENT] OBJ = 0x7ffee200a818
[H2 PLACEMENT] OBJ = 0x7ffee200a870
[H2 PLACEMENT] OBJ = 0x7ffee200a8c8
[H2 PLACEMENT] OBJ = 0x7ffee200a920
[H2 PLACEMENT] OBJ = 0x7ffee200a978
[H2 PLACEMENT] OBJ = 0x7ffee200a9d0
[H2 PLACEMENT] OBJ = 0x7ffee200aa28
[H2 PLACEMENT] OBJ = 0x7ffee200aa80
[H2 PLACEMENT] OBJ = 0x7ffee200aad8
[H2 PLACEMENT] OBJ = 0x7ffee200ab30
[H2 PLACEMENT] OBJ = 0x7ffee200ab88
[H2 PLACEMENT] OBJ = 0x7ffee200abe0
[H2 PLACEMENT] OBJ = 0x7ffee200ac38
[H2 PLACEMENT] OBJ = 0x7ffee200ac90
[H2 PLACEMENT] OBJ = 0x7ffee200ace8
[H2 PLACEMENT] OBJ = 0x7ffee200ad40
[H2 PLACEMENT] OBJ = 0x7ffee200ad98
[H2 PLACEMENT] OBJ = 0x7ffee200adf0
[H2 PLACEMENT] OBJ = 0x7ffee200ae48
[H2 PLACEMENT] OBJ = 0x7ffee200aea0
[H2 PLACEMENT] OBJ = 0x7ffee200aef8
[H2 PLACEMENT] OBJ = 0x7ffee200af50
[H2 PLACEMENT] OBJ = 0x7ffee200afa8
[H2 PLACEMENT] OBJ = 0x7ffee200b000
[H2 PLACEMENT] OBJ = 0x7ffee200b058
[H2 PLACEMENT] OBJ = 0x7ffee200b0b0
[H2 PLACEMENT] OBJ = 0x7ffee200b108
[H2 PLACEMENT] OBJ = 0x7ffee200b160
[H2 PLACEMENT] OBJ = 0x7ffee200b1b8
[H2 PLACEMENT] OBJ = 0x7ffee200b210
[H2 PLACEMENT] OBJ = 0x7ffee200b268
[H2 PLACEMENT] OBJ = 0x7ffee200b2c0
[H2 PLACEMENT] OBJ = 0x7ffee200b318
[H2 PLACEMENT] OBJ = 0x7ffee200b370
[H2 PLACEMENT] OBJ = 0x7ffee200b3c8
[H2 PLACEMENT] OBJ = 0x7ffee200b420
[H2 PLACEMENT] OBJ = 0x7ffee200b478
[H2 PLACEMENT] OBJ = 0x7ffee200b4d0
[H2 PLACEMENT] OBJ = 0x7ffee200b528
[H2 PLACEMENT] OBJ = 0x7ffee200b580
[H2 PLACEMENT] OBJ = 0x7ffee200b5d8
[H2 PLACEMENT] OBJ = 0x7ffee200b630
[H2 PLACEMENT] OBJ = 0x7ffee200b688
[H2 PLACEMENT] OBJ = 0x7ffee200b6e0
[H2 PLACEMENT] OBJ = 0x7ffee200b738
[H2 PLACEMENT] OBJ = 0x7ffee200b790
[H2 PLACEMENT] OBJ = 0x7ffee200b7e8
[H2 PLACEMENT] OBJ = 0x7ffee200b840
[H2 PLACEMENT] OBJ = 0x7ffee200b898
[H2 PLACEMENT] OBJ = 0x7ffee200b8f0
[H2 PLACEMENT] OBJ = 0x7ffee200b948
[H2 PLACEMENT] OBJ = 0x7ffee200b9a0
[H2 PLACEMENT] OBJ = 0x7ffee200b9f8
[H2 PLACEMENT] OBJ = 0x7ffee200ba50
[H2 PLACEMENT] OBJ = 0x7ffee200baa8
[H2 PLACEMENT] OBJ = 0x7ffee200bb00
[H2 PLACEMENT] OBJ = 0x7ffee200bb58
[H2 PLACEMENT] OBJ = 0x7ffee200bbb0
[H2 PLACEMENT] OBJ = 0x7ffee200bc08
[H2 PLACEMENT] OBJ = 0x7ffee200bc60
[H2 PLACEMENT] OBJ = 0x7ffee200bcb8
[H2 PLACEMENT] OBJ = 0x7ffee200bd10
[H2 PLACEMENT] OBJ = 0x7ffee200bd68
[H2 PLACEMENT] OBJ = 0x7ffee200bdc0
[H2 PLACEMENT] OBJ = 0x7ffee200be18
[H2 PLACEMENT] OBJ = 0x7ffee200be70
[H2 PLACEMENT] OBJ = 0x7ffee200bec8
[H2 PLACEMENT] OBJ = 0x7ffee200bf20
[H2 PLACEMENT] OBJ = 0x7ffee200bf78
[H2 PLACEMENT] OBJ = 0x7ffee200bfd0
[H2 PLACEMENT] OBJ = 0x7ffee200c028
[H2 PLACEMENT] OBJ = 0x7ffee200c080
[H2 PLACEMENT] OBJ = 0x7ffee200c0d8
[H2 PLACEMENT] OBJ = 0x7ffee200c130
[H2 PLACEMENT] OBJ = 0x7ffee200c188
[H2 PLACEMENT] OBJ = 0x7ffee200c1e0
[H2 PLACEMENT] OBJ = 0x7ffee200c238
[H2 PLACEMENT] OBJ = 0x7ffee200c290
[H2 PLACEMENT] OBJ = 0x7ffee200c2e8
[H2 PLACEMENT] OBJ = 0x7ffee200c340
[H2 PLACEMENT] OBJ = 0x7ffee200c398
[H2 PLACEMENT] OBJ = 0x7ffee200c3f0
[H2 PLACEMENT] OBJ = 0x7ffee200c448
[H2 PLACEMENT] OBJ = 0x7ffee200c4a0
[H2 PLACEMENT] OBJ = 0x7ffee200c4f8
[H2 PLACEMENT] OBJ = 0x7ffee200c550
[H2 PLACEMENT] OBJ = 0x7ffee200c5a8
[H2 PLACEMENT] OBJ = 0x7ffee200c600
[H2 PLACEMENT] OBJ = 0x7ffee200c658
[H2 PLACEMENT] OBJ = 0x7ffee200c6b0
[H2 PLACEMENT] OBJ = 0x7ffee200c708
[H2 PLACEMENT] OBJ = 0x7ffee200c760
[H2 PLACEMENT] OBJ = 0x7ffee200c7b8
[H2 PLACEMENT] OBJ = 0x7ffee200c810
[H2 PLACEMENT] OBJ = 0x7ffee200c868
[H2 PLACEMENT] OBJ = 0x7ffee200c8c0
[H2 PLACEMENT] OBJ = 0x7ffee200c918
[H2 PLACEMENT] OBJ = 0x7ffee200c970
[H2 PLACEMENT] OBJ = 0x7ffee200c9c8
[H2 PLACEMENT] OBJ = 0x7ffee200ca20
[H2 PLACEMENT] OBJ = 0x7ffee200ca78
[H2 PLACEMENT] OBJ = 0x7ffee200cad0
[H2 PLACEMENT] OBJ = 0x7ffee200cb28
[H2 PLACEMENT] OBJ = 0x7ffee200cb80
[H2 PLACEMENT] OBJ = 0x7ffee200cbd8
[H2 PLACEMENT] OBJ = 0x7ffee200cc30
[H2 PLACEMENT] OBJ = 0x7ffee200cc88
[H2 PLACEMENT] OBJ = 0x7ffee200cce0
[H2 PLACEMENT] OBJ = 0x7ffee200cd38
[H2 PLACEMENT] OBJ = 0x7ffee200cd90
[H2 PLACEMENT] OBJ = 0x7ffee200cde8
[H2 PLACEMENT] OBJ = 0x7ffee200ce40
[H2 PLACEMENT] OBJ = 0x7ffee200ce98
[H2 PLACEMENT] OBJ = 0x7ffee200cef0
[H2 PLACEMENT] OBJ = 0x7ffee200cf48
[H2 PLACEMENT] OBJ = 0x7ffee200cfa0
[H2 PLACEMENT] OBJ = 0x7ffee200cff8
[H2 PLACEMENT] OBJ = 0x7ffee200d050
[H2 PLACEMENT] OBJ = 0x7ffee200d0a8
[H2 PLACEMENT] OBJ = 0x7ffee200d100
[H2 PLACEMENT] OBJ = 0x7ffee200d158
[H2 PLACEMENT] OBJ = 0x7ffee200d1b0
[H2 PLACEMENT] OBJ = 0x7ffee200d208
[H2 PLACEMENT] OBJ = 0x7ffee200d260
[H2 PLACEMENT] OBJ = 0x7ffee200d2b8
[H2 PLACEMENT] OBJ = 0x7ffee200d310
[H2 PLACEMENT] OBJ = 0x7ffee200d368
[H2 PLACEMENT] OBJ = 0x7ffee200d3c0
[H2 PLACEMENT] OBJ = 0x7ffee200d418
[H2 PLACEMENT] OBJ = 0x7ffee200d470
[H2 PLACEMENT] OBJ = 0x7ffee200d4c8
[H2 PLACEMENT] OBJ = 0x7ffee200d520
[H2 PLACEMENT] OBJ = 0x7ffee200d578
[H2 PLACEMENT] OBJ = 0x7ffee200d5d0
[H2 PLACEMENT] OBJ = 0x7ffee200d628
[H2 PLACEMENT] OBJ = 0x7ffee200d680
[H2 PLACEMENT] OBJ = 0x7ffee200d6d8
[H2 PLACEMENT] OBJ = 0x7ffee200d730
[H2 PLACEMENT] OBJ = 0x7ffee200d788
[H2 PLACEMENT] OBJ = 0x7ffee200d7e0
[H2 PLACEMENT] OBJ = 0x7ffee200d838
[H2 PLACEMENT] OBJ = 0x7ffee200d890
[H2 PLACEMENT] OBJ = 0x7ffee200d8e8
[H2 PLACEMENT] OBJ = 0x7ffee200d940
[H2 PLACEMENT] OBJ = 0x7ffee200d998
[H2 PLACEMENT] OBJ = 0x7ffee200d9f0
[H2 PLACEMENT] OBJ = 0x7ffee200da48
[H2 PLACEMENT] OBJ = 0x7ffee200daa0
[H2 PLACEMENT] OBJ = 0x7ffee200daf8
[H2 PLACEMENT] OBJ = 0x7ffee200db50
[H2 PLACEMENT] OBJ = 0x7ffee200dba8
[H2 PLACEMENT] OBJ = 0x7ffee200dc00
[H2 PLACEMENT] OBJ = 0x7ffee200dc58
[H2 PLACEMENT] OBJ = 0x7ffee200dcb0
[H2 PLACEMENT] OBJ = 0x7ffee200dd08
[H2 PLACEMENT] OBJ = 0x7ffee200dd60
[H2 PLACEMENT] OBJ = 0x7ffee200ddb8
[H2 PLACEMENT] OBJ = 0x7ffee200de10
[H2 PLACEMENT] OBJ = 0x7ffee200de68
[H2 PLACEMENT] OBJ = 0x7ffee200dec0
[H2 PLACEMENT] OBJ = 0x7ffee200df18
[H2 PLACEMENT] OBJ = 0x7ffee200df70
[H2 PLACEMENT] OBJ = 0x7ffee200dfc8
[H2 PLACEMENT] OBJ = 0x7ffee200e020
[H2 PLACEMENT] OBJ = 0x7ffee200e078
[H2 PLACEMENT] OBJ = 0x7ffee200e0d0
[H2 PLACEMENT] OBJ = 0x7ffee200e128
[H2 PLACEMENT] OBJ = 0x7ffee200e180
[H2 PLACEMENT] OBJ = 0x7ffee200e1d8
[H2 PLACEMENT] OBJ = 0x7ffee200e230
[H2 PLACEMENT] OBJ = 0x7ffee200e288
[H2 PLACEMENT] OBJ = 0x7ffee200e2e0
[H2 PLACEMENT] OBJ = 0x7ffee200e338
[H2 PLACEMENT] OBJ = 0x7ffee200e390
[H2 PLACEMENT] OBJ = 0x7ffee200e3e8
[H2 PLACEMENT] OBJ = 0x7ffee200e440
[H2 PLACEMENT] OBJ = 0x7ffee200e498
[H2 PLACEMENT] OBJ = 0x7ffee200e4f0
[H2 PLACEMENT] OBJ = 0x7ffee200e548
[H2 PLACEMENT] OBJ = 0x7ffee200e5a0
[H2 PLACEMENT] OBJ = 0x7ffee200e5f8
[H2 PLACEMENT] OBJ = 0x7ffee200e650
[H2 PLACEMENT] OBJ = 0x7ffee200e6a8
[H2 PLACEMENT] OBJ = 0x7ffee200e700
[H2 PLACEMENT] OBJ = 0x7ffee200e758
[H2 PLACEMENT] OBJ = 0x7ffee200e7b0
[H2 PLACEMENT] OBJ = 0x7ffee200e808
[H2 PLACEMENT] OBJ = 0x7ffee200e860
[H2 PLACEMENT] OBJ = 0x7ffee200e8b8
[H2 PLACEMENT] OBJ = 0x7ffee200e910
[H2 PLACEMENT] OBJ = 0x7ffee200e968
[H2 PLACEMENT] OBJ = 0x7ffee200e9c0
[H2 PLACEMENT] OBJ = 0x7ffee200ea18
[H2 PLACEMENT] OBJ = 0x7ffee200ea70
[H2 PLACEMENT] OBJ = 0x7ffee200eac8
[H2 PLACEMENT] OBJ = 0x7ffee200eb20
[H2 PLACEMENT] OBJ = 0x7ffee200eb78
[H2 PLACEMENT] OBJ = 0x7ffee200ebd0
[H2 PLACEMENT] OBJ = 0x7ffee200ec28
[H2 PLACEMENT] OBJ = 0x7ffee200ec80
[H2 PLACEMENT] OBJ = 0x7ffee200ecd8
[H2 PLACEMENT] OBJ = 0x7ffee200ed30
[H2 PLACEMENT] OBJ = 0x7ffee200ed88
[H2 PLACEMENT] OBJ = 0x7ffee200ede0
[H2 PLACEMENT] OBJ = 0x7ffee200ee38
[H2 PLACEMENT] OBJ = 0x7ffee200ee90
[H2 PLACEMENT] OBJ = 0x7ffee200eee8
[H2 PLACEMENT] OBJ = 0x7ffee200ef40
[H2 PLACEMENT] OBJ = 0x7ffee200ef98
[H2 PLACEMENT] OBJ = 0x7ffee200eff0
[H2 PLACEMENT] OBJ = 0x7ffee200f048
[H2 PLACEMENT] OBJ = 0x7ffee200f0a0
[H2 PLACEMENT] OBJ = 0x7ffee200f0f8
[H2 PLACEMENT] OBJ = 0x7ffee200f150
[H2 PLACEMENT] OBJ = 0x7ffee200f1a8
[H2 PLACEMENT] OBJ = 0x7ffee200f200
[H2 PLACEMENT] OBJ = 0x7ffee200f258
[H2 PLACEMENT] OBJ = 0x7ffee200f2b0
[H2 PLACEMENT] OBJ = 0x7ffee200f308
[H2 PLACEMENT] OBJ = 0x7ffee200f360
[H2 PLACEMENT] OBJ = 0x7ffee200f3b8
[H2 PLACEMENT] OBJ = 0x7ffee200f410
[H2 PLACEMENT] OBJ = 0x7ffee200f468
[H2 PLACEMENT] OBJ = 0x7ffee200f4c0
[H2 PLACEMENT] OBJ = 0x7ffee200f518
[H2 PLACEMENT] OBJ = 0x7ffee200f570
[H2 PLACEMENT] OBJ = 0x7ffee200f5c8
[H2 PLACEMENT] OBJ = 0x7ffee200f620
[H2 PLACEMENT] OBJ = 0x7ffee200f678
[H2 PLACEMENT] OBJ = 0x7ffee200f6d0
[H2 PLACEMENT] OBJ = 0x7ffee200f728
[H2 PLACEMENT] OBJ = 0x7ffee200f780
[H2 PLACEMENT] OBJ = 0x7ffee200f7d8
[H2 PLACEMENT] OBJ = 0x7ffee200f830
[H2 PLACEMENT] OBJ = 0x7ffee200f888
[H2 PLACEMENT] OBJ = 0x7ffee200f8e0
[H2 PLACEMENT] OBJ = 0x7ffee200f938
[H2 PLACEMENT] OBJ = 0x7ffee200f990
[H2 PLACEMENT] OBJ = 0x7ffee200f9e8
[H2 PLACEMENT] OBJ = 0x7ffee200fa40
[H2 PLACEMENT] OBJ = 0x7ffee200fa98
[H2 PLACEMENT] OBJ = 0x7ffee200faf0
[H2 PLACEMENT] OBJ = 0x7ffee200fb48
[H2 PLACEMENT] OBJ = 0x7ffee200fba0
[H2 PLACEMENT] OBJ = 0x7ffee200fbf8
[H2 PLACEMENT] OBJ = 0x7ffee200fc50
[H2 PLACEMENT] OBJ = 0x7ffee200fca8
[H2 PLACEMENT] OBJ = 0x7ffee200fd00
[H2 PLACEMENT] OBJ = 0x7ffee200fd58
[H2 PLACEMENT] OBJ = 0x7ffee200fdb0
[H2 PLACEMENT] OBJ = 0x7ffee200fe08
[H2 PLACEMENT] OBJ = 0x7ffee200fe60
[H2 PLACEMENT] OBJ = 0x7ffee200feb8
[H2 PLACEMENT] OBJ = 0x7ffee200ff10
[H2 PLACEMENT] OBJ = 0x7ffee200ff68
[H2 PLACEMENT] OBJ = 0x7ffee200ffc0
[H2 PLACEMENT] OBJ = 0x7ffee2010018
[H2 PLACEMENT] OBJ = 0x7ffee2010070
[H2 PLACEMENT] OBJ = 0x7ffee20100c8
[H2 PLACEMENT] OBJ = 0x7ffee2010120
[H2 PLACEMENT] OBJ = 0x7ffee2010178
[H2 PLACEMENT] OBJ = 0x7ffee20101d0
[H2 PLACEMENT] OBJ = 0x7ffee2010228
[H2 PLACEMENT] OBJ = 0x7ffee2010280
[H2 PLACEMENT] OBJ = 0x7ffee20102d8
[H2 PLACEMENT] OBJ = 0x7ffee2010330
[H2 PLACEMENT] OBJ = 0x7ffee2010388
[H2 PLACEMENT] OBJ = 0x7ffee20103e0
[H2 PLACEMENT] OBJ = 0x7ffee2010438
[H2 PLACEMENT] OBJ = 0x7ffee2010490
[H2 PLACEMENT] OBJ = 0x7ffee20104e8
[H2 PLACEMENT] OBJ = 0x7ffee2010540
[H2 PLACEMENT] OBJ = 0x7ffee2010598
[H2 PLACEMENT] OBJ = 0x7ffee20105f0
[H2 PLACEMENT] OBJ = 0x7ffee2010648
[H2 PLACEMENT] OBJ = 0x7ffee20106a0
[H2 PLACEMENT] OBJ = 0x7ffee20106f8
[H2 PLACEMENT] OBJ = 0x7ffee2010750
[H2 PLACEMENT] OBJ = 0x7ffee20107a8
[H2 PLACEMENT] OBJ = 0x7ffee2010800
[H2 PLACEMENT] OBJ = 0x7ffee2010858
[H2 PLACEMENT] OBJ = 0x7ffee20108b0
[H2 PLACEMENT] OBJ = 0x7ffee2010908
[H2 PLACEMENT] OBJ = 0x7ffee2010960
[H2 PLACEMENT] OBJ = 0x7ffee20109b8
[H2 PLACEMENT] OBJ = 0x7ffee2010a10
[H2 PLACEMENT] OBJ = 0x7ffee2010a68
[H2 PLACEMENT] OBJ = 0x7ffee2010ac0
[H2 PLACEMENT] OBJ = 0x7ffee2010b18
[H2 PLACEMENT] OBJ = 0x7ffee2010b70
[H2 PLACEMENT] OBJ = 0x7ffee2010bc8
[H2 PLACEMENT] OBJ = 0x7ffee2010c20
[H2 PLACEMENT] OBJ = 0x7ffee2010c78
[H2 PLACEMENT] OBJ = 0x7ffee2010cd0
[H2 PLACEMENT] OBJ = 0x7ffee2010d28
[H2 PLACEMENT] OBJ = 0x7ffee2010d80
[H2 PLACEMENT] OBJ = 0x7ffee2010dd8
[H2 PLACEMENT] OBJ = 0x7ffee2010e30
[H2 PLACEMENT] OBJ = 0x7ffee2010e88
[H2 PLACEMENT] OBJ = 0x7ffee2010ee0
[H2 PLACEMENT] OBJ = 0x7ffee2010f38
[H2 PLACEMENT] OBJ = 0x7ffee2010f90
[H2 PLACEMENT] OBJ = 0x7ffee2010fe8
[H2 PLACEMENT] OBJ = 0x7ffee2011040
[H2 PLACEMENT] OBJ = 0x7ffee2011098
[H2 PLACEMENT] OBJ = 0x7ffee20110f0
[H2 PLACEMENT] OBJ = 0x7ffee2011148
[H2 PLACEMENT] OBJ = 0x7ffee20111a0
[H2 PLACEMENT] OBJ = 0x7ffee20111f8
[H2 PLACEMENT] OBJ = 0x7ffee2011250
[H2 PLACEMENT] OBJ = 0x7ffee20112a8
[H2 PLACEMENT] OBJ = 0x7ffee2011300
[H2 PLACEMENT] OBJ = 0x7ffee2011358
[H2 PLACEMENT] OBJ = 0x7ffee20113b0
[H2 PLACEMENT] OBJ = 0x7ffee2011408
[H2 PLACEMENT] OBJ = 0x7ffee2011460
[H2 PLACEMENT] OBJ = 0x7ffee20114b8
[H2 PLACEMENT] OBJ = 0x7ffee2011510
[H2 PLACEMENT] OBJ = 0x7ffee2011568
[H2 PLACEMENT] OBJ = 0x7ffee20115c0
[H2 PLACEMENT] OBJ = 0x7ffee2011618
[H2 PLACEMENT] OBJ = 0x7ffee2011670
[H2 PLACEMENT] OBJ = 0x7ffee20116c8
[H2 PLACEMENT] OBJ = 0x7ffee2011720
[H2 PLACEMENT] OBJ = 0x7ffee2011778
[H2 PLACEMENT] OBJ = 0x7ffee20117d0
[H2 PLACEMENT] OBJ = 0x7ffee2011828
[H2 PLACEMENT] OBJ = 0x7ffee2011880
[H2 PLACEMENT] OBJ = 0x7ffee20118d8
[H2 PLACEMENT] OBJ = 0x7ffee2011930
[H2 PLACEMENT] OBJ = 0x7ffee2011988
[H2 PLACEMENT] OBJ = 0x7ffee20119e0
[H2 PLACEMENT] OBJ = 0x7ffee2011a38
[H2 PLACEMENT] OBJ = 0x7ffee2011a90
[H2 PLACEMENT] OBJ = 0x7ffee2011ae8
[H2 PLACEMENT] OBJ = 0x7ffee2011b40
[H2 PLACEMENT] OBJ = 0x7ffee2011b98
[H2 PLACEMENT] OBJ = 0x7ffee2011bf0
[H2 PLACEMENT] OBJ = 0x7ffee2011c48
[H2 PLACEMENT] OBJ = 0x7ffee2011ca0
[H2 PLACEMENT] OBJ = 0x7ffee2011cf8
[H2 PLACEMENT] OBJ = 0x7ffee2011d50
[H2 PLACEMENT] OBJ = 0x7ffee2011da8
[H2 PLACEMENT] OBJ = 0x7ffee2011e00
[H2 PLACEMENT] OBJ = 0x7ffee2011e58
[H2 PLACEMENT] OBJ = 0x7ffee2011eb0
[H2 PLACEMENT] OBJ = 0x7ffee2011f08
[H2 PLACEMENT] OBJ = 0x7ffee2011f60
[H2 PLACEMENT] OBJ = 0x7ffee2011fb8
[H2 PLACEMENT] OBJ = 0x7ffee2012010
[H2 PLACEMENT] OBJ = 0x7ffee2012068
[H2 PLACEMENT] OBJ = 0x7ffee20120c0
[H2 PLACEMENT] OBJ = 0x7ffee2012118
[H2 PLACEMENT] OBJ = 0x7ffee2012170
[H2 PLACEMENT] OBJ = 0x7ffee20121c8
[H2 PLACEMENT] OBJ = 0x7ffee2012220
[H2 PLACEMENT] OBJ = 0x7ffee2012278
[H2 PLACEMENT] OBJ = 0x7ffee20122d0
[H2 PLACEMENT] OBJ = 0x7ffee2012328
[H2 PLACEMENT] OBJ = 0x7ffee2012380
[H2 PLACEMENT] OBJ = 0x7ffee20123d8
[H2 PLACEMENT] OBJ = 0x7ffee2012430
[H2 PLACEMENT] OBJ = 0x7ffee2012488
[H2 PLACEMENT] OBJ = 0x7ffee20124e0
[H2 PLACEMENT] OBJ = 0x7ffee2012538
[H2 PLACEMENT] OBJ = 0x7ffee2012590
[H2 PLACEMENT] OBJ = 0x7ffee20125e8
[H2 PLACEMENT] OBJ = 0x7ffee2012640
[H2 PLACEMENT] OBJ = 0x7ffee2012698
[H2 PLACEMENT] OBJ = 0x7ffee20126f0
[H2 PLACEMENT] OBJ = 0x7ffee2012748
[H2 PLACEMENT] OBJ = 0x7ffee20127a0
[H2 PLACEMENT] OBJ = 0x7ffee20127f8
[H2 PLACEMENT] OBJ = 0x7ffee2012850
[H2 PLACEMENT] OBJ = 0x7ffee20128a8
[H2 PLACEMENT] OBJ = 0x7ffee2012900
[H2 PLACEMENT] OBJ = 0x7ffee2012958
[H2 PLACEMENT] OBJ = 0x7ffee20129b0
[H2 PLACEMENT] OBJ = 0x7ffee2012a08
[H2 PLACEMENT] OBJ = 0x7ffee2012a60
[H2 PLACEMENT] OBJ = 0x7ffee2012ab8
[H2 PLACEMENT] OBJ = 0x7ffee2012b10
[H2 PLACEMENT] OBJ = 0x7ffee2012b68
[H2 PLACEMENT] OBJ = 0x7ffee2012bc0
[H2 PLACEMENT] OBJ = 0x7ffee2012c18
[H2 PLACEMENT] OBJ = 0x7ffee2012c70
[H2 PLACEMENT] OBJ = 0x7ffee2012cc8
[H2 PLACEMENT] OBJ = 0x7ffee2012d20
[H2 PLACEMENT] OBJ = 0x7ffee2012d78
[H2 PLACEMENT] OBJ = 0x7ffee2012dd0
[H2 PLACEMENT] OBJ = 0x7ffee2012e28
[H2 PLACEMENT] OBJ = 0x7ffee2012e80
[H2 PLACEMENT] OBJ = 0x7ffee2012ed8
[H2 PLACEMENT] OBJ = 0x7ffee2012f30
[H2 PLACEMENT] OBJ = 0x7ffee2012f88
[H2 PLACEMENT] OBJ = 0x7ffee2012fe0
[H2 PLACEMENT] OBJ = 0x7ffee2013038
[H2 PLACEMENT] OBJ = 0x7ffee2013090
[H2 PLACEMENT] OBJ = 0x7ffee20130e8
[H2 PLACEMENT] OBJ = 0x7ffee2013140
[H2 PLACEMENT] OBJ = 0x7ffee2013198
[H2 PLACEMENT] OBJ = 0x7ffee20131f0
[H2 PLACEMENT] OBJ = 0x7ffee2013248
[H2 PLACEMENT] OBJ = 0x7ffee20132a0
[H2 PLACEMENT] OBJ = 0x7ffee20132f8
[H2 PLACEMENT] OBJ = 0x7ffee2013350
[H2 PLACEMENT] OBJ = 0x7ffee20133a8
[H2 PLACEMENT] OBJ = 0x7ffee2013400
[H2 PLACEMENT] OBJ = 0x7ffee2013458
[H2 PLACEMENT] OBJ = 0x7ffee20134b0
[H2 PLACEMENT] OBJ = 0x7ffee2013508
[H2 PLACEMENT] OBJ = 0x7ffee2013560
[H2 PLACEMENT] OBJ = 0x7ffee20135b8
[H2 PLACEMENT] OBJ = 0x7ffee2013610
[H2 PLACEMENT] OBJ = 0x7ffee2013668
[H2 PLACEMENT] OBJ = 0x7ffee20136c0
[H2 PLACEMENT] OBJ = 0x7ffee2013718
[H2 PLACEMENT] OBJ = 0x7ffee2013770
[H2 PLACEMENT] OBJ = 0x7ffee20137c8
[H2 PLACEMENT] OBJ = 0x7ffee2013820
[H2 PLACEMENT] OBJ = 0x7ffee2013878
[H2 PLACEMENT] OBJ = 0x7ffee20138d0
[H2 PLACEMENT] OBJ = 0x7ffee2013928
[H2 PLACEMENT] OBJ = 0x7ffee2013980
[H2 PLACEMENT] OBJ = 0x7ffee20139d8
[H2 PLACEMENT] OBJ = 0x7ffee2013a30
[H2 PLACEMENT] OBJ = 0x7ffee2013a88
[H2 PLACEMENT] OBJ = 0x7ffee2013ae0
[H2 PLACEMENT] OBJ = 0x7ffee2013b38
[H2 PLACEMENT] OBJ = 0x7ffee2013b90
[H2 PLACEMENT] OBJ = 0x7ffee2013be8
[H2 PLACEMENT] OBJ = 0x7ffee2013c40
[H2 PLACEMENT] OBJ = 0x7ffee2013c98
[H2 PLACEMENT] OBJ = 0x7ffee2013cf0
[H2 PLACEMENT] OBJ = 0x7ffee2013d48
[H2 PLACEMENT] OBJ = 0x7ffee2013da0
[H2 PLACEMENT] OBJ = 0x7ffee2013df8
[H2 PLACEMENT] OBJ = 0x7ffee2013e50
[H2 PLACEMENT] OBJ = 0x7ffee2013ea8
[H2 PLACEMENT] OBJ = 0x7ffee2013f00
[H2 PLACEMENT] OBJ = 0x7ffee2013f58
[H2 PLACEMENT] OBJ = 0x7ffee2013fb0
[H2 PLACEMENT] OBJ = 0x7ffee2014008
[H2 PLACEMENT] OBJ = 0x7ffee2014060
[H2 PLACEMENT] OBJ = 0x7ffee20140b8
[H2 PLACEMENT] OBJ = 0x7ffee2014110
[H2 PLACEMENT] OBJ = 0x7ffee2014168
[H2 PLACEMENT] OBJ = 0x7ffee20141c0
[H2 PLACEMENT] OBJ = 0x7ffee2014218
[H2 PLACEMENT] OBJ = 0x7ffee2014270
[H2 PLACEMENT] OBJ = 0x7ffee20142c8
[H2 PLACEMENT] OBJ = 0x7ffee2014320
[H2 PLACEMENT] OBJ = 0x7ffee2014378
[H2 PLACEMENT] OBJ = 0x7ffee20143d0
[H2 PLACEMENT] OBJ = 0x7ffee2014428
[H2 PLACEMENT] OBJ = 0x7ffee2014480
[H2 PLACEMENT] OBJ = 0x7ffee20144d8
[H2 PLACEMENT] OBJ = 0x7ffee2014530
[H2 PLACEMENT] OBJ = 0x7ffee2014588
[H2 PLACEMENT] OBJ = 0x7ffee20145e0
[H2 PLACEMENT] OBJ = 0x7ffee2014638
[H2 PLACEMENT] OBJ = 0x7ffee2014690
[H2 PLACEMENT] OBJ = 0x7ffee20146e8
[H2 PLACEMENT] OBJ = 0x7ffee2014740
[H2 PLACEMENT] OBJ = 0x7ffee2014798
[H2 PLACEMENT] OBJ = 0x7ffee20147f0
[H2 PLACEMENT] OBJ = 0x7ffee2014848
[H2 PLACEMENT] OBJ = 0x7ffee20148a0
[H2 PLACEMENT] OBJ = 0x7ffee20148f8
[H2 PLACEMENT] OBJ = 0x7ffee2014950
[H2 PLACEMENT] OBJ = 0x7ffee20149a8
[H2 PLACEMENT] OBJ = 0x7ffee2014a00
[H2 PLACEMENT] OBJ = 0x7ffee2014a58
[H2 PLACEMENT] OBJ = 0x7ffee2014ab0
[H2 PLACEMENT] OBJ = 0x7ffee2014b08
[H2 PLACEMENT] OBJ = 0x7ffee2014b60
[H2 PLACEMENT] OBJ = 0x7ffee2014bb8
[H2 PLACEMENT] OBJ = 0x7ffee2014c10
[H2 PLACEMENT] OBJ = 0x7ffee2014c68
[H2 PLACEMENT] OBJ = 0x7ffee2014cc0
[H2 PLACEMENT] OBJ = 0x7ffee2014d18
[H2 PLACEMENT] OBJ = 0x7ffee2014d70
[H2 PLACEMENT] OBJ = 0x7ffee2014dc8
[H2 PLACEMENT] OBJ = 0x7ffee2014e20
[H2 PLACEMENT] OBJ = 0x7ffee2014e78
[H2 PLACEMENT] OBJ = 0x7ffee2014ed0
[H2 PLACEMENT] OBJ = 0x7ffee2014f28
[H2 PLACEMENT] OBJ = 0x7ffee2014f80
[H2 PLACEMENT] OBJ = 0x7ffee2014fd8
[H2 PLACEMENT] OBJ = 0x7ffee2015030
[H2 PLACEMENT] OBJ = 0x7ffee2015088
[H2 PLACEMENT] OBJ = 0x7ffee20150e0
[H2 PLACEMENT] OBJ = 0x7ffee2015138
[H2 PLACEMENT] OBJ = 0x7ffee2015190
[H2 PLACEMENT] OBJ = 0x7ffee20151e8
[H2 PLACEMENT] OBJ = 0x7ffee2015240
[H2 PLACEMENT] OBJ = 0x7ffee2015298
[H2 PLACEMENT] OBJ = 0x7ffee20152f0
[H2 PLACEMENT] OBJ = 0x7ffee2015348
[H2 PLACEMENT] OBJ = 0x7ffee20153a0
[H2 PLACEMENT] OBJ = 0x7ffee20153f8
[H2 PLACEMENT] OBJ = 0x7ffee2015450
[H2 PLACEMENT] OBJ = 0x7ffee20154a8
[H2 PLACEMENT] OBJ = 0x7ffee2015500
[H2 PLACEMENT] OBJ = 0x7ffee2015558
[H2 PLACEMENT] OBJ = 0x7ffee20155b0
[H2 PLACEMENT] OBJ = 0x7ffee2015608
[H2 PLACEMENT] OBJ = 0x7ffee2015660
[H2 PLACEMENT] OBJ = 0x7ffee20156b8
[H2 PLACEMENT] OBJ = 0x7ffee2015710
[H2 PLACEMENT] OBJ = 0x7ffee2015768
[H2 PLACEMENT] OBJ = 0x7ffee20157c0
[H2 PLACEMENT] OBJ = 0x7ffee2015818
[H2 PLACEMENT] OBJ = 0x7ffee2015870
[H2 PLACEMENT] OBJ = 0x7ffee20158c8
[H2 PLACEMENT] OBJ = 0x7ffee2015920
[H2 PLACEMENT] OBJ = 0x7ffee2015978
[H2 PLACEMENT] OBJ = 0x7ffee20159d0
[H2 PLACEMENT] OBJ = 0x7ffee2015a28
[H2 PLACEMENT] OBJ = 0x7ffee2015a80
[H2 PLACEMENT] OBJ = 0x7ffee2015ad8
[H2 PLACEMENT] OBJ = 0x7ffee2015b30
[H2 PLACEMENT] OBJ = 0x7ffee2015b88
[H2 PLACEMENT] OBJ = 0x7ffee2015be0
[H2 PLACEMENT] OBJ = 0x7ffee2015c38
[H2 PLACEMENT] OBJ = 0x7ffee2015c90
[H2 PLACEMENT] OBJ = 0x7ffee2015ce8
[H2 PLACEMENT] OBJ = 0x7ffee2015d40
[H2 PLACEMENT] OBJ = 0x7ffee2015d98
[H2 PLACEMENT] OBJ = 0x7ffee2015df0
[H2 PLACEMENT] OBJ = 0x7ffee2015e48
[H2 PLACEMENT] OBJ = 0x7ffee2015ea0
[H2 PLACEMENT] OBJ = 0x7ffee2015ef8
[H2 PLACEMENT] OBJ = 0x7ffee2015f50
[H2 PLACEMENT] OBJ = 0x7ffee2015fa8
[H2 PLACEMENT] OBJ = 0x7ffee2016000
[H2 PLACEMENT] OBJ = 0x7ffee2016058
[H2 PLACEMENT] OBJ = 0x7ffee20160b0
[H2 PLACEMENT] OBJ = 0x7ffee2016108
[H2 PLACEMENT] OBJ = 0x7ffee2016160
[H2 PLACEMENT] OBJ = 0x7ffee20161b8
[H2 PLACEMENT] OBJ = 0x7ffee2016210
[H2 PLACEMENT] OBJ = 0x7ffee2016268
[H2 PLACEMENT] OBJ = 0x7ffee20162c0
[H2 PLACEMENT] OBJ = 0x7ffee2016318
[H2 PLACEMENT] OBJ = 0x7ffee2016370
[H2 PLACEMENT] OBJ = 0x7ffee20163c8
[H2 PLACEMENT] OBJ = 0x7ffee2016420
[H2 PLACEMENT] OBJ = 0x7ffee2016478
[H2 PLACEMENT] OBJ = 0x7ffee20164d0
[H2 PLACEMENT] OBJ = 0x7ffee2016528
[H2 PLACEMENT] OBJ = 0x7ffee2016580
[H2 PLACEMENT] OBJ = 0x7ffee20165d8
[H2 PLACEMENT] OBJ = 0x7ffee2016630
[H2 PLACEMENT] OBJ = 0x7ffee2016688
[H2 PLACEMENT] OBJ = 0x7ffee20166e0
[H2 PLACEMENT] OBJ = 0x7ffee2016738
[H2 PLACEMENT] OBJ = 0x7ffee2016790
[H2 PLACEMENT] OBJ = 0x7ffee20167e8
[H2 PLACEMENT] OBJ = 0x7ffee2016840
[H2 PLACEMENT] OBJ = 0x7ffee2016898
[H2 PLACEMENT] OBJ = 0x7ffee20168f0
[H2 PLACEMENT] OBJ = 0x7ffee2016948
[H2 PLACEMENT] OBJ = 0x7ffee20169a0
[H2 PLACEMENT] OBJ = 0x7ffee20169f8
[H2 PLACEMENT] OBJ = 0x7ffee2016a50
[H2 PLACEMENT] OBJ = 0x7ffee2016aa8
[H2 PLACEMENT] OBJ = 0x7ffee2016b00
[H2 PLACEMENT] OBJ = 0x7ffee2016b58
[H2 PLACEMENT] OBJ = 0x7ffee2016bb0
[H2 PLACEMENT] OBJ = 0x7ffee2016c08
[H2 PLACEMENT] OBJ = 0x7ffee2016c60
[H2 PLACEMENT] OBJ = 0x7ffee2016cb8
[H2 PLACEMENT] OBJ = 0x7ffee2016d10
[H2 PLACEMENT] OBJ = 0x7ffee2016d68
[H2 PLACEMENT] OBJ = 0x7ffee2016dc0
[H2 PLACEMENT] OBJ = 0x7ffee2016e18
[H2 PLACEMENT] OBJ = 0x7ffee2016e70
[H2 PLACEMENT] OBJ = 0x7ffee2016ec8
[H2 PLACEMENT] OBJ = 0x7ffee2016f20
[H2 PLACEMENT] OBJ = 0x7ffee2016f78
[H2 PLACEMENT] OBJ = 0x7ffee2016fd0
[H2 PLACEMENT] OBJ = 0x7ffee2017028
[H2 PLACEMENT] OBJ = 0x7ffee2017080
[H2 PLACEMENT] OBJ = 0x7ffee20170d8
[H2 PLACEMENT] OBJ = 0x7ffee2017130
[H2 PLACEMENT] OBJ = 0x7ffee2017188
[H2 PLACEMENT] OBJ = 0x7ffee20171e0
[H2 PLACEMENT] OBJ = 0x7ffee2017238
[H2 PLACEMENT] OBJ = 0x7ffee2017290
[H2 PLACEMENT] OBJ = 0x7ffee20172e8
[H2 PLACEMENT] OBJ = 0x7ffee2017340
[H2 PLACEMENT] OBJ = 0x7ffee2017398
[H2 PLACEMENT] OBJ = 0x7ffee20173f0
[H2 PLACEMENT] OBJ = 0x7ffee2017448
[H2 PLACEMENT] OBJ = 0x7ffee20174a0
[H2 PLACEMENT] OBJ = 0x7ffee20174f8
[H2 PLACEMENT] OBJ = 0x7ffee2017550
[H2 PLACEMENT] OBJ = 0x7ffee20175a8
[H2 PLACEMENT] OBJ = 0x7ffee2017600
[H2 PLACEMENT] OBJ = 0x7ffee2017658
[H2 PLACEMENT] OBJ = 0x7ffee20176b0
[H2 PLACEMENT] OBJ = 0x7ffee2017708
[H2 PLACEMENT] OBJ = 0x7ffee2017760
[H2 PLACEMENT] OBJ = 0x7ffee20177b8
[H2 PLACEMENT] OBJ = 0x7ffee2017810
[H2 PLACEMENT] OBJ = 0x7ffee2017868
[H2 PLACEMENT] OBJ = 0x7ffee20178c0
[H2 PLACEMENT] OBJ = 0x7ffee2017918
[H2 PLACEMENT] OBJ = 0x7ffee2017970
[H2 PLACEMENT] OBJ = 0x7ffee20179c8
[H2 PLACEMENT] OBJ = 0x7ffee2017a20
[H2 PLACEMENT] OBJ = 0x7ffee2017a78
[H2 PLACEMENT] OBJ = 0x7ffee2017ad0
[H2 PLACEMENT] OBJ = 0x7ffee2017b28
[H2 PLACEMENT] OBJ = 0x7ffee2017b80
[H2 PLACEMENT] OBJ = 0x7ffee2017bd8
[H2 PLACEMENT] OBJ = 0x7ffee2017c30
[H2 PLACEMENT] OBJ = 0x7ffee2017c88
[H2 PLACEMENT] OBJ = 0x7ffee2017ce0
[H2 PLACEMENT] OBJ = 0x7ffee2017d38
[H2 PLACEMENT] OBJ = 0x7ffee2017d90
[H2 PLACEMENT] OBJ = 0x7ffee2017de8
[H2 PLACEMENT] OBJ = 0x7ffee2017e40
[H2 PLACEMENT] OBJ = 0x7ffee2017e98
[H2 PLACEMENT] OBJ = 0x7ffee2017ef0
[H2 PLACEMENT] OBJ = 0x7ffee2017f48
[H2 PLACEMENT] OBJ = 0x7ffee2017fa0
[H2 PLACEMENT] OBJ = 0x7ffee2017ff8
[H2 PLACEMENT] OBJ = 0x7ffee2018050
[H2 PLACEMENT] OBJ = 0x7ffee20180a8
[H2 PLACEMENT] OBJ = 0x7ffee2018100
[H2 PLACEMENT] OBJ = 0x7ffee2018158
[H2 PLACEMENT] OBJ = 0x7ffee20181b0
[H2 PLACEMENT] OBJ = 0x7ffee2018208
[H2 PLACEMENT] OBJ = 0x7ffee2018260
[H2 PLACEMENT] OBJ = 0x7ffee20182b8
[H2 PLACEMENT] OBJ = 0x7ffee2018310
[H2 PLACEMENT] OBJ = 0x7ffee2018368
[H2 PLACEMENT] OBJ = 0x7ffee20183c0
[H2 PLACEMENT] OBJ = 0x7ffee2018418
[H2 PLACEMENT] OBJ = 0x7ffee2018470
[H2 PLACEMENT] OBJ = 0x7ffee20184c8
[H2 PLACEMENT] OBJ = 0x7ffee2018520
[H2 PLACEMENT] OBJ = 0x7ffee2018578
[H2 PLACEMENT] OBJ = 0x7ffee20185d0
[H2 PLACEMENT] OBJ = 0x7ffee2018628
[H2 PLACEMENT] OBJ = 0x7ffee2018680
[H2 PLACEMENT] OBJ = 0x7ffee20186d8
[H2 PLACEMENT] OBJ = 0x7ffee2018730
[H2 PLACEMENT] OBJ = 0x7ffee2018788
[H2 PLACEMENT] OBJ = 0x7ffee20187e0
[H2 PLACEMENT] OBJ = 0x7ffee2018838
[H2 PLACEMENT] OBJ = 0x7ffee2018890
[H2 PLACEMENT] OBJ = 0x7ffee20188e8
[H2 PLACEMENT] OBJ = 0x7ffee2018940
[H2 PLACEMENT] OBJ = 0x7ffee2018998
[H2 PLACEMENT] OBJ = 0x7ffee20189f0
[H2 PLACEMENT] OBJ = 0x7ffee2018a48
[H2 PLACEMENT] OBJ = 0x7ffee2018aa0
[H2 PLACEMENT] OBJ = 0x7ffee2018af8
[H2 PLACEMENT] OBJ = 0x7ffee2018b50
[H2 PLACEMENT] OBJ = 0x7ffee2018ba8
[H2 PLACEMENT] OBJ = 0x7ffee2018c00
[H2 PLACEMENT] OBJ = 0x7ffee2018c58
[H2 PLACEMENT] OBJ = 0x7ffee2018cb0
[H2 PLACEMENT] OBJ = 0x7ffee2018d08
[H2 PLACEMENT] OBJ = 0x7ffee2018d60
[H2 PLACEMENT] OBJ = 0x7ffee2018db8
[H2 PLACEMENT] OBJ = 0x7ffee2018e10
[H2 PLACEMENT] OBJ = 0x7ffee2018e68
[H2 PLACEMENT] OBJ = 0x7ffee2018ec0
[H2 PLACEMENT] OBJ = 0x7ffee2018f18
[H2 PLACEMENT] OBJ = 0x7ffee2018f70
[H2 PLACEMENT] OBJ = 0x7ffee2018fc8
[H2 PLACEMENT] OBJ = 0x7ffee2019020
[H2 PLACEMENT] OBJ = 0x7ffee2019078
[H2 PLACEMENT] OBJ = 0x7ffee20190d0
[H2 PLACEMENT] OBJ = 0x7ffee2019128
[H2 PLACEMENT] OBJ = 0x7ffee2019180
[H2 PLACEMENT] OBJ = 0x7ffee20191d8
[H2 PLACEMENT] OBJ = 0x7ffee2019230
[H2 PLACEMENT] OBJ = 0x7ffee2019288
[H2 PLACEMENT] OBJ = 0x7ffee20192e0
[H2 PLACEMENT] OBJ = 0x7ffee2019338
[H2 PLACEMENT] OBJ = 0x7ffee2019390
[H2 PLACEMENT] OBJ = 0x7ffee20193e8
[H2 PLACEMENT] OBJ = 0x7ffee2019440
[H2 PLACEMENT] OBJ = 0x7ffee2019498
[H2 PLACEMENT] OBJ = 0x7ffee20194f0
[H2 PLACEMENT] OBJ = 0x7ffee2019548
[H2 PLACEMENT] OBJ = 0x7ffee20195a0
[H2 PLACEMENT] OBJ = 0x7ffee20195f8
[H2 PLACEMENT] OBJ = 0x7ffee2019650
[H2 PLACEMENT] OBJ = 0x7ffee20196a8
[H2 PLACEMENT] OBJ = 0x7ffee2019700
[H2 PLACEMENT] OBJ = 0x7ffee2019758
[H2 PLACEMENT] OBJ = 0x7ffee20197b0
[H2 PLACEMENT] OBJ = 0x7ffee2019808
[H2 PLACEMENT] OBJ = 0x7ffee2019860
[H2 PLACEMENT] OBJ = 0x7ffee20198b8
[H2 PLACEMENT] OBJ = 0x7ffee2019910
[H2 PLACEMENT] OBJ = 0x7ffee2019968
[H2 PLACEMENT] OBJ = 0x7ffee20199c0
[H2 PLACEMENT] OBJ = 0x7ffee2019a18
[H2 PLACEMENT] OBJ = 0x7ffee2019a70
[H2 PLACEMENT] OBJ = 0x7ffee2019ac8
[H2 PLACEMENT] OBJ = 0x7ffee2019b20
[H2 PLACEMENT] OBJ = 0x7ffee2019b78
[H2 PLACEMENT] OBJ = 0x7ffee2019bd0
[H2 PLACEMENT] OBJ = 0x7ffee2019c28
[H2 PLACEMENT] OBJ = 0x7ffee2019c80
[H2 PLACEMENT] OBJ = 0x7ffee2019cd8
[H2 PLACEMENT] OBJ = 0x7ffee2019d30
[H2 PLACEMENT] OBJ = 0x7ffee2019d88
[H2 PLACEMENT] OBJ = 0x7ffee2019de0
[H2 PLACEMENT] OBJ = 0x7ffee2019e38
[H2 PLACEMENT] OBJ = 0x7ffee2019e90
[H2 PLACEMENT] OBJ = 0x7ffee2019ee8
[H2 PLACEMENT] OBJ = 0x7ffee2019f40
[H2 PLACEMENT] OBJ = 0x7ffee2019f98
[H2 PLACEMENT] OBJ = 0x7ffee2019ff0
[H2 PLACEMENT] OBJ = 0x7ffee201a048
[H2 PLACEMENT] OBJ = 0x7ffee201a0a0
[H2 PLACEMENT] OBJ = 0x7ffee201a0f8
[H2 PLACEMENT] OBJ = 0x7ffee201a150
[H2 PLACEMENT] OBJ = 0x7ffee201a1a8
[H2 PLACEMENT] OBJ = 0x7ffee201a200
[H2 PLACEMENT] OBJ = 0x7ffee201a258
[H2 PLACEMENT] OBJ = 0x7ffee201a2b0
[H2 PLACEMENT] OBJ = 0x7ffee201a308
[H2 PLACEMENT] OBJ = 0x7ffee201a360
[H2 PLACEMENT] OBJ = 0x7ffee201a3b8
[H2 PLACEMENT] OBJ = 0x7ffee201a410
[H2 PLACEMENT] OBJ = 0x7ffee201a468
[H2 PLACEMENT] OBJ = 0x7ffee201a4c0
[H2 PLACEMENT] OBJ = 0x7ffee201a518
[H2 PLACEMENT] OBJ = 0x7ffee201a570
[H2 PLACEMENT] OBJ = 0x7ffee201a5c8
[H2 PLACEMENT] OBJ = 0x7ffee201a620
[H2 PLACEMENT] OBJ = 0x7ffee201a678
[H2 PLACEMENT] OBJ = 0x7ffee201a6d0
[H2 PLACEMENT] OBJ = 0x7ffee201a728
[H2 PLACEMENT] OBJ = 0x7ffee201a780
[H2 PLACEMENT] OBJ = 0x7ffee201a7d8
[H2 PLACEMENT] OBJ = 0x7ffee201a830
[H2 PLACEMENT] OBJ = 0x7ffee201a888
[H2 PLACEMENT] OBJ = 0x7ffee201a8e0
[H2 PLACEMENT] OBJ = 0x7ffee201a938
[H2 PLACEMENT] OBJ = 0x7ffee201a990
[H2 PLACEMENT] OBJ = 0x7ffee201a9e8
[H2 PLACEMENT] OBJ = 0x7ffee201aa40
[H2 PLACEMENT] OBJ = 0x7ffee201aa98
[H2 PLACEMENT] OBJ = 0x7ffee201aaf0
[H2 PLACEMENT] OBJ = 0x7ffee201ab48
[H2 PLACEMENT] OBJ = 0x7ffee201aba0
[H2 PLACEMENT] OBJ = 0x7ffee201abf8
[H2 PLACEMENT] OBJ = 0x7ffee201ac50
[H2 PLACEMENT] OBJ = 0x7ffee201aca8
[H2 PLACEMENT] OBJ = 0x7ffee201ad00
[H2 PLACEMENT] OBJ = 0x7ffee201ad58
[H2 PLACEMENT] OBJ = 0x7ffee201adb0
[H2 PLACEMENT] OBJ = 0x7ffee201ae08
[H2 PLACEMENT] OBJ = 0x7ffee201ae60
[H2 PLACEMENT] OBJ = 0x7ffee201aeb8
[H2 PLACEMENT] OBJ = 0x7ffee201af10
[H2 PLACEMENT] OBJ = 0x7ffee201af68
[H2 PLACEMENT] OBJ = 0x7ffee201afc0
[H2 PLACEMENT] OBJ = 0x7ffee201b018
[H2 PLACEMENT] OBJ = 0x7ffee201b070
[H2 PLACEMENT] OBJ = 0x7ffee201b0c8
[H2 PLACEMENT] OBJ = 0x7ffee201b120
[H2 PLACEMENT] OBJ = 0x7ffee201b178
[H2 PLACEMENT] OBJ = 0x7ffee201b1d0
[H2 PLACEMENT] OBJ = 0x7ffee201b228
[H2 PLACEMENT] OBJ = 0x7ffee201b280
[H2 PLACEMENT] OBJ = 0x7ffee201b2d8
[H2 PLACEMENT] OBJ = 0x7ffee201b330
[H2 PLACEMENT] OBJ = 0x7ffee201b388
[H2 PLACEMENT] OBJ = 0x7ffee201b3e0
[H2 PLACEMENT] OBJ = 0x7ffee201b438
[H2 PLACEMENT] OBJ = 0x7ffee201b490
[H2 PLACEMENT] OBJ = 0x7ffee201b4e8
[H2 PLACEMENT] OBJ = 0x7ffee201b540
[H2 PLACEMENT] OBJ = 0x7ffee201b598
[H2 PLACEMENT] OBJ = 0x7ffee201b5f0
[H2 PLACEMENT] OBJ = 0x7ffee201b648
[H2 PLACEMENT] OBJ = 0x7ffee201b6a0
[H2 PLACEMENT] OBJ = 0x7ffee201b6f8
[H2 PLACEMENT] OBJ = 0x7ffee201b750
[H2 PLACEMENT] OBJ = 0x7ffee201b7a8
[H2 PLACEMENT] OBJ = 0x7ffee201b800
[H2 PLACEMENT] OBJ = 0x7ffee201b858
[H2 PLACEMENT] OBJ = 0x7ffee201b8b0
[H2 PLACEMENT] OBJ = 0x7ffee201b908
[H2 PLACEMENT] OBJ = 0x7ffee201b960
[H2 PLACEMENT] OBJ = 0x7ffee201b9b8
[H2 PLACEMENT] OBJ = 0x7ffee201ba10
[H2 PLACEMENT] OBJ = 0x7ffee201ba68
[H2 PLACEMENT] OBJ = 0x7ffee201bac0
[H2 PLACEMENT] OBJ = 0x7ffee201bb18
[H2 PLACEMENT] OBJ = 0x7ffee201bb70
[H2 PLACEMENT] OBJ = 0x7ffee201bbc8
[H2 PLACEMENT] OBJ = 0x7ffee201bc20
[H2 PLACEMENT] OBJ = 0x7ffee201bc78
[H2 PLACEMENT] OBJ = 0x7ffee201bcd0
[H2 PLACEMENT] OBJ = 0x7ffee201bd28
[H2 PLACEMENT] OBJ = 0x7ffee201bd80
[H2 PLACEMENT] OBJ = 0x7ffee201bdd8
[H2 PLACEMENT] OBJ = 0x7ffee201be30
[H2 PLACEMENT] OBJ = 0x7ffee201be88
[H2 PLACEMENT] OBJ = 0x7ffee201bee0
[H2 PLACEMENT] OBJ = 0x7ffee201bf38
[H2 PLACEMENT] OBJ = 0x7ffee201bf90
[H2 PLACEMENT] OBJ = 0x7ffee201bfe8
[H2 PLACEMENT] OBJ = 0x7ffee201c040
[H2 PLACEMENT] OBJ = 0x7ffee201c098
[H2 PLACEMENT] OBJ = 0x7ffee201c0f0
[H2 PLACEMENT] OBJ = 0x7ffee201c148
[H2 PLACEMENT] OBJ = 0x7ffee201c1a0
[H2 PLACEMENT] OBJ = 0x7ffee201c1f8
[H2 PLACEMENT] OBJ = 0x7ffee201c250
[H2 PLACEMENT] OBJ = 0x7ffee201c2a8
[H2 PLACEMENT] OBJ = 0x7ffee201c300
[H2 PLACEMENT] OBJ = 0x7ffee201c358
[H2 PLACEMENT] OBJ = 0x7ffee201c3b0
[H2 PLACEMENT] OBJ = 0x7ffee201c408
[H2 PLACEMENT] OBJ = 0x7ffee201c460
[H2 PLACEMENT] OBJ = 0x7ffee201c4b8
[H2 PLACEMENT] OBJ = 0x7ffee201c510
[H2 PLACEMENT] OBJ = 0x7ffee201c568
[H2 PLACEMENT] OBJ = 0x7ffee201c5c0
[H2 PLACEMENT] OBJ = 0x7ffee201c618
[H2 PLACEMENT] OBJ = 0x7ffee201c670
[H2 PLACEMENT] OBJ = 0x7ffee201c6c8
[H2 PLACEMENT] OBJ = 0x7ffee201c720
[H2 PLACEMENT] OBJ = 0x7ffee201c778
[H2 PLACEMENT] OBJ = 0x7ffee201c7d0
[H2 PLACEMENT] OBJ = 0x7ffee201c828
[H2 PLACEMENT] OBJ = 0x7ffee201c880
[H2 PLACEMENT] OBJ = 0x7ffee201c8d8
[H2 PLACEMENT] OBJ = 0x7ffee201c930
[H2 PLACEMENT] OBJ = 0x7ffee201c988
[H2 PLACEMENT] OBJ = 0x7ffee201c9e0
[H2 PLACEMENT] OBJ = 0x7ffee201ca38
[H2 PLACEMENT] OBJ = 0x7ffee201ca90
[H2 PLACEMENT] OBJ = 0x7ffee201cae8
[H2 PLACEMENT] OBJ = 0x7ffee201cb40
[H2 PLACEMENT] OBJ = 0x7ffee201cb98
[H2 PLACEMENT] OBJ = 0x7ffee201cbf0
[H2 PLACEMENT] OBJ = 0x7ffee201cc48
[H2 PLACEMENT] OBJ = 0x7ffee201cca0
[H2 PLACEMENT] OBJ = 0x7ffee201ccf8
[H2 PLACEMENT] OBJ = 0x7ffee201cd50
[H2 PLACEMENT] OBJ = 0x7ffee201cda8
[H2 PLACEMENT] OBJ = 0x7ffee201ce00
[H2 PLACEMENT] OBJ = 0x7ffee201ce58
[H2 PLACEMENT] OBJ = 0x7ffee201ceb0
[H2 PLACEMENT] OBJ = 0x7ffee201cf08
[H2 PLACEMENT] OBJ = 0x7ffee201cf60
[H2 PLACEMENT] OBJ = 0x7ffee201cfb8
[H2 PLACEMENT] OBJ = 0x7ffee201d010
[H2 PLACEMENT] OBJ = 0x7ffee201d068
[H2 PLACEMENT] OBJ = 0x7ffee201d0c0
[H2 PLACEMENT] OBJ = 0x7ffee201d118
[H2 PLACEMENT] OBJ = 0x7ffee201d170
[H2 PLACEMENT] OBJ = 0x7ffee201d1c8
[H2 PLACEMENT] OBJ = 0x7ffee201d220
[H2 PLACEMENT] OBJ = 0x7ffee201d278
[H2 PLACEMENT] OBJ = 0x7ffee201d2d0
[H2 PLACEMENT] OBJ = 0x7ffee201d328
[H2 PLACEMENT] OBJ = 0x7ffee201d380
[H2 PLACEMENT] OBJ = 0x7ffee201d3d8
[H2 PLACEMENT] OBJ = 0x7ffee201d430
[H2 PLACEMENT] OBJ = 0x7ffee201d488
[H2 PLACEMENT] OBJ = 0x7ffee201d4e0
[H2 PLACEMENT] OBJ = 0x7ffee201d538
[H2 PLACEMENT] OBJ = 0x7ffee201d590
[H2 PLACEMENT] OBJ = 0x7ffee201d5e8
[H2 PLACEMENT] OBJ = 0x7ffee201d640
[H2 PLACEMENT] OBJ = 0x7ffee201d698
[H2 PLACEMENT] OBJ = 0x7ffee201d6f0
[H2 PLACEMENT] OBJ = 0x7ffee201d748
[H2 PLACEMENT] OBJ = 0x7ffee201d7a0
[H2 PLACEMENT] OBJ = 0x7ffee201d7f8
[H2 PLACEMENT] OBJ = 0x7ffee201d850
[H2 PLACEMENT] OBJ = 0x7ffee201d8a8
[H2 PLACEMENT] OBJ = 0x7ffee201d900
[H2 PLACEMENT] OBJ = 0x7ffee201d958
[H2 PLACEMENT] OBJ = 0x7ffee201d9b0
[H2 PLACEMENT] OBJ = 0x7ffee201da08
[H2 PLACEMENT] OBJ = 0x7ffee201da60
[H2 PLACEMENT] OBJ = 0x7ffee201dab8
[H2 PLACEMENT] OBJ = 0x7ffee201db10
[H2 PLACEMENT] OBJ = 0x7ffee201db68
[H2 PLACEMENT] OBJ = 0x7ffee201dbc0
[H2 PLACEMENT] OBJ = 0x7ffee201dc18
[H2 PLACEMENT] OBJ = 0x7ffee201dc70
[H2 PLACEMENT] OBJ = 0x7ffee201dcc8
[H2 PLACEMENT] OBJ = 0x7ffee201dd20
[H2 PLACEMENT] OBJ = 0x7ffee201dd78
[H2 PLACEMENT] OBJ = 0x7ffee201ddd0
[H2 PLACEMENT] OBJ = 0x7ffee201de28
[H2 PLACEMENT] OBJ = 0x7ffee201de80
[H2 PLACEMENT] OBJ = 0x7ffee201ded8
[H2 PLACEMENT] OBJ = 0x7ffee201df30
[H2 PLACEMENT] OBJ = 0x7ffee201df88
[H2 PLACEMENT] OBJ = 0x7ffee201dfe0
[H2 PLACEMENT] OBJ = 0x7ffee201e038
[H2 PLACEMENT] OBJ = 0x7ffee201e090
[H2 PLACEMENT] OBJ = 0x7ffee201e0e8
[H2 PLACEMENT] OBJ = 0x7ffee201e140
[H2 PLACEMENT] OBJ = 0x7ffee201e198
[H2 PLACEMENT] OBJ = 0x7ffee201e1f0
[H2 PLACEMENT] OBJ = 0x7ffee201e248
[H2 PLACEMENT] OBJ = 0x7ffee201e2a0
[H2 PLACEMENT] OBJ = 0x7ffee201e2f8
[H2 PLACEMENT] OBJ = 0x7ffee201e350
[H2 PLACEMENT] OBJ = 0x7ffee201e3a8
[H2 PLACEMENT] OBJ = 0x7ffee201e400
[H2 PLACEMENT] OBJ = 0x7ffee201e458
[H2 PLACEMENT] OBJ = 0x7ffee201e4b0
[H2 PLACEMENT] OBJ = 0x7ffee201e508
[H2 PLACEMENT] OBJ = 0x7ffee201e560
[H2 PLACEMENT] OBJ = 0x7ffee201e5b8
[H2 PLACEMENT] OBJ = 0x7ffee201e610
[H2 PLACEMENT] OBJ = 0x7ffee201e668
[H2 PLACEMENT] OBJ = 0x7ffee201e6c0
[H2 PLACEMENT] OBJ = 0x7ffee201e718
[H2 PLACEMENT] OBJ = 0x7ffee201e770
[H2 PLACEMENT] OBJ = 0x7ffee201e7c8
[H2 PLACEMENT] OBJ = 0x7ffee201e820
[H2 PLACEMENT] OBJ = 0x7ffee201e878
[H2 PLACEMENT] OBJ = 0x7ffee201e8d0
[H2 PLACEMENT] OBJ = 0x7ffee201e928
[H2 PLACEMENT] OBJ = 0x7ffee201e980
[H2 PLACEMENT] OBJ = 0x7ffee201e9d8
[H2 PLACEMENT] OBJ = 0x7ffee201ea30
[H2 PLACEMENT] OBJ = 0x7ffee201ea88
[H2 PLACEMENT] OBJ = 0x7ffee201eae0
[H2 PLACEMENT] OBJ = 0x7ffee201eb38
[H2 PLACEMENT] OBJ = 0x7ffee201eb90
[H2 PLACEMENT] OBJ = 0x7ffee201ebe8
[H2 PLACEMENT] OBJ = 0x7ffee201ec40
[H2 PLACEMENT] OBJ = 0x7ffee201ec98
[H2 PLACEMENT] OBJ = 0x7ffee201ecf0
[H2 PLACEMENT] OBJ = 0x7ffee201ed48
[H2 PLACEMENT] OBJ = 0x7ffee201eda0
[H2 PLACEMENT] OBJ = 0x7ffee201edf8
[H2 PLACEMENT] OBJ = 0x7ffee201ee50
[H2 PLACEMENT] OBJ = 0x7ffee201eea8
[H2 PLACEMENT] OBJ = 0x7ffee201ef00
[H2 PLACEMENT] OBJ = 0x7ffee201ef58
[H2 PLACEMENT] OBJ = 0x7ffee201efb0
[H2 PLACEMENT] OBJ = 0x7ffee201f008
[H2 PLACEMENT] OBJ = 0x7ffee201f060
[H2 PLACEMENT] OBJ = 0x7ffee201f0b8
[H2 PLACEMENT] OBJ = 0x7ffee201f110
[H2 PLACEMENT] OBJ = 0x7ffee201f168
[H2 PLACEMENT] OBJ = 0x7ffee201f1c0
[H2 PLACEMENT] OBJ = 0x7ffee201f218
[H2 PLACEMENT] OBJ = 0x7ffee201f270
[H2 PLACEMENT] OBJ = 0x7ffee201f2c8
[H2 PLACEMENT] OBJ = 0x7ffee201f320
[H2 PLACEMENT] OBJ = 0x7ffee201f378
[H2 PLACEMENT] OBJ = 0x7ffee201f3d0
[H2 PLACEMENT] OBJ = 0x7ffee201f428
[H2 PLACEMENT] OBJ = 0x7ffee201f480
[H2 PLACEMENT] OBJ = 0x7ffee201f4d8
[H2 PLACEMENT] OBJ = 0x7ffee201f530
[H2 PLACEMENT] OBJ = 0x7ffee201f588
[H2 PLACEMENT] OBJ = 0x7ffee201f5e0
[H2 PLACEMENT] OBJ = 0x7ffee201f638
[H2 PLACEMENT] OBJ = 0x7ffee201f690
[H2 PLACEMENT] OBJ = 0x7ffee201f6e8
[H2 PLACEMENT] OBJ = 0x7ffee201f740
[H2 PLACEMENT] OBJ = 0x7ffee201f798
[H2 PLACEMENT] OBJ = 0x7ffee201f7f0
[H2 PLACEMENT] OBJ = 0x7ffee201f848
[H2 PLACEMENT] OBJ = 0x7ffee201f8a0
[H2 PLACEMENT] OBJ = 0x7ffee201f8f8
[H2 PLACEMENT] OBJ = 0x7ffee201f950
[H2 PLACEMENT] OBJ = 0x7ffee201f9a8
[H2 PLACEMENT] OBJ = 0x7ffee201fa00
[H2 PLACEMENT] OBJ = 0x7ffee201fa58
[H2 PLACEMENT] OBJ = 0x7ffee201fab0
[H2 PLACEMENT] OBJ = 0x7ffee201fb08
[H2 PLACEMENT] OBJ = 0x7ffee201fb60
[H2 PLACEMENT] OBJ = 0x7ffee201fbb8
[H2 PLACEMENT] OBJ = 0x7ffee201fc10
[H2 PLACEMENT] OBJ = 0x7ffee201fc68
[H2 PLACEMENT] OBJ = 0x7ffee201fcc0
[H2 PLACEMENT] OBJ = 0x7ffee201fd18
[H2 PLACEMENT] OBJ = 0x7ffee201fd70
[H2 PLACEMENT] OBJ = 0x7ffee201fdc8
[H2 PLACEMENT] OBJ = 0x7ffee201fe20
[H2 PLACEMENT] OBJ = 0x7ffee201fe78
[H2 PLACEMENT] OBJ = 0x7ffee201fed0
[H2 PLACEMENT] OBJ = 0x7ffee201ff28
[H2 PLACEMENT] OBJ = 0x7ffee201ff80
[H2 PLACEMENT] OBJ = 0x7ffee201ffd8
[H2 PLACEMENT] OBJ = 0x7ffee2020030
[H2 PLACEMENT] OBJ = 0x7ffee2020088
[H2 PLACEMENT] OBJ = 0x7ffee20200e0
[H2 PLACEMENT] OBJ = 0x7ffee2020138
[H2 PLACEMENT] OBJ = 0x7ffee2020190
[H2 PLACEMENT] OBJ = 0x7ffee20201e8
[H2 PLACEMENT] OBJ = 0x7ffee2020240
[H2 PLACEMENT] OBJ = 0x7ffee2020298
[H2 PLACEMENT] OBJ = 0x7ffee20202f0
[H2 PLACEMENT] OBJ = 0x7ffee2020348
[H2 PLACEMENT] OBJ = 0x7ffee20203a0
[H2 PLACEMENT] OBJ = 0x7ffee20203f8
[H2 PLACEMENT] OBJ = 0x7ffee2020450
[H2 PLACEMENT] OBJ = 0x7ffee20204a8
[H2 PLACEMENT] OBJ = 0x7ffee2020500
[H2 PLACEMENT] OBJ = 0x7ffee2020558
[H2 PLACEMENT] OBJ = 0x7ffee20205b0
[H2 PLACEMENT] OBJ = 0x7ffee2020608
[H2 PLACEMENT] OBJ = 0x7ffee2020660
[H2 PLACEMENT] OBJ = 0x7ffee20206b8
[H2 PLACEMENT] OBJ = 0x7ffee2020710
[H2 PLACEMENT] OBJ = 0x7ffee2020768
[H2 PLACEMENT] OBJ = 0x7ffee20207c0
[H2 PLACEMENT] OBJ = 0x7ffee2020818
[H2 PLACEMENT] OBJ = 0x7ffee2020870
[H2 PLACEMENT] OBJ = 0x7ffee20208c8
[H2 PLACEMENT] OBJ = 0x7ffee2020920
[H2 PLACEMENT] OBJ = 0x7ffee2020978
[H2 PLACEMENT] OBJ = 0x7ffee20209d0
[H2 PLACEMENT] OBJ = 0x7ffee2020a28
[H2 PLACEMENT] OBJ = 0x7ffee2020a80
[H2 PLACEMENT] OBJ = 0x7ffee2020ad8
[H2 PLACEMENT] OBJ = 0x7ffee2020b30
[H2 PLACEMENT] OBJ = 0x7ffee2020b88
[H2 PLACEMENT] OBJ = 0x7ffee2020be0
[H2 PLACEMENT] OBJ = 0x7ffee2020c38
[H2 PLACEMENT] OBJ = 0x7ffee2020c90
[H2 PLACEMENT] OBJ = 0x7ffee2020ce8
[H2 PLACEMENT] OBJ = 0x7ffee2020d40
[H2 PLACEMENT] OBJ = 0x7ffee2020d98
[H2 PLACEMENT] OBJ = 0x7ffee2020df0
[H2 PLACEMENT] OBJ = 0x7ffee2020e48
[H2 PLACEMENT] OBJ = 0x7ffee2020ea0
[H2 PLACEMENT] OBJ = 0x7ffee2020ef8
[H2 PLACEMENT] OBJ = 0x7ffee2020f50
[H2 PLACEMENT] OBJ = 0x7ffee2020fa8
[H2 PLACEMENT] OBJ = 0x7ffee2021000
[H2 PLACEMENT] OBJ = 0x7ffee2021058
[H2 PLACEMENT] OBJ = 0x7ffee20210b0
[H2 PLACEMENT] OBJ = 0x7ffee2021108
[H2 PLACEMENT] OBJ = 0x7ffee2021160
[H2 PLACEMENT] OBJ = 0x7ffee20211b8
[H2 PLACEMENT] OBJ = 0x7ffee2021210
[H2 PLACEMENT] OBJ = 0x7ffee2021268
[H2 PLACEMENT] OBJ = 0x7ffee20212c0
[H2 PLACEMENT] OBJ = 0x7ffee2021318
[H2 PLACEMENT] OBJ = 0x7ffee2021370
[H2 PLACEMENT] OBJ = 0x7ffee20213c8
[H2 PLACEMENT] OBJ = 0x7ffee2021420
[H2 PLACEMENT] OBJ = 0x7ffee2021478
[H2 PLACEMENT] OBJ = 0x7ffee20214d0
[H2 PLACEMENT] OBJ = 0x7ffee2021528
[H2 PLACEMENT] OBJ = 0x7ffee2021580
[H2 PLACEMENT] OBJ = 0x7ffee20215d8
[H2 PLACEMENT] OBJ = 0x7ffee2021630
[H2 PLACEMENT] OBJ = 0x7ffee2021688
[H2 PLACEMENT] OBJ = 0x7ffee20216e0
[H2 PLACEMENT] OBJ = 0x7ffee2021738
[H2 PLACEMENT] OBJ = 0x7ffee2021790
[H2 PLACEMENT] OBJ = 0x7ffee20217e8
[H2 PLACEMENT] OBJ = 0x7ffee2021840
[H2 PLACEMENT] OBJ = 0x7ffee2021898
[H2 PLACEMENT] OBJ = 0x7ffee20218f0
[H2 PLACEMENT] OBJ = 0x7ffee2021948
[H2 PLACEMENT] OBJ = 0x7ffee20219a0
[H2 PLACEMENT] OBJ = 0x7ffee20219f8
[H2 PLACEMENT] OBJ = 0x7ffee2021a50
[H2 PLACEMENT] OBJ = 0x7ffee2021aa8
[H2 PLACEMENT] OBJ = 0x7ffee2021b00
[H2 PLACEMENT] OBJ = 0x7ffee2021b58
[H2 PLACEMENT] OBJ = 0x7ffee2021bb0
[H2 PLACEMENT] OBJ = 0x7ffee2021c08
[H2 PLACEMENT] OBJ = 0x7ffee2021c60
[H2 PLACEMENT] OBJ = 0x7ffee2021cb8
[H2 PLACEMENT] OBJ = 0x7ffee2021d10
[H2 PLACEMENT] OBJ = 0x7ffee2021d68
[H2 PLACEMENT] OBJ = 0x7ffee2021dc0
[H2 PLACEMENT] OBJ = 0x7ffee2021e18
[H2 PLACEMENT] OBJ = 0x7ffee2021e70
[H2 PLACEMENT] OBJ = 0x7ffee2021ec8
[H2 PLACEMENT] OBJ = 0x7ffee2021f20
[H2 PLACEMENT] OBJ = 0x7ffee2021f78
[H2 PLACEMENT] OBJ = 0x7ffee2021fd0
[H2 PLACEMENT] OBJ = 0x7ffee2022028
[H2 PLACEMENT] OBJ = 0x7ffee2022080
[H2 PLACEMENT] OBJ = 0x7ffee20220d8
[H2 PLACEMENT] OBJ = 0x7ffee2022130
[H2 PLACEMENT] OBJ = 0x7ffee2022188
[H2 PLACEMENT] OBJ = 0x7ffee20221e0
[H2 PLACEMENT] OBJ = 0x7ffee2022238
[H2 PLACEMENT] OBJ = 0x7ffee2022290
[H2 PLACEMENT] OBJ = 0x7ffee20222e8
[H2 PLACEMENT] OBJ = 0x7ffee2022340
[H2 PLACEMENT] OBJ = 0x7ffee2022398
[H2 PLACEMENT] OBJ = 0x7ffee20223f0
[H2 PLACEMENT] OBJ = 0x7ffee2022448
[H2 PLACEMENT] OBJ = 0x7ffee20224a0
[H2 PLACEMENT] OBJ = 0x7ffee20224f8
[H2 PLACEMENT] OBJ = 0x7ffee2022550
[H2 PLACEMENT] OBJ = 0x7ffee20225a8
[H2 PLACEMENT] OBJ = 0x7ffee2022600
[H2 PLACEMENT] OBJ = 0x7ffee2022658
[H2 PLACEMENT] OBJ = 0x7ffee20226b0
[H2 PLACEMENT] OBJ = 0x7ffee2022708
[H2 PLACEMENT] OBJ = 0x7ffee2022760
[H2 PLACEMENT] OBJ = 0x7ffee20227b8
[H2 PLACEMENT] OBJ = 0x7ffee2022810
[H2 PLACEMENT] OBJ = 0x7ffee2022868
[H2 PLACEMENT] OBJ = 0x7ffee20228c0
[H2 PLACEMENT] OBJ = 0x7ffee2022918
[H2 PLACEMENT] OBJ = 0x7ffee2022970
[H2 PLACEMENT] OBJ = 0x7ffee20229c8
[H2 PLACEMENT] OBJ = 0x7ffee2022a20
[H2 PLACEMENT] OBJ = 0x7ffee2022a78
[H2 PLACEMENT] OBJ = 0x7ffee2022ad0
[H2 PLACEMENT] OBJ = 0x7ffee2022b28
[H2 PLACEMENT] OBJ = 0x7ffee2022b80
[H2 PLACEMENT] OBJ = 0x7ffee2022bd8
[H2 PLACEMENT] OBJ = 0x7ffee2022c30
[H2 PLACEMENT] OBJ = 0x7ffee2022c88
[H2 PLACEMENT] OBJ = 0x7ffee2022ce0
[H2 PLACEMENT] OBJ = 0x7ffee2022d38
[H2 PLACEMENT] OBJ = 0x7ffee2022d90
[H2 PLACEMENT] OBJ = 0x7ffee2022de8
[H2 PLACEMENT] OBJ = 0x7ffee2022e40
[H2 PLACEMENT] OBJ = 0x7ffee2022e98
[H2 PLACEMENT] OBJ = 0x7ffee2022ef0
[H2 PLACEMENT] OBJ = 0x7ffee2022f48
[H2 PLACEMENT] OBJ = 0x7ffee2022fa0
[H2 PLACEMENT] OBJ = 0x7ffee2022ff8
[H2 PLACEMENT] OBJ = 0x7ffee2023050
[H2 PLACEMENT] OBJ = 0x7ffee20230a8
[H2 PLACEMENT] OBJ = 0x7ffee2023100
[H2 PLACEMENT] OBJ = 0x7ffee2023158
[H2 PLACEMENT] OBJ = 0x7ffee20231b0
[H2 PLACEMENT] OBJ = 0x7ffee2023208
[H2 PLACEMENT] OBJ = 0x7ffee2023260
[H2 PLACEMENT] OBJ = 0x7ffee20232b8
[H2 PLACEMENT] OBJ = 0x7ffee2023310
[H2 PLACEMENT] OBJ = 0x7ffee2023368
[H2 PLACEMENT] OBJ = 0x7ffee20233c0
[H2 PLACEMENT] OBJ = 0x7ffee2023418
[H2 PLACEMENT] OBJ = 0x7ffee2023470
[H2 PLACEMENT] OBJ = 0x7ffee20234c8
[H2 PLACEMENT] OBJ = 0x7ffee2023520
[H2 PLACEMENT] OBJ = 0x7ffee2023578
[H2 PLACEMENT] OBJ = 0x7ffee20235d0
[H2 PLACEMENT] OBJ = 0x7ffee2023628
[H2 PLACEMENT] OBJ = 0x7ffee2023680
[H2 PLACEMENT] OBJ = 0x7ffee20236d8
[H2 PLACEMENT] OBJ = 0x7ffee2023730
[H2 PLACEMENT] OBJ = 0x7ffee2023788
[H2 PLACEMENT] OBJ = 0x7ffee20237e0
[H2 PLACEMENT] OBJ = 0x7ffee2023838
[H2 PLACEMENT] OBJ = 0x7ffee2023890
[H2 PLACEMENT] OBJ = 0x7ffee20238e8
[H2 PLACEMENT] OBJ = 0x7ffee2023940
[H2 PLACEMENT] OBJ = 0x7ffee2023998
[H2 PLACEMENT] OBJ = 0x7ffee20239f0
[H2 PLACEMENT] OBJ = 0x7ffee2023a48
[H2 PLACEMENT] OBJ = 0x7ffee2023aa0
[H2 PLACEMENT] OBJ = 0x7ffee2023af8
[H2 PLACEMENT] OBJ = 0x7ffee2023b50
[H2 PLACEMENT] OBJ = 0x7ffee2023ba8
[H2 PLACEMENT] OBJ = 0x7ffee2023c00
[H2 PLACEMENT] OBJ = 0x7ffee2023c58
[H2 PLACEMENT] OBJ = 0x7ffee2023cb0
[H2 PLACEMENT] OBJ = 0x7ffee2023d08
[H2 PLACEMENT] OBJ = 0x7ffee2023d60
[H2 PLACEMENT] OBJ = 0x7ffee2023db8
[H2 PLACEMENT] OBJ = 0x7ffee2023e10
[H2 PLACEMENT] OBJ = 0x7ffee2023e68
[H2 PLACEMENT] OBJ = 0x7ffee2023ec0
[H2 PLACEMENT] OBJ = 0x7ffee2023f18
[H2 PLACEMENT] OBJ = 0x7ffee2023f70
[H2 PLACEMENT] OBJ = 0x7ffee2023fc8
[H2 PLACEMENT] OBJ = 0x7ffee2024020
[H2 PLACEMENT] OBJ = 0x7ffee2024078
[H2 PLACEMENT] OBJ = 0x7ffee20240d0
[H2 PLACEMENT] OBJ = 0x7ffee2024128
[H2 PLACEMENT] OBJ = 0x7ffee2024180
[H2 PLACEMENT] OBJ = 0x7ffee20241d8
[H2 PLACEMENT] OBJ = 0x7ffee2024230
[H2 PLACEMENT] OBJ = 0x7ffee2024288
[H2 PLACEMENT] OBJ = 0x7ffee20242e0
[H2 PLACEMENT] OBJ = 0x7ffee2024338
[H2 PLACEMENT] OBJ = 0x7ffee2024390
[H2 PLACEMENT] OBJ = 0x7ffee20243e8
[H2 PLACEMENT] OBJ = 0x7ffee2024440
[H2 PLACEMENT] OBJ = 0x7ffee2024498
[H2 PLACEMENT] OBJ = 0x7ffee20244f0
[H2 PLACEMENT] OBJ = 0x7ffee2024548
[H2 PLACEMENT] OBJ = 0x7ffee20245a0
[H2 PLACEMENT] OBJ = 0x7ffee20245f8
[H2 PLACEMENT] OBJ = 0x7ffee2024650
[H2 PLACEMENT] OBJ = 0x7ffee20246a8
[H2 PLACEMENT] OBJ = 0x7ffee2024700
[H2 PLACEMENT] OBJ = 0x7ffee2024758
[H2 PLACEMENT] OBJ = 0x7ffee20247b0
[H2 PLACEMENT] OBJ = 0x7ffee2024808
[H2 PLACEMENT] OBJ = 0x7ffee2024860
[H2 PLACEMENT] OBJ = 0x7ffee20248b8
[H2 PLACEMENT] OBJ = 0x7ffee2024910
[H2 PLACEMENT] OBJ = 0x7ffee2024968
[H2 PLACEMENT] OBJ = 0x7ffee20249c0
[H2 PLACEMENT] OBJ = 0x7ffee2024a18
[H2 PLACEMENT] OBJ = 0x7ffee2024a70
[H2 PLACEMENT] OBJ = 0x7ffee2024ac8
[H2 PLACEMENT] OBJ = 0x7ffee2024b20
[H2 PLACEMENT] OBJ = 0x7ffee2024b78
[H2 PLACEMENT] OBJ = 0x7ffee2024bd0
[H2 PLACEMENT] OBJ = 0x7ffee2024c28
[H2 PLACEMENT] OBJ = 0x7ffee2024c80
[H2 PLACEMENT] OBJ = 0x7ffee2024cd8
[H2 PLACEMENT] OBJ = 0x7ffee2024d30
[H2 PLACEMENT] OBJ = 0x7ffee2024d88
[H2 PLACEMENT] OBJ = 0x7ffee2024de0
[H2 PLACEMENT] OBJ = 0x7ffee2024e38
[H2 PLACEMENT] OBJ = 0x7ffee2024e90
[H2 PLACEMENT] OBJ = 0x7ffee2024ee8
[H2 PLACEMENT] OBJ = 0x7ffee2024f40
[H2 PLACEMENT] OBJ = 0x7ffee2024f98
[H2 PLACEMENT] OBJ = 0x7ffee2024ff0
[H2 PLACEMENT] OBJ = 0x7ffee2025048
[H2 PLACEMENT] OBJ = 0x7ffee20250a0
[H2 PLACEMENT] OBJ = 0x7ffee20250f8
[H2 PLACEMENT] OBJ = 0x7ffee2025150
[H2 PLACEMENT] OBJ = 0x7ffee20251a8
[H2 PLACEMENT] OBJ = 0x7ffee2025200
[H2 PLACEMENT] OBJ = 0x7ffee2025258
[H2 PLACEMENT] OBJ = 0x7ffee20252b0
[H2 PLACEMENT] OBJ = 0x7ffee2025308
[H2 PLACEMENT] OBJ = 0x7ffee2025360
[H2 PLACEMENT] OBJ = 0x7ffee20253b8
[H2 PLACEMENT] OBJ = 0x7ffee2025410
[H2 PLACEMENT] OBJ = 0x7ffee2025468
[H2 PLACEMENT] OBJ = 0x7ffee20254c0
[H2 PLACEMENT] OBJ = 0x7ffee2025518
[H2 PLACEMENT] OBJ = 0x7ffee2025570
[H2 PLACEMENT] OBJ = 0x7ffee20255c8
[H2 PLACEMENT] OBJ = 0x7ffee2025620
[H2 PLACEMENT] OBJ = 0x7ffee2025678
[H2 PLACEMENT] OBJ = 0x7ffee20256d0
[H2 PLACEMENT] OBJ = 0x7ffee2025728
[H2 PLACEMENT] OBJ = 0x7ffee2025780
[H2 PLACEMENT] OBJ = 0x7ffee20257d8
[H2 PLACEMENT] OBJ = 0x7ffee2025830
[H2 PLACEMENT] OBJ = 0x7ffee2025888
[H2 PLACEMENT] OBJ = 0x7ffee20258e0
[H2 PLACEMENT] OBJ = 0x7ffee2025938
[H2 PLACEMENT] OBJ = 0x7ffee2025990
[H2 PLACEMENT] OBJ = 0x7ffee20259e8
[H2 PLACEMENT] OBJ = 0x7ffee2025a40
[H2 PLACEMENT] OBJ = 0x7ffee2025a98
[H2 PLACEMENT] OBJ = 0x7ffee2025af0
[H2 PLACEMENT] OBJ = 0x7ffee2025b48
[H2 PLACEMENT] OBJ = 0x7ffee2025ba0
[H2 PLACEMENT] OBJ = 0x7ffee2025bf8
[H2 PLACEMENT] OBJ = 0x7ffee2025c50
[H2 PLACEMENT] OBJ = 0x7ffee2025ca8
[H2 PLACEMENT] OBJ = 0x7ffee2025d00
[H2 PLACEMENT] OBJ = 0x7ffee2025d58
[H2 PLACEMENT] OBJ = 0x7ffee2025db0
[H2 PLACEMENT] OBJ = 0x7ffee2025e08
[H2 PLACEMENT] OBJ = 0x7ffee2025e60
[H2 PLACEMENT] OBJ = 0x7ffee2025eb8
[H2 PLACEMENT] OBJ = 0x7ffee2025f10
[H2 PLACEMENT] OBJ = 0x7ffee2025f68
[H2 PLACEMENT] OBJ = 0x7ffee2025fc0
[H2 PLACEMENT] OBJ = 0x7ffee2026018
[H2 PLACEMENT] OBJ = 0x7ffee2026070
[H2 PLACEMENT] OBJ = 0x7ffee20260c8
[H2 PLACEMENT] OBJ = 0x7ffee2026120
[H2 PLACEMENT] OBJ = 0x7ffee2026178
[H2 PLACEMENT] OBJ = 0x7ffee20261d0
[H2 PLACEMENT] OBJ = 0x7ffee2026228
[H2 PLACEMENT] OBJ = 0x7ffee2026280
[H2 PLACEMENT] OBJ = 0x7ffee20262d8
[H2 PLACEMENT] OBJ = 0x7ffee2026330
[H2 PLACEMENT] OBJ = 0x7ffee2026388
[H2 PLACEMENT] OBJ = 0x7ffee20263e0
[H2 PLACEMENT] OBJ = 0x7ffee2026438
[H2 PLACEMENT] OBJ = 0x7ffee2026490
[H2 PLACEMENT] OBJ = 0x7ffee20264e8
[H2 PLACEMENT] OBJ = 0x7ffee2026540
[H2 PLACEMENT] OBJ = 0x7ffee2026598
[H2 PLACEMENT] OBJ = 0x7ffee20265f0
[H2 PLACEMENT] OBJ = 0x7ffee2026648
[H2 PLACEMENT] OBJ = 0x7ffee20266a0
[H2 PLACEMENT] OBJ = 0x7ffee20266f8
[H2 PLACEMENT] OBJ = 0x7ffee2026750
[H2 PLACEMENT] OBJ = 0x7ffee20267a8
[H2 PLACEMENT] OBJ = 0x7ffee2026800
[H2 PLACEMENT] OBJ = 0x7ffee2026858
[H2 PLACEMENT] OBJ = 0x7ffee20268b0
[H2 PLACEMENT] OBJ = 0x7ffee2026908
[H2 PLACEMENT] OBJ = 0x7ffee2026960
[H2 PLACEMENT] OBJ = 0x7ffee20269b8
[H2 PLACEMENT] OBJ = 0x7ffee2026a10
[H2 PLACEMENT] OBJ = 0x7ffee2026a68
[H2 PLACEMENT] OBJ = 0x7ffee2026ac0
[H2 PLACEMENT] OBJ = 0x7ffee2026b18
[H2 PLACEMENT] OBJ = 0x7ffee2026b70
[H2 PLACEMENT] OBJ = 0x7ffee2026bc8
[H2 PLACEMENT] OBJ = 0x7ffee2026c20
[H2 PLACEMENT] OBJ = 0x7ffee2026c78
[H2 PLACEMENT] OBJ = 0x7ffee2026cd0
[H2 PLACEMENT] OBJ = 0x7ffee2026d28
[H2 PLACEMENT] OBJ = 0x7ffee2026d80
[H2 PLACEMENT] OBJ = 0x7ffee2026dd8
[H2 PLACEMENT] OBJ = 0x7ffee2026e30
[H2 PLACEMENT] OBJ = 0x7ffee2026e88
[H2 PLACEMENT] OBJ = 0x7ffee2026ee0
[H2 PLACEMENT] OBJ = 0x7ffee2026f38
[H2 PLACEMENT] OBJ = 0x7ffee2026f90
[H2 PLACEMENT] OBJ = 0x7ffee2026fe8
[H2 PLACEMENT] OBJ = 0x7ffee2027040
[H2 PLACEMENT] OBJ = 0x7ffee2027098
[H2 PLACEMENT] OBJ = 0x7ffee20270f0
[H2 PLACEMENT] OBJ = 0x7ffee2027148
[H2 PLACEMENT] OBJ = 0x7ffee20271a0
[H2 PLACEMENT] OBJ = 0x7ffee20271f8
[H2 PLACEMENT] OBJ = 0x7ffee2027250
[H2 PLACEMENT] OBJ = 0x7ffee20272a8
[H2 PLACEMENT] OBJ = 0x7ffee2027300
[H2 PLACEMENT] OBJ = 0x7ffee2027358
[H2 PLACEMENT] OBJ = 0x7ffee20273b0
[H2 PLACEMENT] OBJ = 0x7ffee2027408
[H2 PLACEMENT] OBJ = 0x7ffee2027460
[H2 PLACEMENT] OBJ = 0x7ffee20274b8
[H2 PLACEMENT] OBJ = 0x7ffee2027510
[H2 PLACEMENT] OBJ = 0x7ffee2027568
[H2 PLACEMENT] OBJ = 0x7ffee20275c0
[H2 PLACEMENT] OBJ = 0x7ffee2027618
[H2 PLACEMENT] OBJ = 0x7ffee2027670
[H2 PLACEMENT] OBJ = 0x7ffee20276c8
[H2 PLACEMENT] OBJ = 0x7ffee2027720
[H2 PLACEMENT] OBJ = 0x7ffee2027778
[H2 PLACEMENT] OBJ = 0x7ffee20277d0
[H2 PLACEMENT] OBJ = 0x7ffee2027828
[H2 PLACEMENT] OBJ = 0x7ffee2027880
[H2 PLACEMENT] OBJ = 0x7ffee20278d8
[H2 PLACEMENT] OBJ = 0x7ffee2027930
[H2 PLACEMENT] OBJ = 0x7ffee2027988
[H2 PLACEMENT] OBJ = 0x7ffee20279e0
[H2 PLACEMENT] OBJ = 0x7ffee2027a38
[H2 PLACEMENT] OBJ = 0x7ffee2027a90
[H2 PLACEMENT] OBJ = 0x7ffee2027ae8
[H2 PLACEMENT] OBJ = 0x7ffee2027b40
[H2 PLACEMENT] OBJ = 0x7ffee2027b98
[H2 PLACEMENT] OBJ = 0x7ffee2027bf0
[H2 PLACEMENT] OBJ = 0x7ffee2027c48
[H2 PLACEMENT] OBJ = 0x7ffee2027ca0
[H2 PLACEMENT] OBJ = 0x7ffee2027cf8
[H2 PLACEMENT] OBJ = 0x7ffee2027d50
[H2 PLACEMENT] OBJ = 0x7ffee2027da8
[H2 PLACEMENT] OBJ = 0x7ffee2027e00
[H2 PLACEMENT] OBJ = 0x7ffee2027e58
[H2 PLACEMENT] OBJ = 0x7ffee2027eb0
[H2 PLACEMENT] OBJ = 0x7ffee2027f08
[H2 PLACEMENT] OBJ = 0x7ffee2027f60
[H2 PLACEMENT] OBJ = 0x7ffee2027fb8
[H2 PLACEMENT] OBJ = 0x7ffee2028010
[H2 PLACEMENT] OBJ = 0x7ffee2028068
[H2 PLACEMENT] OBJ = 0x7ffee20280c0
[H2 PLACEMENT] OBJ = 0x7ffee2028118
[H2 PLACEMENT] OBJ = 0x7ffee2028170
[H2 PLACEMENT] OBJ = 0x7ffee20281c8
[H2 PLACEMENT] OBJ = 0x7ffee2028220
[H2 PLACEMENT] OBJ = 0x7ffee2028278
[H2 PLACEMENT] OBJ = 0x7ffee20282d0
[H2 PLACEMENT] OBJ = 0x7ffee2028328
[H2 PLACEMENT] OBJ = 0x7ffee2028380
[H2 PLACEMENT] OBJ = 0x7ffee20283d8
[H2 PLACEMENT] OBJ = 0x7ffee2028430
[H2 PLACEMENT] OBJ = 0x7ffee2028488
[H2 PLACEMENT] OBJ = 0x7ffee20284e0
[H2 PLACEMENT] OBJ = 0x7ffee2028538
[H2 PLACEMENT] OBJ = 0x7ffee2028590
[H2 PLACEMENT] OBJ = 0x7ffee20285e8
[H2 PLACEMENT] OBJ = 0x7ffee2028640
[H2 PLACEMENT] OBJ = 0x7ffee2028698
[H2 PLACEMENT] OBJ = 0x7ffee20286f0
[H2 PLACEMENT] OBJ = 0x7ffee2028748
[H2 PLACEMENT] OBJ = 0x7ffee20287a0
[H2 PLACEMENT] OBJ = 0x7ffee20287f8
[H2 PLACEMENT] OBJ = 0x7ffee2028850
[H2 PLACEMENT] OBJ = 0x7ffee20288a8
[H2 PLACEMENT] OBJ = 0x7ffee2028900
[H2 PLACEMENT] OBJ = 0x7ffee2028958
[H2 PLACEMENT] OBJ = 0x7ffee20289b0
[H2 PLACEMENT] OBJ = 0x7ffee2028a08
[H2 PLACEMENT] OBJ = 0x7ffee2028a60
[H2 PLACEMENT] OBJ = 0x7ffee2028ab8
[H2 PLACEMENT] OBJ = 0x7ffee2028b10
[H2 PLACEMENT] OBJ = 0x7ffee2028b68
[H2 PLACEMENT] OBJ = 0x7ffee2028bc0
[H2 PLACEMENT] OBJ = 0x7ffee2028c18
[H2 PLACEMENT] OBJ = 0x7ffee2028c70
[H2 PLACEMENT] OBJ = 0x7ffee2028cc8
[H2 PLACEMENT] OBJ = 0x7ffee2028d20
[H2 PLACEMENT] OBJ = 0x7ffee2028d78
[H2 PLACEMENT] OBJ = 0x7ffee2028dd0
[H2 PLACEMENT] OBJ = 0x7ffee2028e28
[H2 PLACEMENT] OBJ = 0x7ffee2028e80
[H2 PLACEMENT] OBJ = 0x7ffee2028ed8
[H2 PLACEMENT] OBJ = 0x7ffee2028f30
[H2 PLACEMENT] OBJ = 0x7ffee2028f88
[H2 PLACEMENT] OBJ = 0x7ffee2028fe0
[H2 PLACEMENT] OBJ = 0x7ffee2029038
[H2 PLACEMENT] OBJ = 0x7ffee2029090
[H2 PLACEMENT] OBJ = 0x7ffee20290e8
[H2 PLACEMENT] OBJ = 0x7ffee2029140
[H2 PLACEMENT] OBJ = 0x7ffee2029198
[H2 PLACEMENT] OBJ = 0x7ffee20291f0
[H2 PLACEMENT] OBJ = 0x7ffee2029248
[H2 PLACEMENT] OBJ = 0x7ffee20292a0
[H2 PLACEMENT] OBJ = 0x7ffee20292f8
[H2 PLACEMENT] OBJ = 0x7ffee2029350
[H2 PLACEMENT] OBJ = 0x7ffee20293a8
[H2 PLACEMENT] OBJ = 0x7ffee2029400
[H2 PLACEMENT] OBJ = 0x7ffee2029458
[H2 PLACEMENT] OBJ = 0x7ffee20294b0
[H2 PLACEMENT] OBJ = 0x7ffee2029508
[H2 PLACEMENT] OBJ = 0x7ffee2029560
[H2 PLACEMENT] OBJ = 0x7ffee20295b8
[H2 PLACEMENT] OBJ = 0x7ffee2029610
[H2 PLACEMENT] OBJ = 0x7ffee2029668
[H2 PLACEMENT] OBJ = 0x7ffee20296c0
[H2 PLACEMENT] OBJ = 0x7ffee2029718
[H2 PLACEMENT] OBJ = 0x7ffee2029770
[H2 PLACEMENT] OBJ = 0x7ffee20297c8
[H2 PLACEMENT] OBJ = 0x7ffee2029820
[H2 PLACEMENT] OBJ = 0x7ffee2029878
[H2 PLACEMENT] OBJ = 0x7ffee20298d0
[H2 PLACEMENT] OBJ = 0x7ffee2029928
[H2 PLACEMENT] OBJ = 0x7ffee2029980
[H2 PLACEMENT] OBJ = 0x7ffee20299d8
[H2 PLACEMENT] OBJ = 0x7ffee2029a30
[H2 PLACEMENT] OBJ = 0x7ffee2029a88
[H2 PLACEMENT] OBJ = 0x7ffee2029ae0
[H2 PLACEMENT] OBJ = 0x7ffee2029b38
[H2 PLACEMENT] OBJ = 0x7ffee2029b90
[H2 PLACEMENT] OBJ = 0x7ffee2029be8
[H2 PLACEMENT] OBJ = 0x7ffee2029c40
[H2 PLACEMENT] OBJ = 0x7ffee2029c98
[H2 PLACEMENT] OBJ = 0x7ffee2029cf0
[H2 PLACEMENT] OBJ = 0x7ffee2029d48
[H2 PLACEMENT] OBJ = 0x7ffee2029da0
[H2 PLACEMENT] OBJ = 0x7ffee2029df8
[H2 PLACEMENT] OBJ = 0x7ffee2029e50
[H2 PLACEMENT] OBJ = 0x7ffee2029ea8
[H2 PLACEMENT] OBJ = 0x7ffee2029f00
[H2 PLACEMENT] OBJ = 0x7ffee2029f58
[H2 PLACEMENT] OBJ = 0x7ffee2029fb0
[H2 PLACEMENT] OBJ = 0x7ffee202a008
[H2 PLACEMENT] OBJ = 0x7ffee202a060
[H2 PLACEMENT] OBJ = 0x7ffee202a0b8
[H2 PLACEMENT] OBJ = 0x7ffee202a110
[H2 PLACEMENT] OBJ = 0x7ffee202a168
[H2 PLACEMENT] OBJ = 0x7ffee202a1c0
[H2 PLACEMENT] OBJ = 0x7ffee202a218
[H2 PLACEMENT] OBJ = 0x7ffee202a270
[H2 PLACEMENT] OBJ = 0x7ffee202a2c8
[H2 PLACEMENT] OBJ = 0x7ffee202a320
[H2 PLACEMENT] OBJ = 0x7ffee202a378
[H2 PLACEMENT] OBJ = 0x7ffee202a3d0
[H2 PLACEMENT] OBJ = 0x7ffee202a428
[H2 PLACEMENT] OBJ = 0x7ffee202a480
[H2 PLACEMENT] OBJ = 0x7ffee202a4d8
[H2 PLACEMENT] OBJ = 0x7ffee202a530
[H2 PLACEMENT] OBJ = 0x7ffee202a588
[H2 PLACEMENT] OBJ = 0x7ffee202a5e0
[H2 PLACEMENT] OBJ = 0x7ffee202a638
[H2 PLACEMENT] OBJ = 0x7ffee202a690
[H2 PLACEMENT] OBJ = 0x7ffee202a6e8
[H2 PLACEMENT] OBJ = 0x7ffee202a740
[H2 PLACEMENT] OBJ = 0x7ffee202a798
[H2 PLACEMENT] OBJ = 0x7ffee202a7f0
[H2 PLACEMENT] OBJ = 0x7ffee202a848
[H2 PLACEMENT] OBJ = 0x7ffee202a8a0
[H2 PLACEMENT] OBJ = 0x7ffee202a8f8
[H2 PLACEMENT] OBJ = 0x7ffee202a950
[H2 PLACEMENT] OBJ = 0x7ffee202a9a8
[H2 PLACEMENT] OBJ = 0x7ffee202aa00
[H2 PLACEMENT] OBJ = 0x7ffee202aa58
[H2 PLACEMENT] OBJ = 0x7ffee202aab0
[H2 PLACEMENT] OBJ = 0x7ffee202ab08
[H2 PLACEMENT] OBJ = 0x7ffee202ab60
[H2 PLACEMENT] OBJ = 0x7ffee202abb8
[H2 PLACEMENT] OBJ = 0x7ffee202ac10
[H2 PLACEMENT] OBJ = 0x7ffee202ac68
[H2 PLACEMENT] OBJ = 0x7ffee202acc0
[H2 PLACEMENT] OBJ = 0x7ffee202ad18
[H2 PLACEMENT] OBJ = 0x7ffee202ad70
[H2 PLACEMENT] OBJ = 0x7ffee202adc8
[H2 PLACEMENT] OBJ = 0x7ffee202ae20
[H2 PLACEMENT] OBJ = 0x7ffee202ae78
[H2 PLACEMENT] OBJ = 0x7ffee202aed0
[H2 PLACEMENT] OBJ = 0x7ffee202af28
[H2 PLACEMENT] OBJ = 0x7ffee202af80
[H2 PLACEMENT] OBJ = 0x7ffee202afd8
[H2 PLACEMENT] OBJ = 0x7ffee202b030
[H2 PLACEMENT] OBJ = 0x7ffee202b088
[H2 PLACEMENT] OBJ = 0x7ffee202b0e0
[H2 PLACEMENT] OBJ = 0x7ffee202b138
[H2 PLACEMENT] OBJ = 0x7ffee202b190
[H2 PLACEMENT] OBJ = 0x7ffee202b1e8
[H2 PLACEMENT] OBJ = 0x7ffee202b240
[H2 PLACEMENT] OBJ = 0x7ffee202b298
[H2 PLACEMENT] OBJ = 0x7ffee202b2f0
[H2 PLACEMENT] OBJ = 0x7ffee202b348
[H2 PLACEMENT] OBJ = 0x7ffee202b3a0
[H2 PLACEMENT] OBJ = 0x7ffee202b3f8
[H2 PLACEMENT] OBJ = 0x7ffee202b450
[H2 PLACEMENT] OBJ = 0x7ffee202b4a8
[H2 PLACEMENT] OBJ = 0x7ffee202b500
[H2 PLACEMENT] OBJ = 0x7ffee202b558
[H2 PLACEMENT] OBJ = 0x7ffee202b5b0
[H2 PLACEMENT] OBJ = 0x7ffee202b608
[H2 PLACEMENT] OBJ = 0x7ffee202b660
[H2 PLACEMENT] OBJ = 0x7ffee202b6b8
[H2 PLACEMENT] OBJ = 0x7ffee202b710
[H2 PLACEMENT] OBJ = 0x7ffee202b768
[H2 PLACEMENT] OBJ = 0x7ffee202b7c0
[H2 PLACEMENT] OBJ = 0x7ffee202b818
[H2 PLACEMENT] OBJ = 0x7ffee202b870
[H2 PLACEMENT] OBJ = 0x7ffee202b8c8
[H2 PLACEMENT] OBJ = 0x7ffee202b920
[H2 PLACEMENT] OBJ = 0x7ffee202b978
[H2 PLACEMENT] OBJ = 0x7ffee202b9d0
[H2 PLACEMENT] OBJ = 0x7ffee202ba28
[H2 PLACEMENT] OBJ = 0x7ffee202ba80
[H2 PLACEMENT] OBJ = 0x7ffee202bad8
[H2 PLACEMENT] OBJ = 0x7ffee202bb30
[H2 PLACEMENT] OBJ = 0x7ffee202bb88
[H2 PLACEMENT] OBJ = 0x7ffee202bbe0
[H2 PLACEMENT] OBJ = 0x7ffee202bc38
[H2 PLACEMENT] OBJ = 0x7ffee202bc90
[H2 PLACEMENT] OBJ = 0x7ffee202bce8
[H2 PLACEMENT] OBJ = 0x7ffee202bd40
[H2 PLACEMENT] OBJ = 0x7ffee202bd98
[H2 PLACEMENT] OBJ = 0x7ffee202bdf0
[H2 PLACEMENT] OBJ = 0x7ffee202be48
[H2 PLACEMENT] OBJ = 0x7ffee202bea0
[H2 PLACEMENT] OBJ = 0x7ffee202bef8
[H2 PLACEMENT] OBJ = 0x7ffee202bf50
[H2 PLACEMENT] OBJ = 0x7ffee202bfa8
[H2 PLACEMENT] OBJ = 0x7ffee202c000
[H2 PLACEMENT] OBJ = 0x7ffee202c058
[H2 PLACEMENT] OBJ = 0x7ffee202c0b0
[H2 PLACEMENT] OBJ = 0x7ffee202c108
[H2 PLACEMENT] OBJ = 0x7ffee202c160
[H2 PLACEMENT] OBJ = 0x7ffee202c1b8
[H2 PLACEMENT] OBJ = 0x7ffee202c210
[H2 PLACEMENT] OBJ = 0x7ffee202c268
[H2 PLACEMENT] OBJ = 0x7ffee202c2c0
[H2 PLACEMENT] OBJ = 0x7ffee202c318
[H2 PLACEMENT] OBJ = 0x7ffee202c370
[H2 PLACEMENT] OBJ = 0x7ffee202c3c8
[H2 PLACEMENT] OBJ = 0x7ffee202c420
[H2 PLACEMENT] OBJ = 0x7ffee202c478
[H2 PLACEMENT] OBJ = 0x7ffee202c4d0
[H2 PLACEMENT] OBJ = 0x7ffee202c528
[H2 PLACEMENT] OBJ = 0x7ffee202c580
[H2 PLACEMENT] OBJ = 0x7ffee202c5d8
[H2 PLACEMENT] OBJ = 0x7ffee202c630
[H2 PLACEMENT] OBJ = 0x7ffee202c688
[H2 PLACEMENT] OBJ = 0x7ffee202c6e0
[H2 PLACEMENT] OBJ = 0x7ffee202c738
[H2 PLACEMENT] OBJ = 0x7ffee202c790
[H2 PLACEMENT] OBJ = 0x7ffee202c7e8
[H2 PLACEMENT] OBJ = 0x7ffee202c840
[H2 PLACEMENT] OBJ = 0x7ffee202c898
[H2 PLACEMENT] OBJ = 0x7ffee202c8f0
[H2 PLACEMENT] OBJ = 0x7ffee202c948
[H2 PLACEMENT] OBJ = 0x7ffee202c9a0
[H2 PLACEMENT] OBJ = 0x7ffee202c9f8
[H2 PLACEMENT] OBJ = 0x7ffee202ca50
[H2 PLACEMENT] OBJ = 0x7ffee202caa8
[H2 PLACEMENT] OBJ = 0x7ffee202cb00
[H2 PLACEMENT] OBJ = 0x7ffee202cb58
[H2 PLACEMENT] OBJ = 0x7ffee202cbb0
[H2 PLACEMENT] OBJ = 0x7ffee202cc08
[H2 PLACEMENT] OBJ = 0x7ffee202cc60
[H2 PLACEMENT] OBJ = 0x7ffee202ccb8
[H2 PLACEMENT] OBJ = 0x7ffee202cd10
[H2 PLACEMENT] OBJ = 0x7ffee202cd68
[H2 PLACEMENT] OBJ = 0x7ffee202cdc0
[H2 PLACEMENT] OBJ = 0x7ffee202ce18
[H2 PLACEMENT] OBJ = 0x7ffee202ce70
[H2 PLACEMENT] OBJ = 0x7ffee202cec8
[H2 PLACEMENT] OBJ = 0x7ffee202cf20
[H2 PLACEMENT] OBJ = 0x7ffee202cf78
[H2 PLACEMENT] OBJ = 0x7ffee202cfd0
[H2 PLACEMENT] OBJ = 0x7ffee202d028
[H2 PLACEMENT] OBJ = 0x7ffee202d080
[H2 PLACEMENT] OBJ = 0x7ffee202d0d8
[H2 PLACEMENT] OBJ = 0x7ffee202d130
[H2 PLACEMENT] OBJ = 0x7ffee202d188
[H2 PLACEMENT] OBJ = 0x7ffee202d1e0
[H2 PLACEMENT] OBJ = 0x7ffee202d238
[H2 PLACEMENT] OBJ = 0x7ffee202d290
[H2 PLACEMENT] OBJ = 0x7ffee202d2e8
[H2 PLACEMENT] OBJ = 0x7ffee202d340
[H2 PLACEMENT] OBJ = 0x7ffee202d398
[H2 PLACEMENT] OBJ = 0x7ffee202d3f0
[H2 PLACEMENT] OBJ = 0x7ffee202d448
[H2 PLACEMENT] OBJ = 0x7ffee202d4a0
[H2 PLACEMENT] OBJ = 0x7ffee202d4f8
[H2 PLACEMENT] OBJ = 0x7ffee202d550
[H2 PLACEMENT] OBJ = 0x7ffee202d5a8
[H2 PLACEMENT] OBJ = 0x7ffee202d600
[H2 PLACEMENT] OBJ = 0x7ffee202d658
[H2 PLACEMENT] OBJ = 0x7ffee202d6b0
[H2 PLACEMENT] OBJ = 0x7ffee202d708
[H2 PLACEMENT] OBJ = 0x7ffee202d760
[H2 PLACEMENT] OBJ = 0x7ffee202d7b8
[H2 PLACEMENT] OBJ = 0x7ffee202d810
[H2 PLACEMENT] OBJ = 0x7ffee202d868
[H2 PLACEMENT] OBJ = 0x7ffee202d8c0
[H2 PLACEMENT] OBJ = 0x7ffee202d918
[H2 PLACEMENT] OBJ = 0x7ffee202d970
[H2 PLACEMENT] OBJ = 0x7ffee202d9c8
[H2 PLACEMENT] OBJ = 0x7ffee202da20
[H2 PLACEMENT] OBJ = 0x7ffee202da78
[H2 PLACEMENT] OBJ = 0x7ffee202dad0
[H2 PLACEMENT] OBJ = 0x7ffee202db28
[H2 PLACEMENT] OBJ = 0x7ffee202db80
[H2 PLACEMENT] OBJ = 0x7ffee202dbd8
[H2 PLACEMENT] OBJ = 0x7ffee202dc30
[H2 PLACEMENT] OBJ = 0x7ffee202dc88
[H2 PLACEMENT] OBJ = 0x7ffee202dce0
[H2 PLACEMENT] OBJ = 0x7ffee202dd38
[H2 PLACEMENT] OBJ = 0x7ffee202dd90
[H2 PLACEMENT] OBJ = 0x7ffee202dde8
[H2 PLACEMENT] OBJ = 0x7ffee202de40
[H2 PLACEMENT] OBJ = 0x7ffee202de98
[H2 PLACEMENT] OBJ = 0x7ffee202def0
[H2 PLACEMENT] OBJ = 0x7ffee202df48
[H2 PLACEMENT] OBJ = 0x7ffee202dfa0
[H2 PLACEMENT] OBJ = 0x7ffee202dff8
[H2 PLACEMENT] OBJ = 0x7ffee202e050
[H2 PLACEMENT] OBJ = 0x7ffee202e0a8
[H2 PLACEMENT] OBJ = 0x7ffee202e100
[H2 PLACEMENT] OBJ = 0x7ffee202e158
[H2 PLACEMENT] OBJ = 0x7ffee202e1b0
[H2 PLACEMENT] OBJ = 0x7ffee202e208
[H2 PLACEMENT] OBJ = 0x7ffee202e260
[H2 PLACEMENT] OBJ = 0x7ffee202e2b8
[H2 PLACEMENT] OBJ = 0x7ffee202e310
[H2 PLACEMENT] OBJ = 0x7ffee202e368
[H2 PLACEMENT] OBJ = 0x7ffee202e3c0
[H2 PLACEMENT] OBJ = 0x7ffee202e418
[H2 PLACEMENT] OBJ = 0x7ffee202e470
[H2 PLACEMENT] OBJ = 0x7ffee202e4c8
[H2 PLACEMENT] OBJ = 0x7ffee202e520
[H2 PLACEMENT] OBJ = 0x7ffee202e578
[H2 PLACEMENT] OBJ = 0x7ffee202e5d0
[H2 PLACEMENT] OBJ = 0x7ffee202e628
[H2 PLACEMENT] OBJ = 0x7ffee202e680
[H2 PLACEMENT] OBJ = 0x7ffee202e6d8
[H2 PLACEMENT] OBJ = 0x7ffee202e730
[H2 PLACEMENT] OBJ = 0x7ffee202e788
[H2 PLACEMENT] OBJ = 0x7ffee202e7e0
[H2 PLACEMENT] OBJ = 0x7ffee202e838
[H2 PLACEMENT] OBJ = 0x7ffee202e890
[H2 PLACEMENT] OBJ = 0x7ffee202e8e8
[H2 PLACEMENT] OBJ = 0x7ffee202e940
[H2 PLACEMENT] OBJ = 0x7ffee202e998
[H2 PLACEMENT] OBJ = 0x7ffee202e9f0
[H2 PLACEMENT] OBJ = 0x7ffee202ea48
[H2 PLACEMENT] OBJ = 0x7ffee202eaa0
[H2 PLACEMENT] OBJ = 0x7ffee202eaf8
[H2 PLACEMENT] OBJ = 0x7ffee202eb50
[H2 PLACEMENT] OBJ = 0x7ffee202eba8
[H2 PLACEMENT] OBJ = 0x7ffee202ec00
[H2 PLACEMENT] OBJ = 0x7ffee202ec58
[H2 PLACEMENT] OBJ = 0x7ffee202ecb0
[H2 PLACEMENT] OBJ = 0x7ffee202ed08
[H2 PLACEMENT] OBJ = 0x7ffee202ed60
[H2 PLACEMENT] OBJ = 0x7ffee202edb8
[H2 PLACEMENT] OBJ = 0x7ffee202ee10
[H2 PLACEMENT] OBJ = 0x7ffee202ee68
[H2 PLACEMENT] OBJ = 0x7ffee202eec0
[H2 PLACEMENT] OBJ = 0x7ffee202ef18
[H2 PLACEMENT] OBJ = 0x7ffee202ef70
[H2 PLACEMENT] OBJ = 0x7ffee202efc8
[H2 PLACEMENT] OBJ = 0x7ffee202f020
[H2 PLACEMENT] OBJ = 0x7ffee202f078
[H2 PLACEMENT] OBJ = 0x7ffee202f0d0
[H2 PLACEMENT] OBJ = 0x7ffee202f128
[H2 PLACEMENT] OBJ = 0x7ffee202f180
[H2 PLACEMENT] OBJ = 0x7ffee202f1d8
[H2 PLACEMENT] OBJ = 0x7ffee202f230
[H2 PLACEMENT] OBJ = 0x7ffee202f288
[H2 PLACEMENT] OBJ = 0x7ffee202f2e0
[H2 PLACEMENT] OBJ = 0x7ffee202f338
[H2 PLACEMENT] OBJ = 0x7ffee202f390
[H2 PLACEMENT] OBJ = 0x7ffee202f3e8
[H2 PLACEMENT] OBJ = 0x7ffee202f440
[H2 PLACEMENT] OBJ = 0x7ffee202f498
[H2 PLACEMENT] OBJ = 0x7ffee202f4f0
[H2 PLACEMENT] OBJ = 0x7ffee202f548
[H2 PLACEMENT] OBJ = 0x7ffee202f5a0
[H2 PLACEMENT] OBJ = 0x7ffee202f5f8
[H2 PLACEMENT] OBJ = 0x7ffee202f650
[H2 PLACEMENT] OBJ = 0x7ffee202f6a8
[H2 PLACEMENT] OBJ = 0x7ffee202f700
[H2 PLACEMENT] OBJ = 0x7ffee202f758
[H2 PLACEMENT] OBJ = 0x7ffee202f7b0
[H2 PLACEMENT] OBJ = 0x7ffee202f808
[H2 PLACEMENT] OBJ = 0x7ffee202f860
[H2 PLACEMENT] OBJ = 0x7ffee202f8b8
[H2 PLACEMENT] OBJ = 0x7ffee202f910
[H2 PLACEMENT] OBJ = 0x7ffee202f968
[H2 PLACEMENT] OBJ = 0x7ffee202f9c0
[H2 PLACEMENT] OBJ = 0x7ffee202fa18
[H2 PLACEMENT] OBJ = 0x7ffee202fa70
[H2 PLACEMENT] OBJ = 0x7ffee202fac8
[H2 PLACEMENT] OBJ = 0x7ffee202fb20
[H2 PLACEMENT] OBJ = 0x7ffee202fb78
[H2 PLACEMENT] OBJ = 0x7ffee202fbd0
[H2 PLACEMENT] OBJ = 0x7ffee202fc28
[H2 PLACEMENT] OBJ = 0x7ffee202fc80
[H2 PLACEMENT] OBJ = 0x7ffee202fcd8
[H2 PLACEMENT] OBJ = 0x7ffee202fd30
[H2 PLACEMENT] OBJ = 0x7ffee202fd88
[H2 PLACEMENT] OBJ = 0x7ffee202fde0
[H2 PLACEMENT] OBJ = 0x7ffee202fe38
[H2 PLACEMENT] OBJ = 0x7ffee202fe90
[H2 PLACEMENT] OBJ = 0x7ffee202fee8
[H2 PLACEMENT] OBJ = 0x7ffee202ff40
[H2 PLACEMENT] OBJ = 0x7ffee202ff98
[H2 PLACEMENT] OBJ = 0x7ffee202fff0
[H2 PLACEMENT] OBJ = 0x7ffee2030048
[H2 PLACEMENT] OBJ = 0x7ffee20300a0
[H2 PLACEMENT] OBJ = 0x7ffee20300f8
[H2 PLACEMENT] OBJ = 0x7ffee2030150
[H2 PLACEMENT] OBJ = 0x7ffee20301a8
[H2 PLACEMENT] OBJ = 0x7ffee2030200
[H2 PLACEMENT] OBJ = 0x7ffee2030258
[H2 PLACEMENT] OBJ = 0x7ffee20302b0
[H2 PLACEMENT] OBJ = 0x7ffee2030308
[H2 PLACEMENT] OBJ = 0x7ffee2030360
[H2 PLACEMENT] OBJ = 0x7ffee20303b8
[H2 PLACEMENT] OBJ = 0x7ffee2030410
[H2 PLACEMENT] OBJ = 0x7ffee2030468
[H2 PLACEMENT] OBJ = 0x7ffee20304c0
[H2 PLACEMENT] OBJ = 0x7ffee2030518
[H2 PLACEMENT] OBJ = 0x7ffee2030570
[H2 PLACEMENT] OBJ = 0x7ffee20305c8
[H2 PLACEMENT] OBJ = 0x7ffee2030620
[H2 PLACEMENT] OBJ = 0x7ffee2030678
[H2 PLACEMENT] OBJ = 0x7ffee20306d0
[H2 PLACEMENT] OBJ = 0x7ffee2030728
[H2 PLACEMENT] OBJ = 0x7ffee2030780
[H2 PLACEMENT] OBJ = 0x7ffee20307d8
[H2 PLACEMENT] OBJ = 0x7ffee2030830
[H2 PLACEMENT] OBJ = 0x7ffee2030888
[H2 PLACEMENT] OBJ = 0x7ffee20308e0
[H2 PLACEMENT] OBJ = 0x7ffee2030938
[H2 PLACEMENT] OBJ = 0x7ffee2030990
[H2 PLACEMENT] OBJ = 0x7ffee20309e8
[H2 PLACEMENT] OBJ = 0x7ffee2030a40
[H2 PLACEMENT] OBJ = 0x7ffee2030a98
[H2 PLACEMENT] OBJ = 0x7ffee2030af0
[H2 PLACEMENT] OBJ = 0x7ffee2030b48
[H2 PLACEMENT] OBJ = 0x7ffee2030ba0
[H2 PLACEMENT] OBJ = 0x7ffee2030bf8
[H2 PLACEMENT] OBJ = 0x7ffee2030c50
[H2 PLACEMENT] OBJ = 0x7ffee2030ca8
[H2 PLACEMENT] OBJ = 0x7ffee2030d00
[H2 PLACEMENT] OBJ = 0x7ffee2030d58
[H2 PLACEMENT] OBJ = 0x7ffee2030db0
[H2 PLACEMENT] OBJ = 0x7ffee2030e08
[H2 PLACEMENT] OBJ = 0x7ffee2030e60
[H2 PLACEMENT] OBJ = 0x7ffee2030eb8
[H2 PLACEMENT] OBJ = 0x7ffee2030f10
[H2 PLACEMENT] OBJ = 0x7ffee2030f68
[H2 PLACEMENT] OBJ = 0x7ffee2030fc0
[H2 PLACEMENT] OBJ = 0x7ffee2031018
[H2 PLACEMENT] OBJ = 0x7ffee2031070
[H2 PLACEMENT] OBJ = 0x7ffee20310c8
[H2 PLACEMENT] OBJ = 0x7ffee2031120
[H2 PLACEMENT] OBJ = 0x7ffee2031178
[H2 PLACEMENT] OBJ = 0x7ffee20311d0
[H2 PLACEMENT] OBJ = 0x7ffee2031228
[H2 PLACEMENT] OBJ = 0x7ffee2031280
[H2 PLACEMENT] OBJ = 0x7ffee20312d8
[H2 PLACEMENT] OBJ = 0x7ffee2031330
[H2 PLACEMENT] OBJ = 0x7ffee2031388
[H2 PLACEMENT] OBJ = 0x7ffee20313e0
[H2 PLACEMENT] OBJ = 0x7ffee2031438
[H2 PLACEMENT] OBJ = 0x7ffee2031490
[H2 PLACEMENT] OBJ = 0x7ffee20314e8
[H2 PLACEMENT] OBJ = 0x7ffee2031540
[H2 PLACEMENT] OBJ = 0x7ffee2031598
[H2 PLACEMENT] OBJ = 0x7ffee20315f0
[H2 PLACEMENT] OBJ = 0x7ffee2031648
[H2 PLACEMENT] OBJ = 0x7ffee20316a0
[H2 PLACEMENT] OBJ = 0x7ffee20316f8
[H2 PLACEMENT] OBJ = 0x7ffee2031750
[H2 PLACEMENT] OBJ = 0x7ffee20317a8
[H2 PLACEMENT] OBJ = 0x7ffee2031800
[H2 PLACEMENT] OBJ = 0x7ffee2031858
[H2 PLACEMENT] OBJ = 0x7ffee20318b0
[H2 PLACEMENT] OBJ = 0x7ffee2031908
[H2 PLACEMENT] OBJ = 0x7ffee2031960
[H2 PLACEMENT] OBJ = 0x7ffee20319b8
[H2 PLACEMENT] OBJ = 0x7ffee2031a10
[H2 PLACEMENT] OBJ = 0x7ffee2031a68
[H2 PLACEMENT] OBJ = 0x7ffee2031ac0
[H2 PLACEMENT] OBJ = 0x7ffee2031b18
[H2 PLACEMENT] OBJ = 0x7ffee2031b70
[H2 PLACEMENT] OBJ = 0x7ffee2031bc8
[H2 PLACEMENT] OBJ = 0x7ffee2031c20
[H2 PLACEMENT] OBJ = 0x7ffee2031c78
[H2 PLACEMENT] OBJ = 0x7ffee2031cd0
[H2 PLACEMENT] OBJ = 0x7ffee2031d28
[H2 PLACEMENT] OBJ = 0x7ffee2031d80
[H2 PLACEMENT] OBJ = 0x7ffee2031dd8
[H2 PLACEMENT] OBJ = 0x7ffee2031e30
[H2 PLACEMENT] OBJ = 0x7ffee2031e88
[H2 PLACEMENT] OBJ = 0x7ffee2031ee0
[H2 PLACEMENT] OBJ = 0x7ffee2031f38
[H2 PLACEMENT] OBJ = 0x7ffee2031f90
[H2 PLACEMENT] OBJ = 0x7ffee2031fe8
[H2 PLACEMENT] OBJ = 0x7ffee2032040
[H2 PLACEMENT] OBJ = 0x7ffee2032098
[H2 PLACEMENT] OBJ = 0x7ffee20320f0
[H2 PLACEMENT] OBJ = 0x7ffee2032148
[H2 PLACEMENT] OBJ = 0x7ffee20321a0
[H2 PLACEMENT] OBJ = 0x7ffee20321f8
[H2 PLACEMENT] OBJ = 0x7ffee2032250
[H2 PLACEMENT] OBJ = 0x7ffee20322a8
[H2 PLACEMENT] OBJ = 0x7ffee2032300
[H2 PLACEMENT] OBJ = 0x7ffee2032358
[H2 PLACEMENT] OBJ = 0x7ffee20323b0
[H2 PLACEMENT] OBJ = 0x7ffee2032408
[H2 PLACEMENT] OBJ = 0x7ffee2032460
[H2 PLACEMENT] OBJ = 0x7ffee20324b8
[H2 PLACEMENT] OBJ = 0x7ffee2032510
[H2 PLACEMENT] OBJ = 0x7ffee2032568
[H2 PLACEMENT] OBJ = 0x7ffee20325c0
[H2 PLACEMENT] OBJ = 0x7ffee2032618
[H2 PLACEMENT] OBJ = 0x7ffee2032670
[H2 PLACEMENT] OBJ = 0x7ffee20326c8
[H2 PLACEMENT] OBJ = 0x7ffee2032720
[H2 PLACEMENT] OBJ = 0x7ffee2032778
[H2 PLACEMENT] OBJ = 0x7ffee20327d0
[H2 PLACEMENT] OBJ = 0x7ffee2032828
[H2 PLACEMENT] OBJ = 0x7ffee2032880
[H2 PLACEMENT] OBJ = 0x7ffee20328d8
[H2 PLACEMENT] OBJ = 0x7ffee2032930
[H2 PLACEMENT] OBJ = 0x7ffee2032988
[H2 PLACEMENT] OBJ = 0x7ffee20329e0
[H2 PLACEMENT] OBJ = 0x7ffee2032a38
[H2 PLACEMENT] OBJ = 0x7ffee2032a90
[H2 PLACEMENT] OBJ = 0x7ffee2032ae8
[H2 PLACEMENT] OBJ = 0x7ffee2032b40
[H2 PLACEMENT] OBJ = 0x7ffee2032b98
[H2 PLACEMENT] OBJ = 0x7ffee2032bf0
[H2 PLACEMENT] OBJ = 0x7ffee2032c48
[H2 PLACEMENT] OBJ = 0x7ffee2032ca0
[H2 PLACEMENT] OBJ = 0x7ffee2032cf8
[H2 PLACEMENT] OBJ = 0x7ffee2032d50
[H2 PLACEMENT] OBJ = 0x7ffee2032da8
[H2 PLACEMENT] OBJ = 0x7ffee2032e00
[H2 PLACEMENT] OBJ = 0x7ffee2032e58
[H2 PLACEMENT] OBJ = 0x7ffee2032eb0
[H2 PLACEMENT] OBJ = 0x7ffee2032f08
[H2 PLACEMENT] OBJ = 0x7ffee2032f60
[H2 PLACEMENT] OBJ = 0x7ffee2032fb8
[H2 PLACEMENT] OBJ = 0x7ffee2033010
[H2 PLACEMENT] OBJ = 0x7ffee2033068
[H2 PLACEMENT] OBJ = 0x7ffee20330c0
[H2 PLACEMENT] OBJ = 0x7ffee2033118
[H2 PLACEMENT] OBJ = 0x7ffee2033170
[H2 PLACEMENT] OBJ = 0x7ffee20331c8
[H2 PLACEMENT] OBJ = 0x7ffee2033220
[H2 PLACEMENT] OBJ = 0x7ffee2033278
[H2 PLACEMENT] OBJ = 0x7ffee20332d0
[H2 PLACEMENT] OBJ = 0x7ffee2033328
[H2 PLACEMENT] OBJ = 0x7ffee2033380
[H2 PLACEMENT] OBJ = 0x7ffee20333d8
[H2 PLACEMENT] OBJ = 0x7ffee2033430
[H2 PLACEMENT] OBJ = 0x7ffee2033488
[H2 PLACEMENT] OBJ = 0x7ffee20334e0
[H2 PLACEMENT] OBJ = 0x7ffee2033538
[H2 PLACEMENT] OBJ = 0x7ffee2033590
[H2 PLACEMENT] OBJ = 0x7ffee20335e8
[H2 PLACEMENT] OBJ = 0x7ffee2033640
[H2 PLACEMENT] OBJ = 0x7ffee2033698
[H2 PLACEMENT] OBJ = 0x7ffee20336f0
[H2 PLACEMENT] OBJ = 0x7ffee2033748
[H2 PLACEMENT] OBJ = 0x7ffee20337a0
[H2 PLACEMENT] OBJ = 0x7ffee20337f8
[H2 PLACEMENT] OBJ = 0x7ffee2033850
[H2 PLACEMENT] OBJ = 0x7ffee20338a8
[H2 PLACEMENT] OBJ = 0x7ffee2033900
[H2 PLACEMENT] OBJ = 0x7ffee2033958
[H2 PLACEMENT] OBJ = 0x7ffee20339b0
[H2 PLACEMENT] OBJ = 0x7ffee2033a08
[H2 PLACEMENT] OBJ = 0x7ffee2033a60
[H2 PLACEMENT] OBJ = 0x7ffee2033ab8
[H2 PLACEMENT] OBJ = 0x7ffee2033b10
[H2 PLACEMENT] OBJ = 0x7ffee2033b68
[H2 PLACEMENT] OBJ = 0x7ffee2033bc0
[H2 PLACEMENT] OBJ = 0x7ffee2033c18
[H2 PLACEMENT] OBJ = 0x7ffee2033c70
[H2 PLACEMENT] OBJ = 0x7ffee2033cc8
[H2 PLACEMENT] OBJ = 0x7ffee2033d20
[H2 PLACEMENT] OBJ = 0x7ffee2033d78
[H2 PLACEMENT] OBJ = 0x7ffee2033dd0
[H2 PLACEMENT] OBJ = 0x7ffee2033e28
[H2 PLACEMENT] OBJ = 0x7ffee2033e80
[H2 PLACEMENT] OBJ = 0x7ffee2033ed8
[H2 PLACEMENT] OBJ = 0x7ffee2033f30
[H2 PLACEMENT] OBJ = 0x7ffee2033f88
[H2 PLACEMENT] OBJ = 0x7ffee2033fe0
[H2 PLACEMENT] OBJ = 0x7ffee2034038
[H2 PLACEMENT] OBJ = 0x7ffee2034090
[H2 PLACEMENT] OBJ = 0x7ffee20340e8
[H2 PLACEMENT] OBJ = 0x7ffee2034140
[H2 PLACEMENT] OBJ = 0x7ffee2034198
[H2 PLACEMENT] OBJ = 0x7ffee20341f0
[H2 PLACEMENT] OBJ = 0x7ffee2034248
[H2 PLACEMENT] OBJ = 0x7ffee20342a0
[H2 PLACEMENT] OBJ = 0x7ffee20342f8
[H2 PLACEMENT] OBJ = 0x7ffee2034350
[H2 PLACEMENT] OBJ = 0x7ffee20343a8
[H2 PLACEMENT] OBJ = 0x7ffee2034400
[H2 PLACEMENT] OBJ = 0x7ffee2034458
[H2 PLACEMENT] OBJ = 0x7ffee20344b0
[H2 PLACEMENT] OBJ = 0x7ffee2034508
[H2 PLACEMENT] OBJ = 0x7ffee2034560
[H2 PLACEMENT] OBJ = 0x7ffee20345b8
[H2 PLACEMENT] OBJ = 0x7ffee2034610
[H2 PLACEMENT] OBJ = 0x7ffee2034668
[H2 PLACEMENT] OBJ = 0x7ffee20346c0
[H2 PLACEMENT] OBJ = 0x7ffee2034718
[H2 PLACEMENT] OBJ = 0x7ffee2034770
[H2 PLACEMENT] OBJ = 0x7ffee20347c8
[H2 PLACEMENT] OBJ = 0x7ffee2034820
[H2 PLACEMENT] OBJ = 0x7ffee2034878
[H2 PLACEMENT] OBJ = 0x7ffee20348d0
[H2 PLACEMENT] OBJ = 0x7ffee2034928
[H2 PLACEMENT] OBJ = 0x7ffee2034980
[H2 PLACEMENT] OBJ = 0x7ffee20349d8
[H2 PLACEMENT] OBJ = 0x7ffee2034a30
[H2 PLACEMENT] OBJ = 0x7ffee2034a88
[H2 PLACEMENT] OBJ = 0x7ffee2034ae0
[H2 PLACEMENT] OBJ = 0x7ffee2034b38
[H2 PLACEMENT] OBJ = 0x7ffee2034b90
[H2 PLACEMENT] OBJ = 0x7ffee2034be8
[H2 PLACEMENT] OBJ = 0x7ffee2034c40
[H2 PLACEMENT] OBJ = 0x7ffee2034c98
[H2 PLACEMENT] OBJ = 0x7ffee2034cf0
[H2 PLACEMENT] OBJ = 0x7ffee2034d48
[H2 PLACEMENT] OBJ = 0x7ffee2034da0
[H2 PLACEMENT] OBJ = 0x7ffee2034df8
[H2 PLACEMENT] OBJ = 0x7ffee2034e50
[H2 PLACEMENT] OBJ = 0x7ffee2034ea8
[H2 PLACEMENT] OBJ = 0x7ffee2034f00
[H2 PLACEMENT] OBJ = 0x7ffee2034f58
[H2 PLACEMENT] OBJ = 0x7ffee2034fb0
[H2 PLACEMENT] OBJ = 0x7ffee2035008
[H2 PLACEMENT] OBJ = 0x7ffee2035060
[H2 PLACEMENT] OBJ = 0x7ffee20350b8
[H2 PLACEMENT] OBJ = 0x7ffee2035110
[H2 PLACEMENT] OBJ = 0x7ffee2035168
[H2 PLACEMENT] OBJ = 0x7ffee20351c0
[H2 PLACEMENT] OBJ = 0x7ffee2035218
[H2 PLACEMENT] OBJ = 0x7ffee2035270
[H2 PLACEMENT] OBJ = 0x7ffee20352c8
[H2 PLACEMENT] OBJ = 0x7ffee2035320
[H2 PLACEMENT] OBJ = 0x7ffee2035378
[H2 PLACEMENT] OBJ = 0x7ffee20353d0
[H2 PLACEMENT] OBJ = 0x7ffee2035428
[H2 PLACEMENT] OBJ = 0x7ffee2035480
[H2 PLACEMENT] OBJ = 0x7ffee20354d8
[H2 PLACEMENT] OBJ = 0x7ffee2035530
[H2 PLACEMENT] OBJ = 0x7ffee2035588
[H2 PLACEMENT] OBJ = 0x7ffee20355e0
[H2 PLACEMENT] OBJ = 0x7ffee2035638
[H2 PLACEMENT] OBJ = 0x7ffee2035690
[H2 PLACEMENT] OBJ = 0x7ffee20356e8
[H2 PLACEMENT] OBJ = 0x7ffee2035740
[H2 PLACEMENT] OBJ = 0x7ffee2035798
[H2 PLACEMENT] OBJ = 0x7ffee20357f0
[H2 PLACEMENT] OBJ = 0x7ffee2035848
[H2 PLACEMENT] OBJ = 0x7ffee20358a0
[H2 PLACEMENT] OBJ = 0x7ffee20358f8
[H2 PLACEMENT] OBJ = 0x7ffee2035950
[H2 PLACEMENT] OBJ = 0x7ffee20359a8
[H2 PLACEMENT] OBJ = 0x7ffee2035a00
[H2 PLACEMENT] OBJ = 0x7ffee2035a58
[H2 PLACEMENT] OBJ = 0x7ffee2035ab0
[H2 PLACEMENT] OBJ = 0x7ffee2035b08
[H2 PLACEMENT] OBJ = 0x7ffee2035b60
[H2 PLACEMENT] OBJ = 0x7ffee2035bb8
[H2 PLACEMENT] OBJ = 0x7ffee2035c10
[H2 PLACEMENT] OBJ = 0x7ffee2035c68
[H2 PLACEMENT] OBJ = 0x7ffee2035cc0
[H2 PLACEMENT] OBJ = 0x7ffee2035d18
[H2 PLACEMENT] OBJ = 0x7ffee2035d70
[H2 PLACEMENT] OBJ = 0x7ffee2035dc8
[H2 PLACEMENT] OBJ = 0x7ffee2035e20
[H2 PLACEMENT] OBJ = 0x7ffee2035e78
[H2 PLACEMENT] OBJ = 0x7ffee2035ed0
[H2 PLACEMENT] OBJ = 0x7ffee2035f28
[H2 PLACEMENT] OBJ = 0x7ffee2035f80
[H2 PLACEMENT] OBJ = 0x7ffee2035fd8
[H2 PLACEMENT] OBJ = 0x7ffee2036030
[H2 PLACEMENT] OBJ = 0x7ffee2036088
[H2 PLACEMENT] OBJ = 0x7ffee20360e0
[H2 PLACEMENT] OBJ = 0x7ffee2036138
[H2 PLACEMENT] OBJ = 0x7ffee2036190
[H2 PLACEMENT] OBJ = 0x7ffee20361e8
[H2 PLACEMENT] OBJ = 0x7ffee2036240
[H2 PLACEMENT] OBJ = 0x7ffee2036298
[H2 PLACEMENT] OBJ = 0x7ffee20362f0
[H2 PLACEMENT] OBJ = 0x7ffee2036348
[H2 PLACEMENT] OBJ = 0x7ffee20363a0
[H2 PLACEMENT] OBJ = 0x7ffee20363f8
[H2 PLACEMENT] OBJ = 0x7ffee2036450
[H2 PLACEMENT] OBJ = 0x7ffee20364a8
[H2 PLACEMENT] OBJ = 0x7ffee2036500
[H2 PLACEMENT] OBJ = 0x7ffee2036558
[H2 PLACEMENT] OBJ = 0x7ffee20365b0
[H2 PLACEMENT] OBJ = 0x7ffee2036608
[H2 PLACEMENT] OBJ = 0x7ffee2036660
[H2 PLACEMENT] OBJ = 0x7ffee20366b8
[H2 PLACEMENT] OBJ = 0x7ffee2036710
[H2 PLACEMENT] OBJ = 0x7ffee2036768
[H2 PLACEMENT] OBJ = 0x7ffee20367c0
[H2 PLACEMENT] OBJ = 0x7ffee2036818
[H2 PLACEMENT] OBJ = 0x7ffee2036870
[H2 PLACEMENT] OBJ = 0x7ffee20368c8
[H2 PLACEMENT] OBJ = 0x7ffee2036920
[H2 PLACEMENT] OBJ = 0x7ffee2036978
[H2 PLACEMENT] OBJ = 0x7ffee20369d0
[H2 PLACEMENT] OBJ = 0x7ffee2036a28
[H2 PLACEMENT] OBJ = 0x7ffee2036a80
[H2 PLACEMENT] OBJ = 0x7ffee2036ad8
[H2 PLACEMENT] OBJ = 0x7ffee2036b30
[H2 PLACEMENT] OBJ = 0x7ffee2036b88
[H2 PLACEMENT] OBJ = 0x7ffee2036be0
[H2 PLACEMENT] OBJ = 0x7ffee2036c38
[H2 PLACEMENT] OBJ = 0x7ffee2036c90
[H2 PLACEMENT] OBJ = 0x7ffee2036ce8
[H2 PLACEMENT] OBJ = 0x7ffee2036d40
[H2 PLACEMENT] OBJ = 0x7ffee2036d98
[H2 PLACEMENT] OBJ = 0x7ffee2036df0
[H2 PLACEMENT] OBJ = 0x7ffee2036e48
[H2 PLACEMENT] OBJ = 0x7ffee2036ea0
[H2 PLACEMENT] OBJ = 0x7ffee2036ef8
[H2 PLACEMENT] OBJ = 0x7ffee2036f50
[H2 PLACEMENT] OBJ = 0x7ffee2036fa8
[H2 PLACEMENT] OBJ = 0x7ffee2037000
[H2 PLACEMENT] OBJ = 0x7ffee2037058
[H2 PLACEMENT] OBJ = 0x7ffee20370b0
[H2 PLACEMENT] OBJ = 0x7ffee2037108
[H2 PLACEMENT] OBJ = 0x7ffee2037160
[H2 PLACEMENT] OBJ = 0x7ffee20371b8
[H2 PLACEMENT] OBJ = 0x7ffee2037210
[H2 PLACEMENT] OBJ = 0x7ffee2037268
[H2 PLACEMENT] OBJ = 0x7ffee20372c0
[H2 PLACEMENT] OBJ = 0x7ffee2037318
[H2 PLACEMENT] OBJ = 0x7ffee2037370
[H2 PLACEMENT] OBJ = 0x7ffee20373c8
[H2 PLACEMENT] OBJ = 0x7ffee2037420
[H2 PLACEMENT] OBJ = 0x7ffee2037478
[H2 PLACEMENT] OBJ = 0x7ffee20374d0
[H2 PLACEMENT] OBJ = 0x7ffee2037528
[H2 PLACEMENT] OBJ = 0x7ffee2037580
[H2 PLACEMENT] OBJ = 0x7ffee20375d8
[H2 PLACEMENT] OBJ = 0x7ffee2037630
[H2 PLACEMENT] OBJ = 0x7ffee2037688
[H2 PLACEMENT] OBJ = 0x7ffee20376e0
[H2 PLACEMENT] OBJ = 0x7ffee2037738
[H2 PLACEMENT] OBJ = 0x7ffee2037790
[H2 PLACEMENT] OBJ = 0x7ffee20377e8
[H2 PLACEMENT] OBJ = 0x7ffee2037840
[H2 PLACEMENT] OBJ = 0x7ffee2037898
[H2 PLACEMENT] OBJ = 0x7ffee20378f0
[H2 PLACEMENT] OBJ = 0x7ffee2037948
[H2 PLACEMENT] OBJ = 0x7ffee20379a0
[H2 PLACEMENT] OBJ = 0x7ffee20379f8
[H2 PLACEMENT] OBJ = 0x7ffee2037a50
[H2 PLACEMENT] OBJ = 0x7ffee2037aa8
[H2 PLACEMENT] OBJ = 0x7ffee2037b00
[H2 PLACEMENT] OBJ = 0x7ffee2037b58
[H2 PLACEMENT] OBJ = 0x7ffee2037bb0
[H2 PLACEMENT] OBJ = 0x7ffee2037c08
[H2 PLACEMENT] OBJ = 0x7ffee2037c60
[H2 PLACEMENT] OBJ = 0x7ffee2037cb8
[H2 PLACEMENT] OBJ = 0x7ffee2037d10
[H2 PLACEMENT] OBJ = 0x7ffee2037d68
[H2 PLACEMENT] OBJ = 0x7ffee2037dc0
[H2 PLACEMENT] OBJ = 0x7ffee2037e18
[H2 PLACEMENT] OBJ = 0x7ffee2037e70
[H2 PLACEMENT] OBJ = 0x7ffee2037ec8
[H2 PLACEMENT] OBJ = 0x7ffee2037f20
[H2 PLACEMENT] OBJ = 0x7ffee2037f78
[H2 PLACEMENT] OBJ = 0x7ffee2037fd0
[H2 PLACEMENT] OBJ = 0x7ffee2038028
[H2 PLACEMENT] OBJ = 0x7ffee2038080
[H2 PLACEMENT] OBJ = 0x7ffee20380d8
[H2 PLACEMENT] OBJ = 0x7ffee2038130
[H2 PLACEMENT] OBJ = 0x7ffee2038188
[H2 PLACEMENT] OBJ = 0x7ffee20381e0
[H2 PLACEMENT] OBJ = 0x7ffee2038238
[H2 PLACEMENT] OBJ = 0x7ffee2038290
[H2 PLACEMENT] OBJ = 0x7ffee20382e8
[H2 PLACEMENT] OBJ = 0x7ffee2038340
[H2 PLACEMENT] OBJ = 0x7ffee2038398
[H2 PLACEMENT] OBJ = 0x7ffee20383f0
[H2 PLACEMENT] OBJ = 0x7ffee2038448
[H2 PLACEMENT] OBJ = 0x7ffee20384a0
[H2 PLACEMENT] OBJ = 0x7ffee20384f8
[H2 PLACEMENT] OBJ = 0x7ffee2038550
[H2 PLACEMENT] OBJ = 0x7ffee20385a8
[H2 PLACEMENT] OBJ = 0x7ffee2038600
[H2 PLACEMENT] OBJ = 0x7ffee2038658
[H2 PLACEMENT] OBJ = 0x7ffee20386b0
[H2 PLACEMENT] OBJ = 0x7ffee2038708
[H2 PLACEMENT] OBJ = 0x7ffee2038760
[H2 PLACEMENT] OBJ = 0x7ffee20387b8
[H2 PLACEMENT] OBJ = 0x7ffee2038810
[H2 PLACEMENT] OBJ = 0x7ffee2038868
[H2 PLACEMENT] OBJ = 0x7ffee20388c0
[H2 PLACEMENT] OBJ = 0x7ffee2038918
[H2 PLACEMENT] OBJ = 0x7ffee2038970
[H2 PLACEMENT] OBJ = 0x7ffee20389c8
[H2 PLACEMENT] OBJ = 0x7ffee2038a20
[H2 PLACEMENT] OBJ = 0x7ffee2038a78
[H2 PLACEMENT] OBJ = 0x7ffee2038ad0
[H2 PLACEMENT] OBJ = 0x7ffee2038b28
[H2 PLACEMENT] OBJ = 0x7ffee2038b80
[H2 PLACEMENT] OBJ = 0x7ffee2038bd8
[H2 PLACEMENT] OBJ = 0x7ffee2038c30
[H2 PLACEMENT] OBJ = 0x7ffee2038c88
[H2 PLACEMENT] OBJ = 0x7ffee2038ce0
[H2 PLACEMENT] OBJ = 0x7ffee2038d38
[H2 PLACEMENT] OBJ = 0x7ffee2038d90
[H2 PLACEMENT] OBJ = 0x7ffee2038de8
[H2 PLACEMENT] OBJ = 0x7ffee2038e40
[H2 PLACEMENT] OBJ = 0x7ffee2038e98
[H2 PLACEMENT] OBJ = 0x7ffee2038ef0
[H2 PLACEMENT] OBJ = 0x7ffee2038f48
[H2 PLACEMENT] OBJ = 0x7ffee2038fa0
[H2 PLACEMENT] OBJ = 0x7ffee2038ff8
[H2 PLACEMENT] OBJ = 0x7ffee2039050
[H2 PLACEMENT] OBJ = 0x7ffee20390a8
[H2 PLACEMENT] OBJ = 0x7ffee2039100
[H2 PLACEMENT] OBJ = 0x7ffee2039158
[H2 PLACEMENT] OBJ = 0x7ffee20391b0
[H2 PLACEMENT] OBJ = 0x7ffee2039208
[H2 PLACEMENT] OBJ = 0x7ffee2039260
[H2 PLACEMENT] OBJ = 0x7ffee20392b8
[H2 PLACEMENT] OBJ = 0x7ffee2039310
[H2 PLACEMENT] OBJ = 0x7ffee2039368
[H2 PLACEMENT] OBJ = 0x7ffee20393c0
[H2 PLACEMENT] OBJ = 0x7ffee2039418
[H2 PLACEMENT] OBJ = 0x7ffee2039470
[H2 PLACEMENT] OBJ = 0x7ffee20394c8
[H2 PLACEMENT] OBJ = 0x7ffee2039520
[H2 PLACEMENT] OBJ = 0x7ffee2039578
[H2 PLACEMENT] OBJ = 0x7ffee20395d0
[H2 PLACEMENT] OBJ = 0x7ffee2039628
[H2 PLACEMENT] OBJ = 0x7ffee2039680
[H2 PLACEMENT] OBJ = 0x7ffee20396d8
[H2 PLACEMENT] OBJ = 0x7ffee2039730
[H2 PLACEMENT] OBJ = 0x7ffee2039788
[H2 PLACEMENT] OBJ = 0x7ffee20397e0
[H2 PLACEMENT] OBJ = 0x7ffee2039838
[H2 PLACEMENT] OBJ = 0x7ffee2039890
[H2 PLACEMENT] OBJ = 0x7ffee20398e8
[H2 PLACEMENT] OBJ = 0x7ffee2039940
[H2 PLACEMENT] OBJ = 0x7ffee2039998
[H2 PLACEMENT] OBJ = 0x7ffee20399f0
[H2 PLACEMENT] OBJ = 0x7ffee2039a48
[H2 PLACEMENT] OBJ = 0x7ffee2039aa0
[H2 PLACEMENT] OBJ = 0x7ffee2039af8
[H2 PLACEMENT] OBJ = 0x7ffee2039b50
[H2 PLACEMENT] OBJ = 0x7ffee2039ba8
[H2 PLACEMENT] OBJ = 0x7ffee2039c00
[H2 PLACEMENT] OBJ = 0x7ffee2039c58
[H2 PLACEMENT] OBJ = 0x7ffee2039cb0
[H2 PLACEMENT] OBJ = 0x7ffee2039d08
[H2 PLACEMENT] OBJ = 0x7ffee2039d60
[H2 PLACEMENT] OBJ = 0x7ffee2039db8
[H2 PLACEMENT] OBJ = 0x7ffee2039e10
[H2 PLACEMENT] OBJ = 0x7ffee2039e68
[H2 PLACEMENT] OBJ = 0x7ffee2039ec0
[H2 PLACEMENT] OBJ = 0x7ffee2039f18
[H2 PLACEMENT] OBJ = 0x7ffee2039f70
[H2 PLACEMENT] OBJ = 0x7ffee2039fc8
[H2 PLACEMENT] OBJ = 0x7ffee203a020
[H2 PLACEMENT] OBJ = 0x7ffee203a078
[H2 PLACEMENT] OBJ = 0x7ffee203a0d0
[H2 PLACEMENT] OBJ = 0x7ffee203a128
[H2 PLACEMENT] OBJ = 0x7ffee203a180
[H2 PLACEMENT] OBJ = 0x7ffee203a1d8
[H2 PLACEMENT] OBJ = 0x7ffee203a230
[H2 PLACEMENT] OBJ = 0x7ffee203a288
[H2 PLACEMENT] OBJ = 0x7ffee203a2e0
[H2 PLACEMENT] OBJ = 0x7ffee203a338
[H2 PLACEMENT] OBJ = 0x7ffee203a390
[H2 PLACEMENT] OBJ = 0x7ffee203a3e8
[H2 PLACEMENT] OBJ = 0x7ffee203a440
[H2 PLACEMENT] OBJ = 0x7ffee203a498
[H2 PLACEMENT] OBJ = 0x7ffee203a4f0
[H2 PLACEMENT] OBJ = 0x7ffee203a548
[H2 PLACEMENT] OBJ = 0x7ffee203a5a0
[H2 PLACEMENT] OBJ = 0x7ffee203a5f8
[H2 PLACEMENT] OBJ = 0x7ffee203a650
[H2 PLACEMENT] OBJ = 0x7ffee203a6a8
[H2 PLACEMENT] OBJ = 0x7ffee203a700
[H2 PLACEMENT] OBJ = 0x7ffee203a758
[H2 PLACEMENT] OBJ = 0x7ffee203a7b0
[H2 PLACEMENT] OBJ = 0x7ffee203a808
[H2 PLACEMENT] OBJ = 0x7ffee203a860
[H2 PLACEMENT] OBJ = 0x7ffee203a8b8
[H2 PLACEMENT] OBJ = 0x7ffee203a910
[H2 PLACEMENT] OBJ = 0x7ffee203a968
[H2 PLACEMENT] OBJ = 0x7ffee203a9c0
[H2 PLACEMENT] OBJ = 0x7ffee203aa18
[H2 PLACEMENT] OBJ = 0x7ffee203aa70
[H2 PLACEMENT] OBJ = 0x7ffee203aac8
[H2 PLACEMENT] OBJ = 0x7ffee203ab20
[H2 PLACEMENT] OBJ = 0x7ffee203ab78
[H2 PLACEMENT] OBJ = 0x7ffee203abd0
[H2 PLACEMENT] OBJ = 0x7ffee203ac28
[H2 PLACEMENT] OBJ = 0x7ffee203ac80
[H2 PLACEMENT] OBJ = 0x7ffee203acd8
[H2 PLACEMENT] OBJ = 0x7ffee203ad30
[H2 PLACEMENT] OBJ = 0x7ffee203ad88
[H2 PLACEMENT] OBJ = 0x7ffee203ade0
[H2 PLACEMENT] OBJ = 0x7ffee203ae38
[H2 PLACEMENT] OBJ = 0x7ffee203ae90
[H2 PLACEMENT] OBJ = 0x7ffee203aee8
[H2 PLACEMENT] OBJ = 0x7ffee203af40
[H2 PLACEMENT] OBJ = 0x7ffee203af98
[H2 PLACEMENT] OBJ = 0x7ffee203aff0
[H2 PLACEMENT] OBJ = 0x7ffee203b048
[H2 PLACEMENT] OBJ = 0x7ffee203b0a0
[H2 PLACEMENT] OBJ = 0x7ffee203b0f8
[H2 PLACEMENT] OBJ = 0x7ffee203b150
[H2 PLACEMENT] OBJ = 0x7ffee203b1a8
[H2 PLACEMENT] OBJ = 0x7ffee203b200
[H2 PLACEMENT] OBJ = 0x7ffee203b258
[H2 PLACEMENT] OBJ = 0x7ffee203b2b0
[H2 PLACEMENT] OBJ = 0x7ffee203b308
[H2 PLACEMENT] OBJ = 0x7ffee203b360
[H2 PLACEMENT] OBJ = 0x7ffee203b3b8
[H2 PLACEMENT] OBJ = 0x7ffee203b410
[H2 PLACEMENT] OBJ = 0x7ffee203b468
[H2 PLACEMENT] OBJ = 0x7ffee203b4c0
[H2 PLACEMENT] OBJ = 0x7ffee203b518
[H2 PLACEMENT] OBJ = 0x7ffee203b570
[H2 PLACEMENT] OBJ = 0x7ffee203b5c8
[H2 PLACEMENT] OBJ = 0x7ffee203b620
[H2 PLACEMENT] OBJ = 0x7ffee203b678
[H2 PLACEMENT] OBJ = 0x7ffee203b6d0
[H2 PLACEMENT] OBJ = 0x7ffee203b728
[H2 PLACEMENT] OBJ = 0x7ffee203b780
[H2 PLACEMENT] OBJ = 0x7ffee203b7d8
[H2 PLACEMENT] OBJ = 0x7ffee203b830
[H2 PLACEMENT] OBJ = 0x7ffee203b888
[H2 PLACEMENT] OBJ = 0x7ffee203b8e0
[H2 PLACEMENT] OBJ = 0x7ffee203b938
[H2 PLACEMENT] OBJ = 0x7ffee203b990
[H2 PLACEMENT] OBJ = 0x7ffee203b9e8
[H2 PLACEMENT] OBJ = 0x7ffee203ba40
[H2 PLACEMENT] OBJ = 0x7ffee203ba98
[H2 PLACEMENT] OBJ = 0x7ffee203baf0
[H2 PLACEMENT] OBJ = 0x7ffee203bb48
[H2 PLACEMENT] OBJ = 0x7ffee203bba0
[H2 PLACEMENT] OBJ = 0x7ffee203bbf8
[H2 PLACEMENT] OBJ = 0x7ffee203bc50
[H2 PLACEMENT] OBJ = 0x7ffee203bca8
[H2 PLACEMENT] OBJ = 0x7ffee203bd00
[H2 PLACEMENT] OBJ = 0x7ffee203bd58
[H2 PLACEMENT] OBJ = 0x7ffee203bdb0
[H2 PLACEMENT] OBJ = 0x7ffee203be08
[H2 PLACEMENT] OBJ = 0x7ffee203be60
[H2 PLACEMENT] OBJ = 0x7ffee203beb8
[H2 PLACEMENT] OBJ = 0x7ffee203bf10
[H2 PLACEMENT] OBJ = 0x7ffee203bf68
[H2 PLACEMENT] OBJ = 0x7ffee203bfc0
[H2 PLACEMENT] OBJ = 0x7ffee203c018
[H2 PLACEMENT] OBJ = 0x7ffee203c070
[H2 PLACEMENT] OBJ = 0x7ffee203c0c8
[H2 PLACEMENT] OBJ = 0x7ffee203c120
[H2 PLACEMENT] OBJ = 0x7ffee203c178
[H2 PLACEMENT] OBJ = 0x7ffee203c1d0
[H2 PLACEMENT] OBJ = 0x7ffee203c228
[H2 PLACEMENT] OBJ = 0x7ffee203c280
[H2 PLACEMENT] OBJ = 0x7ffee203c2d8
[H2 PLACEMENT] OBJ = 0x7ffee203c330
[H2 PLACEMENT] OBJ = 0x7ffee203c388
[H2 PLACEMENT] OBJ = 0x7ffee203c3e0
[H2 PLACEMENT] OBJ = 0x7ffee203c438
[H2 PLACEMENT] OBJ = 0x7ffee203c490
[H2 PLACEMENT] OBJ = 0x7ffee203c4e8
[H2 PLACEMENT] OBJ = 0x7ffee203c540
[H2 PLACEMENT] OBJ = 0x7ffee203c598
[H2 PLACEMENT] OBJ = 0x7ffee203c5f0
[H2 PLACEMENT] OBJ = 0x7ffee203c648
[H2 PLACEMENT] OBJ = 0x7ffee203c6a0
[H2 PLACEMENT] OBJ = 0x7ffee203c6f8
[H2 PLACEMENT] OBJ = 0x7ffee203c750
[H2 PLACEMENT] OBJ = 0x7ffee203c7a8
[H2 PLACEMENT] OBJ = 0x7ffee203c800
[H2 PLACEMENT] OBJ = 0x7ffee203c858
[H2 PLACEMENT] OBJ = 0x7ffee203c8b0
[H2 PLACEMENT] OBJ = 0x7ffee203c908
[H2 PLACEMENT] OBJ = 0x7ffee203c960
[H2 PLACEMENT] OBJ = 0x7ffee203c9b8
[H2 PLACEMENT] OBJ = 0x7ffee203ca10
[H2 PLACEMENT] OBJ = 0x7ffee203ca68
[H2 PLACEMENT] OBJ = 0x7ffee203cac0
[H2 PLACEMENT] OBJ = 0x7ffee203cb18
[H2 PLACEMENT] OBJ = 0x7ffee203cb70
[H2 PLACEMENT] OBJ = 0x7ffee203cbc8
[H2 PLACEMENT] OBJ = 0x7ffee203cc20
[H2 PLACEMENT] OBJ = 0x7ffee203cc78
[H2 PLACEMENT] OBJ = 0x7ffee203ccd0
[H2 PLACEMENT] OBJ = 0x7ffee203cd28
[H2 PLACEMENT] OBJ = 0x7ffee203cd80
[H2 PLACEMENT] OBJ = 0x7ffee203cdd8
[H2 PLACEMENT] OBJ = 0x7ffee203ce30
[H2 PLACEMENT] OBJ = 0x7ffee203ce88
[H2 PLACEMENT] OBJ = 0x7ffee203cee0
[H2 PLACEMENT] OBJ = 0x7ffee203cf38
[H2 PLACEMENT] OBJ = 0x7ffee203cf90
[H2 PLACEMENT] OBJ = 0x7ffee203cfe8
[H2 PLACEMENT] OBJ = 0x7ffee203d040
[H2 PLACEMENT] OBJ = 0x7ffee203d098
[H2 PLACEMENT] OBJ = 0x7ffee203d0f0
[H2 PLACEMENT] OBJ = 0x7ffee203d148
[H2 PLACEMENT] OBJ = 0x7ffee203d1a0
[H2 PLACEMENT] OBJ = 0x7ffee203d1f8
[H2 PLACEMENT] OBJ = 0x7ffee203d250
[H2 PLACEMENT] OBJ = 0x7ffee203d2a8
[H2 PLACEMENT] OBJ = 0x7ffee203d300
[H2 PLACEMENT] OBJ = 0x7ffee203d358
[H2 PLACEMENT] OBJ = 0x7ffee203d3b0
[H2 PLACEMENT] OBJ = 0x7ffee203d408
[H2 PLACEMENT] OBJ = 0x7ffee203d460
[H2 PLACEMENT] OBJ = 0x7ffee203d4b8
[H2 PLACEMENT] OBJ = 0x7ffee203d510
[H2 PLACEMENT] OBJ = 0x7ffee203d568
[H2 PLACEMENT] OBJ = 0x7ffee203d5c0
[H2 PLACEMENT] OBJ = 0x7ffee203d618
[H2 PLACEMENT] OBJ = 0x7ffee203d670
[H2 PLACEMENT] OBJ = 0x7ffee203d6c8
[H2 PLACEMENT] OBJ = 0x7ffee203d720
[H2 PLACEMENT] OBJ = 0x7ffee203d778
[H2 PLACEMENT] OBJ = 0x7ffee203d7d0
[H2 PLACEMENT] OBJ = 0x7ffee203d828
[H2 PLACEMENT] OBJ = 0x7ffee203d880
[H2 PLACEMENT] OBJ = 0x7ffee203d8d8
[H2 PLACEMENT] OBJ = 0x7ffee203d930
[H2 PLACEMENT] OBJ = 0x7ffee203d988
[H2 PLACEMENT] OBJ = 0x7ffee203d9e0
[H2 PLACEMENT] OBJ = 0x7ffee203da38
[H2 PLACEMENT] OBJ = 0x7ffee203da90
[H2 PLACEMENT] OBJ = 0x7ffee203dae8
[H2 PLACEMENT] OBJ = 0x7ffee203db40
[H2 PLACEMENT] OBJ = 0x7ffee203db98
[H2 PLACEMENT] OBJ = 0x7ffee203dbf0
[H2 PLACEMENT] OBJ = 0x7ffee203dc48
[H2 PLACEMENT] OBJ = 0x7ffee203dca0
[H2 PLACEMENT] OBJ = 0x7ffee203dcf8
[H2 PLACEMENT] OBJ = 0x7ffee203dd50
[H2 PLACEMENT] OBJ = 0x7ffee203dda8
[H2 PLACEMENT] OBJ = 0x7ffee203de00
[H2 PLACEMENT] OBJ = 0x7ffee203de58
[H2 PLACEMENT] OBJ = 0x7ffee203deb0
[H2 PLACEMENT] OBJ = 0x7ffee203df08
[H2 PLACEMENT] OBJ = 0x7ffee203df60
[H2 PLACEMENT] OBJ = 0x7ffee203dfb8
[H2 PLACEMENT] OBJ = 0x7ffee203e010
[H2 PLACEMENT] OBJ = 0x7ffee203e068
[H2 PLACEMENT] OBJ = 0x7ffee203e0c0
[H2 PLACEMENT] OBJ = 0x7ffee203e118
[H2 PLACEMENT] OBJ = 0x7ffee203e170
[H2 PLACEMENT] OBJ = 0x7ffee203e1c8
[H2 PLACEMENT] OBJ = 0x7ffee203e220
[H2 PLACEMENT] OBJ = 0x7ffee203e278
[H2 PLACEMENT] OBJ = 0x7ffee203e2d0
[H2 PLACEMENT] OBJ = 0x7ffee203e328
[H2 PLACEMENT] OBJ = 0x7ffee203e380
[H2 PLACEMENT] OBJ = 0x7ffee203e3d8
[H2 PLACEMENT] OBJ = 0x7ffee203e430
[H2 PLACEMENT] OBJ = 0x7ffee203e488
[H2 PLACEMENT] OBJ = 0x7ffee203e4e0
[H2 PLACEMENT] OBJ = 0x7ffee203e538
[H2 PLACEMENT] OBJ = 0x7ffee203e590
[H2 PLACEMENT] OBJ = 0x7ffee203e5e8
[H2 PLACEMENT] OBJ = 0x7ffee203e640
[H2 PLACEMENT] OBJ = 0x7ffee203e698
[H2 PLACEMENT] OBJ = 0x7ffee203e6f0
[H2 PLACEMENT] OBJ = 0x7ffee203e748
[H2 PLACEMENT] OBJ = 0x7ffee203e7a0
[H2 PLACEMENT] OBJ = 0x7ffee203e7f8
[H2 PLACEMENT] OBJ = 0x7ffee203e850
[H2 PLACEMENT] OBJ = 0x7ffee203e8a8
[H2 PLACEMENT] OBJ = 0x7ffee203e900
[H2 PLACEMENT] OBJ = 0x7ffee203e958
[H2 PLACEMENT] OBJ = 0x7ffee203e9b0
[H2 PLACEMENT] OBJ = 0x7ffee203ea08
[H2 PLACEMENT] OBJ = 0x7ffee203ea60
[H2 PLACEMENT] OBJ = 0x7ffee203eab8
[H2 PLACEMENT] OBJ = 0x7ffee203eb10
[H2 PLACEMENT] OBJ = 0x7ffee203eb68
[H2 PLACEMENT] OBJ = 0x7ffee203ebc0
[H2 PLACEMENT] OBJ = 0x7ffee203ec18
[H2 PLACEMENT] OBJ = 0x7ffee203ec70
[H2 PLACEMENT] OBJ = 0x7ffee203ecc8
[H2 PLACEMENT] OBJ = 0x7ffee203ed20
[H2 PLACEMENT] OBJ = 0x7ffee203ed78
[H2 PLACEMENT] OBJ = 0x7ffee203edd0
[H2 PLACEMENT] OBJ = 0x7ffee203ee28
[H2 PLACEMENT] OBJ = 0x7ffee203ee80
[H2 PLACEMENT] OBJ = 0x7ffee203eed8
[H2 PLACEMENT] OBJ = 0x7ffee203ef30
[H2 PLACEMENT] OBJ = 0x7ffee203ef88
[H2 PLACEMENT] OBJ = 0x7ffee203efe0
[H2 PLACEMENT] OBJ = 0x7ffee203f038
[H2 PLACEMENT] OBJ = 0x7ffee203f090
[H2 PLACEMENT] OBJ = 0x7ffee203f0e8
[H2 PLACEMENT] OBJ = 0x7ffee203f140
[H2 PLACEMENT] OBJ = 0x7ffee203f198
[H2 PLACEMENT] OBJ = 0x7ffee203f1f0
[H2 PLACEMENT] OBJ = 0x7ffee203f248
[H2 PLACEMENT] OBJ = 0x7ffee203f2a0
[H2 PLACEMENT] OBJ = 0x7ffee203f2f8
[H2 PLACEMENT] OBJ = 0x7ffee203f350
[H2 PLACEMENT] OBJ = 0x7ffee203f3a8
[H2 PLACEMENT] OBJ = 0x7ffee203f400
[H2 PLACEMENT] OBJ = 0x7ffee203f458
[H2 PLACEMENT] OBJ = 0x7ffee203f4b0
[H2 PLACEMENT] OBJ = 0x7ffee203f508
[H2 PLACEMENT] OBJ = 0x7ffee203f560
[H2 PLACEMENT] OBJ = 0x7ffee203f5b8
[H2 PLACEMENT] OBJ = 0x7ffee203f610
[H2 PLACEMENT] OBJ = 0x7ffee203f668
[H2 PLACEMENT] OBJ = 0x7ffee203f6c0
[H2 PLACEMENT] OBJ = 0x7ffee203f718
[H2 PLACEMENT] OBJ = 0x7ffee203f770
[H2 PLACEMENT] OBJ = 0x7ffee203f7c8
[H2 PLACEMENT] OBJ = 0x7ffee203f820
[H2 PLACEMENT] OBJ = 0x7ffee203f878
[H2 PLACEMENT] OBJ = 0x7ffee203f8d0
[H2 PLACEMENT] OBJ = 0x7ffee203f928
[H2 PLACEMENT] OBJ = 0x7ffee203f980
[H2 PLACEMENT] OBJ = 0x7ffee203f9d8
[H2 PLACEMENT] OBJ = 0x7ffee203fa30
[H2 PLACEMENT] OBJ = 0x7ffee203fa88
[H2 PLACEMENT] OBJ = 0x7ffee203fae0
[H2 PLACEMENT] OBJ = 0x7ffee203fb38
[H2 PLACEMENT] OBJ = 0x7ffee203fb90
[H2 PLACEMENT] OBJ = 0x7ffee203fbe8
[H2 PLACEMENT] OBJ = 0x7ffee203fc40
[H2 PLACEMENT] OBJ = 0x7ffee203fc98
[H2 PLACEMENT] OBJ = 0x7ffee203fcf0
[H2 PLACEMENT] OBJ = 0x7ffee203fd48
[H2 PLACEMENT] OBJ = 0x7ffee203fda0
[H2 PLACEMENT] OBJ = 0x7ffee203fdf8
[H2 PLACEMENT] OBJ = 0x7ffee203fe50
[H2 PLACEMENT] OBJ = 0x7ffee203fea8
[H2 PLACEMENT] OBJ = 0x7ffee203ff00
[H2 PLACEMENT] OBJ = 0x7ffee203ff58
[H2 PLACEMENT] OBJ = 0x7ffee203ffb0
[H2 PLACEMENT] OBJ = 0x7ffee2040008
[H2 PLACEMENT] OBJ = 0x7ffee2040060
[H2 PLACEMENT] OBJ = 0x7ffee20400b8
[H2 PLACEMENT] OBJ = 0x7ffee2040110
[H2 PLACEMENT] OBJ = 0x7ffee2040168
[H2 PLACEMENT] OBJ = 0x7ffee20401c0
[H2 PLACEMENT] OBJ = 0x7ffee2040218
[H2 PLACEMENT] OBJ = 0x7ffee2040270
[H2 PLACEMENT] OBJ = 0x7ffee20402c8
[H2 PLACEMENT] OBJ = 0x7ffee2040320
[H2 PLACEMENT] OBJ = 0x7ffee2040378
[H2 PLACEMENT] OBJ = 0x7ffee20403d0
[H2 PLACEMENT] OBJ = 0x7ffee2040428
[H2 PLACEMENT] OBJ = 0x7ffee2040480
[H2 PLACEMENT] OBJ = 0x7ffee20404d8
[H2 PLACEMENT] OBJ = 0x7ffee2040530
[H2 PLACEMENT] OBJ = 0x7ffee2040588
[H2 PLACEMENT] OBJ = 0x7ffee20405e0
[H2 PLACEMENT] OBJ = 0x7ffee2040638
[H2 PLACEMENT] OBJ = 0x7ffee2040690
[H2 PLACEMENT] OBJ = 0x7ffee20406e8
[H2 PLACEMENT] OBJ = 0x7ffee2040740
[H2 PLACEMENT] OBJ = 0x7ffee2040798
[H2 PLACEMENT] OBJ = 0x7ffee20407f0
[H2 PLACEMENT] OBJ = 0x7ffee2040848
[H2 PLACEMENT] OBJ = 0x7ffee20408a0
[H2 PLACEMENT] OBJ = 0x7ffee20408f8
[H2 PLACEMENT] OBJ = 0x7ffee2040950
[H2 PLACEMENT] OBJ = 0x7ffee20409a8
[H2 PLACEMENT] OBJ = 0x7ffee2040a00
[H2 PLACEMENT] OBJ = 0x7ffee2040a58
[H2 PLACEMENT] OBJ = 0x7ffee2040ab0
[H2 PLACEMENT] OBJ = 0x7ffee2040b08
[H2 PLACEMENT] OBJ = 0x7ffee2040b60
[H2 PLACEMENT] OBJ = 0x7ffee2040bb8
[H2 PLACEMENT] OBJ = 0x7ffee2040c10
[H2 PLACEMENT] OBJ = 0x7ffee2040c68
[H2 PLACEMENT] OBJ = 0x7ffee2040cc0
[H2 PLACEMENT] OBJ = 0x7ffee2040d18
[H2 PLACEMENT] OBJ = 0x7ffee2040d70
[H2 PLACEMENT] OBJ = 0x7ffee2040dc8
[H2 PLACEMENT] OBJ = 0x7ffee2040e20
[H2 PLACEMENT] OBJ = 0x7ffee2040e78
[H2 PLACEMENT] OBJ = 0x7ffee2040ed0
[H2 PLACEMENT] OBJ = 0x7ffee2040f28
[H2 PLACEMENT] OBJ = 0x7ffee2040f80
[H2 PLACEMENT] OBJ = 0x7ffee2040fd8
[H2 PLACEMENT] OBJ = 0x7ffee2041030
[H2 PLACEMENT] OBJ = 0x7ffee2041088
[H2 PLACEMENT] OBJ = 0x7ffee20410e0
[H2 PLACEMENT] OBJ = 0x7ffee2041138
[H2 PLACEMENT] OBJ = 0x7ffee2041190
[H2 PLACEMENT] OBJ = 0x7ffee20411e8
[H2 PLACEMENT] OBJ = 0x7ffee2041240
[H2 PLACEMENT] OBJ = 0x7ffee2041298
[H2 PLACEMENT] OBJ = 0x7ffee20412f0
[H2 PLACEMENT] OBJ = 0x7ffee2041348
[H2 PLACEMENT] OBJ = 0x7ffee20413a0
[H2 PLACEMENT] OBJ = 0x7ffee20413f8
[H2 PLACEMENT] OBJ = 0x7ffee2041450
[H2 PLACEMENT] OBJ = 0x7ffee20414a8
[H2 PLACEMENT] OBJ = 0x7ffee2041500
[H2 PLACEMENT] OBJ = 0x7ffee2041558
[H2 PLACEMENT] OBJ = 0x7ffee20415b0
[H2 PLACEMENT] OBJ = 0x7ffee2041608
[H2 PLACEMENT] OBJ = 0x7ffee2041660
[H2 PLACEMENT] OBJ = 0x7ffee20416b8
[H2 PLACEMENT] OBJ = 0x7ffee2041710
[H2 PLACEMENT] OBJ = 0x7ffee2041768
[H2 PLACEMENT] OBJ = 0x7ffee20417c0
[H2 PLACEMENT] OBJ = 0x7ffee2041818
[H2 PLACEMENT] OBJ = 0x7ffee2041870
[H2 PLACEMENT] OBJ = 0x7ffee20418c8
[H2 PLACEMENT] OBJ = 0x7ffee2041920
[H2 PLACEMENT] OBJ = 0x7ffee2041978
[H2 PLACEMENT] OBJ = 0x7ffee20419d0
[H2 PLACEMENT] OBJ = 0x7ffee2041a28
[H2 PLACEMENT] OBJ = 0x7ffee2041a80
[H2 PLACEMENT] OBJ = 0x7ffee2041ad8
[H2 PLACEMENT] OBJ = 0x7ffee2041b30
[H2 PLACEMENT] OBJ = 0x7ffee2041b88
[H2 PLACEMENT] OBJ = 0x7ffee2041be0
[H2 PLACEMENT] OBJ = 0x7ffee2041c38
[H2 PLACEMENT] OBJ = 0x7ffee2041c90
[H2 PLACEMENT] OBJ = 0x7ffee2041ce8
[H2 PLACEMENT] OBJ = 0x7ffee2041d40
[H2 PLACEMENT] OBJ = 0x7ffee2041d98
[H2 PLACEMENT] OBJ = 0x7ffee2041df0
[H2 PLACEMENT] OBJ = 0x7ffee2041e48
[H2 PLACEMENT] OBJ = 0x7ffee2041ea0
[H2 PLACEMENT] OBJ = 0x7ffee2041ef8
[H2 PLACEMENT] OBJ = 0x7ffee2041f50
[H2 PLACEMENT] OBJ = 0x7ffee2041fa8
[H2 PLACEMENT] OBJ = 0x7ffee2042000
[H2 PLACEMENT] OBJ = 0x7ffee2042058
[H2 PLACEMENT] OBJ = 0x7ffee20420b0
[H2 PLACEMENT] OBJ = 0x7ffee2042108
[H2 PLACEMENT] OBJ = 0x7ffee2042160
[H2 PLACEMENT] OBJ = 0x7ffee20421b8
[H2 PLACEMENT] OBJ = 0x7ffee2042210
[H2 PLACEMENT] OBJ = 0x7ffee2042268
[H2 PLACEMENT] OBJ = 0x7ffee20422c0
[H2 PLACEMENT] OBJ = 0x7ffee2042318
[H2 PLACEMENT] OBJ = 0x7ffee2042370
[H2 PLACEMENT] OBJ = 0x7ffee20423c8
[H2 PLACEMENT] OBJ = 0x7ffee2042420
[H2 PLACEMENT] OBJ = 0x7ffee2042478
[H2 PLACEMENT] OBJ = 0x7ffee20424d0
[H2 PLACEMENT] OBJ = 0x7ffee2042528
[H2 PLACEMENT] OBJ = 0x7ffee2042580
[H2 PLACEMENT] OBJ = 0x7ffee20425d8
[H2 PLACEMENT] OBJ = 0x7ffee2042630
[H2 PLACEMENT] OBJ = 0x7ffee2042688
[H2 PLACEMENT] OBJ = 0x7ffee20426e0
[H2 PLACEMENT] OBJ = 0x7ffee2042738
[H2 PLACEMENT] OBJ = 0x7ffee2042790
[H2 PLACEMENT] OBJ = 0x7ffee20427e8
[H2 PLACEMENT] OBJ = 0x7ffee2042840
[H2 PLACEMENT] OBJ = 0x7ffee2042898
[H2 PLACEMENT] OBJ = 0x7ffee20428f0
[H2 PLACEMENT] OBJ = 0x7ffee2042948
[H2 PLACEMENT] OBJ = 0x7ffee20429a0
[H2 PLACEMENT] OBJ = 0x7ffee20429f8
[H2 PLACEMENT] OBJ = 0x7ffee2042a50
[H2 PLACEMENT] OBJ = 0x7ffee2042aa8
[H2 PLACEMENT] OBJ = 0x7ffee2042b00
[H2 PLACEMENT] OBJ = 0x7ffee2042b58
[H2 PLACEMENT] OBJ = 0x7ffee2042bb0
[H2 PLACEMENT] OBJ = 0x7ffee2042c08
[H2 PLACEMENT] OBJ = 0x7ffee2042c60
[H2 PLACEMENT] OBJ = 0x7ffee2042cb8
[H2 PLACEMENT] OBJ = 0x7ffee2042d10
[H2 PLACEMENT] OBJ = 0x7ffee2042d68
[H2 PLACEMENT] OBJ = 0x7ffee2042dc0
[H2 PLACEMENT] OBJ = 0x7ffee2042e18
[H2 PLACEMENT] OBJ = 0x7ffee2042e70
[H2 PLACEMENT] OBJ = 0x7ffee2042ec8
[H2 PLACEMENT] OBJ = 0x7ffee2042f20
[H2 PLACEMENT] OBJ = 0x7ffee2042f78
[H2 PLACEMENT] OBJ = 0x7ffee2042fd0
[H2 PLACEMENT] OBJ = 0x7ffee2043028
[H2 PLACEMENT] OBJ = 0x7ffee2043080
[H2 PLACEMENT] OBJ = 0x7ffee20430d8
[H2 PLACEMENT] OBJ = 0x7ffee2043130
[H2 PLACEMENT] OBJ = 0x7ffee2043188
[H2 PLACEMENT] OBJ = 0x7ffee20431e0
[H2 PLACEMENT] OBJ = 0x7ffee2043238
[H2 PLACEMENT] OBJ = 0x7ffee2043290
[H2 PLACEMENT] OBJ = 0x7ffee20432e8
[H2 PLACEMENT] OBJ = 0x7ffee2043340
[H2 PLACEMENT] OBJ = 0x7ffee2043398
[H2 PLACEMENT] OBJ = 0x7ffee20433f0
[H2 PLACEMENT] OBJ = 0x7ffee2043448
[H2 PLACEMENT] OBJ = 0x7ffee20434a0
[H2 PLACEMENT] OBJ = 0x7ffee20434f8
[H2 PLACEMENT] OBJ = 0x7ffee2043550
[H2 PLACEMENT] OBJ = 0x7ffee20435a8
[H2 PLACEMENT] OBJ = 0x7ffee2043600
[H2 PLACEMENT] OBJ = 0x7ffee2043658
[H2 PLACEMENT] OBJ = 0x7ffee20436b0
[H2 PLACEMENT] OBJ = 0x7ffee2043708
[H2 PLACEMENT] OBJ = 0x7ffee2043760
[H2 PLACEMENT] OBJ = 0x7ffee20437b8
[H2 PLACEMENT] OBJ = 0x7ffee2043810
[H2 PLACEMENT] OBJ = 0x7ffee2043868
[H2 PLACEMENT] OBJ = 0x7ffee20438c0
[H2 PLACEMENT] OBJ = 0x7ffee2043918
[H2 PLACEMENT] OBJ = 0x7ffee2043970
[H2 PLACEMENT] OBJ = 0x7ffee20439c8
[H2 PLACEMENT] OBJ = 0x7ffee2043a20
[H2 PLACEMENT] OBJ = 0x7ffee2043a78
[H2 PLACEMENT] OBJ = 0x7ffee2043ad0
[H2 PLACEMENT] OBJ = 0x7ffee2043b28
[H2 PLACEMENT] OBJ = 0x7ffee2043b80
[H2 PLACEMENT] OBJ = 0x7ffee2043bd8
[H2 PLACEMENT] OBJ = 0x7ffee2043c30
[H2 PLACEMENT] OBJ = 0x7ffee2043c88
[H2 PLACEMENT] OBJ = 0x7ffee2043ce0
[H2 PLACEMENT] OBJ = 0x7ffee2043d38
[H2 PLACEMENT] OBJ = 0x7ffee2043d90
[H2 PLACEMENT] OBJ = 0x7ffee2043de8
[H2 PLACEMENT] OBJ = 0x7ffee2043e40
[H2 PLACEMENT] OBJ = 0x7ffee2043e98
[H2 PLACEMENT] OBJ = 0x7ffee2043ef0
[H2 PLACEMENT] OBJ = 0x7ffee2043f48
[H2 PLACEMENT] OBJ = 0x7ffee2043fa0
[H2 PLACEMENT] OBJ = 0x7ffee2043ff8
[H2 PLACEMENT] OBJ = 0x7ffee2044050
[H2 PLACEMENT] OBJ = 0x7ffee20440a8
[H2 PLACEMENT] OBJ = 0x7ffee2044100
[H2 PLACEMENT] OBJ = 0x7ffee2044158
[H2 PLACEMENT] OBJ = 0x7ffee20441b0
[H2 PLACEMENT] OBJ = 0x7ffee2044208
[H2 PLACEMENT] OBJ = 0x7ffee2044260
[H2 PLACEMENT] OBJ = 0x7ffee20442b8
[H2 PLACEMENT] OBJ = 0x7ffee2044310
[H2 PLACEMENT] OBJ = 0x7ffee2044368
[H2 PLACEMENT] OBJ = 0x7ffee20443c0
[H2 PLACEMENT] OBJ = 0x7ffee2044418
[H2 PLACEMENT] OBJ = 0x7ffee2044470
[H2 PLACEMENT] OBJ = 0x7ffee20444c8
[H2 PLACEMENT] OBJ = 0x7ffee2044520
[H2 PLACEMENT] OBJ = 0x7ffee2044578
[H2 PLACEMENT] OBJ = 0x7ffee20445d0
[H2 PLACEMENT] OBJ = 0x7ffee2044628
[H2 PLACEMENT] OBJ = 0x7ffee2044680
[H2 PLACEMENT] OBJ = 0x7ffee20446d8
[H2 PLACEMENT] OBJ = 0x7ffee2044730
[H2 PLACEMENT] OBJ = 0x7ffee2044788
[H2 PLACEMENT] OBJ = 0x7ffee20447e0
[H2 PLACEMENT] OBJ = 0x7ffee2044838
[H2 PLACEMENT] OBJ = 0x7ffee2044890
[H2 PLACEMENT] OBJ = 0x7ffee20448e8
[H2 PLACEMENT] OBJ = 0x7ffee2044940
[H2 PLACEMENT] OBJ = 0x7ffee2044998
[H2 PLACEMENT] OBJ = 0x7ffee20449f0
[H2 PLACEMENT] OBJ = 0x7ffee2044a48
[H2 PLACEMENT] OBJ = 0x7ffee2044aa0
[H2 PLACEMENT] OBJ = 0x7ffee2044af8
[H2 PLACEMENT] OBJ = 0x7ffee2044b50
[H2 PLACEMENT] OBJ = 0x7ffee2044ba8
[H2 PLACEMENT] OBJ = 0x7ffee2044c00
[H2 PLACEMENT] OBJ = 0x7ffee2044c58
[H2 PLACEMENT] OBJ = 0x7ffee2044cb0
[H2 PLACEMENT] OBJ = 0x7ffee2044d08
[H2 PLACEMENT] OBJ = 0x7ffee2044d60
[H2 PLACEMENT] OBJ = 0x7ffee2044db8
[H2 PLACEMENT] OBJ = 0x7ffee2044e10
[H2 PLACEMENT] OBJ = 0x7ffee2044e68
[H2 PLACEMENT] OBJ = 0x7ffee2044ec0
[H2 PLACEMENT] OBJ = 0x7ffee2044f18
[H2 PLACEMENT] OBJ = 0x7ffee2044f70
[H2 PLACEMENT] OBJ = 0x7ffee2044fc8
[H2 PLACEMENT] OBJ = 0x7ffee2045020
[H2 PLACEMENT] OBJ = 0x7ffee2045078
[H2 PLACEMENT] OBJ = 0x7ffee20450d0
[H2 PLACEMENT] OBJ = 0x7ffee2045128
[H2 PLACEMENT] OBJ = 0x7ffee2045180
[H2 PLACEMENT] OBJ = 0x7ffee20451d8
[H2 PLACEMENT] OBJ = 0x7ffee2045230
[H2 PLACEMENT] OBJ = 0x7ffee2045288
[H2 PLACEMENT] OBJ = 0x7ffee20452e0
[H2 PLACEMENT] OBJ = 0x7ffee2045338
[H2 PLACEMENT] OBJ = 0x7ffee2045390
[H2 PLACEMENT] OBJ = 0x7ffee20453e8
[H2 PLACEMENT] OBJ = 0x7ffee2045440
[H2 PLACEMENT] OBJ = 0x7ffee2045498
[H2 PLACEMENT] OBJ = 0x7ffee20454f0
[H2 PLACEMENT] OBJ = 0x7ffee2045548
[H2 PLACEMENT] OBJ = 0x7ffee20455a0
[H2 PLACEMENT] OBJ = 0x7ffee20455f8
[H2 PLACEMENT] OBJ = 0x7ffee2045650
[H2 PLACEMENT] OBJ = 0x7ffee20456a8
[H2 PLACEMENT] OBJ = 0x7ffee2045700
[H2 PLACEMENT] OBJ = 0x7ffee2045758
[H2 PLACEMENT] OBJ = 0x7ffee20457b0
[H2 PLACEMENT] OBJ = 0x7ffee2045808
[H2 PLACEMENT] OBJ = 0x7ffee2045860
[H2 PLACEMENT] OBJ = 0x7ffee20458b8
[H2 PLACEMENT] OBJ = 0x7ffee2045910
[H2 PLACEMENT] OBJ = 0x7ffee2045968
[H2 PLACEMENT] OBJ = 0x7ffee20459c0
[H2 PLACEMENT] OBJ = 0x7ffee2045a18
[H2 PLACEMENT] OBJ = 0x7ffee2045a70
[H2 PLACEMENT] OBJ = 0x7ffee2045ac8
[H2 PLACEMENT] OBJ = 0x7ffee2045b20
[H2 PLACEMENT] OBJ = 0x7ffee2045b78
[H2 PLACEMENT] OBJ = 0x7ffee2045bd0
[H2 PLACEMENT] OBJ = 0x7ffee2045c28
[H2 PLACEMENT] OBJ = 0x7ffee2045c80
[H2 PLACEMENT] OBJ = 0x7ffee2045cd8
[H2 PLACEMENT] OBJ = 0x7ffee2045d30
[H2 PLACEMENT] OBJ = 0x7ffee2045d88
[H2 PLACEMENT] OBJ = 0x7ffee2045de0
[H2 PLACEMENT] OBJ = 0x7ffee2045e38
[H2 PLACEMENT] OBJ = 0x7ffee2045e90
[H2 PLACEMENT] OBJ = 0x7ffee2045ee8
[H2 PLACEMENT] OBJ = 0x7ffee2045f40
[H2 PLACEMENT] OBJ = 0x7ffee2045f98
[H2 PLACEMENT] OBJ = 0x7ffee2045ff0
[H2 PLACEMENT] OBJ = 0x7ffee2046048
[H2 PLACEMENT] OBJ = 0x7ffee20460a0
[H2 PLACEMENT] OBJ = 0x7ffee20460f8
[H2 PLACEMENT] OBJ = 0x7ffee2046150
[H2 PLACEMENT] OBJ = 0x7ffee20461a8
[H2 PLACEMENT] OBJ = 0x7ffee2046200
[H2 PLACEMENT] OBJ = 0x7ffee2046258
[H2 PLACEMENT] OBJ = 0x7ffee20462b0
[H2 PLACEMENT] OBJ = 0x7ffee2046308
[H2 PLACEMENT] OBJ = 0x7ffee2046360
[H2 PLACEMENT] OBJ = 0x7ffee20463b8
[H2 PLACEMENT] OBJ = 0x7ffee2046410
[H2 PLACEMENT] OBJ = 0x7ffee2046468
[H2 PLACEMENT] OBJ = 0x7ffee20464c0
[H2 PLACEMENT] OBJ = 0x7ffee2046518
[H2 PLACEMENT] OBJ = 0x7ffee2046570
[H2 PLACEMENT] OBJ = 0x7ffee20465c8
[H2 PLACEMENT] OBJ = 0x7ffee2046620
[H2 PLACEMENT] OBJ = 0x7ffee2046678
[H2 PLACEMENT] OBJ = 0x7ffee20466d0
[H2 PLACEMENT] OBJ = 0x7ffee2046728
[H2 PLACEMENT] OBJ = 0x7ffee2046780
[H2 PLACEMENT] OBJ = 0x7ffee20467d8
[H2 PLACEMENT] OBJ = 0x7ffee2046830
[H2 PLACEMENT] OBJ = 0x7ffee2046888
[H2 PLACEMENT] OBJ = 0x7ffee20468e0
[H2 PLACEMENT] OBJ = 0x7ffee2046938
[H2 PLACEMENT] OBJ = 0x7ffee2046990
[H2 PLACEMENT] OBJ = 0x7ffee20469e8
[H2 PLACEMENT] OBJ = 0x7ffee2046a40
[H2 PLACEMENT] OBJ = 0x7ffee2046a98
[H2 PLACEMENT] OBJ = 0x7ffee2046af0
[H2 PLACEMENT] OBJ = 0x7ffee2046b48
[H2 PLACEMENT] OBJ = 0x7ffee2046ba0
[H2 PLACEMENT] OBJ = 0x7ffee2046bf8
[H2 PLACEMENT] OBJ = 0x7ffee2046c50
[H2 PLACEMENT] OBJ = 0x7ffee2046ca8
[H2 PLACEMENT] OBJ = 0x7ffee2046d00
[H2 PLACEMENT] OBJ = 0x7ffee2046d58
[H2 PLACEMENT] OBJ = 0x7ffee2046db0
[H2 PLACEMENT] OBJ = 0x7ffee2046e08
[H2 PLACEMENT] OBJ = 0x7ffee2046e60
[H2 PLACEMENT] OBJ = 0x7ffee2046eb8
[H2 PLACEMENT] OBJ = 0x7ffee2046f10
[H2 PLACEMENT] OBJ = 0x7ffee2046f68
[H2 PLACEMENT] OBJ = 0x7ffee2046fc0
[H2 PLACEMENT] OBJ = 0x7ffee2047018
[H2 PLACEMENT] OBJ = 0x7ffee2047070
[H2 PLACEMENT] OBJ = 0x7ffee20470c8
[H2 PLACEMENT] OBJ = 0x7ffee2047120
[H2 PLACEMENT] OBJ = 0x7ffee2047178
[H2 PLACEMENT] OBJ = 0x7ffee20471d0
[H2 PLACEMENT] OBJ = 0x7ffee2047228
[H2 PLACEMENT] OBJ = 0x7ffee2047280
[H2 PLACEMENT] OBJ = 0x7ffee20472d8
[H2 PLACEMENT] OBJ = 0x7ffee2047330
[H2 PLACEMENT] OBJ = 0x7ffee2047388
[H2 PLACEMENT] OBJ = 0x7ffee20473e0
[H2 PLACEMENT] OBJ = 0x7ffee2047438
[H2 PLACEMENT] OBJ = 0x7ffee2047490
[H2 PLACEMENT] OBJ = 0x7ffee20474e8
[H2 PLACEMENT] OBJ = 0x7ffee2047540
[H2 PLACEMENT] OBJ = 0x7ffee2047598
[H2 PLACEMENT] OBJ = 0x7ffee20475f0
[H2 PLACEMENT] OBJ = 0x7ffee2047648
[H2 PLACEMENT] OBJ = 0x7ffee20476a0
[H2 PLACEMENT] OBJ = 0x7ffee20476f8
[H2 PLACEMENT] OBJ = 0x7ffee2047750
[H2 PLACEMENT] OBJ = 0x7ffee20477a8
[H2 PLACEMENT] OBJ = 0x7ffee2047800
[H2 PLACEMENT] OBJ = 0x7ffee2047858
[H2 PLACEMENT] OBJ = 0x7ffee20478b0
[H2 PLACEMENT] OBJ = 0x7ffee2047908
[H2 PLACEMENT] OBJ = 0x7ffee2047960
[H2 PLACEMENT] OBJ = 0x7ffee20479b8
[H2 PLACEMENT] OBJ = 0x7ffee2047a10
[H2 PLACEMENT] OBJ = 0x7ffee2047a68
[H2 PLACEMENT] OBJ = 0x7ffee2047ac0
[H2 PLACEMENT] OBJ = 0x7ffee2047b18
[H2 PLACEMENT] OBJ = 0x7ffee2047b70
[H2 PLACEMENT] OBJ = 0x7ffee2047bc8
[H2 PLACEMENT] OBJ = 0x7ffee2047c20
[H2 PLACEMENT] OBJ = 0x7ffee2047c78
[H2 PLACEMENT] OBJ = 0x7ffee2047cd0
[H2 PLACEMENT] OBJ = 0x7ffee2047d28
[H2 PLACEMENT] OBJ = 0x7ffee2047d80
[H2 PLACEMENT] OBJ = 0x7ffee2047dd8
[H2 PLACEMENT] OBJ = 0x7ffee2047e30
[H2 PLACEMENT] OBJ = 0x7ffee2047e88
[H2 PLACEMENT] OBJ = 0x7ffee2047ee0
[H2 PLACEMENT] OBJ = 0x7ffee2047f38
[H2 PLACEMENT] OBJ = 0x7ffee2047f90
[H2 PLACEMENT] OBJ = 0x7ffee2047fe8
[H2 PLACEMENT] OBJ = 0x7ffee2048040
[H2 PLACEMENT] OBJ = 0x7ffee2048098
[H2 PLACEMENT] OBJ = 0x7ffee20480f0
[H2 PLACEMENT] OBJ = 0x7ffee2048148
[H2 PLACEMENT] OBJ = 0x7ffee20481a0
[H2 PLACEMENT] OBJ = 0x7ffee20481f8
[H2 PLACEMENT] OBJ = 0x7ffee2048250
[H2 PLACEMENT] OBJ = 0x7ffee20482a8
[H2 PLACEMENT] OBJ = 0x7ffee2048300
[H2 PLACEMENT] OBJ = 0x7ffee2048358
[H2 PLACEMENT] OBJ = 0x7ffee20483b0
[H2 PLACEMENT] OBJ = 0x7ffee2048408
[H2 PLACEMENT] OBJ = 0x7ffee2048460
[H2 PLACEMENT] OBJ = 0x7ffee20484b8
[H2 PLACEMENT] OBJ = 0x7ffee2048510
[H2 PLACEMENT] OBJ = 0x7ffee2048568
[H2 PLACEMENT] OBJ = 0x7ffee20485c0
[H2 PLACEMENT] OBJ = 0x7ffee2048618
[H2 PLACEMENT] OBJ = 0x7ffee2048670
[H2 PLACEMENT] OBJ = 0x7ffee20486c8
[H2 PLACEMENT] OBJ = 0x7ffee2048720
[H2 PLACEMENT] OBJ = 0x7ffee2048778
[H2 PLACEMENT] OBJ = 0x7ffee20487d0
[H2 PLACEMENT] OBJ = 0x7ffee2048828
[H2 PLACEMENT] OBJ = 0x7ffee2048880
[H2 PLACEMENT] OBJ = 0x7ffee20488d8
[H2 PLACEMENT] OBJ = 0x7ffee2048930
[H2 PLACEMENT] OBJ = 0x7ffee2048988
[H2 PLACEMENT] OBJ = 0x7ffee20489e0
[H2 PLACEMENT] OBJ = 0x7ffee2048a38
[H2 PLACEMENT] OBJ = 0x7ffee2048a90
[H2 PLACEMENT] OBJ = 0x7ffee2048ae8
[H2 PLACEMENT] OBJ = 0x7ffee2048b40
[H2 PLACEMENT] OBJ = 0x7ffee2048b98
[H2 PLACEMENT] OBJ = 0x7ffee2048bf0
[H2 PLACEMENT] OBJ = 0x7ffee2048c48
[H2 PLACEMENT] OBJ = 0x7ffee2048ca0
[H2 PLACEMENT] OBJ = 0x7ffee2048cf8
[H2 PLACEMENT] OBJ = 0x7ffee2048d50
[H2 PLACEMENT] OBJ = 0x7ffee2048da8
[H2 PLACEMENT] OBJ = 0x7ffee2048e00
[H2 PLACEMENT] OBJ = 0x7ffee2048e58
[H2 PLACEMENT] OBJ = 0x7ffee2048eb0
[H2 PLACEMENT] OBJ = 0x7ffee2048f08
[H2 PLACEMENT] OBJ = 0x7ffee2048f60
[H2 PLACEMENT] OBJ = 0x7ffee2048fb8
[H2 PLACEMENT] OBJ = 0x7ffee2049010
[H2 PLACEMENT] OBJ = 0x7ffee2049068
[H2 PLACEMENT] OBJ = 0x7ffee20490c0
[H2 PLACEMENT] OBJ = 0x7ffee2049118
[H2 PLACEMENT] OBJ = 0x7ffee2049170
[H2 PLACEMENT] OBJ = 0x7ffee20491c8
[H2 PLACEMENT] OBJ = 0x7ffee2049220
[H2 PLACEMENT] OBJ = 0x7ffee2049278
[H2 PLACEMENT] OBJ = 0x7ffee20492d0
[H2 PLACEMENT] OBJ = 0x7ffee2049328
[H2 PLACEMENT] OBJ = 0x7ffee2049380
[H2 PLACEMENT] OBJ = 0x7ffee20493d8
[H2 PLACEMENT] OBJ = 0x7ffee2049430
[H2 PLACEMENT] OBJ = 0x7ffee2049488
[H2 PLACEMENT] OBJ = 0x7ffee20494e0
[H2 PLACEMENT] OBJ = 0x7ffee2049538
[H2 PLACEMENT] OBJ = 0x7ffee2049590
[H2 PLACEMENT] OBJ = 0x7ffee20495e8
[H2 PLACEMENT] OBJ = 0x7ffee2049640
[H2 PLACEMENT] OBJ = 0x7ffee2049698
[H2 PLACEMENT] OBJ = 0x7ffee20496f0
[H2 PLACEMENT] OBJ = 0x7ffee2049748
[H2 PLACEMENT] OBJ = 0x7ffee20497a0
[H2 PLACEMENT] OBJ = 0x7ffee20497f8
[H2 PLACEMENT] OBJ = 0x7ffee2049850
[H2 PLACEMENT] OBJ = 0x7ffee20498a8
[H2 PLACEMENT] OBJ = 0x7ffee2049900
[H2 PLACEMENT] OBJ = 0x7ffee2049958
[H2 PLACEMENT] OBJ = 0x7ffee20499b0
[H2 PLACEMENT] OBJ = 0x7ffee2049a08
[H2 PLACEMENT] OBJ = 0x7ffee2049a60
[H2 PLACEMENT] OBJ = 0x7ffee2049ab8
[H2 PLACEMENT] OBJ = 0x7ffee2049b10
[H2 PLACEMENT] OBJ = 0x7ffee2049b68
[H2 PLACEMENT] OBJ = 0x7ffee2049bc0
[H2 PLACEMENT] OBJ = 0x7ffee2049c18
[H2 PLACEMENT] OBJ = 0x7ffee2049c70
[H2 PLACEMENT] OBJ = 0x7ffee2049cc8
[H2 PLACEMENT] OBJ = 0x7ffee2049d20
[H2 PLACEMENT] OBJ = 0x7ffee2049d78
[H2 PLACEMENT] OBJ = 0x7ffee2049dd0
[H2 PLACEMENT] OBJ = 0x7ffee2049e28
[H2 PLACEMENT] OBJ = 0x7ffee2049e80
[H2 PLACEMENT] OBJ = 0x7ffee2049ed8
[H2 PLACEMENT] OBJ = 0x7ffee2049f30
[H2 PLACEMENT] OBJ = 0x7ffee2049f88
[H2 PLACEMENT] OBJ = 0x7ffee2049fe0
[H2 PLACEMENT] OBJ = 0x7ffee204a038
[H2 PLACEMENT] OBJ = 0x7ffee204a090
[H2 PLACEMENT] OBJ = 0x7ffee204a0e8
[H2 PLACEMENT] OBJ = 0x7ffee204a140
[H2 PLACEMENT] OBJ = 0x7ffee204a198
[H2 PLACEMENT] OBJ = 0x7ffee204a1f0
[H2 PLACEMENT] OBJ = 0x7ffee204a248
[H2 PLACEMENT] OBJ = 0x7ffee204a2a0
[H2 PLACEMENT] OBJ = 0x7ffee204a2f8
[H2 PLACEMENT] OBJ = 0x7ffee204a350
[H2 PLACEMENT] OBJ = 0x7ffee204a3a8
[H2 PLACEMENT] OBJ = 0x7ffee204a400
[H2 PLACEMENT] OBJ = 0x7ffee204a458
[H2 PLACEMENT] OBJ = 0x7ffee204a4b0
[H2 PLACEMENT] OBJ = 0x7ffee204a508
[H2 PLACEMENT] OBJ = 0x7ffee204a560
[H2 PLACEMENT] OBJ = 0x7ffee204a5b8
[H2 PLACEMENT] OBJ = 0x7ffee204a610
[H2 PLACEMENT] OBJ = 0x7ffee204a668
[H2 PLACEMENT] OBJ = 0x7ffee204a6c0
[H2 PLACEMENT] OBJ = 0x7ffee204a718
[H2 PLACEMENT] OBJ = 0x7ffee204a770
[H2 PLACEMENT] OBJ = 0x7ffee204a7c8
[H2 PLACEMENT] OBJ = 0x7ffee204a820
[H2 PLACEMENT] OBJ = 0x7ffee204a878
[H2 PLACEMENT] OBJ = 0x7ffee204a8d0
[H2 PLACEMENT] OBJ = 0x7ffee204a928
[H2 PLACEMENT] OBJ = 0x7ffee204a980
[H2 PLACEMENT] OBJ = 0x7ffee204a9d8
[H2 PLACEMENT] OBJ = 0x7ffee204aa30
[H2 PLACEMENT] OBJ = 0x7ffee204aa88
[H2 PLACEMENT] OBJ = 0x7ffee204aae0
[H2 PLACEMENT] OBJ = 0x7ffee204ab38
[H2 PLACEMENT] OBJ = 0x7ffee204ab90
[H2 PLACEMENT] OBJ = 0x7ffee204abe8
[H2 PLACEMENT] OBJ = 0x7ffee204ac40
[H2 PLACEMENT] OBJ = 0x7ffee204ac98
[H2 PLACEMENT] OBJ = 0x7ffee204acf0
[H2 PLACEMENT] OBJ = 0x7ffee204ad48
[H2 PLACEMENT] OBJ = 0x7ffee204ada0
[H2 PLACEMENT] OBJ = 0x7ffee204adf8
[H2 PLACEMENT] OBJ = 0x7ffee204ae50
[H2 PLACEMENT] OBJ = 0x7ffee204aea8
[H2 PLACEMENT] OBJ = 0x7ffee204af00
[H2 PLACEMENT] OBJ = 0x7ffee204af58
[H2 PLACEMENT] OBJ = 0x7ffee204afb0
[H2 PLACEMENT] OBJ = 0x7ffee204b008
[H2 PLACEMENT] OBJ = 0x7ffee204b060
[H2 PLACEMENT] OBJ = 0x7ffee204b0b8
[H2 PLACEMENT] OBJ = 0x7ffee204b110
[H2 PLACEMENT] OBJ = 0x7ffee204b168
[H2 PLACEMENT] OBJ = 0x7ffee204b1c0
[H2 PLACEMENT] OBJ = 0x7ffee204b218
[H2 PLACEMENT] OBJ = 0x7ffee204b270
[H2 PLACEMENT] OBJ = 0x7ffee204b2c8
[H2 PLACEMENT] OBJ = 0x7ffee204b320
[H2 PLACEMENT] OBJ = 0x7ffee204b378
[H2 PLACEMENT] OBJ = 0x7ffee204b3d0
[H2 PLACEMENT] OBJ = 0x7ffee204b428
[H2 PLACEMENT] OBJ = 0x7ffee204b480
[H2 PLACEMENT] OBJ = 0x7ffee204b4d8
[H2 PLACEMENT] OBJ = 0x7ffee204b530
[H2 PLACEMENT] OBJ = 0x7ffee204b588
[H2 PLACEMENT] OBJ = 0x7ffee204b5e0
[H2 PLACEMENT] OBJ = 0x7ffee204b638
[H2 PLACEMENT] OBJ = 0x7ffee204b690
[H2 PLACEMENT] OBJ = 0x7ffee204b6e8
[H2 PLACEMENT] OBJ = 0x7ffee204b740
[H2 PLACEMENT] OBJ = 0x7ffee204b798
[H2 PLACEMENT] OBJ = 0x7ffee204b7f0
[H2 PLACEMENT] OBJ = 0x7ffee204b848
[H2 PLACEMENT] OBJ = 0x7ffee204b8a0
[H2 PLACEMENT] OBJ = 0x7ffee204b8f8
[H2 PLACEMENT] OBJ = 0x7ffee204b950
[H2 PLACEMENT] OBJ = 0x7ffee204b9a8
[H2 PLACEMENT] OBJ = 0x7ffee204ba00
[H2 PLACEMENT] OBJ = 0x7ffee204ba58
[H2 PLACEMENT] OBJ = 0x7ffee204bab0
[H2 PLACEMENT] OBJ = 0x7ffee204bb08
[H2 PLACEMENT] OBJ = 0x7ffee204bb60
[H2 PLACEMENT] OBJ = 0x7ffee204bbb8
[H2 PLACEMENT] OBJ = 0x7ffee204bc10
[H2 PLACEMENT] OBJ = 0x7ffee204bc68
[H2 PLACEMENT] OBJ = 0x7ffee204bcc0
[H2 PLACEMENT] OBJ = 0x7ffee204bd18
[H2 PLACEMENT] OBJ = 0x7ffee204bd70
[H2 PLACEMENT] OBJ = 0x7ffee204bdc8
[H2 PLACEMENT] OBJ = 0x7ffee204be20
[H2 PLACEMENT] OBJ = 0x7ffee204be78
[H2 PLACEMENT] OBJ = 0x7ffee204bed0
[H2 PLACEMENT] OBJ = 0x7ffee204bf28
[H2 PLACEMENT] OBJ = 0x7ffee204bf80
[H2 PLACEMENT] OBJ = 0x7ffee204bfd8
[H2 PLACEMENT] OBJ = 0x7ffee204c030
[H2 PLACEMENT] OBJ = 0x7ffee204c088
[H2 PLACEMENT] OBJ = 0x7ffee204c0e0
[H2 PLACEMENT] OBJ = 0x7ffee204c138
[H2 PLACEMENT] OBJ = 0x7ffee204c190
[H2 PLACEMENT] OBJ = 0x7ffee204c1e8
[H2 PLACEMENT] OBJ = 0x7ffee204c240
[H2 PLACEMENT] OBJ = 0x7ffee204c298
[H2 PLACEMENT] OBJ = 0x7ffee204c2f0
[H2 PLACEMENT] OBJ = 0x7ffee204c348
[H2 PLACEMENT] OBJ = 0x7ffee204c3a0
[H2 PLACEMENT] OBJ = 0x7ffee204c3f8
[H2 PLACEMENT] OBJ = 0x7ffee204c450
[H2 PLACEMENT] OBJ = 0x7ffee204c4a8
[H2 PLACEMENT] OBJ = 0x7ffee204c500
[H2 PLACEMENT] OBJ = 0x7ffee204c558
[H2 PLACEMENT] OBJ = 0x7ffee204c5b0
[H2 PLACEMENT] OBJ = 0x7ffee204c608
[H2 PLACEMENT] OBJ = 0x7ffee204c660
[H2 PLACEMENT] OBJ = 0x7ffee204c6b8
[H2 PLACEMENT] OBJ = 0x7ffee204c710
[H2 PLACEMENT] OBJ = 0x7ffee204c768
[H2 PLACEMENT] OBJ = 0x7ffee204c7c0
[H2 PLACEMENT] OBJ = 0x7ffee204c818
[H2 PLACEMENT] OBJ = 0x7ffee204c870
[H2 PLACEMENT] OBJ = 0x7ffee204c8c8
[H2 PLACEMENT] OBJ = 0x7ffee204c920
[H2 PLACEMENT] OBJ = 0x7ffee204c978
[H2 PLACEMENT] OBJ = 0x7ffee204c9d0
[H2 PLACEMENT] OBJ = 0x7ffee204ca28
[H2 PLACEMENT] OBJ = 0x7ffee204ca80
[H2 PLACEMENT] OBJ = 0x7ffee204cad8
[H2 PLACEMENT] OBJ = 0x7ffee204cb30
[H2 PLACEMENT] OBJ = 0x7ffee204cb88
[H2 PLACEMENT] OBJ = 0x7ffee204cbe0
[H2 PLACEMENT] OBJ = 0x7ffee204cc38
[H2 PLACEMENT] OBJ = 0x7ffee204cc90
[H2 PLACEMENT] OBJ = 0x7ffee204cce8
[H2 PLACEMENT] OBJ = 0x7ffee204cd40
[H2 PLACEMENT] OBJ = 0x7ffee204cd98
[H2 PLACEMENT] OBJ = 0x7ffee204cdf0
[H2 PLACEMENT] OBJ = 0x7ffee204ce48
[H2 PLACEMENT] OBJ = 0x7ffee204cea0
[H2 PLACEMENT] OBJ = 0x7ffee204cef8
[H2 PLACEMENT] OBJ = 0x7ffee204cf50
[H2 PLACEMENT] OBJ = 0x7ffee204cfa8
[H2 PLACEMENT] OBJ = 0x7ffee204d000
[H2 PLACEMENT] OBJ = 0x7ffee204d058
[H2 PLACEMENT] OBJ = 0x7ffee204d0b0
[H2 PLACEMENT] OBJ = 0x7ffee204d108
[H2 PLACEMENT] OBJ = 0x7ffee204d160
[H2 PLACEMENT] OBJ = 0x7ffee204d1b8
[H2 PLACEMENT] OBJ = 0x7ffee204d210
[H2 PLACEMENT] OBJ = 0x7ffee204d268
[H2 PLACEMENT] OBJ = 0x7ffee204d2c0
[H2 PLACEMENT] OBJ = 0x7ffee204d318
[H2 PLACEMENT] OBJ = 0x7ffee204d370
[H2 PLACEMENT] OBJ = 0x7ffee204d3c8
[H2 PLACEMENT] OBJ = 0x7ffee204d420
[H2 PLACEMENT] OBJ = 0x7ffee204d478
[H2 PLACEMENT] OBJ = 0x7ffee204d4d0
[H2 PLACEMENT] OBJ = 0x7ffee204d528
[H2 PLACEMENT] OBJ = 0x7ffee204d580
[H2 PLACEMENT] OBJ = 0x7ffee204d5d8
[H2 PLACEMENT] OBJ = 0x7ffee204d630
[H2 PLACEMENT] OBJ = 0x7ffee204d688
[H2 PLACEMENT] OBJ = 0x7ffee204d6e0
[H2 PLACEMENT] OBJ = 0x7ffee204d738
[H2 PLACEMENT] OBJ = 0x7ffee204d790
[H2 PLACEMENT] OBJ = 0x7ffee204d7e8
[H2 PLACEMENT] OBJ = 0x7ffee204d840
[H2 PLACEMENT] OBJ = 0x7ffee204d898
[H2 PLACEMENT] OBJ = 0x7ffee204d8f0
[H2 PLACEMENT] OBJ = 0x7ffee204d948
[H2 PLACEMENT] OBJ = 0x7ffee204d9a0
[H2 PLACEMENT] OBJ = 0x7ffee204d9f8
[H2 PLACEMENT] OBJ = 0x7ffee204da50
[H2 PLACEMENT] OBJ = 0x7ffee204daa8
[H2 PLACEMENT] OBJ = 0x7ffee204db00
[H2 PLACEMENT] OBJ = 0x7ffee204db58
[H2 PLACEMENT] OBJ = 0x7ffee204dbb0
[H2 PLACEMENT] OBJ = 0x7ffee204dc08
[H2 PLACEMENT] OBJ = 0x7ffee204dc60
[H2 PLACEMENT] OBJ = 0x7ffee204dcb8
[H2 PLACEMENT] OBJ = 0x7ffee204dd10
[H2 PLACEMENT] OBJ = 0x7ffee204dd68
[H2 PLACEMENT] OBJ = 0x7ffee204ddc0
[H2 PLACEMENT] OBJ = 0x7ffee204de18
[H2 PLACEMENT] OBJ = 0x7ffee204de70
[H2 PLACEMENT] OBJ = 0x7ffee204dec8
[H2 PLACEMENT] OBJ = 0x7ffee204df20
[H2 PLACEMENT] OBJ = 0x7ffee204df78
[H2 PLACEMENT] OBJ = 0x7ffee204dfd0
[H2 PLACEMENT] OBJ = 0x7ffee204e028
[H2 PLACEMENT] OBJ = 0x7ffee204e080
[H2 PLACEMENT] OBJ = 0x7ffee204e0d8
[H2 PLACEMENT] OBJ = 0x7ffee204e130
[H2 PLACEMENT] OBJ = 0x7ffee204e188
[H2 PLACEMENT] OBJ = 0x7ffee204e1e0
[H2 PLACEMENT] OBJ = 0x7ffee204e238
[H2 PLACEMENT] OBJ = 0x7ffee204e290
[H2 PLACEMENT] OBJ = 0x7ffee204e2e8
[H2 PLACEMENT] OBJ = 0x7ffee204e340
[H2 PLACEMENT] OBJ = 0x7ffee204e398
[H2 PLACEMENT] OBJ = 0x7ffee204e3f0
[H2 PLACEMENT] OBJ = 0x7ffee204e448
[H2 PLACEMENT] OBJ = 0x7ffee204e4a0
[H2 PLACEMENT] OBJ = 0x7ffee204e4f8
[H2 PLACEMENT] OBJ = 0x7ffee204e550
[H2 PLACEMENT] OBJ = 0x7ffee204e5a8
[H2 PLACEMENT] OBJ = 0x7ffee204e600
[H2 PLACEMENT] OBJ = 0x7ffee204e658
[H2 PLACEMENT] OBJ = 0x7ffee204e6b0
[H2 PLACEMENT] OBJ = 0x7ffee204e708
[H2 PLACEMENT] OBJ = 0x7ffee204e760
[H2 PLACEMENT] OBJ = 0x7ffee204e7b8
[H2 PLACEMENT] OBJ = 0x7ffee204e810
[H2 PLACEMENT] OBJ = 0x7ffee204e868
[H2 PLACEMENT] OBJ = 0x7ffee204e8c0
[H2 PLACEMENT] OBJ = 0x7ffee204e918
[H2 PLACEMENT] OBJ = 0x7ffee204e970
[H2 PLACEMENT] OBJ = 0x7ffee204e9c8
[H2 PLACEMENT] OBJ = 0x7ffee204ea20
[H2 PLACEMENT] OBJ = 0x7ffee204ea78
[H2 PLACEMENT] OBJ = 0x7ffee204ead0
[H2 PLACEMENT] OBJ = 0x7ffee204eb28
[H2 PLACEMENT] OBJ = 0x7ffee204eb80
[H2 PLACEMENT] OBJ = 0x7ffee204ebd8
[H2 PLACEMENT] OBJ = 0x7ffee204ec30
[H2 PLACEMENT] OBJ = 0x7ffee204ec88
[H2 PLACEMENT] OBJ = 0x7ffee204ece0
[H2 PLACEMENT] OBJ = 0x7ffee204ed38
[H2 PLACEMENT] OBJ = 0x7ffee204ed90
[H2 PLACEMENT] OBJ = 0x7ffee204ede8
[H2 PLACEMENT] OBJ = 0x7ffee204ee40
[H2 PLACEMENT] OBJ = 0x7ffee204ee98
[H2 PLACEMENT] OBJ = 0x7ffee204eef0
[H2 PLACEMENT] OBJ = 0x7ffee204ef48
[H2 PLACEMENT] OBJ = 0x7ffee204efa0
[H2 PLACEMENT] OBJ = 0x7ffee204eff8
[H2 PLACEMENT] OBJ = 0x7ffee204f050
[H2 PLACEMENT] OBJ = 0x7ffee204f0a8
[H2 PLACEMENT] OBJ = 0x7ffee204f100
[H2 PLACEMENT] OBJ = 0x7ffee204f158
[H2 PLACEMENT] OBJ = 0x7ffee204f1b0
[H2 PLACEMENT] OBJ = 0x7ffee204f208
[H2 PLACEMENT] OBJ = 0x7ffee204f260
[H2 PLACEMENT] OBJ = 0x7ffee204f2b8
[H2 PLACEMENT] OBJ = 0x7ffee204f310
[H2 PLACEMENT] OBJ = 0x7ffee204f368
[H2 PLACEMENT] OBJ = 0x7ffee204f3c0
[H2 PLACEMENT] OBJ = 0x7ffee204f418
[H2 PLACEMENT] OBJ = 0x7ffee204f470
[H2 PLACEMENT] OBJ = 0x7ffee204f4c8
[H2 PLACEMENT] OBJ = 0x7ffee204f520
[H2 PLACEMENT] OBJ = 0x7ffee204f578
[H2 PLACEMENT] OBJ = 0x7ffee204f5d0
[H2 PLACEMENT] OBJ = 0x7ffee204f628
[H2 PLACEMENT] OBJ = 0x7ffee204f680
[H2 PLACEMENT] OBJ = 0x7ffee204f6d8
[H2 PLACEMENT] OBJ = 0x7ffee204f730
[H2 PLACEMENT] OBJ = 0x7ffee204f788
[H2 PLACEMENT] OBJ = 0x7ffee204f7e0
[H2 PLACEMENT] OBJ = 0x7ffee204f838
[H2 PLACEMENT] OBJ = 0x7ffee204f890
[H2 PLACEMENT] OBJ = 0x7ffee204f8e8
[H2 PLACEMENT] OBJ = 0x7ffee204f940
[H2 PLACEMENT] OBJ = 0x7ffee204f998
[H2 PLACEMENT] OBJ = 0x7ffee204f9f0
[H2 PLACEMENT] OBJ = 0x7ffee204fa48
[H2 PLACEMENT] OBJ = 0x7ffee204faa0
[H2 PLACEMENT] OBJ = 0x7ffee204faf8
[H2 PLACEMENT] OBJ = 0x7ffee204fb50
[H2 PLACEMENT] OBJ = 0x7ffee204fba8
[H2 PLACEMENT] OBJ = 0x7ffee204fc00
[H2 PLACEMENT] OBJ = 0x7ffee204fc58
[H2 PLACEMENT] OBJ = 0x7ffee204fcb0
[H2 PLACEMENT] OBJ = 0x7ffee204fd08
[H2 PLACEMENT] OBJ = 0x7ffee204fd60
[H2 PLACEMENT] OBJ = 0x7ffee204fdb8
[H2 PLACEMENT] OBJ = 0x7ffee204fe10
[H2 PLACEMENT] OBJ = 0x7ffee204fe68
[H2 PLACEMENT] OBJ = 0x7ffee204fec0
[H2 PLACEMENT] OBJ = 0x7ffee204ff18
[H2 PLACEMENT] OBJ = 0x7ffee204ff70
[H2 PLACEMENT] OBJ = 0x7ffee204ffc8
[H2 PLACEMENT] OBJ = 0x7ffee2050020
[H2 PLACEMENT] OBJ = 0x7ffee2050078
[H2 PLACEMENT] OBJ = 0x7ffee20500d0
[H2 PLACEMENT] OBJ = 0x7ffee2050128
[H2 PLACEMENT] OBJ = 0x7ffee2050180
[H2 PLACEMENT] OBJ = 0x7ffee20501d8
[H2 PLACEMENT] OBJ = 0x7ffee2050230
[H2 PLACEMENT] OBJ = 0x7ffee2050288
[H2 PLACEMENT] OBJ = 0x7ffee20502e0
[H2 PLACEMENT] OBJ = 0x7ffee2050338
[H2 PLACEMENT] OBJ = 0x7ffee2050390
[H2 PLACEMENT] OBJ = 0x7ffee20503e8
[H2 PLACEMENT] OBJ = 0x7ffee2050440
[H2 PLACEMENT] OBJ = 0x7ffee2050498
[H2 PLACEMENT] OBJ = 0x7ffee20504f0
[H2 PLACEMENT] OBJ = 0x7ffee2050548
[H2 PLACEMENT] OBJ = 0x7ffee20505a0
[H2 PLACEMENT] OBJ = 0x7ffee20505f8
[H2 PLACEMENT] OBJ = 0x7ffee2050650
[H2 PLACEMENT] OBJ = 0x7ffee20506a8
[H2 PLACEMENT] OBJ = 0x7ffee2050700
[H2 PLACEMENT] OBJ = 0x7ffee2050758
[H2 PLACEMENT] OBJ = 0x7ffee20507b0
[H2 PLACEMENT] OBJ = 0x7ffee2050808
[H2 PLACEMENT] OBJ = 0x7ffee2050860
[H2 PLACEMENT] OBJ = 0x7ffee20508b8
[H2 PLACEMENT] OBJ = 0x7ffee2050910
[H2 PLACEMENT] OBJ = 0x7ffee2050968
[H2 PLACEMENT] OBJ = 0x7ffee20509c0
[H2 PLACEMENT] OBJ = 0x7ffee2050a18
[H2 PLACEMENT] OBJ = 0x7ffee2050a70
[H2 PLACEMENT] OBJ = 0x7ffee2050ac8
[H2 PLACEMENT] OBJ = 0x7ffee2050b20
[H2 PLACEMENT] OBJ = 0x7ffee2050b78
[H2 PLACEMENT] OBJ = 0x7ffee2050bd0
[H2 PLACEMENT] OBJ = 0x7ffee2050c28
[H2 PLACEMENT] OBJ = 0x7ffee2050c80
[H2 PLACEMENT] OBJ = 0x7ffee2050cd8
[H2 PLACEMENT] OBJ = 0x7ffee2050d30
[H2 PLACEMENT] OBJ = 0x7ffee2050d88
[H2 PLACEMENT] OBJ = 0x7ffee2050de0
[H2 PLACEMENT] OBJ = 0x7ffee2050e38
[H2 PLACEMENT] OBJ = 0x7ffee2050e90
[H2 PLACEMENT] OBJ = 0x7ffee2050ee8
[H2 PLACEMENT] OBJ = 0x7ffee2050f40
[H2 PLACEMENT] OBJ = 0x7ffee2050f98
[H2 PLACEMENT] OBJ = 0x7ffee2050ff0
[H2 PLACEMENT] OBJ = 0x7ffee2051048
[H2 PLACEMENT] OBJ = 0x7ffee20510a0
[H2 PLACEMENT] OBJ = 0x7ffee20510f8
[H2 PLACEMENT] OBJ = 0x7ffee2051150
[H2 PLACEMENT] OBJ = 0x7ffee20511a8
[H2 PLACEMENT] OBJ = 0x7ffee2051200
[H2 PLACEMENT] OBJ = 0x7ffee2051258
[H2 PLACEMENT] OBJ = 0x7ffee20512b0
[H2 PLACEMENT] OBJ = 0x7ffee2051308
[H2 PLACEMENT] OBJ = 0x7ffee2051360
[H2 PLACEMENT] OBJ = 0x7ffee20513b8
[H2 PLACEMENT] OBJ = 0x7ffee2051410
[H2 PLACEMENT] OBJ = 0x7ffee2051468
[H2 PLACEMENT] OBJ = 0x7ffee20514c0
[H2 PLACEMENT] OBJ = 0x7ffee2051518
[H2 PLACEMENT] OBJ = 0x7ffee2051570
[H2 PLACEMENT] OBJ = 0x7ffee20515c8
[H2 PLACEMENT] OBJ = 0x7ffee2051620
[H2 PLACEMENT] OBJ = 0x7ffee2051678
[H2 PLACEMENT] OBJ = 0x7ffee20516d0
[H2 PLACEMENT] OBJ = 0x7ffee2051728
[H2 PLACEMENT] OBJ = 0x7ffee2051780
[H2 PLACEMENT] OBJ = 0x7ffee20517d8
[H2 PLACEMENT] OBJ = 0x7ffee2051830
[H2 PLACEMENT] OBJ = 0x7ffee2051888
[H2 PLACEMENT] OBJ = 0x7ffee20518e0
[H2 PLACEMENT] OBJ = 0x7ffee2051938
[H2 PLACEMENT] OBJ = 0x7ffee2051990
[H2 PLACEMENT] OBJ = 0x7ffee20519e8
[H2 PLACEMENT] OBJ = 0x7ffee2051a40
[H2 PLACEMENT] OBJ = 0x7ffee2051a98
[H2 PLACEMENT] OBJ = 0x7ffee2051af0
[H2 PLACEMENT] OBJ = 0x7ffee2051b48
[H2 PLACEMENT] OBJ = 0x7ffee2051ba0
[H2 PLACEMENT] OBJ = 0x7ffee2051bf8
[H2 PLACEMENT] OBJ = 0x7ffee2051c50
[H2 PLACEMENT] OBJ = 0x7ffee2051ca8
[H2 PLACEMENT] OBJ = 0x7ffee2051d00
[H2 PLACEMENT] OBJ = 0x7ffee2051d58
[H2 PLACEMENT] OBJ = 0x7ffee2051db0
[H2 PLACEMENT] OBJ = 0x7ffee2051e08
[H2 PLACEMENT] OBJ = 0x7ffee2051e60
[H2 PLACEMENT] OBJ = 0x7ffee2051eb8
[H2 PLACEMENT] OBJ = 0x7ffee2051f10
[H2 PLACEMENT] OBJ = 0x7ffee2051f68
[H2 PLACEMENT] OBJ = 0x7ffee2051fc0
[H2 PLACEMENT] OBJ = 0x7ffee2052018
[H2 PLACEMENT] OBJ = 0x7ffee2052070
[H2 PLACEMENT] OBJ = 0x7ffee20520c8
[H2 PLACEMENT] OBJ = 0x7ffee2052120
[H2 PLACEMENT] OBJ = 0x7ffee2052178
[H2 PLACEMENT] OBJ = 0x7ffee20521d0
[H2 PLACEMENT] OBJ = 0x7ffee2052228
[H2 PLACEMENT] OBJ = 0x7ffee2052280
[H2 PLACEMENT] OBJ = 0x7ffee20522d8
[H2 PLACEMENT] OBJ = 0x7ffee2052330
[H2 PLACEMENT] OBJ = 0x7ffee2052388
[H2 PLACEMENT] OBJ = 0x7ffee20523e0
[H2 PLACEMENT] OBJ = 0x7ffee2052438
[H2 PLACEMENT] OBJ = 0x7ffee2052490
[H2 PLACEMENT] OBJ = 0x7ffee20524e8
[H2 PLACEMENT] OBJ = 0x7ffee2052540
[H2 PLACEMENT] OBJ = 0x7ffee2052598
[H2 PLACEMENT] OBJ = 0x7ffee20525f0
[H2 PLACEMENT] OBJ = 0x7ffee2052648
[H2 PLACEMENT] OBJ = 0x7ffee20526a0
[H2 PLACEMENT] OBJ = 0x7ffee20526f8
[H2 PLACEMENT] OBJ = 0x7ffee2052750
[H2 PLACEMENT] OBJ = 0x7ffee20527a8
[H2 PLACEMENT] OBJ = 0x7ffee2052800
[H2 PLACEMENT] OBJ = 0x7ffee2052858
[H2 PLACEMENT] OBJ = 0x7ffee20528b0
[H2 PLACEMENT] OBJ = 0x7ffee2052908
[H2 PLACEMENT] OBJ = 0x7ffee2052960
[H2 PLACEMENT] OBJ = 0x7ffee20529b8
[H2 PLACEMENT] OBJ = 0x7ffee2052a10
[H2 PLACEMENT] OBJ = 0x7ffee2052a68
[H2 PLACEMENT] OBJ = 0x7ffee2052ac0
[H2 PLACEMENT] OBJ = 0x7ffee2052b18
[H2 PLACEMENT] OBJ = 0x7ffee2052b70
[H2 PLACEMENT] OBJ = 0x7ffee2052bc8
[H2 PLACEMENT] OBJ = 0x7ffee2052c20
[H2 PLACEMENT] OBJ = 0x7ffee2052c78
[H2 PLACEMENT] OBJ = 0x7ffee2052cd0
[H2 PLACEMENT] OBJ = 0x7ffee2052d28
[H2 PLACEMENT] OBJ = 0x7ffee2052d80
[H2 PLACEMENT] OBJ = 0x7ffee2052dd8
[H2 PLACEMENT] OBJ = 0x7ffee2052e30
[H2 PLACEMENT] OBJ = 0x7ffee2052e88
[H2 PLACEMENT] OBJ = 0x7ffee2052ee0
[H2 PLACEMENT] OBJ = 0x7ffee2052f38
[H2 PLACEMENT] OBJ = 0x7ffee2052f90
[H2 PLACEMENT] OBJ = 0x7ffee2052fe8
[H2 PLACEMENT] OBJ = 0x7ffee2053040
[H2 PLACEMENT] OBJ = 0x7ffee2053098
[H2 PLACEMENT] OBJ = 0x7ffee20530f0
[H2 PLACEMENT] OBJ = 0x7ffee2053148
[H2 PLACEMENT] OBJ = 0x7ffee20531a0
[H2 PLACEMENT] OBJ = 0x7ffee20531f8
[H2 PLACEMENT] OBJ = 0x7ffee2053250
[H2 PLACEMENT] OBJ = 0x7ffee20532a8
[H2 PLACEMENT] OBJ = 0x7ffee2053300
[H2 PLACEMENT] OBJ = 0x7ffee2053358
[H2 PLACEMENT] OBJ = 0x7ffee20533b0
[H2 PLACEMENT] OBJ = 0x7ffee2053408
[H2 PLACEMENT] OBJ = 0x7ffee2053460
[H2 PLACEMENT] OBJ = 0x7ffee20534b8
[H2 PLACEMENT] OBJ = 0x7ffee2053510
[H2 PLACEMENT] OBJ = 0x7ffee2053568
[H2 PLACEMENT] OBJ = 0x7ffee20535c0
[H2 PLACEMENT] OBJ = 0x7ffee2053618
[H2 PLACEMENT] OBJ = 0x7ffee2053670
[H2 PLACEMENT] OBJ = 0x7ffee20536c8
[H2 PLACEMENT] OBJ = 0x7ffee2053720
[H2 PLACEMENT] OBJ = 0x7ffee2053778
[H2 PLACEMENT] OBJ = 0x7ffee20537d0
[H2 PLACEMENT] OBJ = 0x7ffee2053828
[H2 PLACEMENT] OBJ = 0x7ffee2053880
[H2 PLACEMENT] OBJ = 0x7ffee20538d8
[H2 PLACEMENT] OBJ = 0x7ffee2053930
[H2 PLACEMENT] OBJ = 0x7ffee2053988
[H2 PLACEMENT] OBJ = 0x7ffee20539e0
[H2 PLACEMENT] OBJ = 0x7ffee2053a38
[H2 PLACEMENT] OBJ = 0x7ffee2053a90
[H2 PLACEMENT] OBJ = 0x7ffee2053ae8
[H2 PLACEMENT] OBJ = 0x7ffee2053b40
[H2 PLACEMENT] OBJ = 0x7ffee2053b98
[H2 PLACEMENT] OBJ = 0x7ffee2053bf0
[H2 PLACEMENT] OBJ = 0x7ffee2053c48
[H2 PLACEMENT] OBJ = 0x7ffee2053ca0
[H2 PLACEMENT] OBJ = 0x7ffee2053cf8
[H2 PLACEMENT] OBJ = 0x7ffee2053d50
[H2 PLACEMENT] OBJ = 0x7ffee2053da8
[H2 PLACEMENT] OBJ = 0x7ffee2053e00
[H2 PLACEMENT] OBJ = 0x7ffee2053e58
[H2 PLACEMENT] OBJ = 0x7ffee2053eb0
[H2 PLACEMENT] OBJ = 0x7ffee2053f08
[H2 PLACEMENT] OBJ = 0x7ffee2053f60
[H2 PLACEMENT] OBJ = 0x7ffee2053fb8
[H2 PLACEMENT] OBJ = 0x7ffee2054010
[H2 PLACEMENT] OBJ = 0x7ffee2054068
[H2 PLACEMENT] OBJ = 0x7ffee20540c0
[H2 PLACEMENT] OBJ = 0x7ffee2054118
[H2 PLACEMENT] OBJ = 0x7ffee2054170
[H2 PLACEMENT] OBJ = 0x7ffee20541c8
[H2 PLACEMENT] OBJ = 0x7ffee2054220
[H2 PLACEMENT] OBJ = 0x7ffee2054278
[H2 PLACEMENT] OBJ = 0x7ffee20542d0
[H2 PLACEMENT] OBJ = 0x7ffee2054328
[H2 PLACEMENT] OBJ = 0x7ffee2054380
[H2 PLACEMENT] OBJ = 0x7ffee20543d8
[H2 PLACEMENT] OBJ = 0x7ffee2054430
[H2 PLACEMENT] OBJ = 0x7ffee2054488
[H2 PLACEMENT] OBJ = 0x7ffee20544e0
[H2 PLACEMENT] OBJ = 0x7ffee2054538
[H2 PLACEMENT] OBJ = 0x7ffee2054590
[H2 PLACEMENT] OBJ = 0x7ffee20545e8
[H2 PLACEMENT] OBJ = 0x7ffee2054640
[H2 PLACEMENT] OBJ = 0x7ffee2054698
[H2 PLACEMENT] OBJ = 0x7ffee20546f0
[H2 PLACEMENT] OBJ = 0x7ffee2054748
[H2 PLACEMENT] OBJ = 0x7ffee20547a0
[H2 PLACEMENT] OBJ = 0x7ffee20547f8
[H2 PLACEMENT] OBJ = 0x7ffee2054850
[H2 PLACEMENT] OBJ = 0x7ffee20548a8
[H2 PLACEMENT] OBJ = 0x7ffee2054900
[H2 PLACEMENT] OBJ = 0x7ffee2054958
[H2 PLACEMENT] OBJ = 0x7ffee20549b0
[H2 PLACEMENT] OBJ = 0x7ffee2054a08
[H2 PLACEMENT] OBJ = 0x7ffee2054a60
[H2 PLACEMENT] OBJ = 0x7ffee2054ab8
[H2 PLACEMENT] OBJ = 0x7ffee2054b10
[H2 PLACEMENT] OBJ = 0x7ffee2054b68
[H2 PLACEMENT] OBJ = 0x7ffee2054bc0
[H2 PLACEMENT] OBJ = 0x7ffee2054c18
[H2 PLACEMENT] OBJ = 0x7ffee2054c70
[H2 PLACEMENT] OBJ = 0x7ffee2054cc8
[H2 PLACEMENT] OBJ = 0x7ffee2054d20
[H2 PLACEMENT] OBJ = 0x7ffee2054d78
[H2 PLACEMENT] OBJ = 0x7ffee2054dd0
[H2 PLACEMENT] OBJ = 0x7ffee2054e28
[H2 PLACEMENT] OBJ = 0x7ffee2054e80
[H2 PLACEMENT] OBJ = 0x7ffee2054ed8
[H2 PLACEMENT] OBJ = 0x7ffee2054f30
[H2 PLACEMENT] OBJ = 0x7ffee2054f88
[H2 PLACEMENT] OBJ = 0x7ffee2054fe0
[H2 PLACEMENT] OBJ = 0x7ffee2055038
[H2 PLACEMENT] OBJ = 0x7ffee2055090
[H2 PLACEMENT] OBJ = 0x7ffee20550e8
[H2 PLACEMENT] OBJ = 0x7ffee2055140
[H2 PLACEMENT] OBJ = 0x7ffee2055198
[H2 PLACEMENT] OBJ = 0x7ffee20551f0
[H2 PLACEMENT] OBJ = 0x7ffee2055248
[H2 PLACEMENT] OBJ = 0x7ffee20552a0
[H2 PLACEMENT] OBJ = 0x7ffee20552f8
[H2 PLACEMENT] OBJ = 0x7ffee2055350
[H2 PLACEMENT] OBJ = 0x7ffee20553a8
[H2 PLACEMENT] OBJ = 0x7ffee2055400
[H2 PLACEMENT] OBJ = 0x7ffee2055458
[H2 PLACEMENT] OBJ = 0x7ffee20554b0
[H2 PLACEMENT] OBJ = 0x7ffee2055508
[H2 PLACEMENT] OBJ = 0x7ffee2055560
[H2 PLACEMENT] OBJ = 0x7ffee20555b8
[H2 PLACEMENT] OBJ = 0x7ffee2055610
[H2 PLACEMENT] OBJ = 0x7ffee2055668
[H2 PLACEMENT] OBJ = 0x7ffee20556c0
[H2 PLACEMENT] OBJ = 0x7ffee2055718
[H2 PLACEMENT] OBJ = 0x7ffee2055770
[H2 PLACEMENT] OBJ = 0x7ffee20557c8
[H2 PLACEMENT] OBJ = 0x7ffee2055820
[H2 PLACEMENT] OBJ = 0x7ffee2055878
[H2 PLACEMENT] OBJ = 0x7ffee20558d0
[H2 PLACEMENT] OBJ = 0x7ffee2055928
[H2 PLACEMENT] OBJ = 0x7ffee2055980
[H2 PLACEMENT] OBJ = 0x7ffee20559d8
[H2 PLACEMENT] OBJ = 0x7ffee2055a30
[H2 PLACEMENT] OBJ = 0x7ffee2055a88
[H2 PLACEMENT] OBJ = 0x7ffee2055ae0
[H2 PLACEMENT] OBJ = 0x7ffee2055b38
[H2 PLACEMENT] OBJ = 0x7ffee2055b90
[H2 PLACEMENT] OBJ = 0x7ffee2055be8
[H2 PLACEMENT] OBJ = 0x7ffee2055c40
[H2 PLACEMENT] OBJ = 0x7ffee2055c98
[H2 PLACEMENT] OBJ = 0x7ffee2055cf0
[H2 PLACEMENT] OBJ = 0x7ffee2055d48
[H2 PLACEMENT] OBJ = 0x7ffee2055da0
[H2 PLACEMENT] OBJ = 0x7ffee2055df8
[H2 PLACEMENT] OBJ = 0x7ffee2055e50
[H2 PLACEMENT] OBJ = 0x7ffee2055ea8
[H2 PLACEMENT] OBJ = 0x7ffee2055f00
[H2 PLACEMENT] OBJ = 0x7ffee2055f58
[H2 PLACEMENT] OBJ = 0x7ffee2055fb0
[H2 PLACEMENT] OBJ = 0x7ffee2056008
[H2 PLACEMENT] OBJ = 0x7ffee2056060
[H2 PLACEMENT] OBJ = 0x7ffee20560b8
[H2 PLACEMENT] OBJ = 0x7ffee2056110
[H2 PLACEMENT] OBJ = 0x7ffee2056168
[H2 PLACEMENT] OBJ = 0x7ffee20561c0
[H2 PLACEMENT] OBJ = 0x7ffee2056218
[H2 PLACEMENT] OBJ = 0x7ffee2056270
[H2 PLACEMENT] OBJ = 0x7ffee20562c8
[H2 PLACEMENT] OBJ = 0x7ffee2056320
[H2 PLACEMENT] OBJ = 0x7ffee2056378
[H2 PLACEMENT] OBJ = 0x7ffee20563d0
[H2 PLACEMENT] OBJ = 0x7ffee2056428
[H2 PLACEMENT] OBJ = 0x7ffee2056480
[H2 PLACEMENT] OBJ = 0x7ffee20564d8
[H2 PLACEMENT] OBJ = 0x7ffee2056530
[H2 PLACEMENT] OBJ = 0x7ffee2056588
[H2 PLACEMENT] OBJ = 0x7ffee20565e0
[H2 PLACEMENT] OBJ = 0x7ffee2056638
[H2 PLACEMENT] OBJ = 0x7ffee2056690
[H2 PLACEMENT] OBJ = 0x7ffee20566e8
[H2 PLACEMENT] OBJ = 0x7ffee2056740
[H2 PLACEMENT] OBJ = 0x7ffee2056798
[H2 PLACEMENT] OBJ = 0x7ffee20567f0
[H2 PLACEMENT] OBJ = 0x7ffee2056848
[H2 PLACEMENT] OBJ = 0x7ffee20568a0
[H2 PLACEMENT] OBJ = 0x7ffee20568f8
[H2 PLACEMENT] OBJ = 0x7ffee2056950
[H2 PLACEMENT] OBJ = 0x7ffee20569a8
[H2 PLACEMENT] OBJ = 0x7ffee2056a00
[H2 PLACEMENT] OBJ = 0x7ffee2056a58
[H2 PLACEMENT] OBJ = 0x7ffee2056ab0
[H2 PLACEMENT] OBJ = 0x7ffee2056b08
[H2 PLACEMENT] OBJ = 0x7ffee2056b60
[H2 PLACEMENT] OBJ = 0x7ffee2056bb8
[H2 PLACEMENT] OBJ = 0x7ffee2056c10
[H2 PLACEMENT] OBJ = 0x7ffee2056c68
[H2 PLACEMENT] OBJ = 0x7ffee2056cc0
[H2 PLACEMENT] OBJ = 0x7ffee2056d18
[H2 PLACEMENT] OBJ = 0x7ffee2056d70
[H2 PLACEMENT] OBJ = 0x7ffee2056dc8
[H2 PLACEMENT] OBJ = 0x7ffee2056e20
[H2 PLACEMENT] OBJ = 0x7ffee2056e78
[H2 PLACEMENT] OBJ = 0x7ffee2056ed0
[H2 PLACEMENT] OBJ = 0x7ffee2056f28
[H2 PLACEMENT] OBJ = 0x7ffee2056f80
[H2 PLACEMENT] OBJ = 0x7ffee2056fd8
[H2 PLACEMENT] OBJ = 0x7ffee2057030
[H2 PLACEMENT] OBJ = 0x7ffee2057088
[H2 PLACEMENT] OBJ = 0x7ffee20570e0
[H2 PLACEMENT] OBJ = 0x7ffee2057138
[H2 PLACEMENT] OBJ = 0x7ffee2057190
[H2 PLACEMENT] OBJ = 0x7ffee20571e8
[H2 PLACEMENT] OBJ = 0x7ffee2057240
[H2 PLACEMENT] OBJ = 0x7ffee2057298
[H2 PLACEMENT] OBJ = 0x7ffee20572f0
[H2 PLACEMENT] OBJ = 0x7ffee2057348
[H2 PLACEMENT] OBJ = 0x7ffee20573a0
[H2 PLACEMENT] OBJ = 0x7ffee20573f8
[H2 PLACEMENT] OBJ = 0x7ffee2057450
[H2 PLACEMENT] OBJ = 0x7ffee20574a8
[H2 PLACEMENT] OBJ = 0x7ffee2057500
[H2 PLACEMENT] OBJ = 0x7ffee2057558
[H2 PLACEMENT] OBJ = 0x7ffee20575b0
[H2 PLACEMENT] OBJ = 0x7ffee2057608
[H2 PLACEMENT] OBJ = 0x7ffee2057660
[H2 PLACEMENT] OBJ = 0x7ffee20576b8
[H2 PLACEMENT] OBJ = 0x7ffee2057710
[H2 PLACEMENT] OBJ = 0x7ffee2057768
[H2 PLACEMENT] OBJ = 0x7ffee20577c0
[H2 PLACEMENT] OBJ = 0x7ffee2057818
[H2 PLACEMENT] OBJ = 0x7ffee2057870
[H2 PLACEMENT] OBJ = 0x7ffee20578c8
[H2 PLACEMENT] OBJ = 0x7ffee2057920
[H2 PLACEMENT] OBJ = 0x7ffee2057978
[H2 PLACEMENT] OBJ = 0x7ffee20579d0
[H2 PLACEMENT] OBJ = 0x7ffee2057a28
[H2 PLACEMENT] OBJ = 0x7ffee2057a80
[H2 PLACEMENT] OBJ = 0x7ffee2057ad8
[H2 PLACEMENT] OBJ = 0x7ffee2057b30
[H2 PLACEMENT] OBJ = 0x7ffee2057b88
[H2 PLACEMENT] OBJ = 0x7ffee2057be0
[H2 PLACEMENT] OBJ = 0x7ffee2057c38
[H2 PLACEMENT] OBJ = 0x7ffee2057c90
[H2 PLACEMENT] OBJ = 0x7ffee2057ce8
[H2 PLACEMENT] OBJ = 0x7ffee2057d40
[H2 PLACEMENT] OBJ = 0x7ffee2057d98
[H2 PLACEMENT] OBJ = 0x7ffee2057df0
[H2 PLACEMENT] OBJ = 0x7ffee2057e48
[H2 PLACEMENT] OBJ = 0x7ffee2057ea0
[H2 PLACEMENT] OBJ = 0x7ffee2057ef8
[H2 PLACEMENT] OBJ = 0x7ffee2057f50
[H2 PLACEMENT] OBJ = 0x7ffee2057fa8
[H2 PLACEMENT] OBJ = 0x7ffee2058000
[H2 PLACEMENT] OBJ = 0x7ffee2058058
[H2 PLACEMENT] OBJ = 0x7ffee20580b0
[H2 PLACEMENT] OBJ = 0x7ffee2058108
[H2 PLACEMENT] OBJ = 0x7ffee2058160
[H2 PLACEMENT] OBJ = 0x7ffee20581b8
[H2 PLACEMENT] OBJ = 0x7ffee2058210
[H2 PLACEMENT] OBJ = 0x7ffee2058268
[H2 PLACEMENT] OBJ = 0x7ffee20582c0
[H2 PLACEMENT] OBJ = 0x7ffee2058318
[H2 PLACEMENT] OBJ = 0x7ffee2058370
[H2 PLACEMENT] OBJ = 0x7ffee20583c8
[H2 PLACEMENT] OBJ = 0x7ffee2058420
[H2 PLACEMENT] OBJ = 0x7ffee2058478
[H2 PLACEMENT] OBJ = 0x7ffee20584d0
[H2 PLACEMENT] OBJ = 0x7ffee2058528
[H2 PLACEMENT] OBJ = 0x7ffee2058580
[H2 PLACEMENT] OBJ = 0x7ffee20585d8
[H2 PLACEMENT] OBJ = 0x7ffee2058630
[H2 PLACEMENT] OBJ = 0x7ffee2058688
[H2 PLACEMENT] OBJ = 0x7ffee20586e0
[H2 PLACEMENT] OBJ = 0x7ffee2058738
[H2 PLACEMENT] OBJ = 0x7ffee2058790
[H2 PLACEMENT] OBJ = 0x7ffee20587e8
[H2 PLACEMENT] OBJ = 0x7ffee2058840
[H2 PLACEMENT] OBJ = 0x7ffee2058898
[H2 PLACEMENT] OBJ = 0x7ffee20588f0
[H2 PLACEMENT] OBJ = 0x7ffee2058948
[H2 PLACEMENT] OBJ = 0x7ffee20589a0
[H2 PLACEMENT] OBJ = 0x7ffee20589f8
[H2 PLACEMENT] OBJ = 0x7ffee2058a50
[H2 PLACEMENT] OBJ = 0x7ffee2058aa8
[H2 PLACEMENT] OBJ = 0x7ffee2058b00
[H2 PLACEMENT] OBJ = 0x7ffee2058b58
[H2 PLACEMENT] OBJ = 0x7ffee2058bb0
[H2 PLACEMENT] OBJ = 0x7ffee2058c08
[H2 PLACEMENT] OBJ = 0x7ffee2058c60
[H2 PLACEMENT] OBJ = 0x7ffee2058cb8
[H2 PLACEMENT] OBJ = 0x7ffee2058d10
[H2 PLACEMENT] OBJ = 0x7ffee2058d68
[H2 PLACEMENT] OBJ = 0x7ffee2058dc0
[H2 PLACEMENT] OBJ = 0x7ffee2058e18
[H2 PLACEMENT] OBJ = 0x7ffee2058e70
[H2 PLACEMENT] OBJ = 0x7ffee2058ec8
[H2 PLACEMENT] OBJ = 0x7ffee2058f20
[H2 PLACEMENT] OBJ = 0x7ffee2058f78
[H2 PLACEMENT] OBJ = 0x7ffee2058fd0
[H2 PLACEMENT] OBJ = 0x7ffee2059028
[H2 PLACEMENT] OBJ = 0x7ffee2059080
[H2 PLACEMENT] OBJ = 0x7ffee20590d8
[H2 PLACEMENT] OBJ = 0x7ffee2059130
[H2 PLACEMENT] OBJ = 0x7ffee2059188
[H2 PLACEMENT] OBJ = 0x7ffee20591e0
[H2 PLACEMENT] OBJ = 0x7ffee2059238
[H2 PLACEMENT] OBJ = 0x7ffee2059290
[H2 PLACEMENT] OBJ = 0x7ffee20592e8
[H2 PLACEMENT] OBJ = 0x7ffee2059340
[H2 PLACEMENT] OBJ = 0x7ffee2059398
[H2 PLACEMENT] OBJ = 0x7ffee20593f0
[H2 PLACEMENT] OBJ = 0x7ffee2059448
[H2 PLACEMENT] OBJ = 0x7ffee20594a0
[H2 PLACEMENT] OBJ = 0x7ffee20594f8
[H2 PLACEMENT] OBJ = 0x7ffee2059550
[H2 PLACEMENT] OBJ = 0x7ffee20595a8
[H2 PLACEMENT] OBJ = 0x7ffee2059600
[H2 PLACEMENT] OBJ = 0x7ffee2059658
[H2 PLACEMENT] OBJ = 0x7ffee20596b0
[H2 PLACEMENT] OBJ = 0x7ffee2059708
[H2 PLACEMENT] OBJ = 0x7ffee2059760
[H2 PLACEMENT] OBJ = 0x7ffee20597b8
[H2 PLACEMENT] OBJ = 0x7ffee2059810
[H2 PLACEMENT] OBJ = 0x7ffee2059868
[H2 PLACEMENT] OBJ = 0x7ffee20598c0
[H2 PLACEMENT] OBJ = 0x7ffee2059918
[H2 PLACEMENT] OBJ = 0x7ffee2059970
[H2 PLACEMENT] OBJ = 0x7ffee20599c8
[H2 PLACEMENT] OBJ = 0x7ffee2059a20
[H2 PLACEMENT] OBJ = 0x7ffee2059a78
[H2 PLACEMENT] OBJ = 0x7ffee2059ad0
[H2 PLACEMENT] OBJ = 0x7ffee2059b28
[H2 PLACEMENT] OBJ = 0x7ffee2059b80
[H2 PLACEMENT] OBJ = 0x7ffee2059bd8
[H2 PLACEMENT] OBJ = 0x7ffee2059c30
[H2 PLACEMENT] OBJ = 0x7ffee2059c88
[H2 PLACEMENT] OBJ = 0x7ffee2059ce0
[H2 PLACEMENT] OBJ = 0x7ffee2059d38
[H2 PLACEMENT] OBJ = 0x7ffee2059d90
[H2 PLACEMENT] OBJ = 0x7ffee2059de8
[H2 PLACEMENT] OBJ = 0x7ffee2059e40
[H2 PLACEMENT] OBJ = 0x7ffee2059e98
[H2 PLACEMENT] OBJ = 0x7ffee2059ef0
[H2 PLACEMENT] OBJ = 0x7ffee2059f48
[H2 PLACEMENT] OBJ = 0x7ffee2059fa0
[H2 PLACEMENT] OBJ = 0x7ffee2059ff8
[H2 PLACEMENT] OBJ = 0x7ffee205a050
[H2 PLACEMENT] OBJ = 0x7ffee205a0a8
[H2 PLACEMENT] OBJ = 0x7ffee205a100
[H2 PLACEMENT] OBJ = 0x7ffee205a158
[H2 PLACEMENT] OBJ = 0x7ffee205a1b0
[H2 PLACEMENT] OBJ = 0x7ffee205a208
[H2 PLACEMENT] OBJ = 0x7ffee205a260
[H2 PLACEMENT] OBJ = 0x7ffee205a2b8
[H2 PLACEMENT] OBJ = 0x7ffee205a310
[H2 PLACEMENT] OBJ = 0x7ffee205a368
[H2 PLACEMENT] OBJ = 0x7ffee205a3c0
[H2 PLACEMENT] OBJ = 0x7ffee205a418
[H2 PLACEMENT] OBJ = 0x7ffee205a470
[H2 PLACEMENT] OBJ = 0x7ffee205a4c8
[H2 PLACEMENT] OBJ = 0x7ffee205a520
[H2 PLACEMENT] OBJ = 0x7ffee205a578
[H2 PLACEMENT] OBJ = 0x7ffee205a5d0
[H2 PLACEMENT] OBJ = 0x7ffee205a628
[H2 PLACEMENT] OBJ = 0x7ffee205a680
[H2 PLACEMENT] OBJ = 0x7ffee205a6d8
[H2 PLACEMENT] OBJ = 0x7ffee205a730
[H2 PLACEMENT] OBJ = 0x7ffee205a788
[H2 PLACEMENT] OBJ = 0x7ffee205a7e0
[H2 PLACEMENT] OBJ = 0x7ffee205a838
[H2 PLACEMENT] OBJ = 0x7ffee205a890
[H2 PLACEMENT] OBJ = 0x7ffee205a8e8
[H2 PLACEMENT] OBJ = 0x7ffee205a940
[H2 PLACEMENT] OBJ = 0x7ffee205a998
[H2 PLACEMENT] OBJ = 0x7ffee205a9f0
[H2 PLACEMENT] OBJ = 0x7ffee205aa48
[H2 PLACEMENT] OBJ = 0x7ffee205aaa0
[H2 PLACEMENT] OBJ = 0x7ffee205aaf8
[H2 PLACEMENT] OBJ = 0x7ffee205ab50
[H2 PLACEMENT] OBJ = 0x7ffee205aba8
[H2 PLACEMENT] OBJ = 0x7ffee205ac00
[H2 PLACEMENT] OBJ = 0x7ffee205ac58
[H2 PLACEMENT] OBJ = 0x7ffee205acb0
[H2 PLACEMENT] OBJ = 0x7ffee205ad08
[H2 PLACEMENT] OBJ = 0x7ffee205ad60
[H2 PLACEMENT] OBJ = 0x7ffee205adb8
[H2 PLACEMENT] OBJ = 0x7ffee205ae10
[H2 PLACEMENT] OBJ = 0x7ffee205ae68
[H2 PLACEMENT] OBJ = 0x7ffee205aec0
[H2 PLACEMENT] OBJ = 0x7ffee205af18
[H2 PLACEMENT] OBJ = 0x7ffee205af70
[H2 PLACEMENT] OBJ = 0x7ffee205afc8
[H2 PLACEMENT] OBJ = 0x7ffee205b020
[H2 PLACEMENT] OBJ = 0x7ffee205b078
[H2 PLACEMENT] OBJ = 0x7ffee205b0d0
[H2 PLACEMENT] OBJ = 0x7ffee205b128
[H2 PLACEMENT] OBJ = 0x7ffee205b180
[H2 PLACEMENT] OBJ = 0x7ffee205b1d8
[H2 PLACEMENT] OBJ = 0x7ffee205b230
[H2 PLACEMENT] OBJ = 0x7ffee205b288
[H2 PLACEMENT] OBJ = 0x7ffee205b2e0
[H2 PLACEMENT] OBJ = 0x7ffee205b338
[H2 PLACEMENT] OBJ = 0x7ffee205b390
[H2 PLACEMENT] OBJ = 0x7ffee205b3e8
[H2 PLACEMENT] OBJ = 0x7ffee205b440
[H2 PLACEMENT] OBJ = 0x7ffee205b498
[H2 PLACEMENT] OBJ = 0x7ffee205b4f0
[H2 PLACEMENT] OBJ = 0x7ffee205b548
[H2 PLACEMENT] OBJ = 0x7ffee205b5a0
[H2 PLACEMENT] OBJ = 0x7ffee205b5f8
[H2 PLACEMENT] OBJ = 0x7ffee205b650
[H2 PLACEMENT] OBJ = 0x7ffee205b6a8
[H2 PLACEMENT] OBJ = 0x7ffee205b700
[H2 PLACEMENT] OBJ = 0x7ffee205b758
[H2 PLACEMENT] OBJ = 0x7ffee205b7b0
[H2 PLACEMENT] OBJ = 0x7ffee205b808
[H2 PLACEMENT] OBJ = 0x7ffee205b860
[H2 PLACEMENT] OBJ = 0x7ffee205b8b8
[H2 PLACEMENT] OBJ = 0x7ffee205b910
[H2 PLACEMENT] OBJ = 0x7ffee205b968
[H2 PLACEMENT] OBJ = 0x7ffee205b9c0
[H2 PLACEMENT] OBJ = 0x7ffee205ba18
[H2 PLACEMENT] OBJ = 0x7ffee205ba70
[H2 PLACEMENT] OBJ = 0x7ffee205bac8
[H2 PLACEMENT] OBJ = 0x7ffee205bb20
[H2 PLACEMENT] OBJ = 0x7ffee205bb78
[H2 PLACEMENT] OBJ = 0x7ffee205bbd0
[H2 PLACEMENT] OBJ = 0x7ffee205bc28
[H2 PLACEMENT] OBJ = 0x7ffee205bc80
[H2 PLACEMENT] OBJ = 0x7ffee205bcd8
[H2 PLACEMENT] OBJ = 0x7ffee205bd30
[H2 PLACEMENT] OBJ = 0x7ffee205bd88
[H2 PLACEMENT] OBJ = 0x7ffee205bde0
[H2 PLACEMENT] OBJ = 0x7ffee205be38
[H2 PLACEMENT] OBJ = 0x7ffee205be90
[H2 PLACEMENT] OBJ = 0x7ffee205bee8
[H2 PLACEMENT] OBJ = 0x7ffee205bf40
[H2 PLACEMENT] OBJ = 0x7ffee205bf98
[H2 PLACEMENT] OBJ = 0x7ffee205bff0
[H2 PLACEMENT] OBJ = 0x7ffee205c048
[H2 PLACEMENT] OBJ = 0x7ffee205c0a0
[H2 PLACEMENT] OBJ = 0x7ffee205c0f8
[H2 PLACEMENT] OBJ = 0x7ffee205c150
[H2 PLACEMENT] OBJ = 0x7ffee205c1a8
[H2 PLACEMENT] OBJ = 0x7ffee205c200
[H2 PLACEMENT] OBJ = 0x7ffee205c258
[H2 PLACEMENT] OBJ = 0x7ffee205c2b0
[H2 PLACEMENT] OBJ = 0x7ffee205c308
[H2 PLACEMENT] OBJ = 0x7ffee205c360
[H2 PLACEMENT] OBJ = 0x7ffee205c3b8
[H2 PLACEMENT] OBJ = 0x7ffee205c410
[H2 PLACEMENT] OBJ = 0x7ffee205c468
[H2 PLACEMENT] OBJ = 0x7ffee205c4c0
[H2 PLACEMENT] OBJ = 0x7ffee205c518
[H2 PLACEMENT] OBJ = 0x7ffee205c570
[H2 PLACEMENT] OBJ = 0x7ffee205c5c8
[H2 PLACEMENT] OBJ = 0x7ffee205c620
[H2 PLACEMENT] OBJ = 0x7ffee205c678
[H2 PLACEMENT] OBJ = 0x7ffee205c6d0
[H2 PLACEMENT] OBJ = 0x7ffee205c728
[H2 PLACEMENT] OBJ = 0x7ffee205c780
[H2 PLACEMENT] OBJ = 0x7ffee205c7d8
[H2 PLACEMENT] OBJ = 0x7ffee205c830
[H2 PLACEMENT] OBJ = 0x7ffee205c888
[H2 PLACEMENT] OBJ = 0x7ffee205c8e0
[H2 PLACEMENT] OBJ = 0x7ffee205c938
[H2 PLACEMENT] OBJ = 0x7ffee205c990
[H2 PLACEMENT] OBJ = 0x7ffee205c9e8
[H2 PLACEMENT] OBJ = 0x7ffee205ca40
[H2 PLACEMENT] OBJ = 0x7ffee205ca98
[H2 PLACEMENT] OBJ = 0x7ffee205caf0
[H2 PLACEMENT] OBJ = 0x7ffee205cb48
[H2 PLACEMENT] OBJ = 0x7ffee205cba0
[H2 PLACEMENT] OBJ = 0x7ffee205cbf8
[H2 PLACEMENT] OBJ = 0x7ffee205cc50
[H2 PLACEMENT] OBJ = 0x7ffee205cca8
[H2 PLACEMENT] OBJ = 0x7ffee205cd00
[H2 PLACEMENT] OBJ = 0x7ffee205cd58
[H2 PLACEMENT] OBJ = 0x7ffee205cdb0
[H2 PLACEMENT] OBJ = 0x7ffee205ce08
[H2 PLACEMENT] OBJ = 0x7ffee205ce60
[H2 PLACEMENT] OBJ = 0x7ffee205ceb8
[H2 PLACEMENT] OBJ = 0x7ffee205cf10
[H2 PLACEMENT] OBJ = 0x7ffee205cf68
[H2 PLACEMENT] OBJ = 0x7ffee205cfc0
[H2 PLACEMENT] OBJ = 0x7ffee205d018
[H2 PLACEMENT] OBJ = 0x7ffee205d070
[H2 PLACEMENT] OBJ = 0x7ffee205d0c8
[H2 PLACEMENT] OBJ = 0x7ffee205d120
[H2 PLACEMENT] OBJ = 0x7ffee205d178
[H2 PLACEMENT] OBJ = 0x7ffee205d1d0
[H2 PLACEMENT] OBJ = 0x7ffee205d228
[H2 PLACEMENT] OBJ = 0x7ffee205d280
[H2 PLACEMENT] OBJ = 0x7ffee205d2d8
[H2 PLACEMENT] OBJ = 0x7ffee205d330
[H2 PLACEMENT] OBJ = 0x7ffee205d388
[H2 PLACEMENT] OBJ = 0x7ffee205d3e0
[H2 PLACEMENT] OBJ = 0x7ffee205d438
[H2 PLACEMENT] OBJ = 0x7ffee205d490
[H2 PLACEMENT] OBJ = 0x7ffee205d4e8
[H2 PLACEMENT] OBJ = 0x7ffee205d540
[H2 PLACEMENT] OBJ = 0x7ffee205d598
[H2 PLACEMENT] OBJ = 0x7ffee205d5f0
[H2 PLACEMENT] OBJ = 0x7ffee205d648
[H2 PLACEMENT] OBJ = 0x7ffee205d6a0
[H2 PLACEMENT] OBJ = 0x7ffee205d6f8
[H2 PLACEMENT] OBJ = 0x7ffee205d750
[H2 PLACEMENT] OBJ = 0x7ffee205d7a8
[H2 PLACEMENT] OBJ = 0x7ffee205d800
[H2 PLACEMENT] OBJ = 0x7ffee205d858
[H2 PLACEMENT] OBJ = 0x7ffee205d8b0
[H2 PLACEMENT] OBJ = 0x7ffee205d908
[H2 PLACEMENT] OBJ = 0x7ffee205d960
[H2 PLACEMENT] OBJ = 0x7ffee205d9b8
[H2 PLACEMENT] OBJ = 0x7ffee205da10
[H2 PLACEMENT] OBJ = 0x7ffee205da68
[H2 PLACEMENT] OBJ = 0x7ffee205dac0
[H2 PLACEMENT] OBJ = 0x7ffee205db18
[H2 PLACEMENT] OBJ = 0x7ffee205db70
[H2 PLACEMENT] OBJ = 0x7ffee205dbc8
[H2 PLACEMENT] OBJ = 0x7ffee205dc20
[H2 PLACEMENT] OBJ = 0x7ffee205dc78
[H2 PLACEMENT] OBJ = 0x7ffee205dcd0
[H2 PLACEMENT] OBJ = 0x7ffee205dd28
[H2 PLACEMENT] OBJ = 0x7ffee205dd80
[H2 PLACEMENT] OBJ = 0x7ffee205ddd8
[H2 PLACEMENT] OBJ = 0x7ffee205de30
[H2 PLACEMENT] OBJ = 0x7ffee205de88
[H2 PLACEMENT] OBJ = 0x7ffee205dee0
[H2 PLACEMENT] OBJ = 0x7ffee205df38
[H2 PLACEMENT] OBJ = 0x7ffee205df90
[H2 PLACEMENT] OBJ = 0x7ffee205dfe8
[H2 PLACEMENT] OBJ = 0x7ffee205e040
[H2 PLACEMENT] OBJ = 0x7ffee205e098
[H2 PLACEMENT] OBJ = 0x7ffee205e0f0
[H2 PLACEMENT] OBJ = 0x7ffee205e148
[H2 PLACEMENT] OBJ = 0x7ffee205e1a0
[H2 PLACEMENT] OBJ = 0x7ffee205e1f8
[H2 PLACEMENT] OBJ = 0x7ffee205e250
[H2 PLACEMENT] OBJ = 0x7ffee205e2a8
[H2 PLACEMENT] OBJ = 0x7ffee205e300
[H2 PLACEMENT] OBJ = 0x7ffee205e358
[H2 PLACEMENT] OBJ = 0x7ffee205e3b0
[H2 PLACEMENT] OBJ = 0x7ffee205e408
[H2 PLACEMENT] OBJ = 0x7ffee205e460
[H2 PLACEMENT] OBJ = 0x7ffee205e4b8
[H2 PLACEMENT] OBJ = 0x7ffee205e510
[H2 PLACEMENT] OBJ = 0x7ffee205e568
[H2 PLACEMENT] OBJ = 0x7ffee205e5c0
[H2 PLACEMENT] OBJ = 0x7ffee205e618
[H2 PLACEMENT] OBJ = 0x7ffee205e670
[H2 PLACEMENT] OBJ = 0x7ffee205e6c8
[H2 PLACEMENT] OBJ = 0x7ffee205e720
[H2 PLACEMENT] OBJ = 0x7ffee205e778
[H2 PLACEMENT] OBJ = 0x7ffee205e7d0
[H2 PLACEMENT] OBJ = 0x7ffee205e828
[H2 PLACEMENT] OBJ = 0x7ffee205e880
[H2 PLACEMENT] OBJ = 0x7ffee205e8d8
[H2 PLACEMENT] OBJ = 0x7ffee205e930
[H2 PLACEMENT] OBJ = 0x7ffee205e988
[H2 PLACEMENT] OBJ = 0x7ffee205e9e0
[H2 PLACEMENT] OBJ = 0x7ffee205ea38
[H2 PLACEMENT] OBJ = 0x7ffee205ea90
[H2 PLACEMENT] OBJ = 0x7ffee205eae8
[H2 PLACEMENT] OBJ = 0x7ffee205eb40
[H2 PLACEMENT] OBJ = 0x7ffee205eb98
[H2 PLACEMENT] OBJ = 0x7ffee205ebf0
[H2 PLACEMENT] OBJ = 0x7ffee205ec48
[H2 PLACEMENT] OBJ = 0x7ffee205eca0
[H2 PLACEMENT] OBJ = 0x7ffee205ecf8
[H2 PLACEMENT] OBJ = 0x7ffee205ed50
[H2 PLACEMENT] OBJ = 0x7ffee205eda8
[H2 PLACEMENT] OBJ = 0x7ffee205ee00
[H2 PLACEMENT] OBJ = 0x7ffee205ee58
[H2 PLACEMENT] OBJ = 0x7ffee205eeb0
[H2 PLACEMENT] OBJ = 0x7ffee205ef08
[H2 PLACEMENT] OBJ = 0x7ffee205ef60
[H2 PLACEMENT] OBJ = 0x7ffee205efb8
[H2 PLACEMENT] OBJ = 0x7ffee205f010
[H2 PLACEMENT] OBJ = 0x7ffee205f068
[H2 PLACEMENT] OBJ = 0x7ffee205f0c0
[H2 PLACEMENT] OBJ = 0x7ffee205f118
[H2 PLACEMENT] OBJ = 0x7ffee205f170
[H2 PLACEMENT] OBJ = 0x7ffee205f1c8
[H2 PLACEMENT] OBJ = 0x7ffee205f220
[H2 PLACEMENT] OBJ = 0x7ffee205f278
[H2 PLACEMENT] OBJ = 0x7ffee205f2d0
[H2 PLACEMENT] OBJ = 0x7ffee205f328
[H2 PLACEMENT] OBJ = 0x7ffee205f380
[H2 PLACEMENT] OBJ = 0x7ffee205f3d8
[H2 PLACEMENT] OBJ = 0x7ffee205f430
[H2 PLACEMENT] OBJ = 0x7ffee205f488
[H2 PLACEMENT] OBJ = 0x7ffee205f4e0
[H2 PLACEMENT] OBJ = 0x7ffee205f538
[H2 PLACEMENT] OBJ = 0x7ffee205f590
[H2 PLACEMENT] OBJ = 0x7ffee205f5e8
[H2 PLACEMENT] OBJ = 0x7ffee205f640
[H2 PLACEMENT] OBJ = 0x7ffee205f698
[H2 PLACEMENT] OBJ = 0x7ffee205f6f0
[H2 PLACEMENT] OBJ = 0x7ffee205f748
[H2 PLACEMENT] OBJ = 0x7ffee205f7a0
[H2 PLACEMENT] OBJ = 0x7ffee205f7f8
[H2 PLACEMENT] OBJ = 0x7ffee205f850
[H2 PLACEMENT] OBJ = 0x7ffee205f8a8
[H2 PLACEMENT] OBJ = 0x7ffee205f900
[H2 PLACEMENT] OBJ = 0x7ffee205f958
[H2 PLACEMENT] OBJ = 0x7ffee205f9b0
[H2 PLACEMENT] OBJ = 0x7ffee205fa08
[H2 PLACEMENT] OBJ = 0x7ffee205fa60
[H2 PLACEMENT] OBJ = 0x7ffee205fab8
[H2 PLACEMENT] OBJ = 0x7ffee205fb10
[H2 PLACEMENT] OBJ = 0x7ffee205fb68
[H2 PLACEMENT] OBJ = 0x7ffee205fbc0
[H2 PLACEMENT] OBJ = 0x7ffee205fc18
[H2 PLACEMENT] OBJ = 0x7ffee205fc70
[H2 PLACEMENT] OBJ = 0x7ffee205fcc8
[H2 PLACEMENT] OBJ = 0x7ffee205fd20
[H2 PLACEMENT] OBJ = 0x7ffee205fd78
[H2 PLACEMENT] OBJ = 0x7ffee205fdd0
[H2 PLACEMENT] OBJ = 0x7ffee205fe28
[H2 PLACEMENT] OBJ = 0x7ffee205fe80
[H2 PLACEMENT] OBJ = 0x7ffee205fed8
[H2 PLACEMENT] OBJ = 0x7ffee205ff30
[H2 PLACEMENT] OBJ = 0x7ffee205ff88
[H2 PLACEMENT] OBJ = 0x7ffee205ffe0
[H2 PLACEMENT] OBJ = 0x7ffee2060038
[H2 PLACEMENT] OBJ = 0x7ffee2060090
[H2 PLACEMENT] OBJ = 0x7ffee20600e8
[H2 PLACEMENT] OBJ = 0x7ffee2060140
[H2 PLACEMENT] OBJ = 0x7ffee2060198
[H2 PLACEMENT] OBJ = 0x7ffee20601f0
[H2 PLACEMENT] OBJ = 0x7ffee2060248
[H2 PLACEMENT] OBJ = 0x7ffee20602a0
[H2 PLACEMENT] OBJ = 0x7ffee20602f8
[H2 PLACEMENT] OBJ = 0x7ffee2060350
[H2 PLACEMENT] OBJ = 0x7ffee20603a8
[H2 PLACEMENT] OBJ = 0x7ffee2060400
[H2 PLACEMENT] OBJ = 0x7ffee2060458
[H2 PLACEMENT] OBJ = 0x7ffee20604b0
[H2 PLACEMENT] OBJ = 0x7ffee2060508
[H2 PLACEMENT] OBJ = 0x7ffee2060560
[H2 PLACEMENT] OBJ = 0x7ffee20605b8
[H2 PLACEMENT] OBJ = 0x7ffee2060610
[H2 PLACEMENT] OBJ = 0x7ffee2060668
[H2 PLACEMENT] OBJ = 0x7ffee20606c0
[H2 PLACEMENT] OBJ = 0x7ffee2060718
[H2 PLACEMENT] OBJ = 0x7ffee2060770
[H2 PLACEMENT] OBJ = 0x7ffee20607c8
[H2 PLACEMENT] OBJ = 0x7ffee2060820
[H2 PLACEMENT] OBJ = 0x7ffee2060878
[H2 PLACEMENT] OBJ = 0x7ffee20608d0
[H2 PLACEMENT] OBJ = 0x7ffee2060928
[H2 PLACEMENT] OBJ = 0x7ffee2060980
[H2 PLACEMENT] OBJ = 0x7ffee20609d8
[H2 PLACEMENT] OBJ = 0x7ffee2060a30
[H2 PLACEMENT] OBJ = 0x7ffee2060a88
[H2 PLACEMENT] OBJ = 0x7ffee2060ae0
[H2 PLACEMENT] OBJ = 0x7ffee2060b38
[H2 PLACEMENT] OBJ = 0x7ffee2060b90
[H2 PLACEMENT] OBJ = 0x7ffee2060be8
[H2 PLACEMENT] OBJ = 0x7ffee2060c40
[H2 PLACEMENT] OBJ = 0x7ffee2060c98
[H2 PLACEMENT] OBJ = 0x7ffee2060cf0
[H2 PLACEMENT] OBJ = 0x7ffee2060d48
[H2 PLACEMENT] OBJ = 0x7ffee2060da0
[H2 PLACEMENT] OBJ = 0x7ffee2060df8
[H2 PLACEMENT] OBJ = 0x7ffee2060e50
[H2 PLACEMENT] OBJ = 0x7ffee2060ea8
[H2 PLACEMENT] OBJ = 0x7ffee2060f00
[H2 PLACEMENT] OBJ = 0x7ffee2060f58
[H2 PLACEMENT] OBJ = 0x7ffee2060fb0
[H2 PLACEMENT] OBJ = 0x7ffee2061008
[H2 PLACEMENT] OBJ = 0x7ffee2061060
[H2 PLACEMENT] OBJ = 0x7ffee20610b8
[H2 PLACEMENT] OBJ = 0x7ffee2061110
[H2 PLACEMENT] OBJ = 0x7ffee2061168
[H2 PLACEMENT] OBJ = 0x7ffee20611c0
[H2 PLACEMENT] OBJ = 0x7ffee2061218
[H2 PLACEMENT] OBJ = 0x7ffee2061270
[H2 PLACEMENT] OBJ = 0x7ffee20612c8
[H2 PLACEMENT] OBJ = 0x7ffee2061320
[H2 PLACEMENT] OBJ = 0x7ffee2061378
[H2 PLACEMENT] OBJ = 0x7ffee20613d0
[H2 PLACEMENT] OBJ = 0x7ffee2061428
[H2 PLACEMENT] OBJ = 0x7ffee2061480
[H2 PLACEMENT] OBJ = 0x7ffee20614d8
[H2 PLACEMENT] OBJ = 0x7ffee2061530
[H2 PLACEMENT] OBJ = 0x7ffee2061588
[H2 PLACEMENT] OBJ = 0x7ffee20615e0
[H2 PLACEMENT] OBJ = 0x7ffee2061638
[H2 PLACEMENT] OBJ = 0x7ffee2061690
[H2 PLACEMENT] OBJ = 0x7ffee20616e8
[H2 PLACEMENT] OBJ = 0x7ffee2061740
[H2 PLACEMENT] OBJ = 0x7ffee2061798
[H2 PLACEMENT] OBJ = 0x7ffee20617f0
[H2 PLACEMENT] OBJ = 0x7ffee2061848
[H2 PLACEMENT] OBJ = 0x7ffee20618a0
[H2 PLACEMENT] OBJ = 0x7ffee20618f8
[H2 PLACEMENT] OBJ = 0x7ffee2061950
[H2 PLACEMENT] OBJ = 0x7ffee20619a8
[H2 PLACEMENT] OBJ = 0x7ffee2061a00
[H2 PLACEMENT] OBJ = 0x7ffee2061a58
[H2 PLACEMENT] OBJ = 0x7ffee2061ab0
[H2 PLACEMENT] OBJ = 0x7ffee2061b08
[H2 PLACEMENT] OBJ = 0x7ffee2061b60
[H2 PLACEMENT] OBJ = 0x7ffee2061bb8
[H2 PLACEMENT] OBJ = 0x7ffee2061c10
[H2 PLACEMENT] OBJ = 0x7ffee2061c68
[H2 PLACEMENT] OBJ = 0x7ffee2061cc0
[H2 PLACEMENT] OBJ = 0x7ffee2061d18
[H2 PLACEMENT] OBJ = 0x7ffee2061d70
[H2 PLACEMENT] OBJ = 0x7ffee2061dc8
[H2 PLACEMENT] OBJ = 0x7ffee2061e20
[H2 PLACEMENT] OBJ = 0x7ffee2061e78
[H2 PLACEMENT] OBJ = 0x7ffee2061ed0
[H2 PLACEMENT] OBJ = 0x7ffee2061f28
[H2 PLACEMENT] OBJ = 0x7ffee2061f80
[H2 PLACEMENT] OBJ = 0x7ffee2061fd8
[H2 PLACEMENT] OBJ = 0x7ffee2062030
[H2 PLACEMENT] OBJ = 0x7ffee2062088
[H2 PLACEMENT] OBJ = 0x7ffee20620e0
[H2 PLACEMENT] OBJ = 0x7ffee2062138
[H2 PLACEMENT] OBJ = 0x7ffee2062190
[H2 PLACEMENT] OBJ = 0x7ffee20621e8
[H2 PLACEMENT] OBJ = 0x7ffee2062240
[H2 PLACEMENT] OBJ = 0x7ffee2062298
[H2 PLACEMENT] OBJ = 0x7ffee20622f0
[H2 PLACEMENT] OBJ = 0x7ffee2062348
[H2 PLACEMENT] OBJ = 0x7ffee20623a0
[H2 PLACEMENT] OBJ = 0x7ffee20623f8
[H2 PLACEMENT] OBJ = 0x7ffee2062450
[H2 PLACEMENT] OBJ = 0x7ffee20624a8
[H2 PLACEMENT] OBJ = 0x7ffee2062500
[H2 PLACEMENT] OBJ = 0x7ffee2062558
[H2 PLACEMENT] OBJ = 0x7ffee20625b0
[H2 PLACEMENT] OBJ = 0x7ffee2062608
[H2 PLACEMENT] OBJ = 0x7ffee2062660
[H2 PLACEMENT] OBJ = 0x7ffee20626b8
[H2 PLACEMENT] OBJ = 0x7ffee2062710
[H2 PLACEMENT] OBJ = 0x7ffee2062768
[H2 PLACEMENT] OBJ = 0x7ffee20627c0
[H2 PLACEMENT] OBJ = 0x7ffee2062818
[H2 PLACEMENT] OBJ = 0x7ffee2062870
[H2 PLACEMENT] OBJ = 0x7ffee20628c8
[H2 PLACEMENT] OBJ = 0x7ffee2062920
[H2 PLACEMENT] OBJ = 0x7ffee2062978
[H2 PLACEMENT] OBJ = 0x7ffee20629d0
[H2 PLACEMENT] OBJ = 0x7ffee2062a28
[H2 PLACEMENT] OBJ = 0x7ffee2062a80
[H2 PLACEMENT] OBJ = 0x7ffee2062ad8
[H2 PLACEMENT] OBJ = 0x7ffee2062b30
[H2 PLACEMENT] OBJ = 0x7ffee2062b88
[H2 PLACEMENT] OBJ = 0x7ffee2062be0
[H2 PLACEMENT] OBJ = 0x7ffee2062c38
[H2 PLACEMENT] OBJ = 0x7ffee2062c90
[H2 PLACEMENT] OBJ = 0x7ffee2062ce8
[H2 PLACEMENT] OBJ = 0x7ffee2062d40
[H2 PLACEMENT] OBJ = 0x7ffee2062d98
[H2 PLACEMENT] OBJ = 0x7ffee2062df0
[H2 PLACEMENT] OBJ = 0x7ffee2062e48
[H2 PLACEMENT] OBJ = 0x7ffee2062ea0
[H2 PLACEMENT] OBJ = 0x7ffee2062ef8
[H2 PLACEMENT] OBJ = 0x7ffee2062f50
[H2 PLACEMENT] OBJ = 0x7ffee2062fa8
[H2 PLACEMENT] OBJ = 0x7ffee2063000
[H2 PLACEMENT] OBJ = 0x7ffee2063058
[H2 PLACEMENT] OBJ = 0x7ffee20630b0
[H2 PLACEMENT] OBJ = 0x7ffee2063108
[H2 PLACEMENT] OBJ = 0x7ffee2063160
[H2 PLACEMENT] OBJ = 0x7ffee20631b8
[H2 PLACEMENT] OBJ = 0x7ffee2063210
[H2 PLACEMENT] OBJ = 0x7ffee2063268
[H2 PLACEMENT] OBJ = 0x7ffee20632c0
[H2 PLACEMENT] OBJ = 0x7ffee2063318
[H2 PLACEMENT] OBJ = 0x7ffee2063370
[H2 PLACEMENT] OBJ = 0x7ffee20633c8
[H2 PLACEMENT] OBJ = 0x7ffee2063420
[H2 PLACEMENT] OBJ = 0x7ffee2063478
[H2 PLACEMENT] OBJ = 0x7ffee20634d0
[H2 PLACEMENT] OBJ = 0x7ffee2063528
[H2 PLACEMENT] OBJ = 0x7ffee2063580
[H2 PLACEMENT] OBJ = 0x7ffee20635d8
[H2 PLACEMENT] OBJ = 0x7ffee2063630
[H2 PLACEMENT] OBJ = 0x7ffee2063688
[H2 PLACEMENT] OBJ = 0x7ffee20636e0
[H2 PLACEMENT] OBJ = 0x7ffee2063738
[H2 PLACEMENT] OBJ = 0x7ffee2063790
[H2 PLACEMENT] OBJ = 0x7ffee20637e8
[H2 PLACEMENT] OBJ = 0x7ffee2063840
[H2 PLACEMENT] OBJ = 0x7ffee2063898
[H2 PLACEMENT] OBJ = 0x7ffee20638f0
[H2 PLACEMENT] OBJ = 0x7ffee2063948
[H2 PLACEMENT] OBJ = 0x7ffee20639a0
[H2 PLACEMENT] OBJ = 0x7ffee20639f8
[H2 PLACEMENT] OBJ = 0x7ffee2063a50
[H2 PLACEMENT] OBJ = 0x7ffee2063aa8
[H2 PLACEMENT] OBJ = 0x7ffee2063b00
[H2 PLACEMENT] OBJ = 0x7ffee2063b58
[H2 PLACEMENT] OBJ = 0x7ffee2063bb0
[H2 PLACEMENT] OBJ = 0x7ffee2063c08
[H2 PLACEMENT] OBJ = 0x7ffee2063c60
[H2 PLACEMENT] OBJ = 0x7ffee2063cb8
[H2 PLACEMENT] OBJ = 0x7ffee2063d10
[H2 PLACEMENT] OBJ = 0x7ffee2063d68
[H2 PLACEMENT] OBJ = 0x7ffee2063dc0
[H2 PLACEMENT] OBJ = 0x7ffee2063e18
[H2 PLACEMENT] OBJ = 0x7ffee2063e70
[H2 PLACEMENT] OBJ = 0x7ffee2063ec8
[H2 PLACEMENT] OBJ = 0x7ffee2063f20
[H2 PLACEMENT] OBJ = 0x7ffee2063f78
[H2 PLACEMENT] OBJ = 0x7ffee2063fd0
[H2 PLACEMENT] OBJ = 0x7ffee2064028
[H2 PLACEMENT] OBJ = 0x7ffee2064080
[H2 PLACEMENT] OBJ = 0x7ffee20640d8
[H2 PLACEMENT] OBJ = 0x7ffee2064130
[H2 PLACEMENT] OBJ = 0x7ffee2064188
[H2 PLACEMENT] OBJ = 0x7ffee20641e0
[H2 PLACEMENT] OBJ = 0x7ffee2064238
[H2 PLACEMENT] OBJ = 0x7ffee2064290
[H2 PLACEMENT] OBJ = 0x7ffee20642e8
[H2 PLACEMENT] OBJ = 0x7ffee2064340
[H2 PLACEMENT] OBJ = 0x7ffee2064398
[H2 PLACEMENT] OBJ = 0x7ffee20643f0
[H2 PLACEMENT] OBJ = 0x7ffee2064448
[H2 PLACEMENT] OBJ = 0x7ffee20644a0
[H2 PLACEMENT] OBJ = 0x7ffee20644f8
[H2 PLACEMENT] OBJ = 0x7ffee2064550
[H2 PLACEMENT] OBJ = 0x7ffee20645a8
[H2 PLACEMENT] OBJ = 0x7ffee2064600
[H2 PLACEMENT] OBJ = 0x7ffee2064658
[H2 PLACEMENT] OBJ = 0x7ffee20646b0
[H2 PLACEMENT] OBJ = 0x7ffee2064708
[H2 PLACEMENT] OBJ = 0x7ffee2064760
[H2 PLACEMENT] OBJ = 0x7ffee20647b8
[H2 PLACEMENT] OBJ = 0x7ffee2064810
[H2 PLACEMENT] OBJ = 0x7ffee2064868
[H2 PLACEMENT] OBJ = 0x7ffee20648c0
[H2 PLACEMENT] OBJ = 0x7ffee2064918
[H2 PLACEMENT] OBJ = 0x7ffee2064970
[H2 PLACEMENT] OBJ = 0x7ffee20649c8
[H2 PLACEMENT] OBJ = 0x7ffee2064a20
[H2 PLACEMENT] OBJ = 0x7ffee2064a78
[H2 PLACEMENT] OBJ = 0x7ffee2064ad0
[H2 PLACEMENT] OBJ = 0x7ffee2064b28
[H2 PLACEMENT] OBJ = 0x7ffee2064b80
[H2 PLACEMENT] OBJ = 0x7ffee2064bd8
[H2 PLACEMENT] OBJ = 0x7ffee2064c30
[H2 PLACEMENT] OBJ = 0x7ffee2064c88
[H2 PLACEMENT] OBJ = 0x7ffee2064ce0
[H2 PLACEMENT] OBJ = 0x7ffee2064d38
[H2 PLACEMENT] OBJ = 0x7ffee2064d90
[H2 PLACEMENT] OBJ = 0x7ffee2064de8
[H2 PLACEMENT] OBJ = 0x7ffee2064e40
[H2 PLACEMENT] OBJ = 0x7ffee2064e98
[H2 PLACEMENT] OBJ = 0x7ffee2064ef0
[H2 PLACEMENT] OBJ = 0x7ffee2064f48
[H2 PLACEMENT] OBJ = 0x7ffee2064fa0
[H2 PLACEMENT] OBJ = 0x7ffee2064ff8
[H2 PLACEMENT] OBJ = 0x7ffee2065050
[H2 PLACEMENT] OBJ = 0x7ffee20650a8
[H2 PLACEMENT] OBJ = 0x7ffee2065100
[H2 PLACEMENT] OBJ = 0x7ffee2065158
[H2 PLACEMENT] OBJ = 0x7ffee20651b0
[H2 PLACEMENT] OBJ = 0x7ffee2065208
[H2 PLACEMENT] OBJ = 0x7ffee2065260
[H2 PLACEMENT] OBJ = 0x7ffee20652b8
[H2 PLACEMENT] OBJ = 0x7ffee2065310
[H2 PLACEMENT] OBJ = 0x7ffee2065368
[H2 PLACEMENT] OBJ = 0x7ffee20653c0
[H2 PLACEMENT] OBJ = 0x7ffee2065418
[H2 PLACEMENT] OBJ = 0x7ffee2065470
[H2 PLACEMENT] OBJ = 0x7ffee20654c8
[H2 PLACEMENT] OBJ = 0x7ffee2065520
[H2 PLACEMENT] OBJ = 0x7ffee2065578
[H2 PLACEMENT] OBJ = 0x7ffee20655d0
[H2 PLACEMENT] OBJ = 0x7ffee2065628
[H2 PLACEMENT] OBJ = 0x7ffee2065680
[H2 PLACEMENT] OBJ = 0x7ffee20656d8
[H2 PLACEMENT] OBJ = 0x7ffee2065730
[H2 PLACEMENT] OBJ = 0x7ffee2065788
[H2 PLACEMENT] OBJ = 0x7ffee20657e0
[H2 PLACEMENT] OBJ = 0x7ffee2065838
[H2 PLACEMENT] OBJ = 0x7ffee2065890
[H2 PLACEMENT] OBJ = 0x7ffee20658e8
[H2 PLACEMENT] OBJ = 0x7ffee2065940
[H2 PLACEMENT] OBJ = 0x7ffee2065998
[H2 PLACEMENT] OBJ = 0x7ffee20659f0
[H2 PLACEMENT] OBJ = 0x7ffee2065a48
[H2 PLACEMENT] OBJ = 0x7ffee2065aa0
[H2 PLACEMENT] OBJ = 0x7ffee2065af8
[H2 PLACEMENT] OBJ = 0x7ffee2065b50
[H2 PLACEMENT] OBJ = 0x7ffee2065ba8
[H2 PLACEMENT] OBJ = 0x7ffee2065c00
[H2 PLACEMENT] OBJ = 0x7ffee2065c58
[H2 PLACEMENT] OBJ = 0x7ffee2065cb0
[H2 PLACEMENT] OBJ = 0x7ffee2065d08
[H2 PLACEMENT] OBJ = 0x7ffee2065d60
[H2 PLACEMENT] OBJ = 0x7ffee2065db8
[H2 PLACEMENT] OBJ = 0x7ffee2065e10
[H2 PLACEMENT] OBJ = 0x7ffee2065e68
[H2 PLACEMENT] OBJ = 0x7ffee2065ec0
[H2 PLACEMENT] OBJ = 0x7ffee2065f18
[H2 PLACEMENT] OBJ = 0x7ffee2065f70
[H2 PLACEMENT] OBJ = 0x7ffee2065fc8
[H2 PLACEMENT] OBJ = 0x7ffee2066020
[H2 PLACEMENT] OBJ = 0x7ffee2066078
[H2 PLACEMENT] OBJ = 0x7ffee20660d0
[H2 PLACEMENT] OBJ = 0x7ffee2066128
[H2 PLACEMENT] OBJ = 0x7ffee2066180
[H2 PLACEMENT] OBJ = 0x7ffee20661d8
[H2 PLACEMENT] OBJ = 0x7ffee2066230
[H2 PLACEMENT] OBJ = 0x7ffee2066288
[H2 PLACEMENT] OBJ = 0x7ffee20662e0
[H2 PLACEMENT] OBJ = 0x7ffee2066338
[H2 PLACEMENT] OBJ = 0x7ffee2066390
[H2 PLACEMENT] OBJ = 0x7ffee20663e8
[H2 PLACEMENT] OBJ = 0x7ffee2066440
[H2 PLACEMENT] OBJ = 0x7ffee2066498
[H2 PLACEMENT] OBJ = 0x7ffee20664f0
[H2 PLACEMENT] OBJ = 0x7ffee2066548
[H2 PLACEMENT] OBJ = 0x7ffee20665a0
[H2 PLACEMENT] OBJ = 0x7ffee20665f8
[H2 PLACEMENT] OBJ = 0x7ffee2066650
[H2 PLACEMENT] OBJ = 0x7ffee20666a8
[H2 PLACEMENT] OBJ = 0x7ffee2066700
[H2 PLACEMENT] OBJ = 0x7ffee2066758
[H2 PLACEMENT] OBJ = 0x7ffee20667b0
[H2 PLACEMENT] OBJ = 0x7ffee2066808
[H2 PLACEMENT] OBJ = 0x7ffee2066860
[H2 PLACEMENT] OBJ = 0x7ffee20668b8
[H2 PLACEMENT] OBJ = 0x7ffee2066910
[H2 PLACEMENT] OBJ = 0x7ffee2066968
[H2 PLACEMENT] OBJ = 0x7ffee20669c0
[H2 PLACEMENT] OBJ = 0x7ffee2066a18
[H2 PLACEMENT] OBJ = 0x7ffee2066a70
[H2 PLACEMENT] OBJ = 0x7ffee2066ac8
[H2 PLACEMENT] OBJ = 0x7ffee2066b20
[H2 PLACEMENT] OBJ = 0x7ffee2066b78
[H2 PLACEMENT] OBJ = 0x7ffee2066bd0
[H2 PLACEMENT] OBJ = 0x7ffee2066c28
[H2 PLACEMENT] OBJ = 0x7ffee2066c80
[H2 PLACEMENT] OBJ = 0x7ffee2066cd8
[H2 PLACEMENT] OBJ = 0x7ffee2066d30
[H2 PLACEMENT] OBJ = 0x7ffee2066d88
[H2 PLACEMENT] OBJ = 0x7ffee2066de0
[H2 PLACEMENT] OBJ = 0x7ffee2066e38
[H2 PLACEMENT] OBJ = 0x7ffee2066e90
[H2 PLACEMENT] OBJ = 0x7ffee2066ee8
[H2 PLACEMENT] OBJ = 0x7ffee2066f40
[H2 PLACEMENT] OBJ = 0x7ffee2066f98
[H2 PLACEMENT] OBJ = 0x7ffee2066ff0
[H2 PLACEMENT] OBJ = 0x7ffee2067048
[H2 PLACEMENT] OBJ = 0x7ffee20670a0
[H2 PLACEMENT] OBJ = 0x7ffee20670f8
[H2 PLACEMENT] OBJ = 0x7ffee2067150
[H2 PLACEMENT] OBJ = 0x7ffee20671a8
[H2 PLACEMENT] OBJ = 0x7ffee2067200
[H2 PLACEMENT] OBJ = 0x7ffee2067258
[H2 PLACEMENT] OBJ = 0x7ffee20672b0
[H2 PLACEMENT] OBJ = 0x7ffee2067308
[H2 PLACEMENT] OBJ = 0x7ffee2067360
[H2 PLACEMENT] OBJ = 0x7ffee20673b8
[H2 PLACEMENT] OBJ = 0x7ffee2067410
[H2 PLACEMENT] OBJ = 0x7ffee2067468
[H2 PLACEMENT] OBJ = 0x7ffee20674c0
[H2 PLACEMENT] OBJ = 0x7ffee2067518
[H2 PLACEMENT] OBJ = 0x7ffee2067570
[H2 PLACEMENT] OBJ = 0x7ffee20675c8
[H2 PLACEMENT] OBJ = 0x7ffee2067620
[H2 PLACEMENT] OBJ = 0x7ffee2067678
[H2 PLACEMENT] OBJ = 0x7ffee20676d0
[H2 PLACEMENT] OBJ = 0x7ffee2067728
[H2 PLACEMENT] OBJ = 0x7ffee2067780
[H2 PLACEMENT] OBJ = 0x7ffee20677d8
[H2 PLACEMENT] OBJ = 0x7ffee2067830
[H2 PLACEMENT] OBJ = 0x7ffee2067888
[H2 PLACEMENT] OBJ = 0x7ffee20678e0
[H2 PLACEMENT] OBJ = 0x7ffee2067938
[H2 PLACEMENT] OBJ = 0x7ffee2067990
[H2 PLACEMENT] OBJ = 0x7ffee20679e8
[H2 PLACEMENT] OBJ = 0x7ffee2067a40
[H2 PLACEMENT] OBJ = 0x7ffee2067a98
[H2 PLACEMENT] OBJ = 0x7ffee2067af0
[H2 PLACEMENT] OBJ = 0x7ffee2067b48
[H2 PLACEMENT] OBJ = 0x7ffee2067ba0
[H2 PLACEMENT] OBJ = 0x7ffee2067bf8
[H2 PLACEMENT] OBJ = 0x7ffee2067c50
[H2 PLACEMENT] OBJ = 0x7ffee2067ca8
[H2 PLACEMENT] OBJ = 0x7ffee2067d00
[H2 PLACEMENT] OBJ = 0x7ffee2067d58
[H2 PLACEMENT] OBJ = 0x7ffee2067db0
[H2 PLACEMENT] OBJ = 0x7ffee2067e08
[H2 PLACEMENT] OBJ = 0x7ffee2067e60
[H2 PLACEMENT] OBJ = 0x7ffee2067eb8
[H2 PLACEMENT] OBJ = 0x7ffee2067f10
[H2 PLACEMENT] OBJ = 0x7ffee2067f68
[H2 PLACEMENT] OBJ = 0x7ffee2067fc0
[H2 PLACEMENT] OBJ = 0x7ffee2068018
[H2 PLACEMENT] OBJ = 0x7ffee2068070
[H2 PLACEMENT] OBJ = 0x7ffee20680c8
[H2 PLACEMENT] OBJ = 0x7ffee2068120
[H2 PLACEMENT] OBJ = 0x7ffee2068178
[H2 PLACEMENT] OBJ = 0x7ffee20681d0
[H2 PLACEMENT] OBJ = 0x7ffee2068228
[H2 PLACEMENT] OBJ = 0x7ffee2068280
[H2 PLACEMENT] OBJ = 0x7ffee20682d8
[H2 PLACEMENT] OBJ = 0x7ffee2068330
[H2 PLACEMENT] OBJ = 0x7ffee2068388
[H2 PLACEMENT] OBJ = 0x7ffee20683e0
[H2 PLACEMENT] OBJ = 0x7ffee2068438
[H2 PLACEMENT] OBJ = 0x7ffee2068490
[H2 PLACEMENT] OBJ = 0x7ffee20684e8
[H2 PLACEMENT] OBJ = 0x7ffee2068540
[H2 PLACEMENT] OBJ = 0x7ffee2068598
[H2 PLACEMENT] OBJ = 0x7ffee20685f0
[H2 PLACEMENT] OBJ = 0x7ffee2068648
[H2 PLACEMENT] OBJ = 0x7ffee20686a0
[H2 PLACEMENT] OBJ = 0x7ffee20686f8
[H2 PLACEMENT] OBJ = 0x7ffee2068750
[H2 PLACEMENT] OBJ = 0x7ffee20687a8
[H2 PLACEMENT] OBJ = 0x7ffee2068800
[H2 PLACEMENT] OBJ = 0x7ffee2068858
[H2 PLACEMENT] OBJ = 0x7ffee20688b0
[H2 PLACEMENT] OBJ = 0x7ffee2068908
[H2 PLACEMENT] OBJ = 0x7ffee2068960
[H2 PLACEMENT] OBJ = 0x7ffee20689b8
[H2 PLACEMENT] OBJ = 0x7ffee2068a10
[H2 PLACEMENT] OBJ = 0x7ffee2068a68
[H2 PLACEMENT] OBJ = 0x7ffee2068ac0
[H2 PLACEMENT] OBJ = 0x7ffee2068b18
[H2 PLACEMENT] OBJ = 0x7ffee2068b70
[H2 PLACEMENT] OBJ = 0x7ffee2068bc8
[H2 PLACEMENT] OBJ = 0x7ffee2068c20
[H2 PLACEMENT] OBJ = 0x7ffee2068c78
[H2 PLACEMENT] OBJ = 0x7ffee2068cd0
[H2 PLACEMENT] OBJ = 0x7ffee2068d28
[H2 PLACEMENT] OBJ = 0x7ffee2068d80
[H2 PLACEMENT] OBJ = 0x7ffee2068dd8
[H2 PLACEMENT] OBJ = 0x7ffee2068e30
[H2 PLACEMENT] OBJ = 0x7ffee2068e88
[H2 PLACEMENT] OBJ = 0x7ffee2068ee0
[H2 PLACEMENT] OBJ = 0x7ffee2068f38
[H2 PLACEMENT] OBJ = 0x7ffee2068f90
[H2 PLACEMENT] OBJ = 0x7ffee2068fe8
[H2 PLACEMENT] OBJ = 0x7ffee2069040
[H2 PLACEMENT] OBJ = 0x7ffee2069098
[H2 PLACEMENT] OBJ = 0x7ffee20690f0
[H2 PLACEMENT] OBJ = 0x7ffee2069148
[H2 PLACEMENT] OBJ = 0x7ffee20691a0
[H2 PLACEMENT] OBJ = 0x7ffee20691f8
[H2 PLACEMENT] OBJ = 0x7ffee2069250
[H2 PLACEMENT] OBJ = 0x7ffee20692a8
[H2 PLACEMENT] OBJ = 0x7ffee2069300
[H2 PLACEMENT] OBJ = 0x7ffee2069358
[H2 PLACEMENT] OBJ = 0x7ffee20693b0
[H2 PLACEMENT] OBJ = 0x7ffee2069408
[H2 PLACEMENT] OBJ = 0x7ffee2069460
[H2 PLACEMENT] OBJ = 0x7ffee20694b8
[H2 PLACEMENT] OBJ = 0x7ffee2069510
[H2 PLACEMENT] OBJ = 0x7ffee2069568
[H2 PLACEMENT] OBJ = 0x7ffee20695c0
[H2 PLACEMENT] OBJ = 0x7ffee2069618
[H2 PLACEMENT] OBJ = 0x7ffee2069670
[H2 PLACEMENT] OBJ = 0x7ffee20696c8
[H2 PLACEMENT] OBJ = 0x7ffee2069720
[H2 PLACEMENT] OBJ = 0x7ffee2069778
[H2 PLACEMENT] OBJ = 0x7ffee20697d0
[H2 PLACEMENT] OBJ = 0x7ffee2069828
[H2 PLACEMENT] OBJ = 0x7ffee2069880
[H2 PLACEMENT] OBJ = 0x7ffee20698d8
[H2 PLACEMENT] OBJ = 0x7ffee2069930
[H2 PLACEMENT] OBJ = 0x7ffee2069988
[H2 PLACEMENT] OBJ = 0x7ffee20699e0
[H2 PLACEMENT] OBJ = 0x7ffee2069a38
[H2 PLACEMENT] OBJ = 0x7ffee2069a90
[H2 PLACEMENT] OBJ = 0x7ffee2069ae8
[H2 PLACEMENT] OBJ = 0x7ffee2069b40
[H2 PLACEMENT] OBJ = 0x7ffee2069b98
[H2 PLACEMENT] OBJ = 0x7ffee2069bf0
[H2 PLACEMENT] OBJ = 0x7ffee2069c48
[H2 PLACEMENT] OBJ = 0x7ffee2069ca0
[H2 PLACEMENT] OBJ = 0x7ffee2069cf8
[H2 PLACEMENT] OBJ = 0x7ffee2069d50
[H2 PLACEMENT] OBJ = 0x7ffee2069da8
[H2 PLACEMENT] OBJ = 0x7ffee2069e00
[H2 PLACEMENT] OBJ = 0x7ffee2069e58
[H2 PLACEMENT] OBJ = 0x7ffee2069eb0
[H2 PLACEMENT] OBJ = 0x7ffee2069f08
[H2 PLACEMENT] OBJ = 0x7ffee2069f60
[H2 PLACEMENT] OBJ = 0x7ffee2069fb8
[H2 PLACEMENT] OBJ = 0x7ffee206a010
[H2 PLACEMENT] OBJ = 0x7ffee206a068
[H2 PLACEMENT] OBJ = 0x7ffee206a0c0
[H2 PLACEMENT] OBJ = 0x7ffee206a118
[H2 PLACEMENT] OBJ = 0x7ffee206a170
[H2 PLACEMENT] OBJ = 0x7ffee206a1c8
[H2 PLACEMENT] OBJ = 0x7ffee206a220
[H2 PLACEMENT] OBJ = 0x7ffee206a278
[H2 PLACEMENT] OBJ = 0x7ffee206a2d0
[H2 PLACEMENT] OBJ = 0x7ffee206a328
[H2 PLACEMENT] OBJ = 0x7ffee206a380
[H2 PLACEMENT] OBJ = 0x7ffee206a3d8
[H2 PLACEMENT] OBJ = 0x7ffee206a430
[H2 PLACEMENT] OBJ = 0x7ffee206a488
[H2 PLACEMENT] OBJ = 0x7ffee206a4e0
[H2 PLACEMENT] OBJ = 0x7ffee206a538
[H2 PLACEMENT] OBJ = 0x7ffee206a590
[H2 PLACEMENT] OBJ = 0x7ffee206a5e8
[H2 PLACEMENT] OBJ = 0x7ffee206a640
[H2 PLACEMENT] OBJ = 0x7ffee206a698
[H2 PLACEMENT] OBJ = 0x7ffee206a6f0
[H2 PLACEMENT] OBJ = 0x7ffee206a748
[H2 PLACEMENT] OBJ = 0x7ffee206a7a0
[H2 PLACEMENT] OBJ = 0x7ffee206a7f8
[H2 PLACEMENT] OBJ = 0x7ffee206a850
[H2 PLACEMENT] OBJ = 0x7ffee206a8a8
[H2 PLACEMENT] OBJ = 0x7ffee206a900
[H2 PLACEMENT] OBJ = 0x7ffee206a958
[H2 PLACEMENT] OBJ = 0x7ffee206a9b0
[H2 PLACEMENT] OBJ = 0x7ffee206aa08
[H2 PLACEMENT] OBJ = 0x7ffee206aa60
[H2 PLACEMENT] OBJ = 0x7ffee206aab8
[H2 PLACEMENT] OBJ = 0x7ffee206ab10
[H2 PLACEMENT] OBJ = 0x7ffee206ab68
[H2 PLACEMENT] OBJ = 0x7ffee206abc0
[H2 PLACEMENT] OBJ = 0x7ffee206ac18
[H2 PLACEMENT] OBJ = 0x7ffee206ac70
[H2 PLACEMENT] OBJ = 0x7ffee206acc8
[H2 PLACEMENT] OBJ = 0x7ffee206ad20
[H2 PLACEMENT] OBJ = 0x7ffee206ad78
[H2 PLACEMENT] OBJ = 0x7ffee206add0
[H2 PLACEMENT] OBJ = 0x7ffee206ae28
[H2 PLACEMENT] OBJ = 0x7ffee206ae80
[H2 PLACEMENT] OBJ = 0x7ffee206aed8
[H2 PLACEMENT] OBJ = 0x7ffee206af30
[H2 PLACEMENT] OBJ = 0x7ffee206af88
[H2 PLACEMENT] OBJ = 0x7ffee206afe0
[H2 PLACEMENT] OBJ = 0x7ffee206b038
[H2 PLACEMENT] OBJ = 0x7ffee206b090
[H2 PLACEMENT] OBJ = 0x7ffee206b0e8
[H2 PLACEMENT] OBJ = 0x7ffee206b140
[H2 PLACEMENT] OBJ = 0x7ffee206b198
[H2 PLACEMENT] OBJ = 0x7ffee206b1f0
[H2 PLACEMENT] OBJ = 0x7ffee206b248
[H2 PLACEMENT] OBJ = 0x7ffee206b2a0
[H2 PLACEMENT] OBJ = 0x7ffee206b2f8
[H2 PLACEMENT] OBJ = 0x7ffee206b350
[H2 PLACEMENT] OBJ = 0x7ffee206b3a8
[H2 PLACEMENT] OBJ = 0x7ffee206b400
[H2 PLACEMENT] OBJ = 0x7ffee206b458
[H2 PLACEMENT] OBJ = 0x7ffee206b4b0
[H2 PLACEMENT] OBJ = 0x7ffee206b508
[H2 PLACEMENT] OBJ = 0x7ffee206b560
[H2 PLACEMENT] OBJ = 0x7ffee206b5b8
[H2 PLACEMENT] OBJ = 0x7ffee206b610
[H2 PLACEMENT] OBJ = 0x7ffee206b668
[H2 PLACEMENT] OBJ = 0x7ffee206b6c0
[H2 PLACEMENT] OBJ = 0x7ffee206b718
[H2 PLACEMENT] OBJ = 0x7ffee206b770
[H2 PLACEMENT] OBJ = 0x7ffee206b7c8
[H2 PLACEMENT] OBJ = 0x7ffee206b820
[H2 PLACEMENT] OBJ = 0x7ffee206b878
[H2 PLACEMENT] OBJ = 0x7ffee206b8d0
[H2 PLACEMENT] OBJ = 0x7ffee206b928
[H2 PLACEMENT] OBJ = 0x7ffee206b980
[H2 PLACEMENT] OBJ = 0x7ffee206b9d8
[H2 PLACEMENT] OBJ = 0x7ffee206ba30
[H2 PLACEMENT] OBJ = 0x7ffee206ba88
[H2 PLACEMENT] OBJ = 0x7ffee206bae0
[H2 PLACEMENT] OBJ = 0x7ffee206bb38
[H2 PLACEMENT] OBJ = 0x7ffee206bb90
[H2 PLACEMENT] OBJ = 0x7ffee206bbe8
[H2 PLACEMENT] OBJ = 0x7ffee206bc40
[H2 PLACEMENT] OBJ = 0x7ffee206bc98
[H2 PLACEMENT] OBJ = 0x7ffee206bcf0
[H2 PLACEMENT] OBJ = 0x7ffee206bd48
[H2 PLACEMENT] OBJ = 0x7ffee206bda0
[H2 PLACEMENT] OBJ = 0x7ffee206bdf8
[H2 PLACEMENT] OBJ = 0x7ffee206be50
[H2 PLACEMENT] OBJ = 0x7ffee206bea8
[H2 PLACEMENT] OBJ = 0x7ffee206bf00
[H2 PLACEMENT] OBJ = 0x7ffee206bf58
[H2 PLACEMENT] OBJ = 0x7ffee206bfb0
[H2 PLACEMENT] OBJ = 0x7ffee206c008
[H2 PLACEMENT] OBJ = 0x7ffee206c060
[H2 PLACEMENT] OBJ = 0x7ffee206c0b8
[H2 PLACEMENT] OBJ = 0x7ffee206c110
[H2 PLACEMENT] OBJ = 0x7ffee206c168
[H2 PLACEMENT] OBJ = 0x7ffee206c1c0
[H2 PLACEMENT] OBJ = 0x7ffee206c218
[H2 PLACEMENT] OBJ = 0x7ffee206c270
[H2 PLACEMENT] OBJ = 0x7ffee206c2c8
[H2 PLACEMENT] OBJ = 0x7ffee206c320
[H2 PLACEMENT] OBJ = 0x7ffee206c378
[H2 PLACEMENT] OBJ = 0x7ffee206c3d0
[H2 PLACEMENT] OBJ = 0x7ffee206c428
[H2 PLACEMENT] OBJ = 0x7ffee206c480
[H2 PLACEMENT] OBJ = 0x7ffee206c4d8
[H2 PLACEMENT] OBJ = 0x7ffee206c530
[H2 PLACEMENT] OBJ = 0x7ffee206c588
[H2 PLACEMENT] OBJ = 0x7ffee206c5e0
[H2 PLACEMENT] OBJ = 0x7ffee206c638
[H2 PLACEMENT] OBJ = 0x7ffee206c690
[H2 PLACEMENT] OBJ = 0x7ffee206c6e8
[H2 PLACEMENT] OBJ = 0x7ffee206c740
[H2 PLACEMENT] OBJ = 0x7ffee206c798
[H2 PLACEMENT] OBJ = 0x7ffee206c7f0
[H2 PLACEMENT] OBJ = 0x7ffee206c848
[H2 PLACEMENT] OBJ = 0x7ffee206c8a0
[H2 PLACEMENT] OBJ = 0x7ffee206c8f8
[H2 PLACEMENT] OBJ = 0x7ffee206c950
[H2 PLACEMENT] OBJ = 0x7ffee206c9a8
[H2 PLACEMENT] OBJ = 0x7ffee206ca00
[H2 PLACEMENT] OBJ = 0x7ffee206ca58
[H2 PLACEMENT] OBJ = 0x7ffee206cab0
[H2 PLACEMENT] OBJ = 0x7ffee206cb08
[H2 PLACEMENT] OBJ = 0x7ffee206cb60
[H2 PLACEMENT] OBJ = 0x7ffee206cbb8
[H2 PLACEMENT] OBJ = 0x7ffee206cc10
[H2 PLACEMENT] OBJ = 0x7ffee206cc68
[H2 PLACEMENT] OBJ = 0x7ffee206ccc0
[H2 PLACEMENT] OBJ = 0x7ffee206cd18
[H2 PLACEMENT] OBJ = 0x7ffee206cd70
[H2 PLACEMENT] OBJ = 0x7ffee206cdc8
[H2 PLACEMENT] OBJ = 0x7ffee206ce20
[H2 PLACEMENT] OBJ = 0x7ffee206ce78
[H2 PLACEMENT] OBJ = 0x7ffee206ced0
[H2 PLACEMENT] OBJ = 0x7ffee206cf28
[H2 PLACEMENT] OBJ = 0x7ffee206cf80
[H2 PLACEMENT] OBJ = 0x7ffee206cfd8
[H2 PLACEMENT] OBJ = 0x7ffee206d030
[H2 PLACEMENT] OBJ = 0x7ffee206d088
[H2 PLACEMENT] OBJ = 0x7ffee206d0e0
[H2 PLACEMENT] OBJ = 0x7ffee206d138
[H2 PLACEMENT] OBJ = 0x7ffee206d190
[H2 PLACEMENT] OBJ = 0x7ffee206d1e8
[H2 PLACEMENT] OBJ = 0x7ffee206d240
[H2 PLACEMENT] OBJ = 0x7ffee206d298
[H2 PLACEMENT] OBJ = 0x7ffee206d2f0
[H2 PLACEMENT] OBJ = 0x7ffee206d348
[H2 PLACEMENT] OBJ = 0x7ffee206d3a0
[H2 PLACEMENT] OBJ = 0x7ffee206d3f8
[H2 PLACEMENT] OBJ = 0x7ffee206d450
[H2 PLACEMENT] OBJ = 0x7ffee206d4a8
[H2 PLACEMENT] OBJ = 0x7ffee206d500
[H2 PLACEMENT] OBJ = 0x7ffee206d558
[H2 PLACEMENT] OBJ = 0x7ffee206d5b0
[H2 PLACEMENT] OBJ = 0x7ffee206d608
[H2 PLACEMENT] OBJ = 0x7ffee206d660
[H2 PLACEMENT] OBJ = 0x7ffee206d6b8
[H2 PLACEMENT] OBJ = 0x7ffee206d710
[H2 PLACEMENT] OBJ = 0x7ffee206d768
[H2 PLACEMENT] OBJ = 0x7ffee206d7c0
[H2 PLACEMENT] OBJ = 0x7ffee206d818
[H2 PLACEMENT] OBJ = 0x7ffee206d870
[H2 PLACEMENT] OBJ = 0x7ffee206d8c8
[H2 PLACEMENT] OBJ = 0x7ffee206d920
[H2 PLACEMENT] OBJ = 0x7ffee206d978
[H2 PLACEMENT] OBJ = 0x7ffee206d9d0
[H2 PLACEMENT] OBJ = 0x7ffee206da28
[H2 PLACEMENT] OBJ = 0x7ffee206da80
[H2 PLACEMENT] OBJ = 0x7ffee206dad8
[H2 PLACEMENT] OBJ = 0x7ffee206db30
[H2 PLACEMENT] OBJ = 0x7ffee206db88
[H2 PLACEMENT] OBJ = 0x7ffee206dbe0
[H2 PLACEMENT] OBJ = 0x7ffee206dc38
[H2 PLACEMENT] OBJ = 0x7ffee206dc90
[H2 PLACEMENT] OBJ = 0x7ffee206dce8
[H2 PLACEMENT] OBJ = 0x7ffee206dd40
[H2 PLACEMENT] OBJ = 0x7ffee206dd98
[H2 PLACEMENT] OBJ = 0x7ffee206ddf0
[H2 PLACEMENT] OBJ = 0x7ffee206de48
[H2 PLACEMENT] OBJ = 0x7ffee206dea0
[H2 PLACEMENT] OBJ = 0x7ffee206def8
[H2 PLACEMENT] OBJ = 0x7ffee206df50
[H2 PLACEMENT] OBJ = 0x7ffee206dfa8
[H2 PLACEMENT] OBJ = 0x7ffee206e000
[H2 PLACEMENT] OBJ = 0x7ffee206e058
[H2 PLACEMENT] OBJ = 0x7ffee206e0b0
[H2 PLACEMENT] OBJ = 0x7ffee206e108
[H2 PLACEMENT] OBJ = 0x7ffee206e160
[H2 PLACEMENT] OBJ = 0x7ffee206e1b8
[H2 PLACEMENT] OBJ = 0x7ffee206e210
[H2 PLACEMENT] OBJ = 0x7ffee206e268
[H2 PLACEMENT] OBJ = 0x7ffee206e2c0
[H2 PLACEMENT] OBJ = 0x7ffee206e318
[H2 PLACEMENT] OBJ = 0x7ffee206e370
[H2 PLACEMENT] OBJ = 0x7ffee206e3c8
[H2 PLACEMENT] OBJ = 0x7ffee206e420
[H2 PLACEMENT] OBJ = 0x7ffee206e478
[H2 PLACEMENT] OBJ = 0x7ffee206e4d0
[H2 PLACEMENT] OBJ = 0x7ffee206e528
[H2 PLACEMENT] OBJ = 0x7ffee206e580
[H2 PLACEMENT] OBJ = 0x7ffee206e5d8
[H2 PLACEMENT] OBJ = 0x7ffee206e630
[H2 PLACEMENT] OBJ = 0x7ffee206e688
[H2 PLACEMENT] OBJ = 0x7ffee206e6e0
[H2 PLACEMENT] OBJ = 0x7ffee206e738
[H2 PLACEMENT] OBJ = 0x7ffee206e790
[H2 PLACEMENT] OBJ = 0x7ffee206e7e8
[H2 PLACEMENT] OBJ = 0x7ffee206e840
[H2 PLACEMENT] OBJ = 0x7ffee206e898
[H2 PLACEMENT] OBJ = 0x7ffee206e8f0
[H2 PLACEMENT] OBJ = 0x7ffee206e948
[H2 PLACEMENT] OBJ = 0x7ffee206e9a0
[H2 PLACEMENT] OBJ = 0x7ffee206e9f8
[H2 PLACEMENT] OBJ = 0x7ffee206ea50
[H2 PLACEMENT] OBJ = 0x7ffee206eaa8
[H2 PLACEMENT] OBJ = 0x7ffee206eb00
[H2 PLACEMENT] OBJ = 0x7ffee206eb58
[H2 PLACEMENT] OBJ = 0x7ffee206ebb0
[H2 PLACEMENT] OBJ = 0x7ffee206ec08
[H2 PLACEMENT] OBJ = 0x7ffee206ec60
[H2 PLACEMENT] OBJ = 0x7ffee206ecb8
[H2 PLACEMENT] OBJ = 0x7ffee206ed10
[H2 PLACEMENT] OBJ = 0x7ffee206ed68
[H2 PLACEMENT] OBJ = 0x7ffee206edc0
[H2 PLACEMENT] OBJ = 0x7ffee206ee18
[H2 PLACEMENT] OBJ = 0x7ffee206ee70
[H2 PLACEMENT] OBJ = 0x7ffee206eec8
[H2 PLACEMENT] OBJ = 0x7ffee206ef20
[H2 PLACEMENT] OBJ = 0x7ffee206ef78
[H2 PLACEMENT] OBJ = 0x7ffee206efd0
[H2 PLACEMENT] OBJ = 0x7ffee206f028
[H2 PLACEMENT] OBJ = 0x7ffee206f080
[H2 PLACEMENT] OBJ = 0x7ffee206f0d8
[H2 PLACEMENT] OBJ = 0x7ffee206f130
[H2 PLACEMENT] OBJ = 0x7ffee206f188
[H2 PLACEMENT] OBJ = 0x7ffee206f1e0
[H2 PLACEMENT] OBJ = 0x7ffee206f238
[H2 PLACEMENT] OBJ = 0x7ffee206f290
[H2 PLACEMENT] OBJ = 0x7ffee206f2e8
[H2 PLACEMENT] OBJ = 0x7ffee206f340
[H2 PLACEMENT] OBJ = 0x7ffee206f398
[H2 PLACEMENT] OBJ = 0x7ffee206f3f0
[H2 PLACEMENT] OBJ = 0x7ffee206f448
[H2 PLACEMENT] OBJ = 0x7ffee206f4a0
[H2 PLACEMENT] OBJ = 0x7ffee206f4f8
[H2 PLACEMENT] OBJ = 0x7ffee206f550
[H2 PLACEMENT] OBJ = 0x7ffee206f5a8
[H2 PLACEMENT] OBJ = 0x7ffee206f600
[H2 PLACEMENT] OBJ = 0x7ffee206f658
[H2 PLACEMENT] OBJ = 0x7ffee206f6b0
[H2 PLACEMENT] OBJ = 0x7ffee206f708
[H2 PLACEMENT] OBJ = 0x7ffee206f760
[H2 PLACEMENT] OBJ = 0x7ffee206f7b8
[H2 PLACEMENT] OBJ = 0x7ffee206f810
[H2 PLACEMENT] OBJ = 0x7ffee206f868
[H2 PLACEMENT] OBJ = 0x7ffee206f8c0
[H2 PLACEMENT] OBJ = 0x7ffee206f918
[H2 PLACEMENT] OBJ = 0x7ffee206f970
[H2 PLACEMENT] OBJ = 0x7ffee206f9c8
[H2 PLACEMENT] OBJ = 0x7ffee206fa20
[H2 PLACEMENT] OBJ = 0x7ffee206fa78
[H2 PLACEMENT] OBJ = 0x7ffee206fad0
[H2 PLACEMENT] OBJ = 0x7ffee206fb28
[H2 PLACEMENT] OBJ = 0x7ffee206fb80
[H2 PLACEMENT] OBJ = 0x7ffee206fbd8
[H2 PLACEMENT] OBJ = 0x7ffee206fc30
[H2 PLACEMENT] OBJ = 0x7ffee206fc88
[H2 PLACEMENT] OBJ = 0x7ffee206fce0
[H2 PLACEMENT] OBJ = 0x7ffee206fd38
[H2 PLACEMENT] OBJ = 0x7ffee206fd90
[H2 PLACEMENT] OBJ = 0x7ffee206fde8
[H2 PLACEMENT] OBJ = 0x7ffee206fe40
[H2 PLACEMENT] OBJ = 0x7ffee206fe98
[H2 PLACEMENT] OBJ = 0x7ffee206fef0
[H2 PLACEMENT] OBJ = 0x7ffee206ff48
[H2 PLACEMENT] OBJ = 0x7ffee206ffa0
[H2 PLACEMENT] OBJ = 0x7ffee206fff8
[H2 PLACEMENT] OBJ = 0x7ffee2070050
[H2 PLACEMENT] OBJ = 0x7ffee20700a8
[H2 PLACEMENT] OBJ = 0x7ffee2070100
[H2 PLACEMENT] OBJ = 0x7ffee2070158
[H2 PLACEMENT] OBJ = 0x7ffee20701b0
[H2 PLACEMENT] OBJ = 0x7ffee2070208
[H2 PLACEMENT] OBJ = 0x7ffee2070260
[H2 PLACEMENT] OBJ = 0x7ffee20702b8
[H2 PLACEMENT] OBJ = 0x7ffee2070310
[H2 PLACEMENT] OBJ = 0x7ffee2070368
[H2 PLACEMENT] OBJ = 0x7ffee20703c0
[H2 PLACEMENT] OBJ = 0x7ffee2070418
[H2 PLACEMENT] OBJ = 0x7ffee2070470
[H2 PLACEMENT] OBJ = 0x7ffee20704c8
[H2 PLACEMENT] OBJ = 0x7ffee2070520
[H2 PLACEMENT] OBJ = 0x7ffee2070578
[H2 PLACEMENT] OBJ = 0x7ffee20705d0
[H2 PLACEMENT] OBJ = 0x7ffee2070628
[H2 PLACEMENT] OBJ = 0x7ffee2070680
[H2 PLACEMENT] OBJ = 0x7ffee20706d8
[H2 PLACEMENT] OBJ = 0x7ffee2070730
[H2 PLACEMENT] OBJ = 0x7ffee2070788
[H2 PLACEMENT] OBJ = 0x7ffee20707e0
[H2 PLACEMENT] OBJ = 0x7ffee2070838
[H2 PLACEMENT] OBJ = 0x7ffee2070890
[H2 PLACEMENT] OBJ = 0x7ffee20708e8
[H2 PLACEMENT] OBJ = 0x7ffee2070940
[H2 PLACEMENT] OBJ = 0x7ffee2070998
[H2 PLACEMENT] OBJ = 0x7ffee20709f0
[H2 PLACEMENT] OBJ = 0x7ffee2070a48
[H2 PLACEMENT] OBJ = 0x7ffee2070aa0
[H2 PLACEMENT] OBJ = 0x7ffee2070af8
[H2 PLACEMENT] OBJ = 0x7ffee2070b50
[H2 PLACEMENT] OBJ = 0x7ffee2070ba8
[H2 PLACEMENT] OBJ = 0x7ffee2070c00
[H2 PLACEMENT] OBJ = 0x7ffee2070c58
[H2 PLACEMENT] OBJ = 0x7ffee2070cb0
[H2 PLACEMENT] OBJ = 0x7ffee2070d08
[H2 PLACEMENT] OBJ = 0x7ffee2070d60
[H2 PLACEMENT] OBJ = 0x7ffee2070db8
[H2 PLACEMENT] OBJ = 0x7ffee2070e10
[H2 PLACEMENT] OBJ = 0x7ffee2070e68
[H2 PLACEMENT] OBJ = 0x7ffee2070ec0
[H2 PLACEMENT] OBJ = 0x7ffee2070f18
[H2 PLACEMENT] OBJ = 0x7ffee2070f70
[H2 PLACEMENT] OBJ = 0x7ffee2070fc8
[H2 PLACEMENT] OBJ = 0x7ffee2071020
[H2 PLACEMENT] OBJ = 0x7ffee2071078
[H2 PLACEMENT] OBJ = 0x7ffee20710d0
[H2 PLACEMENT] OBJ = 0x7ffee2071128
[H2 PLACEMENT] OBJ = 0x7ffee2071180
[H2 PLACEMENT] OBJ = 0x7ffee20711d8
[H2 PLACEMENT] OBJ = 0x7ffee2071230
[H2 PLACEMENT] OBJ = 0x7ffee2071288
[H2 PLACEMENT] OBJ = 0x7ffee20712e0
[H2 PLACEMENT] OBJ = 0x7ffee2071338
[H2 PLACEMENT] OBJ = 0x7ffee2071390
[H2 PLACEMENT] OBJ = 0x7ffee20713e8
[H2 PLACEMENT] OBJ = 0x7ffee2071440
[H2 PLACEMENT] OBJ = 0x7ffee2071498
[H2 PLACEMENT] OBJ = 0x7ffee20714f0
[H2 PLACEMENT] OBJ = 0x7ffee2071548
[H2 PLACEMENT] OBJ = 0x7ffee20715a0
[H2 PLACEMENT] OBJ = 0x7ffee20715f8
[H2 PLACEMENT] OBJ = 0x7ffee2071650
[H2 PLACEMENT] OBJ = 0x7ffee20716a8
[H2 PLACEMENT] OBJ = 0x7ffee2071700
[H2 PLACEMENT] OBJ = 0x7ffee2071758
[H2 PLACEMENT] OBJ = 0x7ffee20717b0
[H2 PLACEMENT] OBJ = 0x7ffee2071808
[H2 PLACEMENT] OBJ = 0x7ffee2071860
[H2 PLACEMENT] OBJ = 0x7ffee20718b8
[H2 PLACEMENT] OBJ = 0x7ffee2071910
[H2 PLACEMENT] OBJ = 0x7ffee2071968
[H2 PLACEMENT] OBJ = 0x7ffee20719c0
[H2 PLACEMENT] OBJ = 0x7ffee2071a18
[H2 PLACEMENT] OBJ = 0x7ffee2071a70
[H2 PLACEMENT] OBJ = 0x7ffee2071ac8
[H2 PLACEMENT] OBJ = 0x7ffee2071b20
[H2 PLACEMENT] OBJ = 0x7ffee2071b78
[H2 PLACEMENT] OBJ = 0x7ffee2071bd0
[H2 PLACEMENT] OBJ = 0x7ffee2071c28
[H2 PLACEMENT] OBJ = 0x7ffee2071c80
[H2 PLACEMENT] OBJ = 0x7ffee2071cd8
[H2 PLACEMENT] OBJ = 0x7ffee2071d30
[H2 PLACEMENT] OBJ = 0x7ffee2071d88
[H2 PLACEMENT] OBJ = 0x7ffee2071de0
[H2 PLACEMENT] OBJ = 0x7ffee2071e38
[H2 PLACEMENT] OBJ = 0x7ffee2071e90
[H2 PLACEMENT] OBJ = 0x7ffee2071ee8
[H2 PLACEMENT] OBJ = 0x7ffee2071f40
[H2 PLACEMENT] OBJ = 0x7ffee2071f98
[H2 PLACEMENT] OBJ = 0x7ffee2071ff0
[H2 PLACEMENT] OBJ = 0x7ffee2072048
[H2 PLACEMENT] OBJ = 0x7ffee20720a0
[H2 PLACEMENT] OBJ = 0x7ffee20720f8
[H2 PLACEMENT] OBJ = 0x7ffee2072150
[H2 PLACEMENT] OBJ = 0x7ffee20721a8
[H2 PLACEMENT] OBJ = 0x7ffee2072200
[H2 PLACEMENT] OBJ = 0x7ffee2072258
[H2 PLACEMENT] OBJ = 0x7ffee20722b0
[H2 PLACEMENT] OBJ = 0x7ffee2072308
[H2 PLACEMENT] OBJ = 0x7ffee2072360
[H2 PLACEMENT] OBJ = 0x7ffee20723b8
[H2 PLACEMENT] OBJ = 0x7ffee2072410
[H2 PLACEMENT] OBJ = 0x7ffee2072468
[H2 PLACEMENT] OBJ = 0x7ffee20724c0
[H2 PLACEMENT] OBJ = 0x7ffee2072518
[H2 PLACEMENT] OBJ = 0x7ffee2072570
[H2 PLACEMENT] OBJ = 0x7ffee20725c8
[H2 PLACEMENT] OBJ = 0x7ffee2072620
[H2 PLACEMENT] OBJ = 0x7ffee2072678
[H2 PLACEMENT] OBJ = 0x7ffee20726d0
[H2 PLACEMENT] OBJ = 0x7ffee2072728
[H2 PLACEMENT] OBJ = 0x7ffee2072780
[H2 PLACEMENT] OBJ = 0x7ffee20727d8
[H2 PLACEMENT] OBJ = 0x7ffee2072830
[H2 PLACEMENT] OBJ = 0x7ffee2072888
[H2 PLACEMENT] OBJ = 0x7ffee20728e0
[H2 PLACEMENT] OBJ = 0x7ffee2072938
[H2 PLACEMENT] OBJ = 0x7ffee2072990
[H2 PLACEMENT] OBJ = 0x7ffee20729e8
[H2 PLACEMENT] OBJ = 0x7ffee2072a40
[H2 PLACEMENT] OBJ = 0x7ffee2072a98
[H2 PLACEMENT] OBJ = 0x7ffee2072af0
[H2 PLACEMENT] OBJ = 0x7ffee2072b48
[H2 PLACEMENT] OBJ = 0x7ffee2072ba0
[H2 PLACEMENT] OBJ = 0x7ffee2072bf8
[H2 PLACEMENT] OBJ = 0x7ffee2072c50
[H2 PLACEMENT] OBJ = 0x7ffee2072ca8
[H2 PLACEMENT] OBJ = 0x7ffee2072d00
[H2 PLACEMENT] OBJ = 0x7ffee2072d58
[H2 PLACEMENT] OBJ = 0x7ffee2072db0
[H2 PLACEMENT] OBJ = 0x7ffee2072e08
[H2 PLACEMENT] OBJ = 0x7ffee2072e60
[H2 PLACEMENT] OBJ = 0x7ffee2072eb8
[H2 PLACEMENT] OBJ = 0x7ffee2072f10
[H2 PLACEMENT] OBJ = 0x7ffee2072f68
[H2 PLACEMENT] OBJ = 0x7ffee2072fc0
[H2 PLACEMENT] OBJ = 0x7ffee2073018
[H2 PLACEMENT] OBJ = 0x7ffee2073070
[H2 PLACEMENT] OBJ = 0x7ffee20730c8
[H2 PLACEMENT] OBJ = 0x7ffee2073120
[H2 PLACEMENT] OBJ = 0x7ffee2073178
[H2 PLACEMENT] OBJ = 0x7ffee20731d0
[H2 PLACEMENT] OBJ = 0x7ffee2073228
[H2 PLACEMENT] OBJ = 0x7ffee2073280
[H2 PLACEMENT] OBJ = 0x7ffee20732d8
[H2 PLACEMENT] OBJ = 0x7ffee2073330
[H2 PLACEMENT] OBJ = 0x7ffee2073388
[H2 PLACEMENT] OBJ = 0x7ffee20733e0
[H2 PLACEMENT] OBJ = 0x7ffee2073438
[H2 PLACEMENT] OBJ = 0x7ffee2073490
[H2 PLACEMENT] OBJ = 0x7ffee20734e8
[H2 PLACEMENT] OBJ = 0x7ffee2073540
[H2 PLACEMENT] OBJ = 0x7ffee2073598
[H2 PLACEMENT] OBJ = 0x7ffee20735f0
[H2 PLACEMENT] OBJ = 0x7ffee2073648
[H2 PLACEMENT] OBJ = 0x7ffee20736a0
[H2 PLACEMENT] OBJ = 0x7ffee20736f8
[H2 PLACEMENT] OBJ = 0x7ffee2073750
[H2 PLACEMENT] OBJ = 0x7ffee20737a8
[H2 PLACEMENT] OBJ = 0x7ffee2073800
[H2 PLACEMENT] OBJ = 0x7ffee2073858
[H2 PLACEMENT] OBJ = 0x7ffee20738b0
[H2 PLACEMENT] OBJ = 0x7ffee2073908
[H2 PLACEMENT] OBJ = 0x7ffee2073960
[H2 PLACEMENT] OBJ = 0x7ffee20739b8
[H2 PLACEMENT] OBJ = 0x7ffee2073a10
[H2 PLACEMENT] OBJ = 0x7ffee2073a68
[H2 PLACEMENT] OBJ = 0x7ffee2073ac0
[H2 PLACEMENT] OBJ = 0x7ffee2073b18
[H2 PLACEMENT] OBJ = 0x7ffee2073b70
[H2 PLACEMENT] OBJ = 0x7ffee2073bc8
[H2 PLACEMENT] OBJ = 0x7ffee2073c20
[H2 PLACEMENT] OBJ = 0x7ffee2073c78
[H2 PLACEMENT] OBJ = 0x7ffee2073cd0
[H2 PLACEMENT] OBJ = 0x7ffee2073d28
[H2 PLACEMENT] OBJ = 0x7ffee2073d80
[H2 PLACEMENT] OBJ = 0x7ffee2073dd8
[H2 PLACEMENT] OBJ = 0x7ffee2073e30
[H2 PLACEMENT] OBJ = 0x7ffee2073e88
[H2 PLACEMENT] OBJ = 0x7ffee2073ee0
[H2 PLACEMENT] OBJ = 0x7ffee2073f38
[H2 PLACEMENT] OBJ = 0x7ffee2073f90
[H2 PLACEMENT] OBJ = 0x7ffee2073fe8
[H2 PLACEMENT] OBJ = 0x7ffee2074040
[H2 PLACEMENT] OBJ = 0x7ffee2074098
[H2 PLACEMENT] OBJ = 0x7ffee20740f0
[H2 PLACEMENT] OBJ = 0x7ffee2074148
[H2 PLACEMENT] OBJ = 0x7ffee20741a0
[H2 PLACEMENT] OBJ = 0x7ffee20741f8
[H2 PLACEMENT] OBJ = 0x7ffee2074250
[H2 PLACEMENT] OBJ = 0x7ffee20742a8
[H2 PLACEMENT] OBJ = 0x7ffee2074300
[H2 PLACEMENT] OBJ = 0x7ffee2074358
[H2 PLACEMENT] OBJ = 0x7ffee20743b0
[H2 PLACEMENT] OBJ = 0x7ffee2074408
[H2 PLACEMENT] OBJ = 0x7ffee2074460
[H2 PLACEMENT] OBJ = 0x7ffee20744b8
[H2 PLACEMENT] OBJ = 0x7ffee2074510
[H2 PLACEMENT] OBJ = 0x7ffee2074568
[H2 PLACEMENT] OBJ = 0x7ffee20745c0
[H2 PLACEMENT] OBJ = 0x7ffee2074618
[H2 PLACEMENT] OBJ = 0x7ffee2074670
[H2 PLACEMENT] OBJ = 0x7ffee20746c8
[H2 PLACEMENT] OBJ = 0x7ffee2074720
[H2 PLACEMENT] OBJ = 0x7ffee2074778
[H2 PLACEMENT] OBJ = 0x7ffee20747d0
[H2 PLACEMENT] OBJ = 0x7ffee2074828
[H2 PLACEMENT] OBJ = 0x7ffee2074880
[H2 PLACEMENT] OBJ = 0x7ffee20748d8
[H2 PLACEMENT] OBJ = 0x7ffee2074930
[H2 PLACEMENT] OBJ = 0x7ffee2074988
[H2 PLACEMENT] OBJ = 0x7ffee20749e0
[H2 PLACEMENT] OBJ = 0x7ffee2074a38
[H2 PLACEMENT] OBJ = 0x7ffee2074a90
[H2 PLACEMENT] OBJ = 0x7ffee2074ae8
[H2 PLACEMENT] OBJ = 0x7ffee2074b40
[H2 PLACEMENT] OBJ = 0x7ffee2074b98
[H2 PLACEMENT] OBJ = 0x7ffee2074bf0
[H2 PLACEMENT] OBJ = 0x7ffee2074c48
[H2 PLACEMENT] OBJ = 0x7ffee2074ca0
[H2 PLACEMENT] OBJ = 0x7ffee2074cf8
[H2 PLACEMENT] OBJ = 0x7ffee2074d50
[H2 PLACEMENT] OBJ = 0x7ffee2074da8
[H2 PLACEMENT] OBJ = 0x7ffee2074e00
[H2 PLACEMENT] OBJ = 0x7ffee2074e58
[H2 PLACEMENT] OBJ = 0x7ffee2074eb0
[H2 PLACEMENT] OBJ = 0x7ffee2074f08
[H2 PLACEMENT] OBJ = 0x7ffee2074f60
[H2 PLACEMENT] OBJ = 0x7ffee2074fb8
[H2 PLACEMENT] OBJ = 0x7ffee2075010
[H2 PLACEMENT] OBJ = 0x7ffee2075068
[H2 PLACEMENT] OBJ = 0x7ffee20750c0
[H2 PLACEMENT] OBJ = 0x7ffee2075118
[H2 PLACEMENT] OBJ = 0x7ffee2075170
[H2 PLACEMENT] OBJ = 0x7ffee20751c8
[H2 PLACEMENT] OBJ = 0x7ffee2075220
[H2 PLACEMENT] OBJ = 0x7ffee2075278
[H2 PLACEMENT] OBJ = 0x7ffee20752d0
[H2 PLACEMENT] OBJ = 0x7ffee2075328
[H2 PLACEMENT] OBJ = 0x7ffee2075380
[H2 PLACEMENT] OBJ = 0x7ffee20753d8
[H2 PLACEMENT] OBJ = 0x7ffee2075430
[H2 PLACEMENT] OBJ = 0x7ffee2075488
[H2 PLACEMENT] OBJ = 0x7ffee20754e0
[H2 PLACEMENT] OBJ = 0x7ffee2075538
[H2 PLACEMENT] OBJ = 0x7ffee2075590
[H2 PLACEMENT] OBJ = 0x7ffee20755e8
[H2 PLACEMENT] OBJ = 0x7ffee2075640
[H2 PLACEMENT] OBJ = 0x7ffee2075698
[H2 PLACEMENT] OBJ = 0x7ffee20756f0
[H2 PLACEMENT] OBJ = 0x7ffee2075748
[H2 PLACEMENT] OBJ = 0x7ffee20757a0
[H2 PLACEMENT] OBJ = 0x7ffee20757f8
[H2 PLACEMENT] OBJ = 0x7ffee2075850
[H2 PLACEMENT] OBJ = 0x7ffee20758a8
[H2 PLACEMENT] OBJ = 0x7ffee2075900
[H2 PLACEMENT] OBJ = 0x7ffee2075958
[H2 PLACEMENT] OBJ = 0x7ffee20759b0
[H2 PLACEMENT] OBJ = 0x7ffee2075a08
[H2 PLACEMENT] OBJ = 0x7ffee2075a60
[H2 PLACEMENT] OBJ = 0x7ffee2075ab8
[H2 PLACEMENT] OBJ = 0x7ffee2075b10
[H2 PLACEMENT] OBJ = 0x7ffee2075b68
[H2 PLACEMENT] OBJ = 0x7ffee2075bc0
[H2 PLACEMENT] OBJ = 0x7ffee2075c18
[H2 PLACEMENT] OBJ = 0x7ffee2075c70
[H2 PLACEMENT] OBJ = 0x7ffee2075cc8
[H2 PLACEMENT] OBJ = 0x7ffee2075d20
[H2 PLACEMENT] OBJ = 0x7ffee2075d78
[H2 PLACEMENT] OBJ = 0x7ffee2075dd0
[H2 PLACEMENT] OBJ = 0x7ffee2075e28
[H2 PLACEMENT] OBJ = 0x7ffee2075e80
[H2 PLACEMENT] OBJ = 0x7ffee2075ed8
[H2 PLACEMENT] OBJ = 0x7ffee2075f30
[H2 PLACEMENT] OBJ = 0x7ffee2075f88
[H2 PLACEMENT] OBJ = 0x7ffee2075fe0
[H2 PLACEMENT] OBJ = 0x7ffee2076038
[H2 PLACEMENT] OBJ = 0x7ffee2076090
[H2 PLACEMENT] OBJ = 0x7ffee20760e8
[H2 PLACEMENT] OBJ = 0x7ffee2076140
[H2 PLACEMENT] OBJ = 0x7ffee2076198
[H2 PLACEMENT] OBJ = 0x7ffee20761f0
[H2 PLACEMENT] OBJ = 0x7ffee2076248
[H2 PLACEMENT] OBJ = 0x7ffee20762a0
[H2 PLACEMENT] OBJ = 0x7ffee20762f8
[H2 PLACEMENT] OBJ = 0x7ffee2076350
[H2 PLACEMENT] OBJ = 0x7ffee20763a8
[H2 PLACEMENT] OBJ = 0x7ffee2076400
[H2 PLACEMENT] OBJ = 0x7ffee2076458
[H2 PLACEMENT] OBJ = 0x7ffee20764b0
[H2 PLACEMENT] OBJ = 0x7ffee2076508
[H2 PLACEMENT] OBJ = 0x7ffee2076560
[H2 PLACEMENT] OBJ = 0x7ffee20765b8
[H2 PLACEMENT] OBJ = 0x7ffee2076610
[H2 PLACEMENT] OBJ = 0x7ffee2076668
[H2 PLACEMENT] OBJ = 0x7ffee20766c0
[H2 PLACEMENT] OBJ = 0x7ffee2076718
[H2 PLACEMENT] OBJ = 0x7ffee2076770
[H2 PLACEMENT] OBJ = 0x7ffee20767c8
[H2 PLACEMENT] OBJ = 0x7ffee2076820
[H2 PLACEMENT] OBJ = 0x7ffee2076878
[H2 PLACEMENT] OBJ = 0x7ffee20768d0
[H2 PLACEMENT] OBJ = 0x7ffee2076928
[H2 PLACEMENT] OBJ = 0x7ffee2076980
[H2 PLACEMENT] OBJ = 0x7ffee20769d8
[H2 PLACEMENT] OBJ = 0x7ffee2076a30
[H2 PLACEMENT] OBJ = 0x7ffee2076a88
[H2 PLACEMENT] OBJ = 0x7ffee2076ae0
[H2 PLACEMENT] OBJ = 0x7ffee2076b38
[H2 PLACEMENT] OBJ = 0x7ffee2076b90
[H2 PLACEMENT] OBJ = 0x7ffee2076be8
[H2 PLACEMENT] OBJ = 0x7ffee2076c40
[H2 PLACEMENT] OBJ = 0x7ffee2076c98
[H2 PLACEMENT] OBJ = 0x7ffee2076cf0
[H2 PLACEMENT] OBJ = 0x7ffee2076d48
[H2 PLACEMENT] OBJ = 0x7ffee2076da0
[H2 PLACEMENT] OBJ = 0x7ffee2076df8
[H2 PLACEMENT] OBJ = 0x7ffee2076e50
[H2 PLACEMENT] OBJ = 0x7ffee2076ea8
[H2 PLACEMENT] OBJ = 0x7ffee2076f00
[H2 PLACEMENT] OBJ = 0x7ffee2076f58
[H2 PLACEMENT] OBJ = 0x7ffee2076fb0
[H2 PLACEMENT] OBJ = 0x7ffee2077008
[H2 PLACEMENT] OBJ = 0x7ffee2077060
[H2 PLACEMENT] OBJ = 0x7ffee20770b8
[H2 PLACEMENT] OBJ = 0x7ffee2077110
[H2 PLACEMENT] OBJ = 0x7ffee2077168
[H2 PLACEMENT] OBJ = 0x7ffee20771c0
[H2 PLACEMENT] OBJ = 0x7ffee2077218
[H2 PLACEMENT] OBJ = 0x7ffee2077270
[H2 PLACEMENT] OBJ = 0x7ffee20772c8
[H2 PLACEMENT] OBJ = 0x7ffee2077320
[H2 PLACEMENT] OBJ = 0x7ffee2077378
[H2 PLACEMENT] OBJ = 0x7ffee20773d0
[H2 PLACEMENT] OBJ = 0x7ffee2077428
[H2 PLACEMENT] OBJ = 0x7ffee2077480
[H2 PLACEMENT] OBJ = 0x7ffee20774d8
[H2 PLACEMENT] OBJ = 0x7ffee2077530
[H2 PLACEMENT] OBJ = 0x7ffee2077588
[H2 PLACEMENT] OBJ = 0x7ffee20775e0
[H2 PLACEMENT] OBJ = 0x7ffee2077638
[H2 PLACEMENT] OBJ = 0x7ffee2077690
[H2 PLACEMENT] OBJ = 0x7ffee20776e8
[H2 PLACEMENT] OBJ = 0x7ffee2077740
[H2 PLACEMENT] OBJ = 0x7ffee2077798
[H2 PLACEMENT] OBJ = 0x7ffee20777f0
[H2 PLACEMENT] OBJ = 0x7ffee2077848
[H2 PLACEMENT] OBJ = 0x7ffee20778a0
[H2 PLACEMENT] OBJ = 0x7ffee20778f8
[H2 PLACEMENT] OBJ = 0x7ffee2077950
[H2 PLACEMENT] OBJ = 0x7ffee20779a8
[H2 PLACEMENT] OBJ = 0x7ffee2077a00
[H2 PLACEMENT] OBJ = 0x7ffee2077a58
[H2 PLACEMENT] OBJ = 0x7ffee2077ab0
[H2 PLACEMENT] OBJ = 0x7ffee2077b08
[H2 PLACEMENT] OBJ = 0x7ffee2077b60
[H2 PLACEMENT] OBJ = 0x7ffee2077bb8
[H2 PLACEMENT] OBJ = 0x7ffee2077c10
[H2 PLACEMENT] OBJ = 0x7ffee2077c68
[H2 PLACEMENT] OBJ = 0x7ffee2077cc0
[H2 PLACEMENT] OBJ = 0x7ffee2077d18
[H2 PLACEMENT] OBJ = 0x7ffee2077d70
[H2 PLACEMENT] OBJ = 0x7ffee2077dc8
[H2 PLACEMENT] OBJ = 0x7ffee2077e20
[H2 PLACEMENT] OBJ = 0x7ffee2077e78
[H2 PLACEMENT] OBJ = 0x7ffee2077ed0
[H2 PLACEMENT] OBJ = 0x7ffee2077f28
[H2 PLACEMENT] OBJ = 0x7ffee2077f80
[H2 PLACEMENT] OBJ = 0x7ffee2077fd8
[H2 PLACEMENT] OBJ = 0x7ffee2078030
[H2 PLACEMENT] OBJ = 0x7ffee2078088
[H2 PLACEMENT] OBJ = 0x7ffee20780e0
[H2 PLACEMENT] OBJ = 0x7ffee2078138
[H2 PLACEMENT] OBJ = 0x7ffee2078190
[H2 PLACEMENT] OBJ = 0x7ffee20781e8
[H2 PLACEMENT] OBJ = 0x7ffee2078240
[H2 PLACEMENT] OBJ = 0x7ffee2078298
[H2 PLACEMENT] OBJ = 0x7ffee20782f0
[H2 PLACEMENT] OBJ = 0x7ffee2078348
[H2 PLACEMENT] OBJ = 0x7ffee20783a0
[H2 PLACEMENT] OBJ = 0x7ffee20783f8
[H2 PLACEMENT] OBJ = 0x7ffee2078450
[H2 PLACEMENT] OBJ = 0x7ffee20784a8
[H2 PLACEMENT] OBJ = 0x7ffee2078500
[H2 PLACEMENT] OBJ = 0x7ffee2078558
[H2 PLACEMENT] OBJ = 0x7ffee20785b0
[H2 PLACEMENT] OBJ = 0x7ffee2078608
[H2 PLACEMENT] OBJ = 0x7ffee2078660
[H2 PLACEMENT] OBJ = 0x7ffee20786b8
[H2 PLACEMENT] OBJ = 0x7ffee2078710
[H2 PLACEMENT] OBJ = 0x7ffee2078768
[H2 PLACEMENT] OBJ = 0x7ffee20787c0
[H2 PLACEMENT] OBJ = 0x7ffee2078818
[H2 PLACEMENT] OBJ = 0x7ffee2078870
[H2 PLACEMENT] OBJ = 0x7ffee20788c8
[H2 PLACEMENT] OBJ = 0x7ffee2078920
[H2 PLACEMENT] OBJ = 0x7ffee2078978
[H2 PLACEMENT] OBJ = 0x7ffee20789d0
[H2 PLACEMENT] OBJ = 0x7ffee2078a28
[H2 PLACEMENT] OBJ = 0x7ffee2078a80
[H2 PLACEMENT] OBJ = 0x7ffee2078ad8
[H2 PLACEMENT] OBJ = 0x7ffee2078b30
[H2 PLACEMENT] OBJ = 0x7ffee2078b88
[H2 PLACEMENT] OBJ = 0x7ffee2078be0
[H2 PLACEMENT] OBJ = 0x7ffee2078c38
[H2 PLACEMENT] OBJ = 0x7ffee2078c90
[H2 PLACEMENT] OBJ = 0x7ffee2078ce8
[H2 PLACEMENT] OBJ = 0x7ffee2078d40
[H2 PLACEMENT] OBJ = 0x7ffee2078d98
[H2 PLACEMENT] OBJ = 0x7ffee2078df0
[H2 PLACEMENT] OBJ = 0x7ffee2078e48
[H2 PLACEMENT] OBJ = 0x7ffee2078ea0
[H2 PLACEMENT] OBJ = 0x7ffee2078ef8
[H2 PLACEMENT] OBJ = 0x7ffee2078f50
[H2 PLACEMENT] OBJ = 0x7ffee2078fa8
[H2 PLACEMENT] OBJ = 0x7ffee2079000
[H2 PLACEMENT] OBJ = 0x7ffee2079058
[H2 PLACEMENT] OBJ = 0x7ffee20790b0
[H2 PLACEMENT] OBJ = 0x7ffee2079108
[H2 PLACEMENT] OBJ = 0x7ffee2079160
[H2 PLACEMENT] OBJ = 0x7ffee20791b8
[H2 PLACEMENT] OBJ = 0x7ffee2079210
[H2 PLACEMENT] OBJ = 0x7ffee2079268
[H2 PLACEMENT] OBJ = 0x7ffee20792c0
[H2 PLACEMENT] OBJ = 0x7ffee2079318
[H2 PLACEMENT] OBJ = 0x7ffee2079370
[H2 PLACEMENT] OBJ = 0x7ffee20793c8
[H2 PLACEMENT] OBJ = 0x7ffee2079420
[H2 PLACEMENT] OBJ = 0x7ffee2079478
[H2 PLACEMENT] OBJ = 0x7ffee20794d0
[H2 PLACEMENT] OBJ = 0x7ffee2079528
[H2 PLACEMENT] OBJ = 0x7ffee2079580
[H2 PLACEMENT] OBJ = 0x7ffee20795d8
[H2 PLACEMENT] OBJ = 0x7ffee2079630
[H2 PLACEMENT] OBJ = 0x7ffee2079688
[H2 PLACEMENT] OBJ = 0x7ffee20796e0
[H2 PLACEMENT] OBJ = 0x7ffee2079738
[H2 PLACEMENT] OBJ = 0x7ffee2079790
[H2 PLACEMENT] OBJ = 0x7ffee20797e8
[H2 PLACEMENT] OBJ = 0x7ffee2079840
[H2 PLACEMENT] OBJ = 0x7ffee2079898
[H2 PLACEMENT] OBJ = 0x7ffee20798f0
[H2 PLACEMENT] OBJ = 0x7ffee2079948
[H2 PLACEMENT] OBJ = 0x7ffee20799a0
[H2 PLACEMENT] OBJ = 0x7ffee20799f8
[H2 PLACEMENT] OBJ = 0x7ffee2079a50
[H2 PLACEMENT] OBJ = 0x7ffee2079aa8
[H2 PLACEMENT] OBJ = 0x7ffee2079b00
[H2 PLACEMENT] OBJ = 0x7ffee2079b58
[H2 PLACEMENT] OBJ = 0x7ffee2079bb0
[H2 PLACEMENT] OBJ = 0x7ffee2079c08
[H2 PLACEMENT] OBJ = 0x7ffee2079c60
[H2 PLACEMENT] OBJ = 0x7ffee2079cb8
[H2 PLACEMENT] OBJ = 0x7ffee2079d10
[H2 PLACEMENT] OBJ = 0x7ffee2079d68
[H2 PLACEMENT] OBJ = 0x7ffee2079dc0
[H2 PLACEMENT] OBJ = 0x7ffee2079e18
[H2 PLACEMENT] OBJ = 0x7ffee2079e70
[H2 PLACEMENT] OBJ = 0x7ffee2079ec8
[H2 PLACEMENT] OBJ = 0x7ffee2079f20
[H2 PLACEMENT] OBJ = 0x7ffee2079f78
[H2 PLACEMENT] OBJ = 0x7ffee2079fd0
[H2 PLACEMENT] OBJ = 0x7ffee207a028
[H2 PLACEMENT] OBJ = 0x7ffee207a080
[H2 PLACEMENT] OBJ = 0x7ffee207a0d8
[H2 PLACEMENT] OBJ = 0x7ffee207a130
[H2 PLACEMENT] OBJ = 0x7ffee207a188
[H2 PLACEMENT] OBJ = 0x7ffee207a1e0
[H2 PLACEMENT] OBJ = 0x7ffee207a238
[H2 PLACEMENT] OBJ = 0x7ffee207a290
[H2 PLACEMENT] OBJ = 0x7ffee207a2e8
[H2 PLACEMENT] OBJ = 0x7ffee207a340
[H2 PLACEMENT] OBJ = 0x7ffee207a398
[H2 PLACEMENT] OBJ = 0x7ffee207a3f0
[H2 PLACEMENT] OBJ = 0x7ffee207a448
[H2 PLACEMENT] OBJ = 0x7ffee207a4a0
[H2 PLACEMENT] OBJ = 0x7ffee207a4f8
[H2 PLACEMENT] OBJ = 0x7ffee207a550
[H2 PLACEMENT] OBJ = 0x7ffee207a5a8
[H2 PLACEMENT] OBJ = 0x7ffee207a600
[H2 PLACEMENT] OBJ = 0x7ffee207a658
[H2 PLACEMENT] OBJ = 0x7ffee207a6b0
[H2 PLACEMENT] OBJ = 0x7ffee207a708
[H2 PLACEMENT] OBJ = 0x7ffee207a760
[H2 PLACEMENT] OBJ = 0x7ffee207a7b8
[H2 PLACEMENT] OBJ = 0x7ffee207a810
[H2 PLACEMENT] OBJ = 0x7ffee207a868
[H2 PLACEMENT] OBJ = 0x7ffee207a8c0
[H2 PLACEMENT] OBJ = 0x7ffee207a918
[H2 PLACEMENT] OBJ = 0x7ffee207a970
[H2 PLACEMENT] OBJ = 0x7ffee207a9c8
[H2 PLACEMENT] OBJ = 0x7ffee207aa20
[H2 PLACEMENT] OBJ = 0x7ffee207aa78
[H2 PLACEMENT] OBJ = 0x7ffee207aad0
[H2 PLACEMENT] OBJ = 0x7ffee207ab28
[H2 PLACEMENT] OBJ = 0x7ffee207ab80
[H2 PLACEMENT] OBJ = 0x7ffee207abd8
[H2 PLACEMENT] OBJ = 0x7ffee207ac30
[H2 PLACEMENT] OBJ = 0x7ffee207ac88
[H2 PLACEMENT] OBJ = 0x7ffee207ace0
[H2 PLACEMENT] OBJ = 0x7ffee207ad38
[H2 PLACEMENT] OBJ = 0x7ffee207ad90
[H2 PLACEMENT] OBJ = 0x7ffee207ade8
[H2 PLACEMENT] OBJ = 0x7ffee207ae40
[H2 PLACEMENT] OBJ = 0x7ffee207ae98
[H2 PLACEMENT] OBJ = 0x7ffee207aef0
[H2 PLACEMENT] OBJ = 0x7ffee207af48
[H2 PLACEMENT] OBJ = 0x7ffee207afa0
[H2 PLACEMENT] OBJ = 0x7ffee207aff8
[H2 PLACEMENT] OBJ = 0x7ffee207b050
[H2 PLACEMENT] OBJ = 0x7ffee207b0a8
[H2 PLACEMENT] OBJ = 0x7ffee207b100
[H2 PLACEMENT] OBJ = 0x7ffee207b158
[H2 PLACEMENT] OBJ = 0x7ffee207b1b0
[H2 PLACEMENT] OBJ = 0x7ffee207b208
[H2 PLACEMENT] OBJ = 0x7ffee207b260
[H2 PLACEMENT] OBJ = 0x7ffee207b2b8
[H2 PLACEMENT] OBJ = 0x7ffee207b310
[H2 PLACEMENT] OBJ = 0x7ffee207b368
[H2 PLACEMENT] OBJ = 0x7ffee207b3c0
[H2 PLACEMENT] OBJ = 0x7ffee207b418
[H2 PLACEMENT] OBJ = 0x7ffee207b470
[H2 PLACEMENT] OBJ = 0x7ffee207b4c8
[H2 PLACEMENT] OBJ = 0x7ffee207b520
[H2 PLACEMENT] OBJ = 0x7ffee207b578
[H2 PLACEMENT] OBJ = 0x7ffee207b5d0
[H2 PLACEMENT] OBJ = 0x7ffee207b628
[H2 PLACEMENT] OBJ = 0x7ffee207b680
[H2 PLACEMENT] OBJ = 0x7ffee207b6d8
[H2 PLACEMENT] OBJ = 0x7ffee207b730
[H2 PLACEMENT] OBJ = 0x7ffee207b788
[H2 PLACEMENT] OBJ = 0x7ffee207b7e0
[H2 PLACEMENT] OBJ = 0x7ffee207b838
[H2 PLACEMENT] OBJ = 0x7ffee207b890
[H2 PLACEMENT] OBJ = 0x7ffee207b8e8
[H2 PLACEMENT] OBJ = 0x7ffee207b940
[H2 PLACEMENT] OBJ = 0x7ffee207b998
[H2 PLACEMENT] OBJ = 0x7ffee207b9f0
[H2 PLACEMENT] OBJ = 0x7ffee207ba48
[H2 PLACEMENT] OBJ = 0x7ffee207baa0
[H2 PLACEMENT] OBJ = 0x7ffee207baf8
[H2 PLACEMENT] OBJ = 0x7ffee207bb50
[H2 PLACEMENT] OBJ = 0x7ffee207bba8
[H2 PLACEMENT] OBJ = 0x7ffee207bc00
[H2 PLACEMENT] OBJ = 0x7ffee207bc58
[H2 PLACEMENT] OBJ = 0x7ffee207bcb0
[H2 PLACEMENT] OBJ = 0x7ffee207bd08
[H2 PLACEMENT] OBJ = 0x7ffee207bd60
[H2 PLACEMENT] OBJ = 0x7ffee207bdb8
[H2 PLACEMENT] OBJ = 0x7ffee207be10
[H2 PLACEMENT] OBJ = 0x7ffee207be68
[H2 PLACEMENT] OBJ = 0x7ffee207bec0
[H2 PLACEMENT] OBJ = 0x7ffee207bf18
[H2 PLACEMENT] OBJ = 0x7ffee207bf70
[H2 PLACEMENT] OBJ = 0x7ffee207bfc8
[H2 PLACEMENT] OBJ = 0x7ffee207c020
[H2 PLACEMENT] OBJ = 0x7ffee207c078
[H2 PLACEMENT] OBJ = 0x7ffee207c0d0
[H2 PLACEMENT] OBJ = 0x7ffee207c128
[H2 PLACEMENT] OBJ = 0x7ffee207c180
[H2 PLACEMENT] OBJ = 0x7ffee207c1d8
[H2 PLACEMENT] OBJ = 0x7ffee207c230
[H2 PLACEMENT] OBJ = 0x7ffee207c288
[H2 PLACEMENT] OBJ = 0x7ffee207c2e0
[H2 PLACEMENT] OBJ = 0x7ffee207c338
[H2 PLACEMENT] OBJ = 0x7ffee207c390
[H2 PLACEMENT] OBJ = 0x7ffee207c3e8
[H2 PLACEMENT] OBJ = 0x7ffee207c440
[H2 PLACEMENT] OBJ = 0x7ffee207c498
[H2 PLACEMENT] OBJ = 0x7ffee207c4f0
[H2 PLACEMENT] OBJ = 0x7ffee207c548
[H2 PLACEMENT] OBJ = 0x7ffee207c5a0
[H2 PLACEMENT] OBJ = 0x7ffee207c5f8
[H2 PLACEMENT] OBJ = 0x7ffee207c650
[H2 PLACEMENT] OBJ = 0x7ffee207c6a8
[H2 PLACEMENT] OBJ = 0x7ffee207c700
[H2 PLACEMENT] OBJ = 0x7ffee207c758
[H2 PLACEMENT] OBJ = 0x7ffee207c7b0
[H2 PLACEMENT] OBJ = 0x7ffee207c808
[H2 PLACEMENT] OBJ = 0x7ffee207c860
[H2 PLACEMENT] OBJ = 0x7ffee207c8b8
[H2 PLACEMENT] OBJ = 0x7ffee207c910
[H2 PLACEMENT] OBJ = 0x7ffee207c968
[H2 PLACEMENT] OBJ = 0x7ffee207c9c0
[H2 PLACEMENT] OBJ = 0x7ffee207ca18
[H2 PLACEMENT] OBJ = 0x7ffee207ca70
[H2 PLACEMENT] OBJ = 0x7ffee207cac8
[H2 PLACEMENT] OBJ = 0x7ffee207cb20
[H2 PLACEMENT] OBJ = 0x7ffee207cb78
[H2 PLACEMENT] OBJ = 0x7ffee207cbd0
[H2 PLACEMENT] OBJ = 0x7ffee207cc28
[H2 PLACEMENT] OBJ = 0x7ffee207cc80
[H2 PLACEMENT] OBJ = 0x7ffee207ccd8
[H2 PLACEMENT] OBJ = 0x7ffee207cd30
[H2 PLACEMENT] OBJ = 0x7ffee207cd88
[H2 PLACEMENT] OBJ = 0x7ffee207cde0
[H2 PLACEMENT] OBJ = 0x7ffee207ce38
[H2 PLACEMENT] OBJ = 0x7ffee207ce90
[H2 PLACEMENT] OBJ = 0x7ffee207cee8
[H2 PLACEMENT] OBJ = 0x7ffee207cf40
[H2 PLACEMENT] OBJ = 0x7ffee207cf98
[H2 PLACEMENT] OBJ = 0x7ffee207cff0
[H2 PLACEMENT] OBJ = 0x7ffee207d048
[H2 PLACEMENT] OBJ = 0x7ffee207d0a0
[H2 PLACEMENT] OBJ = 0x7ffee207d0f8
[H2 PLACEMENT] OBJ = 0x7ffee207d150
[H2 PLACEMENT] OBJ = 0x7ffee207d1a8
[H2 PLACEMENT] OBJ = 0x7ffee207d200
[H2 PLACEMENT] OBJ = 0x7ffee207d258
[H2 PLACEMENT] OBJ = 0x7ffee207d2b0
[H2 PLACEMENT] OBJ = 0x7ffee207d308
[H2 PLACEMENT] OBJ = 0x7ffee207d360
[H2 PLACEMENT] OBJ = 0x7ffee207d3b8
[H2 PLACEMENT] OBJ = 0x7ffee207d410
[H2 PLACEMENT] OBJ = 0x7ffee207d468
[H2 PLACEMENT] OBJ = 0x7ffee207d4c0
[H2 PLACEMENT] OBJ = 0x7ffee207d518
[H2 PLACEMENT] OBJ = 0x7ffee207d570
[H2 PLACEMENT] OBJ = 0x7ffee207d5c8
[H2 PLACEMENT] OBJ = 0x7ffee207d620
[H2 PLACEMENT] OBJ = 0x7ffee207d678
[H2 PLACEMENT] OBJ = 0x7ffee207d6d0
[H2 PLACEMENT] OBJ = 0x7ffee207d728
[H2 PLACEMENT] OBJ = 0x7ffee207d780
[H2 PLACEMENT] OBJ = 0x7ffee207d7d8
[H2 PLACEMENT] OBJ = 0x7ffee207d830
[H2 PLACEMENT] OBJ = 0x7ffee207d888
[H2 PLACEMENT] OBJ = 0x7ffee207d8e0
[H2 PLACEMENT] OBJ = 0x7ffee207d938
[H2 PLACEMENT] OBJ = 0x7ffee207d990
[H2 PLACEMENT] OBJ = 0x7ffee207d9e8
[H2 PLACEMENT] OBJ = 0x7ffee207da40
[H2 PLACEMENT] OBJ = 0x7ffee207da98
[H2 PLACEMENT] OBJ = 0x7ffee207daf0
[H2 PLACEMENT] OBJ = 0x7ffee207db48
[H2 PLACEMENT] OBJ = 0x7ffee207dba0
[H2 PLACEMENT] OBJ = 0x7ffee207dbf8
[H2 PLACEMENT] OBJ = 0x7ffee207dc50
[H2 PLACEMENT] OBJ = 0x7ffee207dca8
[H2 PLACEMENT] OBJ = 0x7ffee207dd00
[H2 PLACEMENT] OBJ = 0x7ffee207dd58
[H2 PLACEMENT] OBJ = 0x7ffee207ddb0
[H2 PLACEMENT] OBJ = 0x7ffee207de08
[H2 PLACEMENT] OBJ = 0x7ffee207de60
[H2 PLACEMENT] OBJ = 0x7ffee207deb8
[H2 PLACEMENT] OBJ = 0x7ffee207df10
[H2 PLACEMENT] OBJ = 0x7ffee207df68
[H2 PLACEMENT] OBJ = 0x7ffee207dfc0
[H2 PLACEMENT] OBJ = 0x7ffee207e018
[H2 PLACEMENT] OBJ = 0x7ffee207e070
[H2 PLACEMENT] OBJ = 0x7ffee207e0c8
[H2 PLACEMENT] OBJ = 0x7ffee207e120
[H2 PLACEMENT] OBJ = 0x7ffee207e178
[H2 PLACEMENT] OBJ = 0x7ffee207e1d0
[H2 PLACEMENT] OBJ = 0x7ffee207e228
[H2 PLACEMENT] OBJ = 0x7ffee207e280
[H2 PLACEMENT] OBJ = 0x7ffee207e2d8
[H2 PLACEMENT] OBJ = 0x7ffee207e330
[H2 PLACEMENT] OBJ = 0x7ffee207e388
[H2 PLACEMENT] OBJ = 0x7ffee207e3e0
[H2 PLACEMENT] OBJ = 0x7ffee207e438
[H2 PLACEMENT] OBJ = 0x7ffee207e490
[H2 PLACEMENT] OBJ = 0x7ffee207e4e8
[H2 PLACEMENT] OBJ = 0x7ffee207e540
[H2 PLACEMENT] OBJ = 0x7ffee207e598
[H2 PLACEMENT] OBJ = 0x7ffee207e5f0
[H2 PLACEMENT] OBJ = 0x7ffee207e648
[H2 PLACEMENT] OBJ = 0x7ffee207e6a0
[H2 PLACEMENT] OBJ = 0x7ffee207e6f8
[H2 PLACEMENT] OBJ = 0x7ffee207e750
[H2 PLACEMENT] OBJ = 0x7ffee207e7a8
[H2 PLACEMENT] OBJ = 0x7ffee207e800
[H2 PLACEMENT] OBJ = 0x7ffee207e858
[H2 PLACEMENT] OBJ = 0x7ffee207e8b0
[H2 PLACEMENT] OBJ = 0x7ffee207e908
[H2 PLACEMENT] OBJ = 0x7ffee207e960
[H2 PLACEMENT] OBJ = 0x7ffee207e9b8
[H2 PLACEMENT] OBJ = 0x7ffee207ea10
[H2 PLACEMENT] OBJ = 0x7ffee207ea68
[H2 PLACEMENT] OBJ = 0x7ffee207eac0
[H2 PLACEMENT] OBJ = 0x7ffee207eb18
[H2 PLACEMENT] OBJ = 0x7ffee207eb70
[H2 PLACEMENT] OBJ = 0x7ffee207ebc8
[H2 PLACEMENT] OBJ = 0x7ffee207ec20
[H2 PLACEMENT] OBJ = 0x7ffee207ec78
[H2 PLACEMENT] OBJ = 0x7ffee207ecd0
[H2 PLACEMENT] OBJ = 0x7ffee207ed28
[H2 PLACEMENT] OBJ = 0x7ffee207ed80
[H2 PLACEMENT] OBJ = 0x7ffee207edd8
[H2 PLACEMENT] OBJ = 0x7ffee207ee30
[H2 PLACEMENT] OBJ = 0x7ffee207ee88
[H2 PLACEMENT] OBJ = 0x7ffee207eee0
[H2 PLACEMENT] OBJ = 0x7ffee207ef38
[H2 PLACEMENT] OBJ = 0x7ffee207ef90
[H2 PLACEMENT] OBJ = 0x7ffee207efe8
[H2 PLACEMENT] OBJ = 0x7ffee207f040
[H2 PLACEMENT] OBJ = 0x7ffee207f098
[H2 PLACEMENT] OBJ = 0x7ffee207f0f0
[H2 PLACEMENT] OBJ = 0x7ffee207f148
[H2 PLACEMENT] OBJ = 0x7ffee207f1a0
[H2 PLACEMENT] OBJ = 0x7ffee207f1f8
[H2 PLACEMENT] OBJ = 0x7ffee207f250
[H2 PLACEMENT] OBJ = 0x7ffee207f2a8
[H2 PLACEMENT] OBJ = 0x7ffee207f300
[H2 PLACEMENT] OBJ = 0x7ffee207f358
[H2 PLACEMENT] OBJ = 0x7ffee207f3b0
[H2 PLACEMENT] OBJ = 0x7ffee207f408
[H2 PLACEMENT] OBJ = 0x7ffee207f460
[H2 PLACEMENT] OBJ = 0x7ffee207f4b8
[H2 PLACEMENT] OBJ = 0x7ffee207f510
[H2 PLACEMENT] OBJ = 0x7ffee207f568
[H2 PLACEMENT] OBJ = 0x7ffee207f5c0
[H2 PLACEMENT] OBJ = 0x7ffee207f618
[H2 PLACEMENT] OBJ = 0x7ffee207f670
[H2 PLACEMENT] OBJ = 0x7ffee207f6c8
[H2 PLACEMENT] OBJ = 0x7ffee207f720
[H2 PLACEMENT] OBJ = 0x7ffee207f778
[H2 PLACEMENT] OBJ = 0x7ffee207f7d0
[H2 PLACEMENT] OBJ = 0x7ffee207f828
[H2 PLACEMENT] OBJ = 0x7ffee207f880
[H2 PLACEMENT] OBJ = 0x7ffee207f8d8
[H2 PLACEMENT] OBJ = 0x7ffee207f930
[H2 PLACEMENT] OBJ = 0x7ffee207f988
[H2 PLACEMENT] OBJ = 0x7ffee207f9e0
[H2 PLACEMENT] OBJ = 0x7ffee207fa38
[H2 PLACEMENT] OBJ = 0x7ffee207fa90
[H2 PLACEMENT] OBJ = 0x7ffee207fae8
[H2 PLACEMENT] OBJ = 0x7ffee207fb40
[H2 PLACEMENT] OBJ = 0x7ffee207fb98
[H2 PLACEMENT] OBJ = 0x7ffee207fbf0
[H2 PLACEMENT] OBJ = 0x7ffee207fc48
[H2 PLACEMENT] OBJ = 0x7ffee207fca0
[H2 PLACEMENT] OBJ = 0x7ffee207fcf8
[H2 PLACEMENT] OBJ = 0x7ffee207fd50
[H2 PLACEMENT] OBJ = 0x7ffee207fda8
[H2 PLACEMENT] OBJ = 0x7ffee207fe00
[H2 PLACEMENT] OBJ = 0x7ffee207fe58
[H2 PLACEMENT] OBJ = 0x7ffee207feb0
[H2 PLACEMENT] OBJ = 0x7ffee207ff08
[H2 PLACEMENT] OBJ = 0x7ffee207ff60
[H2 PLACEMENT] OBJ = 0x7ffee207ffb8
[H2 PLACEMENT] OBJ = 0x7ffee2080010
[H2 PLACEMENT] OBJ = 0x7ffee2080068
[H2 PLACEMENT] OBJ = 0x7ffee20800c0
[H2 PLACEMENT] OBJ = 0x7ffee2080118
[H2 PLACEMENT] OBJ = 0x7ffee2080170
[H2 PLACEMENT] OBJ = 0x7ffee20801c8
[H2 PLACEMENT] OBJ = 0x7ffee2080220
[H2 PLACEMENT] OBJ = 0x7ffee2080278
[H2 PLACEMENT] OBJ = 0x7ffee20802d0
[H2 PLACEMENT] OBJ = 0x7ffee2080328
[H2 PLACEMENT] OBJ = 0x7ffee2080380
[H2 PLACEMENT] OBJ = 0x7ffee20803d8
[H2 PLACEMENT] OBJ = 0x7ffee2080430
[H2 PLACEMENT] OBJ = 0x7ffee2080488
[H2 PLACEMENT] OBJ = 0x7ffee20804e0
[H2 PLACEMENT] OBJ = 0x7ffee2080538
[H2 PLACEMENT] OBJ = 0x7ffee2080590
[H2 PLACEMENT] OBJ = 0x7ffee20805e8
[H2 PLACEMENT] OBJ = 0x7ffee2080640
[H2 PLACEMENT] OBJ = 0x7ffee2080698
[H2 PLACEMENT] OBJ = 0x7ffee20806f0
[H2 PLACEMENT] OBJ = 0x7ffee2080748
[H2 PLACEMENT] OBJ = 0x7ffee20807a0
[H2 PLACEMENT] OBJ = 0x7ffee20807f8
[H2 PLACEMENT] OBJ = 0x7ffee2080850
[H2 PLACEMENT] OBJ = 0x7ffee20808a8
[H2 PLACEMENT] OBJ = 0x7ffee2080900
[H2 PLACEMENT] OBJ = 0x7ffee2080958
[H2 PLACEMENT] OBJ = 0x7ffee20809b0
[H2 PLACEMENT] OBJ = 0x7ffee2080a08
[H2 PLACEMENT] OBJ = 0x7ffee2080a60
[H2 PLACEMENT] OBJ = 0x7ffee2080ab8
[H2 PLACEMENT] OBJ = 0x7ffee2080b10
[H2 PLACEMENT] OBJ = 0x7ffee2080b68
[H2 PLACEMENT] OBJ = 0x7ffee2080bc0
[H2 PLACEMENT] OBJ = 0x7ffee2080c18
[H2 PLACEMENT] OBJ = 0x7ffee2080c70
[H2 PLACEMENT] OBJ = 0x7ffee2080cc8
[H2 PLACEMENT] OBJ = 0x7ffee2080d20
[H2 PLACEMENT] OBJ = 0x7ffee2080d78
[H2 PLACEMENT] OBJ = 0x7ffee2080dd0
[H2 PLACEMENT] OBJ = 0x7ffee2080e28
[H2 PLACEMENT] OBJ = 0x7ffee2080e80
[H2 PLACEMENT] OBJ = 0x7ffee2080ed8
[H2 PLACEMENT] OBJ = 0x7ffee2080f30
[H2 PLACEMENT] OBJ = 0x7ffee2080f88
[H2 PLACEMENT] OBJ = 0x7ffee2080fe0
[H2 PLACEMENT] OBJ = 0x7ffee2081038
[H2 PLACEMENT] OBJ = 0x7ffee2081090
[H2 PLACEMENT] OBJ = 0x7ffee20810e8
[H2 PLACEMENT] OBJ = 0x7ffee2081140
[H2 PLACEMENT] OBJ = 0x7ffee2081198
[H2 PLACEMENT] OBJ = 0x7ffee20811f0
[H2 PLACEMENT] OBJ = 0x7ffee2081248
[H2 PLACEMENT] OBJ = 0x7ffee20812a0
[H2 PLACEMENT] OBJ = 0x7ffee20812f8
[H2 PLACEMENT] OBJ = 0x7ffee2081350
[H2 PLACEMENT] OBJ = 0x7ffee20813a8
[H2 PLACEMENT] OBJ = 0x7ffee2081400
[H2 PLACEMENT] OBJ = 0x7ffee2081458
[H2 PLACEMENT] OBJ = 0x7ffee20814b0
[H2 PLACEMENT] OBJ = 0x7ffee2081508
[H2 PLACEMENT] OBJ = 0x7ffee2081560
[H2 PLACEMENT] OBJ = 0x7ffee20815b8
[H2 PLACEMENT] OBJ = 0x7ffee2081610
[H2 PLACEMENT] OBJ = 0x7ffee2081668
[H2 PLACEMENT] OBJ = 0x7ffee20816c0
[H2 PLACEMENT] OBJ = 0x7ffee2081718
[H2 PLACEMENT] OBJ = 0x7ffee2081770
[H2 PLACEMENT] OBJ = 0x7ffee20817c8
[H2 PLACEMENT] OBJ = 0x7ffee2081820
[H2 PLACEMENT] OBJ = 0x7ffee2081878
[H2 PLACEMENT] OBJ = 0x7ffee20818d0
[H2 PLACEMENT] OBJ = 0x7ffee2081928
[H2 PLACEMENT] OBJ = 0x7ffee2081980
[H2 PLACEMENT] OBJ = 0x7ffee20819d8
[H2 PLACEMENT] OBJ = 0x7ffee2081a30
[H2 PLACEMENT] OBJ = 0x7ffee2081a88
[H2 PLACEMENT] OBJ = 0x7ffee2081ae0
[H2 PLACEMENT] OBJ = 0x7ffee2081b38
[H2 PLACEMENT] OBJ = 0x7ffee2081b90
[H2 PLACEMENT] OBJ = 0x7ffee2081be8
[H2 PLACEMENT] OBJ = 0x7ffee2081c40
[H2 PLACEMENT] OBJ = 0x7ffee2081c98
[H2 PLACEMENT] OBJ = 0x7ffee2081cf0
[H2 PLACEMENT] OBJ = 0x7ffee2081d48
[H2 PLACEMENT] OBJ = 0x7ffee2081da0
[H2 PLACEMENT] OBJ = 0x7ffee2081df8
[H2 PLACEMENT] OBJ = 0x7ffee2081e50
[H2 PLACEMENT] OBJ = 0x7ffee2081ea8
[H2 PLACEMENT] OBJ = 0x7ffee2081f00
[H2 PLACEMENT] OBJ = 0x7ffee2081f58
[H2 PLACEMENT] OBJ = 0x7ffee2081fb0
[H2 PLACEMENT] OBJ = 0x7ffee2082008
[H2 PLACEMENT] OBJ = 0x7ffee2082060
[H2 PLACEMENT] OBJ = 0x7ffee20820b8
[H2 PLACEMENT] OBJ = 0x7ffee2082110
[H2 PLACEMENT] OBJ = 0x7ffee2082168
[H2 PLACEMENT] OBJ = 0x7ffee20821c0
[H2 PLACEMENT] OBJ = 0x7ffee2082218
[H2 PLACEMENT] OBJ = 0x7ffee2082270
[H2 PLACEMENT] OBJ = 0x7ffee20822c8
[H2 PLACEMENT] OBJ = 0x7ffee2082320
[H2 PLACEMENT] OBJ = 0x7ffee2082378
[H2 PLACEMENT] OBJ = 0x7ffee20823d0
[H2 PLACEMENT] OBJ = 0x7ffee2082428
[H2 PLACEMENT] OBJ = 0x7ffee2082480
[H2 PLACEMENT] OBJ = 0x7ffee20824d8
[H2 PLACEMENT] OBJ = 0x7ffee2082530
[H2 PLACEMENT] OBJ = 0x7ffee2082588
[H2 PLACEMENT] OBJ = 0x7ffee20825e0
[H2 PLACEMENT] OBJ = 0x7ffee2082638
[H2 PLACEMENT] OBJ = 0x7ffee2082690
[H2 PLACEMENT] OBJ = 0x7ffee20826e8
[H2 PLACEMENT] OBJ = 0x7ffee2082740
[H2 PLACEMENT] OBJ = 0x7ffee2082798
[H2 PLACEMENT] OBJ = 0x7ffee20827f0
[H2 PLACEMENT] OBJ = 0x7ffee2082848
[H2 PLACEMENT] OBJ = 0x7ffee20828a0
[H2 PLACEMENT] OBJ = 0x7ffee20828f8
[H2 PLACEMENT] OBJ = 0x7ffee2082950
[H2 PLACEMENT] OBJ = 0x7ffee20829a8
[H2 PLACEMENT] OBJ = 0x7ffee2082a00
[H2 PLACEMENT] OBJ = 0x7ffee2082a58
[H2 PLACEMENT] OBJ = 0x7ffee2082ab0
[H2 PLACEMENT] OBJ = 0x7ffee2082b08
[H2 PLACEMENT] OBJ = 0x7ffee2082b60
[H2 PLACEMENT] OBJ = 0x7ffee2082bb8
[H2 PLACEMENT] OBJ = 0x7ffee2082c10
[H2 PLACEMENT] OBJ = 0x7ffee2082c68
[H2 PLACEMENT] OBJ = 0x7ffee2082cc0
[H2 PLACEMENT] OBJ = 0x7ffee2082d18
[H2 PLACEMENT] OBJ = 0x7ffee2082d70
[H2 PLACEMENT] OBJ = 0x7ffee2082dc8
[H2 PLACEMENT] OBJ = 0x7ffee2082e20
[H2 PLACEMENT] OBJ = 0x7ffee2082e78
[H2 PLACEMENT] OBJ = 0x7ffee2082ed0
[H2 PLACEMENT] OBJ = 0x7ffee2082f28
[H2 PLACEMENT] OBJ = 0x7ffee2082f80
[H2 PLACEMENT] OBJ = 0x7ffee2082fd8
[H2 PLACEMENT] OBJ = 0x7ffee2083030
[H2 PLACEMENT] OBJ = 0x7ffee2083088
[H2 PLACEMENT] OBJ = 0x7ffee20830e0
[H2 PLACEMENT] OBJ = 0x7ffee2083138
[H2 PLACEMENT] OBJ = 0x7ffee2083190
[H2 PLACEMENT] OBJ = 0x7ffee20831e8
[H2 PLACEMENT] OBJ = 0x7ffee2083240
[H2 PLACEMENT] OBJ = 0x7ffee2083298
[H2 PLACEMENT] OBJ = 0x7ffee20832f0
[H2 PLACEMENT] OBJ = 0x7ffee2083348
[H2 PLACEMENT] OBJ = 0x7ffee20833a0
[H2 PLACEMENT] OBJ = 0x7ffee20833f8
[H2 PLACEMENT] OBJ = 0x7ffee2083450
[H2 PLACEMENT] OBJ = 0x7ffee20834a8
[H2 PLACEMENT] OBJ = 0x7ffee2083500
[H2 PLACEMENT] OBJ = 0x7ffee2083558
[H2 PLACEMENT] OBJ = 0x7ffee20835b0
[H2 PLACEMENT] OBJ = 0x7ffee2083608
[H2 PLACEMENT] OBJ = 0x7ffee2083660
[H2 PLACEMENT] OBJ = 0x7ffee20836b8
[H2 PLACEMENT] OBJ = 0x7ffee2083710
[H2 PLACEMENT] OBJ = 0x7ffee2083768
[H2 PLACEMENT] OBJ = 0x7ffee20837c0
[H2 PLACEMENT] OBJ = 0x7ffee2083818
[H2 PLACEMENT] OBJ = 0x7ffee2083870
[H2 PLACEMENT] OBJ = 0x7ffee20838c8
[H2 PLACEMENT] OBJ = 0x7ffee2083920
[H2 PLACEMENT] OBJ = 0x7ffee2083978
[H2 PLACEMENT] OBJ = 0x7ffee20839d0
[H2 PLACEMENT] OBJ = 0x7ffee2083a28
[H2 PLACEMENT] OBJ = 0x7ffee2083a80
[H2 PLACEMENT] OBJ = 0x7ffee2083ad8
[H2 PLACEMENT] OBJ = 0x7ffee2083b30
[H2 PLACEMENT] OBJ = 0x7ffee2083b88
[H2 PLACEMENT] OBJ = 0x7ffee2083be0
[H2 PLACEMENT] OBJ = 0x7ffee2083c38
[H2 PLACEMENT] OBJ = 0x7ffee2083c90
[H2 PLACEMENT] OBJ = 0x7ffee2083ce8
[H2 PLACEMENT] OBJ = 0x7ffee2083d40
[H2 PLACEMENT] OBJ = 0x7ffee2083d98
[H2 PLACEMENT] OBJ = 0x7ffee2083df0
[H2 PLACEMENT] OBJ = 0x7ffee2083e48
[H2 PLACEMENT] OBJ = 0x7ffee2083ea0
[H2 PLACEMENT] OBJ = 0x7ffee2083ef8
[H2 PLACEMENT] OBJ = 0x7ffee2083f50
[H2 PLACEMENT] OBJ = 0x7ffee2083fa8
[H2 PLACEMENT] OBJ = 0x7ffee2084000
[H2 PLACEMENT] OBJ = 0x7ffee2084058
[H2 PLACEMENT] OBJ = 0x7ffee20840b0
[H2 PLACEMENT] OBJ = 0x7ffee2084108
[H2 PLACEMENT] OBJ = 0x7ffee2084160
[H2 PLACEMENT] OBJ = 0x7ffee20841b8
[H2 PLACEMENT] OBJ = 0x7ffee2084210
[H2 PLACEMENT] OBJ = 0x7ffee2084268
[H2 PLACEMENT] OBJ = 0x7ffee20842c0
[H2 PLACEMENT] OBJ = 0x7ffee2084318
[H2 PLACEMENT] OBJ = 0x7ffee2084370
[H2 PLACEMENT] OBJ = 0x7ffee20843c8
[H2 PLACEMENT] OBJ = 0x7ffee2084420
[H2 PLACEMENT] OBJ = 0x7ffee2084478
[H2 PLACEMENT] OBJ = 0x7ffee20844d0
[H2 PLACEMENT] OBJ = 0x7ffee2084528
[H2 PLACEMENT] OBJ = 0x7ffee2084580
[H2 PLACEMENT] OBJ = 0x7ffee20845d8
[H2 PLACEMENT] OBJ = 0x7ffee2084630
[H2 PLACEMENT] OBJ = 0x7ffee2084688
[H2 PLACEMENT] OBJ = 0x7ffee20846e0
[H2 PLACEMENT] OBJ = 0x7ffee2084738
[H2 PLACEMENT] OBJ = 0x7ffee2084790
[H2 PLACEMENT] OBJ = 0x7ffee20847e8
[H2 PLACEMENT] OBJ = 0x7ffee2084840
[H2 PLACEMENT] OBJ = 0x7ffee2084898
[H2 PLACEMENT] OBJ = 0x7ffee20848f0
[H2 PLACEMENT] OBJ = 0x7ffee2084948
[H2 PLACEMENT] OBJ = 0x7ffee20849a0
[H2 PLACEMENT] OBJ = 0x7ffee20849f8
[H2 PLACEMENT] OBJ = 0x7ffee2084a50
[H2 PLACEMENT] OBJ = 0x7ffee2084aa8
[H2 PLACEMENT] OBJ = 0x7ffee2084b00
[H2 PLACEMENT] OBJ = 0x7ffee2084b58
[H2 PLACEMENT] OBJ = 0x7ffee2084bb0
[H2 PLACEMENT] OBJ = 0x7ffee2084c08
[H2 PLACEMENT] OBJ = 0x7ffee2084c60
[H2 PLACEMENT] OBJ = 0x7ffee2084cb8
[H2 PLACEMENT] OBJ = 0x7ffee2084d10
[H2 PLACEMENT] OBJ = 0x7ffee2084d68
[H2 PLACEMENT] OBJ = 0x7ffee2084dc0
[H2 PLACEMENT] OBJ = 0x7ffee2084e18
[H2 PLACEMENT] OBJ = 0x7ffee2084e70
[H2 PLACEMENT] OBJ = 0x7ffee2084ec8
[H2 PLACEMENT] OBJ = 0x7ffee2084f20
[H2 PLACEMENT] OBJ = 0x7ffee2084f78
[H2 PLACEMENT] OBJ = 0x7ffee2084fd0
[H2 PLACEMENT] OBJ = 0x7ffee2085028
[H2 PLACEMENT] OBJ = 0x7ffee2085080
[H2 PLACEMENT] OBJ = 0x7ffee20850d8
[H2 PLACEMENT] OBJ = 0x7ffee2085130
[H2 PLACEMENT] OBJ = 0x7ffee2085188
[H2 PLACEMENT] OBJ = 0x7ffee20851e0
[H2 PLACEMENT] OBJ = 0x7ffee2085238
[H2 PLACEMENT] OBJ = 0x7ffee2085290
[H2 PLACEMENT] OBJ = 0x7ffee20852e8
[H2 PLACEMENT] OBJ = 0x7ffee2085340
[H2 PLACEMENT] OBJ = 0x7ffee2085398
[H2 PLACEMENT] OBJ = 0x7ffee20853f0
[H2 PLACEMENT] OBJ = 0x7ffee2085448
[H2 PLACEMENT] OBJ = 0x7ffee20854a0
[H2 PLACEMENT] OBJ = 0x7ffee20854f8
[H2 PLACEMENT] OBJ = 0x7ffee2085550
[H2 PLACEMENT] OBJ = 0x7ffee20855a8
[H2 PLACEMENT] OBJ = 0x7ffee2085600
[H2 PLACEMENT] OBJ = 0x7ffee2085658
[H2 PLACEMENT] OBJ = 0x7ffee20856b0
[H2 PLACEMENT] OBJ = 0x7ffee2085708
[H2 PLACEMENT] OBJ = 0x7ffee2085760
[H2 PLACEMENT] OBJ = 0x7ffee20857b8
[H2 PLACEMENT] OBJ = 0x7ffee2085810
[H2 PLACEMENT] OBJ = 0x7ffee2085868
[H2 PLACEMENT] OBJ = 0x7ffee20858c0
[H2 PLACEMENT] OBJ = 0x7ffee2085918
[H2 PLACEMENT] OBJ = 0x7ffee2085970
[H2 PLACEMENT] OBJ = 0x7ffee20859c8
[H2 PLACEMENT] OBJ = 0x7ffee2085a20
[H2 PLACEMENT] OBJ = 0x7ffee2085a78
[H2 PLACEMENT] OBJ = 0x7ffee2085ad0
[H2 PLACEMENT] OBJ = 0x7ffee2085b28
[H2 PLACEMENT] OBJ = 0x7ffee2085b80
[H2 PLACEMENT] OBJ = 0x7ffee2085bd8
[H2 PLACEMENT] OBJ = 0x7ffee2085c30
[H2 PLACEMENT] OBJ = 0x7ffee2085c88
[H2 PLACEMENT] OBJ = 0x7ffee2085ce0
[H2 PLACEMENT] OBJ = 0x7ffee2085d38
[H2 PLACEMENT] OBJ = 0x7ffee2085d90
[H2 PLACEMENT] OBJ = 0x7ffee2085de8
[H2 PLACEMENT] OBJ = 0x7ffee2085e40
[H2 PLACEMENT] OBJ = 0x7ffee2085e98
[H2 PLACEMENT] OBJ = 0x7ffee2085ef0
[H2 PLACEMENT] OBJ = 0x7ffee2085f48
[H2 PLACEMENT] OBJ = 0x7ffee2085fa0
[H2 PLACEMENT] OBJ = 0x7ffee2085ff8
[H2 PLACEMENT] OBJ = 0x7ffee2086050
[H2 PLACEMENT] OBJ = 0x7ffee20860a8
[H2 PLACEMENT] OBJ = 0x7ffee2086100
[H2 PLACEMENT] OBJ = 0x7ffee2086158
[H2 PLACEMENT] OBJ = 0x7ffee20861b0
[H2 PLACEMENT] OBJ = 0x7ffee2086208
[H2 PLACEMENT] OBJ = 0x7ffee2086260
[H2 PLACEMENT] OBJ = 0x7ffee20862b8
[H2 PLACEMENT] OBJ = 0x7ffee2086310
[H2 PLACEMENT] OBJ = 0x7ffee2086368
[H2 PLACEMENT] OBJ = 0x7ffee20863c0
[H2 PLACEMENT] OBJ = 0x7ffee2086418
[H2 PLACEMENT] OBJ = 0x7ffee2086470
[H2 PLACEMENT] OBJ = 0x7ffee20864c8
[H2 PLACEMENT] OBJ = 0x7ffee2086520
[H2 PLACEMENT] OBJ = 0x7ffee2086578
[H2 PLACEMENT] OBJ = 0x7ffee20865d0
[H2 PLACEMENT] OBJ = 0x7ffee2086628
[H2 PLACEMENT] OBJ = 0x7ffee2086680
[H2 PLACEMENT] OBJ = 0x7ffee20866d8
[H2 PLACEMENT] OBJ = 0x7ffee2086730
[H2 PLACEMENT] OBJ = 0x7ffee2086788
[H2 PLACEMENT] OBJ = 0x7ffee20867e0
[H2 PLACEMENT] OBJ = 0x7ffee2086838
[H2 PLACEMENT] OBJ = 0x7ffee2086890
[H2 PLACEMENT] OBJ = 0x7ffee20868e8
[H2 PLACEMENT] OBJ = 0x7ffee2086940
[H2 PLACEMENT] OBJ = 0x7ffee2086998
[H2 PLACEMENT] OBJ = 0x7ffee20869f0
[H2 PLACEMENT] OBJ = 0x7ffee2086a48
[H2 PLACEMENT] OBJ = 0x7ffee2086aa0
[H2 PLACEMENT] OBJ = 0x7ffee2086af8
[H2 PLACEMENT] OBJ = 0x7ffee2086b50
[H2 PLACEMENT] OBJ = 0x7ffee2086ba8
[H2 PLACEMENT] OBJ = 0x7ffee2086c00
[H2 PLACEMENT] OBJ = 0x7ffee2086c58
[H2 PLACEMENT] OBJ = 0x7ffee2086cb0
[H2 PLACEMENT] OBJ = 0x7ffee2086d08
[H2 PLACEMENT] OBJ = 0x7ffee2086d60
[H2 PLACEMENT] OBJ = 0x7ffee2086db8
[H2 PLACEMENT] OBJ = 0x7ffee2086e10
[H2 PLACEMENT] OBJ = 0x7ffee2086e68
[H2 PLACEMENT] OBJ = 0x7ffee2086ec0
[H2 PLACEMENT] OBJ = 0x7ffee2086f18
[H2 PLACEMENT] OBJ = 0x7ffee2086f70
[H2 PLACEMENT] OBJ = 0x7ffee2086fc8
[H2 PLACEMENT] OBJ = 0x7ffee2087020
[H2 PLACEMENT] OBJ = 0x7ffee2087078
[H2 PLACEMENT] OBJ = 0x7ffee20870d0
[H2 PLACEMENT] OBJ = 0x7ffee2087128
[H2 PLACEMENT] OBJ = 0x7ffee2087180
[H2 PLACEMENT] OBJ = 0x7ffee20871d8
[H2 PLACEMENT] OBJ = 0x7ffee2087230
[H2 PLACEMENT] OBJ = 0x7ffee2087288
[H2 PLACEMENT] OBJ = 0x7ffee20872e0
[H2 PLACEMENT] OBJ = 0x7ffee2087338
[H2 PLACEMENT] OBJ = 0x7ffee2087390
[H2 PLACEMENT] OBJ = 0x7ffee20873e8
[H2 PLACEMENT] OBJ = 0x7ffee2087440
[H2 PLACEMENT] OBJ = 0x7ffee2087498
[H2 PLACEMENT] OBJ = 0x7ffee20874f0
[H2 PLACEMENT] OBJ = 0x7ffee2087548
[H2 PLACEMENT] OBJ = 0x7ffee20875a0
[H2 PLACEMENT] OBJ = 0x7ffee20875f8
[H2 PLACEMENT] OBJ = 0x7ffee2087650
[H2 PLACEMENT] OBJ = 0x7ffee20876a8
[H2 PLACEMENT] OBJ = 0x7ffee2087700
[H2 PLACEMENT] OBJ = 0x7ffee2087758
[H2 PLACEMENT] OBJ = 0x7ffee20877b0
[H2 PLACEMENT] OBJ = 0x7ffee2087808
[H2 PLACEMENT] OBJ = 0x7ffee2087860
[H2 PLACEMENT] OBJ = 0x7ffee20878b8
[H2 PLACEMENT] OBJ = 0x7ffee2087910
[H2 PLACEMENT] OBJ = 0x7ffee2087968
[H2 PLACEMENT] OBJ = 0x7ffee20879c0
[H2 PLACEMENT] OBJ = 0x7ffee2087a18
[H2 PLACEMENT] OBJ = 0x7ffee2087a70
[H2 PLACEMENT] OBJ = 0x7ffee2087ac8
[H2 PLACEMENT] OBJ = 0x7ffee2087b20
[H2 PLACEMENT] OBJ = 0x7ffee2087b78
[H2 PLACEMENT] OBJ = 0x7ffee2087bd0
[H2 PLACEMENT] OBJ = 0x7ffee2087c28
[H2 PLACEMENT] OBJ = 0x7ffee2087c80
[H2 PLACEMENT] OBJ = 0x7ffee2087cd8
[H2 PLACEMENT] OBJ = 0x7ffee2087d30
[H2 PLACEMENT] OBJ = 0x7ffee2087d88
[H2 PLACEMENT] OBJ = 0x7ffee2087de0
[H2 PLACEMENT] OBJ = 0x7ffee2087e38
[H2 PLACEMENT] OBJ = 0x7ffee2087e90
[H2 PLACEMENT] OBJ = 0x7ffee2087ee8
[H2 PLACEMENT] OBJ = 0x7ffee2087f40
[H2 PLACEMENT] OBJ = 0x7ffee2087f98
[H2 PLACEMENT] OBJ = 0x7ffee2087ff0
[H2 PLACEMENT] OBJ = 0x7ffee2088048
[H2 PLACEMENT] OBJ = 0x7ffee20880a0
[H2 PLACEMENT] OBJ = 0x7ffee20880f8
[H2 PLACEMENT] OBJ = 0x7ffee2088150
[H2 PLACEMENT] OBJ = 0x7ffee20881a8
[H2 PLACEMENT] OBJ = 0x7ffee2088200
[H2 PLACEMENT] OBJ = 0x7ffee2088258
[H2 PLACEMENT] OBJ = 0x7ffee20882b0
[H2 PLACEMENT] OBJ = 0x7ffee2088308
[H2 PLACEMENT] OBJ = 0x7ffee2088360
[H2 PLACEMENT] OBJ = 0x7ffee20883b8
[H2 PLACEMENT] OBJ = 0x7ffee2088410
[H2 PLACEMENT] OBJ = 0x7ffee2088468
[H2 PLACEMENT] OBJ = 0x7ffee20884c0
[H2 PLACEMENT] OBJ = 0x7ffee2088518
[H2 PLACEMENT] OBJ = 0x7ffee2088570
[H2 PLACEMENT] OBJ = 0x7ffee20885c8
[H2 PLACEMENT] OBJ = 0x7ffee2088620
[H2 PLACEMENT] OBJ = 0x7ffee2088678
[H2 PLACEMENT] OBJ = 0x7ffee20886d0
[H2 PLACEMENT] OBJ = 0x7ffee2088728
[H2 PLACEMENT] OBJ = 0x7ffee2088780
[H2 PLACEMENT] OBJ = 0x7ffee20887d8
[H2 PLACEMENT] OBJ = 0x7ffee2088830
[H2 PLACEMENT] OBJ = 0x7ffee2088888
[H2 PLACEMENT] OBJ = 0x7ffee20888e0
[H2 PLACEMENT] OBJ = 0x7ffee2088938
[H2 PLACEMENT] OBJ = 0x7ffee2088990
[H2 PLACEMENT] OBJ = 0x7ffee20889e8
[H2 PLACEMENT] OBJ = 0x7ffee2088a40
[H2 PLACEMENT] OBJ = 0x7ffee2088a98
[H2 PLACEMENT] OBJ = 0x7ffee2088af0
[H2 PLACEMENT] OBJ = 0x7ffee2088b48
[H2 PLACEMENT] OBJ = 0x7ffee2088ba0
[H2 PLACEMENT] OBJ = 0x7ffee2088bf8
[H2 PLACEMENT] OBJ = 0x7ffee2088c50
[H2 PLACEMENT] OBJ = 0x7ffee2088ca8
[H2 PLACEMENT] OBJ = 0x7ffee2088d00
[H2 PLACEMENT] OBJ = 0x7ffee2088d58
[H2 PLACEMENT] OBJ = 0x7ffee2088db0
[H2 PLACEMENT] OBJ = 0x7ffee2088e08
[H2 PLACEMENT] OBJ = 0x7ffee2088e60
[H2 PLACEMENT] OBJ = 0x7ffee2088eb8
[H2 PLACEMENT] OBJ = 0x7ffee2088f10
[H2 PLACEMENT] OBJ = 0x7ffee2088f68
[H2 PLACEMENT] OBJ = 0x7ffee2088fc0
[H2 PLACEMENT] OBJ = 0x7ffee2089018
[H2 PLACEMENT] OBJ = 0x7ffee2089070
[H2 PLACEMENT] OBJ = 0x7ffee20890c8
[H2 PLACEMENT] OBJ = 0x7ffee2089120
[H2 PLACEMENT] OBJ = 0x7ffee2089178
[H2 PLACEMENT] OBJ = 0x7ffee20891d0
[H2 PLACEMENT] OBJ = 0x7ffee2089228
[H2 PLACEMENT] OBJ = 0x7ffee2089280
[H2 PLACEMENT] OBJ = 0x7ffee20892d8
[H2 PLACEMENT] OBJ = 0x7ffee2089330
[H2 PLACEMENT] OBJ = 0x7ffee2089388
[H2 PLACEMENT] OBJ = 0x7ffee20893e0
[H2 PLACEMENT] OBJ = 0x7ffee2089438
[H2 PLACEMENT] OBJ = 0x7ffee2089490
[H2 PLACEMENT] OBJ = 0x7ffee20894e8
[H2 PLACEMENT] OBJ = 0x7ffee2089540
[H2 PLACEMENT] OBJ = 0x7ffee2089598
[H2 PLACEMENT] OBJ = 0x7ffee20895f0
[H2 PLACEMENT] OBJ = 0x7ffee2089648
[H2 PLACEMENT] OBJ = 0x7ffee20896a0
[H2 PLACEMENT] OBJ = 0x7ffee20896f8
[H2 PLACEMENT] OBJ = 0x7ffee2089750
[H2 PLACEMENT] OBJ = 0x7ffee20897a8
[H2 PLACEMENT] OBJ = 0x7ffee2089800
[H2 PLACEMENT] OBJ = 0x7ffee2089858
[H2 PLACEMENT] OBJ = 0x7ffee20898b0
[H2 PLACEMENT] OBJ = 0x7ffee2089908
[H2 PLACEMENT] OBJ = 0x7ffee2089960
[H2 PLACEMENT] OBJ = 0x7ffee20899b8
[H2 PLACEMENT] OBJ = 0x7ffee2089a10
[H2 PLACEMENT] OBJ = 0x7ffee2089a68
[H2 PLACEMENT] OBJ = 0x7ffee2089ac0
[H2 PLACEMENT] OBJ = 0x7ffee2089b18
[H2 PLACEMENT] OBJ = 0x7ffee2089b70
[H2 PLACEMENT] OBJ = 0x7ffee2089bc8
[H2 PLACEMENT] OBJ = 0x7ffee2089c20
[H2 PLACEMENT] OBJ = 0x7ffee2089c78
[H2 PLACEMENT] OBJ = 0x7ffee2089cd0
[H2 PLACEMENT] OBJ = 0x7ffee2089d28
[H2 PLACEMENT] OBJ = 0x7ffee2089d80
[H2 PLACEMENT] OBJ = 0x7ffee2089dd8
[H2 PLACEMENT] OBJ = 0x7ffee2089e30
[H2 PLACEMENT] OBJ = 0x7ffee2089e88
[H2 PLACEMENT] OBJ = 0x7ffee2089ee0
[H2 PLACEMENT] OBJ = 0x7ffee2089f38
[H2 PLACEMENT] OBJ = 0x7ffee2089f90
[H2 PLACEMENT] OBJ = 0x7ffee2089fe8
[H2 PLACEMENT] OBJ = 0x7ffee208a040
[H2 PLACEMENT] OBJ = 0x7ffee208a098
[H2 PLACEMENT] OBJ = 0x7ffee208a0f0
[H2 PLACEMENT] OBJ = 0x7ffee208a148
[H2 PLACEMENT] OBJ = 0x7ffee208a1a0
[H2 PLACEMENT] OBJ = 0x7ffee208a1f8
[H2 PLACEMENT] OBJ = 0x7ffee208a250
[H2 PLACEMENT] OBJ = 0x7ffee208a2a8
[H2 PLACEMENT] OBJ = 0x7ffee208a300
[H2 PLACEMENT] OBJ = 0x7ffee208a358
[H2 PLACEMENT] OBJ = 0x7ffee208a3b0
[H2 PLACEMENT] OBJ = 0x7ffee208a408
[H2 PLACEMENT] OBJ = 0x7ffee208a460
[H2 PLACEMENT] OBJ = 0x7ffee208a4b8
[H2 PLACEMENT] OBJ = 0x7ffee208a510
[H2 PLACEMENT] OBJ = 0x7ffee208a568
[H2 PLACEMENT] OBJ = 0x7ffee208a5c0
[H2 PLACEMENT] OBJ = 0x7ffee208a618
[H2 PLACEMENT] OBJ = 0x7ffee208a670
[H2 PLACEMENT] OBJ = 0x7ffee208a6c8
[H2 PLACEMENT] OBJ = 0x7ffee208a720
[H2 PLACEMENT] OBJ = 0x7ffee208a778
[H2 PLACEMENT] OBJ = 0x7ffee208a7d0
[H2 PLACEMENT] OBJ = 0x7ffee208a828
[H2 PLACEMENT] OBJ = 0x7ffee208a880
[H2 PLACEMENT] OBJ = 0x7ffee208a8d8
[H2 PLACEMENT] OBJ = 0x7ffee208a930
[H2 PLACEMENT] OBJ = 0x7ffee208a988
[H2 PLACEMENT] OBJ = 0x7ffee208a9e0
[H2 PLACEMENT] OBJ = 0x7ffee208aa38
[H2 PLACEMENT] OBJ = 0x7ffee208aa90
[H2 PLACEMENT] OBJ = 0x7ffee208aae8
[H2 PLACEMENT] OBJ = 0x7ffee208ab40
[H2 PLACEMENT] OBJ = 0x7ffee208ab98
[H2 PLACEMENT] OBJ = 0x7ffee208abf0
[H2 PLACEMENT] OBJ = 0x7ffee208ac48
[H2 PLACEMENT] OBJ = 0x7ffee208aca0
[H2 PLACEMENT] OBJ = 0x7ffee208acf8
[H2 PLACEMENT] OBJ = 0x7ffee208ad50
[H2 PLACEMENT] OBJ = 0x7ffee208ada8
[H2 PLACEMENT] OBJ = 0x7ffee208ae00
[H2 PLACEMENT] OBJ = 0x7ffee208ae58
[H2 PLACEMENT] OBJ = 0x7ffee208aeb0
[H2 PLACEMENT] OBJ = 0x7ffee208af08
[H2 PLACEMENT] OBJ = 0x7ffee208af60
[H2 PLACEMENT] OBJ = 0x7ffee208afb8
[H2 PLACEMENT] OBJ = 0x7ffee208b010
[H2 PLACEMENT] OBJ = 0x7ffee208b068
[H2 PLACEMENT] OBJ = 0x7ffee208b0c0
[H2 PLACEMENT] OBJ = 0x7ffee208b118
[H2 PLACEMENT] OBJ = 0x7ffee208b170
[H2 PLACEMENT] OBJ = 0x7ffee208b1c8
[H2 PLACEMENT] OBJ = 0x7ffee208b220
[H2 PLACEMENT] OBJ = 0x7ffee208b278
[H2 PLACEMENT] OBJ = 0x7ffee208b2d0
[H2 PLACEMENT] OBJ = 0x7ffee208b328
[H2 PLACEMENT] OBJ = 0x7ffee208b380
[H2 PLACEMENT] OBJ = 0x7ffee208b3d8
[H2 PLACEMENT] OBJ = 0x7ffee208b430
[H2 PLACEMENT] OBJ = 0x7ffee208b488
[H2 PLACEMENT] OBJ = 0x7ffee208b4e0
[H2 PLACEMENT] OBJ = 0x7ffee208b538
[H2 PLACEMENT] OBJ = 0x7ffee208b590
[H2 PLACEMENT] OBJ = 0x7ffee208b5e8
[H2 PLACEMENT] OBJ = 0x7ffee208b640
[H2 PLACEMENT] OBJ = 0x7ffee208b698
[H2 PLACEMENT] OBJ = 0x7ffee208b6f0
[H2 PLACEMENT] OBJ = 0x7ffee208b748
[H2 PLACEMENT] OBJ = 0x7ffee208b7a0
[H2 PLACEMENT] OBJ = 0x7ffee208b7f8
[H2 PLACEMENT] OBJ = 0x7ffee208b850
[H2 PLACEMENT] OBJ = 0x7ffee208b8a8
[H2 PLACEMENT] OBJ = 0x7ffee208b900
[H2 PLACEMENT] OBJ = 0x7ffee208b958
[H2 PLACEMENT] OBJ = 0x7ffee208b9b0
[H2 PLACEMENT] OBJ = 0x7ffee208ba08
[H2 PLACEMENT] OBJ = 0x7ffee208ba60
[H2 PLACEMENT] OBJ = 0x7ffee208bab8
[H2 PLACEMENT] OBJ = 0x7ffee208bb10
[H2 PLACEMENT] OBJ = 0x7ffee208bb68
[H2 PLACEMENT] OBJ = 0x7ffee208bbc0
[H2 PLACEMENT] OBJ = 0x7ffee208bc18
[H2 PLACEMENT] OBJ = 0x7ffee208bc70
[H2 PLACEMENT] OBJ = 0x7ffee208bcc8
[H2 PLACEMENT] OBJ = 0x7ffee208bd20
[H2 PLACEMENT] OBJ = 0x7ffee208bd78
[H2 PLACEMENT] OBJ = 0x7ffee208bdd0
[H2 PLACEMENT] OBJ = 0x7ffee208be28
[H2 PLACEMENT] OBJ = 0x7ffee208be80
[H2 PLACEMENT] OBJ = 0x7ffee208bed8
[H2 PLACEMENT] OBJ = 0x7ffee208bf30
[H2 PLACEMENT] OBJ = 0x7ffee208bf88
[H2 PLACEMENT] OBJ = 0x7ffee208bfe0
[H2 PLACEMENT] OBJ = 0x7ffee208c038
[H2 PLACEMENT] OBJ = 0x7ffee208c090
[H2 PLACEMENT] OBJ = 0x7ffee208c0e8
[H2 PLACEMENT] OBJ = 0x7ffee208c140
[H2 PLACEMENT] OBJ = 0x7ffee208c198
[H2 PLACEMENT] OBJ = 0x7ffee208c1f0
[H2 PLACEMENT] OBJ = 0x7ffee208c248
[H2 PLACEMENT] OBJ = 0x7ffee208c2a0
[H2 PLACEMENT] OBJ = 0x7ffee208c2f8
[H2 PLACEMENT] OBJ = 0x7ffee208c350
[H2 PLACEMENT] OBJ = 0x7ffee208c3a8
[H2 PLACEMENT] OBJ = 0x7ffee208c400
[H2 PLACEMENT] OBJ = 0x7ffee208c458
[H2 PLACEMENT] OBJ = 0x7ffee208c4b0
[H2 PLACEMENT] OBJ = 0x7ffee208c508
[H2 PLACEMENT] OBJ = 0x7ffee208c560
[H2 PLACEMENT] OBJ = 0x7ffee208c5b8
[H2 PLACEMENT] OBJ = 0x7ffee208c610
[H2 PLACEMENT] OBJ = 0x7ffee208c668
[H2 PLACEMENT] OBJ = 0x7ffee208c6c0
[H2 PLACEMENT] OBJ = 0x7ffee208c718
[H2 PLACEMENT] OBJ = 0x7ffee208c770
[H2 PLACEMENT] OBJ = 0x7ffee208c7c8
[H2 PLACEMENT] OBJ = 0x7ffee208c820
[H2 PLACEMENT] OBJ = 0x7ffee208c878
[H2 PLACEMENT] OBJ = 0x7ffee208c8d0
[H2 PLACEMENT] OBJ = 0x7ffee208c928
[H2 PLACEMENT] OBJ = 0x7ffee208c980
[H2 PLACEMENT] OBJ = 0x7ffee208c9d8
[H2 PLACEMENT] OBJ = 0x7ffee208ca30
[H2 PLACEMENT] OBJ = 0x7ffee208ca88
[H2 PLACEMENT] OBJ = 0x7ffee208cae0
[H2 PLACEMENT] OBJ = 0x7ffee208cb38
[H2 PLACEMENT] OBJ = 0x7ffee208cb90
[H2 PLACEMENT] OBJ = 0x7ffee208cbe8
[H2 PLACEMENT] OBJ = 0x7ffee208cc40
[H2 PLACEMENT] OBJ = 0x7ffee208cc98
[H2 PLACEMENT] OBJ = 0x7ffee208ccf0
[H2 PLACEMENT] OBJ = 0x7ffee208cd48
[H2 PLACEMENT] OBJ = 0x7ffee208cda0
[H2 PLACEMENT] OBJ = 0x7ffee208cdf8
[H2 PLACEMENT] OBJ = 0x7ffee208ce50
[H2 PLACEMENT] OBJ = 0x7ffee208cea8
[H2 PLACEMENT] OBJ = 0x7ffee208cf00
[H2 PLACEMENT] OBJ = 0x7ffee208cf58
[H2 PLACEMENT] OBJ = 0x7ffee208cfb0
[H2 PLACEMENT] OBJ = 0x7ffee208d008
[H2 PLACEMENT] OBJ = 0x7ffee208d060
[H2 PLACEMENT] OBJ = 0x7ffee208d0b8
[H2 PLACEMENT] OBJ = 0x7ffee208d110
[H2 PLACEMENT] OBJ = 0x7ffee208d168
[H2 PLACEMENT] OBJ = 0x7ffee208d1c0
[H2 PLACEMENT] OBJ = 0x7ffee208d218
[H2 PLACEMENT] OBJ = 0x7ffee208d270
[H2 PLACEMENT] OBJ = 0x7ffee208d2c8
[H2 PLACEMENT] OBJ = 0x7ffee208d320
[H2 PLACEMENT] OBJ = 0x7ffee208d378
[H2 PLACEMENT] OBJ = 0x7ffee208d3d0
[H2 PLACEMENT] OBJ = 0x7ffee208d428
[H2 PLACEMENT] OBJ = 0x7ffee208d480
[H2 PLACEMENT] OBJ = 0x7ffee208d4d8
[H2 PLACEMENT] OBJ = 0x7ffee208d530
[H2 PLACEMENT] OBJ = 0x7ffee208d588
[H2 PLACEMENT] OBJ = 0x7ffee208d5e0
[H2 PLACEMENT] OBJ = 0x7ffee208d638
[H2 PLACEMENT] OBJ = 0x7ffee208d690
[H2 PLACEMENT] OBJ = 0x7ffee208d6e8
[H2 PLACEMENT] OBJ = 0x7ffee208d740
[H2 PLACEMENT] OBJ = 0x7ffee208d798
[H2 PLACEMENT] OBJ = 0x7ffee208d7f0
[H2 PLACEMENT] OBJ = 0x7ffee208d848
[H2 PLACEMENT] OBJ = 0x7ffee208d8a0
[H2 PLACEMENT] OBJ = 0x7ffee208d8f8
[H2 PLACEMENT] OBJ = 0x7ffee208d950
[H2 PLACEMENT] OBJ = 0x7ffee208d9a8
[H2 PLACEMENT] OBJ = 0x7ffee208da00
[H2 PLACEMENT] OBJ = 0x7ffee208da58
[H2 PLACEMENT] OBJ = 0x7ffee208dab0
[H2 PLACEMENT] OBJ = 0x7ffee208db08
[H2 PLACEMENT] OBJ = 0x7ffee208db60
[H2 PLACEMENT] OBJ = 0x7ffee208dbb8
[H2 PLACEMENT] OBJ = 0x7ffee208dc10
[H2 PLACEMENT] OBJ = 0x7ffee208dc68
[H2 PLACEMENT] OBJ = 0x7ffee208dcc0
[H2 PLACEMENT] OBJ = 0x7ffee208dd18
[H2 PLACEMENT] OBJ = 0x7ffee208dd70
[H2 PLACEMENT] OBJ = 0x7ffee208ddc8
[H2 PLACEMENT] OBJ = 0x7ffee208de20
[H2 PLACEMENT] OBJ = 0x7ffee208de78
[H2 PLACEMENT] OBJ = 0x7ffee208ded0
[H2 PLACEMENT] OBJ = 0x7ffee208df28
[H2 PLACEMENT] OBJ = 0x7ffee208df80
[H2 PLACEMENT] OBJ = 0x7ffee208dfd8
[H2 PLACEMENT] OBJ = 0x7ffee208e030
[H2 PLACEMENT] OBJ = 0x7ffee208e088
[H2 PLACEMENT] OBJ = 0x7ffee208e0e0
[H2 PLACEMENT] OBJ = 0x7ffee208e138
[H2 PLACEMENT] OBJ = 0x7ffee208e190
[H2 PLACEMENT] OBJ = 0x7ffee208e1e8
[H2 PLACEMENT] OBJ = 0x7ffee208e240
[H2 PLACEMENT] OBJ = 0x7ffee208e298
[H2 PLACEMENT] OBJ = 0x7ffee208e2f0
[H2 PLACEMENT] OBJ = 0x7ffee208e348
[H2 PLACEMENT] OBJ = 0x7ffee208e3a0
[H2 PLACEMENT] OBJ = 0x7ffee208e3f8
[H2 PLACEMENT] OBJ = 0x7ffee208e450
[H2 PLACEMENT] OBJ = 0x7ffee208e4a8
[H2 PLACEMENT] OBJ = 0x7ffee208e500
[H2 PLACEMENT] OBJ = 0x7ffee208e558
[H2 PLACEMENT] OBJ = 0x7ffee208e5b0
[H2 PLACEMENT] OBJ = 0x7ffee208e608
[H2 PLACEMENT] OBJ = 0x7ffee208e660
[H2 PLACEMENT] OBJ = 0x7ffee208e6b8
[H2 PLACEMENT] OBJ = 0x7ffee208e710
[H2 PLACEMENT] OBJ = 0x7ffee208e768
[H2 PLACEMENT] OBJ = 0x7ffee208e7c0
[H2 PLACEMENT] OBJ = 0x7ffee208e818
[H2 PLACEMENT] OBJ = 0x7ffee208e870
[H2 PLACEMENT] OBJ = 0x7ffee208e8c8
[H2 PLACEMENT] OBJ = 0x7ffee208e920
[H2 PLACEMENT] OBJ = 0x7ffee208e978
[H2 PLACEMENT] OBJ = 0x7ffee208e9d0
[H2 PLACEMENT] OBJ = 0x7ffee208ea28
[H2 PLACEMENT] OBJ = 0x7ffee208ea80
[H2 PLACEMENT] OBJ = 0x7ffee208ead8
[H2 PLACEMENT] OBJ = 0x7ffee208eb30
[H2 PLACEMENT] OBJ = 0x7ffee208eb88
[H2 PLACEMENT] OBJ = 0x7ffee208ebe0
[H2 PLACEMENT] OBJ = 0x7ffee208ec38
[H2 PLACEMENT] OBJ = 0x7ffee208ec90
[H2 PLACEMENT] OBJ = 0x7ffee208ece8
[H2 PLACEMENT] OBJ = 0x7ffee208ed40
[H2 PLACEMENT] OBJ = 0x7ffee208ed98
[H2 PLACEMENT] OBJ = 0x7ffee208edf0
[H2 PLACEMENT] OBJ = 0x7ffee208ee48
[H2 PLACEMENT] OBJ = 0x7ffee208eea0
[H2 PLACEMENT] OBJ = 0x7ffee208eef8
[H2 PLACEMENT] OBJ = 0x7ffee208ef50
[H2 PLACEMENT] OBJ = 0x7ffee208efa8
[H2 PLACEMENT] OBJ = 0x7ffee208f000
[H2 PLACEMENT] OBJ = 0x7ffee208f058
[H2 PLACEMENT] OBJ = 0x7ffee208f0b0
[H2 PLACEMENT] OBJ = 0x7ffee208f108
[H2 PLACEMENT] OBJ = 0x7ffee208f160
[H2 PLACEMENT] OBJ = 0x7ffee208f1b8
[H2 PLACEMENT] OBJ = 0x7ffee208f210
[H2 PLACEMENT] OBJ = 0x7ffee208f268
[H2 PLACEMENT] OBJ = 0x7ffee208f2c0
[H2 PLACEMENT] OBJ = 0x7ffee208f318
[H2 PLACEMENT] OBJ = 0x7ffee208f370
[H2 PLACEMENT] OBJ = 0x7ffee208f3c8
[H2 PLACEMENT] OBJ = 0x7ffee208f420
[H2 PLACEMENT] OBJ = 0x7ffee208f478
[H2 PLACEMENT] OBJ = 0x7ffee208f4d0
[H2 PLACEMENT] OBJ = 0x7ffee208f528
[H2 PLACEMENT] OBJ = 0x7ffee208f580
[H2 PLACEMENT] OBJ = 0x7ffee208f5d8
[H2 PLACEMENT] OBJ = 0x7ffee208f630
[H2 PLACEMENT] OBJ = 0x7ffee208f688
[H2 PLACEMENT] OBJ = 0x7ffee208f6e0
[H2 PLACEMENT] OBJ = 0x7ffee208f738
[H2 PLACEMENT] OBJ = 0x7ffee208f790
[H2 PLACEMENT] OBJ = 0x7ffee208f7e8
[H2 PLACEMENT] OBJ = 0x7ffee208f840
[H2 PLACEMENT] OBJ = 0x7ffee208f898
[H2 PLACEMENT] OBJ = 0x7ffee208f8f0
[H2 PLACEMENT] OBJ = 0x7ffee208f948
[H2 PLACEMENT] OBJ = 0x7ffee208f9a0
[H2 PLACEMENT] OBJ = 0x7ffee208f9f8
[H2 PLACEMENT] OBJ = 0x7ffee208fa50
[H2 PLACEMENT] OBJ = 0x7ffee208faa8
[H2 PLACEMENT] OBJ = 0x7ffee208fb00
[H2 PLACEMENT] OBJ = 0x7ffee208fb58
[H2 PLACEMENT] OBJ = 0x7ffee208fbb0
[H2 PLACEMENT] OBJ = 0x7ffee208fc08
[H2 PLACEMENT] OBJ = 0x7ffee208fc60
[H2 PLACEMENT] OBJ = 0x7ffee208fcb8
[H2 PLACEMENT] OBJ = 0x7ffee208fd10
[H2 PLACEMENT] OBJ = 0x7ffee208fd68
[H2 PLACEMENT] OBJ = 0x7ffee208fdc0
[H2 PLACEMENT] OBJ = 0x7ffee208fe18
[H2 PLACEMENT] OBJ = 0x7ffee208fe70
[H2 PLACEMENT] OBJ = 0x7ffee208fec8
[H2 PLACEMENT] OBJ = 0x7ffee208ff20
[H2 PLACEMENT] OBJ = 0x7ffee208ff78
[H2 PLACEMENT] OBJ = 0x7ffee208ffd0
[H2 PLACEMENT] OBJ = 0x7ffee2090028
[H2 PLACEMENT] OBJ = 0x7ffee2090080
[H2 PLACEMENT] OBJ = 0x7ffee20900d8
[H2 PLACEMENT] OBJ = 0x7ffee2090130
[H2 PLACEMENT] OBJ = 0x7ffee2090188
[H2 PLACEMENT] OBJ = 0x7ffee20901e0
[H2 PLACEMENT] OBJ = 0x7ffee2090238
[H2 PLACEMENT] OBJ = 0x7ffee2090290
[H2 PLACEMENT] OBJ = 0x7ffee20902e8
[H2 PLACEMENT] OBJ = 0x7ffee2090340
[H2 PLACEMENT] OBJ = 0x7ffee2090398
[H2 PLACEMENT] OBJ = 0x7ffee20903f0
[H2 PLACEMENT] OBJ = 0x7ffee2090448
[H2 PLACEMENT] OBJ = 0x7ffee20904a0
[H2 PLACEMENT] OBJ = 0x7ffee20904f8
[H2 PLACEMENT] OBJ = 0x7ffee2090550
[H2 PLACEMENT] OBJ = 0x7ffee20905a8
[H2 PLACEMENT] OBJ = 0x7ffee2090600
[H2 PLACEMENT] OBJ = 0x7ffee2090658
[H2 PLACEMENT] OBJ = 0x7ffee20906b0
[H2 PLACEMENT] OBJ = 0x7ffee2090708
[H2 PLACEMENT] OBJ = 0x7ffee2090760
[H2 PLACEMENT] OBJ = 0x7ffee20907b8
[H2 PLACEMENT] OBJ = 0x7ffee2090810
[H2 PLACEMENT] OBJ = 0x7ffee2090868
[H2 PLACEMENT] OBJ = 0x7ffee20908c0
[H2 PLACEMENT] OBJ = 0x7ffee2090918
[H2 PLACEMENT] OBJ = 0x7ffee2090970
[H2 PLACEMENT] OBJ = 0x7ffee20909c8
[H2 PLACEMENT] OBJ = 0x7ffee2090a20
[H2 PLACEMENT] OBJ = 0x7ffee2090a78
[H2 PLACEMENT] OBJ = 0x7ffee2090ad0
[H2 PLACEMENT] OBJ = 0x7ffee2090b28
[H2 PLACEMENT] OBJ = 0x7ffee2090b80
[H2 PLACEMENT] OBJ = 0x7ffee2090bd8
[H2 PLACEMENT] OBJ = 0x7ffee2090c30
[H2 PLACEMENT] OBJ = 0x7ffee2090c88
[H2 PLACEMENT] OBJ = 0x7ffee2090ce0
[H2 PLACEMENT] OBJ = 0x7ffee2090d38
[H2 PLACEMENT] OBJ = 0x7ffee2090d90
[H2 PLACEMENT] OBJ = 0x7ffee2090de8
[H2 PLACEMENT] OBJ = 0x7ffee2090e40
[H2 PLACEMENT] OBJ = 0x7ffee2090e98
[H2 PLACEMENT] OBJ = 0x7ffee2090ef0
[H2 PLACEMENT] OBJ = 0x7ffee2090f48
[H2 PLACEMENT] OBJ = 0x7ffee2090fa0
[H2 PLACEMENT] OBJ = 0x7ffee2090ff8
[H2 PLACEMENT] OBJ = 0x7ffee2091050
[H2 PLACEMENT] OBJ = 0x7ffee20910a8
[H2 PLACEMENT] OBJ = 0x7ffee2091100
[H2 PLACEMENT] OBJ = 0x7ffee2091158
[H2 PLACEMENT] OBJ = 0x7ffee20911b0
[H2 PLACEMENT] OBJ = 0x7ffee2091208
[H2 PLACEMENT] OBJ = 0x7ffee2091260
[H2 PLACEMENT] OBJ = 0x7ffee20912b8
[H2 PLACEMENT] OBJ = 0x7ffee2091310
[H2 PLACEMENT] OBJ = 0x7ffee2091368
[H2 PLACEMENT] OBJ = 0x7ffee20913c0
[H2 PLACEMENT] OBJ = 0x7ffee2091418
[H2 PLACEMENT] OBJ = 0x7ffee2091470
[H2 PLACEMENT] OBJ = 0x7ffee20914c8
[H2 PLACEMENT] OBJ = 0x7ffee2091520
[H2 PLACEMENT] OBJ = 0x7ffee2091578
[H2 PLACEMENT] OBJ = 0x7ffee20915d0
[H2 PLACEMENT] OBJ = 0x7ffee2091628
[H2 PLACEMENT] OBJ = 0x7ffee2091680
[H2 PLACEMENT] OBJ = 0x7ffee20916d8
[H2 PLACEMENT] OBJ = 0x7ffee2091730
[H2 PLACEMENT] OBJ = 0x7ffee2091788
[H2 PLACEMENT] OBJ = 0x7ffee20917e0
[H2 PLACEMENT] OBJ = 0x7ffee2091838
[H2 PLACEMENT] OBJ = 0x7ffee2091890
[H2 PLACEMENT] OBJ = 0x7ffee20918e8
[H2 PLACEMENT] OBJ = 0x7ffee2091940
[H2 PLACEMENT] OBJ = 0x7ffee2091998
[H2 PLACEMENT] OBJ = 0x7ffee20919f0
[H2 PLACEMENT] OBJ = 0x7ffee2091a48
[H2 PLACEMENT] OBJ = 0x7ffee2091aa0
[H2 PLACEMENT] OBJ = 0x7ffee2091af8
[H2 PLACEMENT] OBJ = 0x7ffee2091b50
[H2 PLACEMENT] OBJ = 0x7ffee2091ba8
[H2 PLACEMENT] OBJ = 0x7ffee2091c00
[H2 PLACEMENT] OBJ = 0x7ffee2091c58
[H2 PLACEMENT] OBJ = 0x7ffee2091cb0
[H2 PLACEMENT] OBJ = 0x7ffee2091d08
[H2 PLACEMENT] OBJ = 0x7ffee2091d60
[H2 PLACEMENT] OBJ = 0x7ffee2091db8
[H2 PLACEMENT] OBJ = 0x7ffee2091e10
[H2 PLACEMENT] OBJ = 0x7ffee2091e68
[H2 PLACEMENT] OBJ = 0x7ffee2091ec0
[H2 PLACEMENT] OBJ = 0x7ffee2091f18
[H2 PLACEMENT] OBJ = 0x7ffee2091f70
[H2 PLACEMENT] OBJ = 0x7ffee2091fc8
[H2 PLACEMENT] OBJ = 0x7ffee2092020
[H2 PLACEMENT] OBJ = 0x7ffee2092078
[H2 PLACEMENT] OBJ = 0x7ffee20920d0
[H2 PLACEMENT] OBJ = 0x7ffee2092128
[H2 PLACEMENT] OBJ = 0x7ffee2092180
[H2 PLACEMENT] OBJ = 0x7ffee20921d8
[H2 PLACEMENT] OBJ = 0x7ffee2092230
[H2 PLACEMENT] OBJ = 0x7ffee2092288
[H2 PLACEMENT] OBJ = 0x7ffee20922e0
[H2 PLACEMENT] OBJ = 0x7ffee2092338
[H2 PLACEMENT] OBJ = 0x7ffee2092390
[H2 PLACEMENT] OBJ = 0x7ffee20923e8
[H2 PLACEMENT] OBJ = 0x7ffee2092440
[H2 PLACEMENT] OBJ = 0x7ffee2092498
[H2 PLACEMENT] OBJ = 0x7ffee20924f0
[H2 PLACEMENT] OBJ = 0x7ffee2092548
[H2 PLACEMENT] OBJ = 0x7ffee20925a0
[H2 PLACEMENT] OBJ = 0x7ffee20925f8
[H2 PLACEMENT] OBJ = 0x7ffee2092650
[H2 PLACEMENT] OBJ = 0x7ffee20926a8
[H2 PLACEMENT] OBJ = 0x7ffee2092700
[H2 PLACEMENT] OBJ = 0x7ffee2092758
[H2 PLACEMENT] OBJ = 0x7ffee20927b0
[H2 PLACEMENT] OBJ = 0x7ffee2092808
[H2 PLACEMENT] OBJ = 0x7ffee2092860
[H2 PLACEMENT] OBJ = 0x7ffee20928b8
[H2 PLACEMENT] OBJ = 0x7ffee2092910
[H2 PLACEMENT] OBJ = 0x7ffee2092968
[H2 PLACEMENT] OBJ = 0x7ffee20929c0
[H2 PLACEMENT] OBJ = 0x7ffee2092a18
[H2 PLACEMENT] OBJ = 0x7ffee2092a70
[H2 PLACEMENT] OBJ = 0x7ffee2092ac8
[H2 PLACEMENT] OBJ = 0x7ffee2092b20
[H2 PLACEMENT] OBJ = 0x7ffee2092b78
[H2 PLACEMENT] OBJ = 0x7ffee2092bd0
[H2 PLACEMENT] OBJ = 0x7ffee2092c28
[H2 PLACEMENT] OBJ = 0x7ffee2092c80
[H2 PLACEMENT] OBJ = 0x7ffee2092cd8
[H2 PLACEMENT] OBJ = 0x7ffee2092d30
[H2 PLACEMENT] OBJ = 0x7ffee2092d88
[H2 PLACEMENT] OBJ = 0x7ffee2092de0
[H2 PLACEMENT] OBJ = 0x7ffee2092e38
[H2 PLACEMENT] OBJ = 0x7ffee2092e90
[H2 PLACEMENT] OBJ = 0x7ffee2092ee8
[H2 PLACEMENT] OBJ = 0x7ffee2092f40
[H2 PLACEMENT] OBJ = 0x7ffee2092f98
[H2 PLACEMENT] OBJ = 0x7ffee2092ff0
[H2 PLACEMENT] OBJ = 0x7ffee2093048
[H2 PLACEMENT] OBJ = 0x7ffee20930a0
[H2 PLACEMENT] OBJ = 0x7ffee20930f8
[H2 PLACEMENT] OBJ = 0x7ffee2093150
[H2 PLACEMENT] OBJ = 0x7ffee20931a8
[H2 PLACEMENT] OBJ = 0x7ffee2093200
[H2 PLACEMENT] OBJ = 0x7ffee2093258
[H2 PLACEMENT] OBJ = 0x7ffee20932b0
[H2 PLACEMENT] OBJ = 0x7ffee2093308
[H2 PLACEMENT] OBJ = 0x7ffee2093360
[H2 PLACEMENT] OBJ = 0x7ffee20933b8
[H2 PLACEMENT] OBJ = 0x7ffee2093410
[H2 PLACEMENT] OBJ = 0x7ffee2093468
[H2 PLACEMENT] OBJ = 0x7ffee20934c0
[H2 PLACEMENT] OBJ = 0x7ffee2093518
[H2 PLACEMENT] OBJ = 0x7ffee2093570
[H2 PLACEMENT] OBJ = 0x7ffee20935c8
[H2 PLACEMENT] OBJ = 0x7ffee2093620
[H2 PLACEMENT] OBJ = 0x7ffee2093678
[H2 PLACEMENT] OBJ = 0x7ffee20936d0
[H2 PLACEMENT] OBJ = 0x7ffee2093728
[H2 PLACEMENT] OBJ = 0x7ffee2093780
[H2 PLACEMENT] OBJ = 0x7ffee20937d8
[H2 PLACEMENT] OBJ = 0x7ffee2093830
[H2 PLACEMENT] OBJ = 0x7ffee2093888
[H2 PLACEMENT] OBJ = 0x7ffee20938e0
[H2 PLACEMENT] OBJ = 0x7ffee2093938
[H2 PLACEMENT] OBJ = 0x7ffee2093990
[H2 PLACEMENT] OBJ = 0x7ffee20939e8
[H2 PLACEMENT] OBJ = 0x7ffee2093a40
[H2 PLACEMENT] OBJ = 0x7ffee2093a98
[H2 PLACEMENT] OBJ = 0x7ffee2093af0
[H2 PLACEMENT] OBJ = 0x7ffee2093b48
[H2 PLACEMENT] OBJ = 0x7ffee2093ba0
[H2 PLACEMENT] OBJ = 0x7ffee2093bf8
[H2 PLACEMENT] OBJ = 0x7ffee2093c50
[H2 PLACEMENT] OBJ = 0x7ffee2093ca8
[H2 PLACEMENT] OBJ = 0x7ffee2093d00
[H2 PLACEMENT] OBJ = 0x7ffee2093d58
[H2 PLACEMENT] OBJ = 0x7ffee2093db0
[H2 PLACEMENT] OBJ = 0x7ffee2093e08
[H2 PLACEMENT] OBJ = 0x7ffee2093e60
[H2 PLACEMENT] OBJ = 0x7ffee2093eb8
[H2 PLACEMENT] OBJ = 0x7ffee2093f10
[H2 PLACEMENT] OBJ = 0x7ffee2093f68
[H2 PLACEMENT] OBJ = 0x7ffee2093fc0
[H2 PLACEMENT] OBJ = 0x7ffee2094018
[H2 PLACEMENT] OBJ = 0x7ffee2094070
[H2 PLACEMENT] OBJ = 0x7ffee20940c8
[H2 PLACEMENT] OBJ = 0x7ffee2094120
[H2 PLACEMENT] OBJ = 0x7ffee2094178
[H2 PLACEMENT] OBJ = 0x7ffee20941d0
[H2 PLACEMENT] OBJ = 0x7ffee2094228
[H2 PLACEMENT] OBJ = 0x7ffee2094280
[H2 PLACEMENT] OBJ = 0x7ffee20942d8
[H2 PLACEMENT] OBJ = 0x7ffee2094330
[H2 PLACEMENT] OBJ = 0x7ffee2094388
[H2 PLACEMENT] OBJ = 0x7ffee20943e0
[H2 PLACEMENT] OBJ = 0x7ffee2094438
[H2 PLACEMENT] OBJ = 0x7ffee2094490
[H2 PLACEMENT] OBJ = 0x7ffee20944e8
[H2 PLACEMENT] OBJ = 0x7ffee2094540
[H2 PLACEMENT] OBJ = 0x7ffee2094598
[H2 PLACEMENT] OBJ = 0x7ffee20945f0
[H2 PLACEMENT] OBJ = 0x7ffee2094648
[H2 PLACEMENT] OBJ = 0x7ffee20946a0
[H2 PLACEMENT] OBJ = 0x7ffee20946f8
[H2 PLACEMENT] OBJ = 0x7ffee2094750
[H2 PLACEMENT] OBJ = 0x7ffee20947a8
[H2 PLACEMENT] OBJ = 0x7ffee2094800
[H2 PLACEMENT] OBJ = 0x7ffee2094858
[H2 PLACEMENT] OBJ = 0x7ffee20948b0
[H2 PLACEMENT] OBJ = 0x7ffee2094908
[H2 PLACEMENT] OBJ = 0x7ffee2094960
[H2 PLACEMENT] OBJ = 0x7ffee20949b8
[H2 PLACEMENT] OBJ = 0x7ffee2094a10
[H2 PLACEMENT] OBJ = 0x7ffee2094a68
[H2 PLACEMENT] OBJ = 0x7ffee2094ac0
[H2 PLACEMENT] OBJ = 0x7ffee2094b18
[H2 PLACEMENT] OBJ = 0x7ffee2094b70
[H2 PLACEMENT] OBJ = 0x7ffee2094bc8
[H2 PLACEMENT] OBJ = 0x7ffee2094c20
[H2 PLACEMENT] OBJ = 0x7ffee2094c78
[H2 PLACEMENT] OBJ = 0x7ffee2094cd0
[H2 PLACEMENT] OBJ = 0x7ffee2094d28
[H2 PLACEMENT] OBJ = 0x7ffee2094d80
[H2 PLACEMENT] OBJ = 0x7ffee2094dd8
[H2 PLACEMENT] OBJ = 0x7ffee2094e30
[H2 PLACEMENT] OBJ = 0x7ffee2094e88
[H2 PLACEMENT] OBJ = 0x7ffee2094ee0
[H2 PLACEMENT] OBJ = 0x7ffee2094f38
[H2 PLACEMENT] OBJ = 0x7ffee2094f90
[H2 PLACEMENT] OBJ = 0x7ffee2094fe8
[H2 PLACEMENT] OBJ = 0x7ffee2095040
[H2 PLACEMENT] OBJ = 0x7ffee2095098
[H2 PLACEMENT] OBJ = 0x7ffee20950f0
[H2 PLACEMENT] OBJ = 0x7ffee2095148
[H2 PLACEMENT] OBJ = 0x7ffee20951a0
[H2 PLACEMENT] OBJ = 0x7ffee20951f8
[H2 PLACEMENT] OBJ = 0x7ffee2095250
[H2 PLACEMENT] OBJ = 0x7ffee20952a8
[H2 PLACEMENT] OBJ = 0x7ffee2095300
[H2 PLACEMENT] OBJ = 0x7ffee2095358
[H2 PLACEMENT] OBJ = 0x7ffee20953b0
[H2 PLACEMENT] OBJ = 0x7ffee2095408
[H2 PLACEMENT] OBJ = 0x7ffee2095460
[H2 PLACEMENT] OBJ = 0x7ffee20954b8
[H2 PLACEMENT] OBJ = 0x7ffee2095510
[H2 PLACEMENT] OBJ = 0x7ffee2095568
[H2 PLACEMENT] OBJ = 0x7ffee20955c0
[H2 PLACEMENT] OBJ = 0x7ffee2095618
[H2 PLACEMENT] OBJ = 0x7ffee2095670
[H2 PLACEMENT] OBJ = 0x7ffee20956c8
[H2 PLACEMENT] OBJ = 0x7ffee2095720
[H2 PLACEMENT] OBJ = 0x7ffee2095778
[H2 PLACEMENT] OBJ = 0x7ffee20957d0
[H2 PLACEMENT] OBJ = 0x7ffee2095828
[H2 PLACEMENT] OBJ = 0x7ffee2095880
[H2 PLACEMENT] OBJ = 0x7ffee20958d8
[H2 PLACEMENT] OBJ = 0x7ffee2095930
[H2 PLACEMENT] OBJ = 0x7ffee2095988
[H2 PLACEMENT] OBJ = 0x7ffee20959e0
[H2 PLACEMENT] OBJ = 0x7ffee2095a38
[H2 PLACEMENT] OBJ = 0x7ffee2095a90
[H2 PLACEMENT] OBJ = 0x7ffee2095ae8
[H2 PLACEMENT] OBJ = 0x7ffee2095b40
[H2 PLACEMENT] OBJ = 0x7ffee2095b98
[H2 PLACEMENT] OBJ = 0x7ffee2095bf0
[H2 PLACEMENT] OBJ = 0x7ffee2095c48
[H2 PLACEMENT] OBJ = 0x7ffee2095ca0
[H2 PLACEMENT] OBJ = 0x7ffee2095cf8
[H2 PLACEMENT] OBJ = 0x7ffee2095d50
[H2 PLACEMENT] OBJ = 0x7ffee2095da8
[H2 PLACEMENT] OBJ = 0x7ffee2095e00
[H2 PLACEMENT] OBJ = 0x7ffee2095e58
[H2 PLACEMENT] OBJ = 0x7ffee2095eb0
[H2 PLACEMENT] OBJ = 0x7ffee2095f08
[H2 PLACEMENT] OBJ = 0x7ffee2095f60
[H2 PLACEMENT] OBJ = 0x7ffee2095fb8
[H2 PLACEMENT] OBJ = 0x7ffee2096010
[H2 PLACEMENT] OBJ = 0x7ffee2096068
[H2 PLACEMENT] OBJ = 0x7ffee20960c0
[H2 PLACEMENT] OBJ = 0x7ffee2096118
[H2 PLACEMENT] OBJ = 0x7ffee2096170
[H2 PLACEMENT] OBJ = 0x7ffee20961c8
[H2 PLACEMENT] OBJ = 0x7ffee2096220
[H2 PLACEMENT] OBJ = 0x7ffee2096278
[H2 PLACEMENT] OBJ = 0x7ffee20962d0
[H2 PLACEMENT] OBJ = 0x7ffee2096328
[H2 PLACEMENT] OBJ = 0x7ffee2096380
[H2 PLACEMENT] OBJ = 0x7ffee20963d8
[H2 PLACEMENT] OBJ = 0x7ffee2096430
[H2 PLACEMENT] OBJ = 0x7ffee2096488
[H2 PLACEMENT] OBJ = 0x7ffee20964e0
[H2 PLACEMENT] OBJ = 0x7ffee2096538
[H2 PLACEMENT] OBJ = 0x7ffee2096590
[H2 PLACEMENT] OBJ = 0x7ffee20965e8
[H2 PLACEMENT] OBJ = 0x7ffee2096640
[H2 PLACEMENT] OBJ = 0x7ffee2096698
[H2 PLACEMENT] OBJ = 0x7ffee20966f0
[H2 PLACEMENT] OBJ = 0x7ffee2096748
[H2 PLACEMENT] OBJ = 0x7ffee20967a0
[H2 PLACEMENT] OBJ = 0x7ffee20967f8
[H2 PLACEMENT] OBJ = 0x7ffee2096850
[H2 PLACEMENT] OBJ = 0x7ffee20968a8
[H2 PLACEMENT] OBJ = 0x7ffee2096900
[H2 PLACEMENT] OBJ = 0x7ffee2096958
[H2 PLACEMENT] OBJ = 0x7ffee20969b0
[H2 PLACEMENT] OBJ = 0x7ffee2096a08
[H2 PLACEMENT] OBJ = 0x7ffee2096a60
[H2 PLACEMENT] OBJ = 0x7ffee2096ab8
[H2 PLACEMENT] OBJ = 0x7ffee2096b10
[H2 PLACEMENT] OBJ = 0x7ffee2096b68
[H2 PLACEMENT] OBJ = 0x7ffee2096bc0
[H2 PLACEMENT] OBJ = 0x7ffee2096c18
[H2 PLACEMENT] OBJ = 0x7ffee2096c70
[H2 PLACEMENT] OBJ = 0x7ffee2096cc8
[H2 PLACEMENT] OBJ = 0x7ffee2096d20
[H2 PLACEMENT] OBJ = 0x7ffee2096d78
[H2 PLACEMENT] OBJ = 0x7ffee2096dd0
[H2 PLACEMENT] OBJ = 0x7ffee2096e28
[H2 PLACEMENT] OBJ = 0x7ffee2096e80
[H2 PLACEMENT] OBJ = 0x7ffee2096ed8
[H2 PLACEMENT] OBJ = 0x7ffee2096f30
[H2 PLACEMENT] OBJ = 0x7ffee2096f88
[H2 PLACEMENT] OBJ = 0x7ffee2096fe0
[H2 PLACEMENT] OBJ = 0x7ffee2097038
[H2 PLACEMENT] OBJ = 0x7ffee2097090
[H2 PLACEMENT] OBJ = 0x7ffee20970e8
[H2 PLACEMENT] OBJ = 0x7ffee2097140
[H2 PLACEMENT] OBJ = 0x7ffee2097198
[H2 PLACEMENT] OBJ = 0x7ffee20971f0
[H2 PLACEMENT] OBJ = 0x7ffee2097248
[H2 PLACEMENT] OBJ = 0x7ffee20972a0
[H2 PLACEMENT] OBJ = 0x7ffee20972f8
[H2 PLACEMENT] OBJ = 0x7ffee2097350
[H2 PLACEMENT] OBJ = 0x7ffee20973a8
[H2 PLACEMENT] OBJ = 0x7ffee2097400
[H2 PLACEMENT] OBJ = 0x7ffee2097458
[H2 PLACEMENT] OBJ = 0x7ffee20974b0
[H2 PLACEMENT] OBJ = 0x7ffee2097508
[H2 PLACEMENT] OBJ = 0x7ffee2097560
[H2 PLACEMENT] OBJ = 0x7ffee20975b8
[H2 PLACEMENT] OBJ = 0x7ffee2097610
[H2 PLACEMENT] OBJ = 0x7ffee2097668
[H2 PLACEMENT] OBJ = 0x7ffee20976c0
[H2 PLACEMENT] OBJ = 0x7ffee2097718
[H2 PLACEMENT] OBJ = 0x7ffee2097770
[H2 PLACEMENT] OBJ = 0x7ffee20977c8
[H2 PLACEMENT] OBJ = 0x7ffee2097820
[H2 PLACEMENT] OBJ = 0x7ffee2097878
[H2 PLACEMENT] OBJ = 0x7ffee20978d0
[H2 PLACEMENT] OBJ = 0x7ffee2097928
[H2 PLACEMENT] OBJ = 0x7ffee2097980
[H2 PLACEMENT] OBJ = 0x7ffee20979d8
[H2 PLACEMENT] OBJ = 0x7ffee2097a30
[H2 PLACEMENT] OBJ = 0x7ffee2097a88
[H2 PLACEMENT] OBJ = 0x7ffee2097ae0
[H2 PLACEMENT] OBJ = 0x7ffee2097b38
[H2 PLACEMENT] OBJ = 0x7ffee2097b90
[H2 PLACEMENT] OBJ = 0x7ffee2097be8
[H2 PLACEMENT] OBJ = 0x7ffee2097c40
[H2 PLACEMENT] OBJ = 0x7ffee2097c98
[H2 PLACEMENT] OBJ = 0x7ffee2097cf0
[H2 PLACEMENT] OBJ = 0x7ffee2097d48
[H2 PLACEMENT] OBJ = 0x7ffee2097da0
[H2 PLACEMENT] OBJ = 0x7ffee2097df8
[H2 PLACEMENT] OBJ = 0x7ffee2097e50
[H2 PLACEMENT] OBJ = 0x7ffee2097ea8
[H2 PLACEMENT] OBJ = 0x7ffee2097f00
[H2 PLACEMENT] OBJ = 0x7ffee2097f58
[H2 PLACEMENT] OBJ = 0x7ffee2097fb0
[H2 PLACEMENT] OBJ = 0x7ffee2098008
[H2 PLACEMENT] OBJ = 0x7ffee2098060
[H2 PLACEMENT] OBJ = 0x7ffee20980b8
[H2 PLACEMENT] OBJ = 0x7ffee2098110
[H2 PLACEMENT] OBJ = 0x7ffee2098168
[H2 PLACEMENT] OBJ = 0x7ffee20981c0
[H2 PLACEMENT] OBJ = 0x7ffee2098218
[H2 PLACEMENT] OBJ = 0x7ffee2098270
[H2 PLACEMENT] OBJ = 0x7ffee20982c8
[H2 PLACEMENT] OBJ = 0x7ffee2098320
[H2 PLACEMENT] OBJ = 0x7ffee2098378
[H2 PLACEMENT] OBJ = 0x7ffee20983d0
[H2 PLACEMENT] OBJ = 0x7ffee2098428
[H2 PLACEMENT] OBJ = 0x7ffee2098480
[H2 PLACEMENT] OBJ = 0x7ffee20984d8
[H2 PLACEMENT] OBJ = 0x7ffee2098530
[H2 PLACEMENT] OBJ = 0x7ffee2098588
[H2 PLACEMENT] OBJ = 0x7ffee20985e0
[H2 PLACEMENT] OBJ = 0x7ffee2098638
[H2 PLACEMENT] OBJ = 0x7ffee2098690
[H2 PLACEMENT] OBJ = 0x7ffee20986e8
[H2 PLACEMENT] OBJ = 0x7ffee2098740
[H2 PLACEMENT] OBJ = 0x7ffee2098798
[H2 PLACEMENT] OBJ = 0x7ffee20987f0
[H2 PLACEMENT] OBJ = 0x7ffee2098848
[H2 PLACEMENT] OBJ = 0x7ffee20988a0
[H2 PLACEMENT] OBJ = 0x7ffee20988f8
[H2 PLACEMENT] OBJ = 0x7ffee2098950
[H2 PLACEMENT] OBJ = 0x7ffee20989a8
[H2 PLACEMENT] OBJ = 0x7ffee2098a00
[H2 PLACEMENT] OBJ = 0x7ffee2098a58
[H2 PLACEMENT] OBJ = 0x7ffee2098ab0
[H2 PLACEMENT] OBJ = 0x7ffee2098b08
[H2 PLACEMENT] OBJ = 0x7ffee2098b60
[H2 PLACEMENT] OBJ = 0x7ffee2098bb8
[H2 PLACEMENT] OBJ = 0x7ffee2098c10
[H2 PLACEMENT] OBJ = 0x7ffee2098c68
[H2 PLACEMENT] OBJ = 0x7ffee2098cc0
[H2 PLACEMENT] OBJ = 0x7ffee2098d18
[H2 PLACEMENT] OBJ = 0x7ffee2098d70
[H2 PLACEMENT] OBJ = 0x7ffee2098dc8
[H2 PLACEMENT] OBJ = 0x7ffee2098e20
[H2 PLACEMENT] OBJ = 0x7ffee2098e78
[H2 PLACEMENT] OBJ = 0x7ffee2098ed0
[H2 PLACEMENT] OBJ = 0x7ffee2098f28
[H2 PLACEMENT] OBJ = 0x7ffee2098f80
[H2 PLACEMENT] OBJ = 0x7ffee2098fd8
[H2 PLACEMENT] OBJ = 0x7ffee2099030
[H2 PLACEMENT] OBJ = 0x7ffee2099088
[H2 PLACEMENT] OBJ = 0x7ffee20990e0
[H2 PLACEMENT] OBJ = 0x7ffee2099138
[H2 PLACEMENT] OBJ = 0x7ffee2099190
[H2 PLACEMENT] OBJ = 0x7ffee20991e8
[H2 PLACEMENT] OBJ = 0x7ffee2099240
[H2 PLACEMENT] OBJ = 0x7ffee2099298
[H2 PLACEMENT] OBJ = 0x7ffee20992f0
[H2 PLACEMENT] OBJ = 0x7ffee2099348
[H2 PLACEMENT] OBJ = 0x7ffee20993a0
[H2 PLACEMENT] OBJ = 0x7ffee20993f8
[H2 PLACEMENT] OBJ = 0x7ffee2099450
[H2 PLACEMENT] OBJ = 0x7ffee20994a8
[H2 PLACEMENT] OBJ = 0x7ffee2099500
[H2 PLACEMENT] OBJ = 0x7ffee2099558
[H2 PLACEMENT] OBJ = 0x7ffee20995b0
[H2 PLACEMENT] OBJ = 0x7ffee2099608
[H2 PLACEMENT] OBJ = 0x7ffee2099660
[H2 PLACEMENT] OBJ = 0x7ffee20996b8
[H2 PLACEMENT] OBJ = 0x7ffee2099710
[H2 PLACEMENT] OBJ = 0x7ffee2099768
[H2 PLACEMENT] OBJ = 0x7ffee20997c0
[H2 PLACEMENT] OBJ = 0x7ffee2099818
[H2 PLACEMENT] OBJ = 0x7ffee2099870
[H2 PLACEMENT] OBJ = 0x7ffee20998c8
[H2 PLACEMENT] OBJ = 0x7ffee2099920
[H2 PLACEMENT] OBJ = 0x7ffee2099978
[H2 PLACEMENT] OBJ = 0x7ffee20999d0
[H2 PLACEMENT] OBJ = 0x7ffee2099a28
[H2 PLACEMENT] OBJ = 0x7ffee2099a80
[H2 PLACEMENT] OBJ = 0x7ffee2099ad8
[H2 PLACEMENT] OBJ = 0x7ffee2099b30
[H2 PLACEMENT] OBJ = 0x7ffee2099b88
[H2 PLACEMENT] OBJ = 0x7ffee2099be0
[H2 PLACEMENT] OBJ = 0x7ffee2099c38
[H2 PLACEMENT] OBJ = 0x7ffee2099c90
[H2 PLACEMENT] OBJ = 0x7ffee2099ce8
[H2 PLACEMENT] OBJ = 0x7ffee2099d40
[H2 PLACEMENT] OBJ = 0x7ffee2099d98
[H2 PLACEMENT] OBJ = 0x7ffee2099df0
[H2 PLACEMENT] OBJ = 0x7ffee2099e48
[H2 PLACEMENT] OBJ = 0x7ffee2099ea0
[H2 PLACEMENT] OBJ = 0x7ffee2099ef8
[H2 PLACEMENT] OBJ = 0x7ffee2099f50
[H2 PLACEMENT] OBJ = 0x7ffee2099fa8
[H2 PLACEMENT] OBJ = 0x7ffee209a000
[H2 PLACEMENT] OBJ = 0x7ffee209a058
[H2 PLACEMENT] OBJ = 0x7ffee209a0b0
[H2 PLACEMENT] OBJ = 0x7ffee209a108
[H2 PLACEMENT] OBJ = 0x7ffee209a160
[H2 PLACEMENT] OBJ = 0x7ffee209a1b8
[H2 PLACEMENT] OBJ = 0x7ffee209a210
[H2 PLACEMENT] OBJ = 0x7ffee209a268
[H2 PLACEMENT] OBJ = 0x7ffee209a2c0
[H2 PLACEMENT] OBJ = 0x7ffee209a318
[H2 PLACEMENT] OBJ = 0x7ffee209a370
[H2 PLACEMENT] OBJ = 0x7ffee209a3c8
[H2 PLACEMENT] OBJ = 0x7ffee209a420
[H2 PLACEMENT] OBJ = 0x7ffee209a478
[H2 PLACEMENT] OBJ = 0x7ffee209a4d0
[H2 PLACEMENT] OBJ = 0x7ffee209a528
[H2 PLACEMENT] OBJ = 0x7ffee209a580
[H2 PLACEMENT] OBJ = 0x7ffee209a5d8
[H2 PLACEMENT] OBJ = 0x7ffee209a630
[H2 PLACEMENT] OBJ = 0x7ffee209a688
[H2 PLACEMENT] OBJ = 0x7ffee209a6e0
[H2 PLACEMENT] OBJ = 0x7ffee209a738
[H2 PLACEMENT] OBJ = 0x7ffee209a790
[H2 PLACEMENT] OBJ = 0x7ffee209a7e8
[H2 PLACEMENT] OBJ = 0x7ffee209a840
[H2 PLACEMENT] OBJ = 0x7ffee209a898
[H2 PLACEMENT] OBJ = 0x7ffee209a8f0
[H2 PLACEMENT] OBJ = 0x7ffee209a948
[H2 PLACEMENT] OBJ = 0x7ffee209a9a0
[H2 PLACEMENT] OBJ = 0x7ffee209a9f8
[H2 PLACEMENT] OBJ = 0x7ffee209aa50
[H2 PLACEMENT] OBJ = 0x7ffee209aaa8
[H2 PLACEMENT] OBJ = 0x7ffee209ab00
[H2 PLACEMENT] OBJ = 0x7ffee209ab58
[H2 PLACEMENT] OBJ = 0x7ffee209abb0
[H2 PLACEMENT] OBJ = 0x7ffee209ac08
[H2 PLACEMENT] OBJ = 0x7ffee209ac60
[H2 PLACEMENT] OBJ = 0x7ffee209acb8
[H2 PLACEMENT] OBJ = 0x7ffee209ad10
[H2 PLACEMENT] OBJ = 0x7ffee209ad68
[H2 PLACEMENT] OBJ = 0x7ffee209adc0
[H2 PLACEMENT] OBJ = 0x7ffee209ae18
[H2 PLACEMENT] OBJ = 0x7ffee209ae70
[H2 PLACEMENT] OBJ = 0x7ffee209aec8
[H2 PLACEMENT] OBJ = 0x7ffee209af20
[H2 PLACEMENT] OBJ = 0x7ffee209af78
[H2 PLACEMENT] OBJ = 0x7ffee209afd0
[H2 PLACEMENT] OBJ = 0x7ffee209b028
[H2 PLACEMENT] OBJ = 0x7ffee209b080
[H2 PLACEMENT] OBJ = 0x7ffee209b0d8
[H2 PLACEMENT] OBJ = 0x7ffee209b130
[H2 PLACEMENT] OBJ = 0x7ffee209b188
[H2 PLACEMENT] OBJ = 0x7ffee209b1e0
[H2 PLACEMENT] OBJ = 0x7ffee209b238
[H2 PLACEMENT] OBJ = 0x7ffee209b290
[H2 PLACEMENT] OBJ = 0x7ffee209b2e8
[H2 PLACEMENT] OBJ = 0x7ffee209b340
[H2 PLACEMENT] OBJ = 0x7ffee209b398
[H2 PLACEMENT] OBJ = 0x7ffee209b3f0
[H2 PLACEMENT] OBJ = 0x7ffee209b448
[H2 PLACEMENT] OBJ = 0x7ffee209b4a0
[H2 PLACEMENT] OBJ = 0x7ffee209b4f8
[H2 PLACEMENT] OBJ = 0x7ffee209b550
[H2 PLACEMENT] OBJ = 0x7ffee209b5a8
[H2 PLACEMENT] OBJ = 0x7ffee209b600
[H2 PLACEMENT] OBJ = 0x7ffee209b658
[H2 PLACEMENT] OBJ = 0x7ffee209b6b0
[H2 PLACEMENT] OBJ = 0x7ffee209b708
[H2 PLACEMENT] OBJ = 0x7ffee209b760
[H2 PLACEMENT] OBJ = 0x7ffee209b7b8
[H2 PLACEMENT] OBJ = 0x7ffee209b810
[H2 PLACEMENT] OBJ = 0x7ffee209b868
[H2 PLACEMENT] OBJ = 0x7ffee209b8c0
[H2 PLACEMENT] OBJ = 0x7ffee209b918
[H2 PLACEMENT] OBJ = 0x7ffee209b970
[H2 PLACEMENT] OBJ = 0x7ffee209b9c8
[H2 PLACEMENT] OBJ = 0x7ffee209ba20
[H2 PLACEMENT] OBJ = 0x7ffee209ba78
[H2 PLACEMENT] OBJ = 0x7ffee209bad0
[H2 PLACEMENT] OBJ = 0x7ffee209bb28
[H2 PLACEMENT] OBJ = 0x7ffee209bb80
[H2 PLACEMENT] OBJ = 0x7ffee209bbd8
[H2 PLACEMENT] OBJ = 0x7ffee209bc30
[H2 PLACEMENT] OBJ = 0x7ffee209bc88
[H2 PLACEMENT] OBJ = 0x7ffee209bce0
[H2 PLACEMENT] OBJ = 0x7ffee209bd38
[H2 PLACEMENT] OBJ = 0x7ffee209bd90
[H2 PLACEMENT] OBJ = 0x7ffee209bde8
[H2 PLACEMENT] OBJ = 0x7ffee209be40
[H2 PLACEMENT] OBJ = 0x7ffee209be98
[H2 PLACEMENT] OBJ = 0x7ffee209bef0
[H2 PLACEMENT] OBJ = 0x7ffee209bf48
[H2 PLACEMENT] OBJ = 0x7ffee209bfa0
[H2 PLACEMENT] OBJ = 0x7ffee209bff8
[H2 PLACEMENT] OBJ = 0x7ffee209c050
[H2 PLACEMENT] OBJ = 0x7ffee209c0a8
[H2 PLACEMENT] OBJ = 0x7ffee209c100
[H2 PLACEMENT] OBJ = 0x7ffee209c158
[H2 PLACEMENT] OBJ = 0x7ffee209c1b0
[H2 PLACEMENT] OBJ = 0x7ffee209c208
[H2 PLACEMENT] OBJ = 0x7ffee209c260
[H2 PLACEMENT] OBJ = 0x7ffee209c2b8
[H2 PLACEMENT] OBJ = 0x7ffee209c310
[H2 PLACEMENT] OBJ = 0x7ffee209c368
[H2 PLACEMENT] OBJ = 0x7ffee209c3c0
[H2 PLACEMENT] OBJ = 0x7ffee209c418
[H2 PLACEMENT] OBJ = 0x7ffee209c470
[H2 PLACEMENT] OBJ = 0x7ffee209c4c8
[H2 PLACEMENT] OBJ = 0x7ffee209c520
[H2 PLACEMENT] OBJ = 0x7ffee209c578
[H2 PLACEMENT] OBJ = 0x7ffee209c5d0
[H2 PLACEMENT] OBJ = 0x7ffee209c628
[H2 PLACEMENT] OBJ = 0x7ffee209c680
[H2 PLACEMENT] OBJ = 0x7ffee209c6d8
[H2 PLACEMENT] OBJ = 0x7ffee209c730
[H2 PLACEMENT] OBJ = 0x7ffee209c788
[H2 PLACEMENT] OBJ = 0x7ffee209c7e0
[H2 PLACEMENT] OBJ = 0x7ffee209c838
[H2 PLACEMENT] OBJ = 0x7ffee209c890
[H2 PLACEMENT] OBJ = 0x7ffee209c8e8
[H2 PLACEMENT] OBJ = 0x7ffee209c940
[H2 PLACEMENT] OBJ = 0x7ffee209c998
[H2 PLACEMENT] OBJ = 0x7ffee209c9f0
[H2 PLACEMENT] OBJ = 0x7ffee209ca48
[H2 PLACEMENT] OBJ = 0x7ffee209caa0
[H2 PLACEMENT] OBJ = 0x7ffee209caf8
[H2 PLACEMENT] OBJ = 0x7ffee209cb50
[H2 PLACEMENT] OBJ = 0x7ffee209cba8
[H2 PLACEMENT] OBJ = 0x7ffee209cc00
[H2 PLACEMENT] OBJ = 0x7ffee209cc58
[H2 PLACEMENT] OBJ = 0x7ffee209ccb0
[H2 PLACEMENT] OBJ = 0x7ffee209cd08
[H2 PLACEMENT] OBJ = 0x7ffee209cd60
[H2 PLACEMENT] OBJ = 0x7ffee209cdb8
[H2 PLACEMENT] OBJ = 0x7ffee209ce10
[H2 PLACEMENT] OBJ = 0x7ffee209ce68
[H2 PLACEMENT] OBJ = 0x7ffee209cec0
[H2 PLACEMENT] OBJ = 0x7ffee209cf18
[H2 PLACEMENT] OBJ = 0x7ffee209cf70
[H2 PLACEMENT] OBJ = 0x7ffee209cfc8
[H2 PLACEMENT] OBJ = 0x7ffee209d020
[H2 PLACEMENT] OBJ = 0x7ffee209d078
[H2 PLACEMENT] OBJ = 0x7ffee209d0d0
[H2 PLACEMENT] OBJ = 0x7ffee209d128
[H2 PLACEMENT] OBJ = 0x7ffee209d180
[H2 PLACEMENT] OBJ = 0x7ffee209d1d8
[H2 PLACEMENT] OBJ = 0x7ffee209d230
[H2 PLACEMENT] OBJ = 0x7ffee209d288
[H2 PLACEMENT] OBJ = 0x7ffee209d2e0
[H2 PLACEMENT] OBJ = 0x7ffee209d338
[H2 PLACEMENT] OBJ = 0x7ffee209d390
[H2 PLACEMENT] OBJ = 0x7ffee209d3e8
[H2 PLACEMENT] OBJ = 0x7ffee209d440
[H2 PLACEMENT] OBJ = 0x7ffee209d498
[H2 PLACEMENT] OBJ = 0x7ffee209d4f0
[H2 PLACEMENT] OBJ = 0x7ffee209d548
[H2 PLACEMENT] OBJ = 0x7ffee209d5a0
[H2 PLACEMENT] OBJ = 0x7ffee209d5f8
[H2 PLACEMENT] OBJ = 0x7ffee209d650
[H2 PLACEMENT] OBJ = 0x7ffee209d6a8
[H2 PLACEMENT] OBJ = 0x7ffee209d700
[H2 PLACEMENT] OBJ = 0x7ffee209d758
[H2 PLACEMENT] OBJ = 0x7ffee209d7b0
[H2 PLACEMENT] OBJ = 0x7ffee209d808
[H2 PLACEMENT] OBJ = 0x7ffee209d860
[H2 PLACEMENT] OBJ = 0x7ffee209d8b8
[H2 PLACEMENT] OBJ = 0x7ffee209d910
[H2 PLACEMENT] OBJ = 0x7ffee209d968
[H2 PLACEMENT] OBJ = 0x7ffee209d9c0
[H2 PLACEMENT] OBJ = 0x7ffee209da18
[H2 PLACEMENT] OBJ = 0x7ffee209da70
[H2 PLACEMENT] OBJ = 0x7ffee209dac8
[H2 PLACEMENT] OBJ = 0x7ffee209db20
[H2 PLACEMENT] OBJ = 0x7ffee209db78
[H2 PLACEMENT] OBJ = 0x7ffee209dbd0
[H2 PLACEMENT] OBJ = 0x7ffee209dc28
[H2 PLACEMENT] OBJ = 0x7ffee209dc80
[H2 PLACEMENT] OBJ = 0x7ffee209dcd8
[H2 PLACEMENT] OBJ = 0x7ffee209dd30
[H2 PLACEMENT] OBJ = 0x7ffee209dd88
[H2 PLACEMENT] OBJ = 0x7ffee209dde0
[H2 PLACEMENT] OBJ = 0x7ffee209de38
[H2 PLACEMENT] OBJ = 0x7ffee209de90
[H2 PLACEMENT] OBJ = 0x7ffee209dee8
[H2 PLACEMENT] OBJ = 0x7ffee209df40
[H2 PLACEMENT] OBJ = 0x7ffee209df98
[H2 PLACEMENT] OBJ = 0x7ffee209dff0
[H2 PLACEMENT] OBJ = 0x7ffee209e048
[H2 PLACEMENT] OBJ = 0x7ffee209e0a0
[H2 PLACEMENT] OBJ = 0x7ffee209e0f8
[H2 PLACEMENT] OBJ = 0x7ffee209e150
[H2 PLACEMENT] OBJ = 0x7ffee209e1a8
[H2 PLACEMENT] OBJ = 0x7ffee209e200
[H2 PLACEMENT] OBJ = 0x7ffee209e258
[H2 PLACEMENT] OBJ = 0x7ffee209e2b0
[H2 PLACEMENT] OBJ = 0x7ffee209e308
[H2 PLACEMENT] OBJ = 0x7ffee209e360
[H2 PLACEMENT] OBJ = 0x7ffee209e3b8
[H2 PLACEMENT] OBJ = 0x7ffee209e410
[H2 PLACEMENT] OBJ = 0x7ffee209e468
[H2 PLACEMENT] OBJ = 0x7ffee209e4c0
[H2 PLACEMENT] OBJ = 0x7ffee209e518
[H2 PLACEMENT] OBJ = 0x7ffee209e570
[H2 PLACEMENT] OBJ = 0x7ffee209e5c8
[H2 PLACEMENT] OBJ = 0x7ffee209e620
[H2 PLACEMENT] OBJ = 0x7ffee209e678
[H2 PLACEMENT] OBJ = 0x7ffee209e6d0
[H2 PLACEMENT] OBJ = 0x7ffee209e728
[H2 PLACEMENT] OBJ = 0x7ffee209e780
[H2 PLACEMENT] OBJ = 0x7ffee209e7d8
[H2 PLACEMENT] OBJ = 0x7ffee209e830
[H2 PLACEMENT] OBJ = 0x7ffee209e888
[H2 PLACEMENT] OBJ = 0x7ffee209e8e0
[H2 PLACEMENT] OBJ = 0x7ffee209e938
[H2 PLACEMENT] OBJ = 0x7ffee209e990
[H2 PLACEMENT] OBJ = 0x7ffee209e9e8
[H2 PLACEMENT] OBJ = 0x7ffee209ea40
[H2 PLACEMENT] OBJ = 0x7ffee209ea98
[H2 PLACEMENT] OBJ = 0x7ffee209eaf0
[H2 PLACEMENT] OBJ = 0x7ffee209eb48
[H2 PLACEMENT] OBJ = 0x7ffee209eba0
[H2 PLACEMENT] OBJ = 0x7ffee209ebf8
[H2 PLACEMENT] OBJ = 0x7ffee209ec50
[H2 PLACEMENT] OBJ = 0x7ffee209eca8
[H2 PLACEMENT] OBJ = 0x7ffee209ed00
[H2 PLACEMENT] OBJ = 0x7ffee209ed58
[H2 PLACEMENT] OBJ = 0x7ffee209edb0
[H2 PLACEMENT] OBJ = 0x7ffee209ee08
[H2 PLACEMENT] OBJ = 0x7ffee209ee60
[H2 PLACEMENT] OBJ = 0x7ffee209eeb8
[H2 PLACEMENT] OBJ = 0x7ffee209ef10
[H2 PLACEMENT] OBJ = 0x7ffee209ef68
[H2 PLACEMENT] OBJ = 0x7ffee209efc0
[H2 PLACEMENT] OBJ = 0x7ffee209f018
[H2 PLACEMENT] OBJ = 0x7ffee209f070
[H2 PLACEMENT] OBJ = 0x7ffee209f0c8
[H2 PLACEMENT] OBJ = 0x7ffee209f120
[H2 PLACEMENT] OBJ = 0x7ffee209f178
[H2 PLACEMENT] OBJ = 0x7ffee209f1d0
[H2 PLACEMENT] OBJ = 0x7ffee209f228
[H2 PLACEMENT] OBJ = 0x7ffee209f280
[H2 PLACEMENT] OBJ = 0x7ffee209f2d8
[H2 PLACEMENT] OBJ = 0x7ffee209f330
[H2 PLACEMENT] OBJ = 0x7ffee209f388
[H2 PLACEMENT] OBJ = 0x7ffee209f3e0
[H2 PLACEMENT] OBJ = 0x7ffee209f438
[H2 PLACEMENT] OBJ = 0x7ffee209f490
[H2 PLACEMENT] OBJ = 0x7ffee209f4e8
[H2 PLACEMENT] OBJ = 0x7ffee209f540
[H2 PLACEMENT] OBJ = 0x7ffee209f598
[H2 PLACEMENT] OBJ = 0x7ffee209f5f0
[H2 PLACEMENT] OBJ = 0x7ffee209f648
[H2 PLACEMENT] OBJ = 0x7ffee209f6a0
[H2 PLACEMENT] OBJ = 0x7ffee209f6f8
[H2 PLACEMENT] OBJ = 0x7ffee209f750
[H2 PLACEMENT] OBJ = 0x7ffee209f7a8
[H2 PLACEMENT] OBJ = 0x7ffee209f800
[H2 PLACEMENT] OBJ = 0x7ffee209f858
[H2 PLACEMENT] OBJ = 0x7ffee209f8b0
[H2 PLACEMENT] OBJ = 0x7ffee209f908
[H2 PLACEMENT] OBJ = 0x7ffee209f960
[H2 PLACEMENT] OBJ = 0x7ffee209f9b8
[H2 PLACEMENT] OBJ = 0x7ffee209fa10
[H2 PLACEMENT] OBJ = 0x7ffee209fa68
[H2 PLACEMENT] OBJ = 0x7ffee209fac0
[H2 PLACEMENT] OBJ = 0x7ffee209fb18
[H2 PLACEMENT] OBJ = 0x7ffee209fb70
[H2 PLACEMENT] OBJ = 0x7ffee209fbc8
[H2 PLACEMENT] OBJ = 0x7ffee209fc20
[H2 PLACEMENT] OBJ = 0x7ffee209fc78
[H2 PLACEMENT] OBJ = 0x7ffee209fcd0
[H2 PLACEMENT] OBJ = 0x7ffee209fd28
[H2 PLACEMENT] OBJ = 0x7ffee209fd80
[H2 PLACEMENT] OBJ = 0x7ffee209fdd8
[H2 PLACEMENT] OBJ = 0x7ffee209fe30
[H2 PLACEMENT] OBJ = 0x7ffee209fe88
[H2 PLACEMENT] OBJ = 0x7ffee209fee0
[H2 PLACEMENT] OBJ = 0x7ffee209ff38
[H2 PLACEMENT] OBJ = 0x7ffee209ff90
[H2 PLACEMENT] OBJ = 0x7ffee209ffe8
[H2 PLACEMENT] OBJ = 0x7ffee20a0040
[H2 PLACEMENT] OBJ = 0x7ffee20a0098
[H2 PLACEMENT] OBJ = 0x7ffee20a00f0
[H2 PLACEMENT] OBJ = 0x7ffee20a0148
[H2 PLACEMENT] OBJ = 0x7ffee20a01a0
[H2 PLACEMENT] OBJ = 0x7ffee20a01f8
[H2 PLACEMENT] OBJ = 0x7ffee20a0250
[H2 PLACEMENT] OBJ = 0x7ffee20a02a8
[H2 PLACEMENT] OBJ = 0x7ffee20a0300
[H2 PLACEMENT] OBJ = 0x7ffee20a0358
[H2 PLACEMENT] OBJ = 0x7ffee20a03b0
[H2 PLACEMENT] OBJ = 0x7ffee20a0408
[H2 PLACEMENT] OBJ = 0x7ffee20a0460
[H2 PLACEMENT] OBJ = 0x7ffee20a04b8
[H2 PLACEMENT] OBJ = 0x7ffee20a0510
[H2 PLACEMENT] OBJ = 0x7ffee20a0568
[H2 PLACEMENT] OBJ = 0x7ffee20a05c0
[H2 PLACEMENT] OBJ = 0x7ffee20a0618
[H2 PLACEMENT] OBJ = 0x7ffee20a0670
[H2 PLACEMENT] OBJ = 0x7ffee20a06c8
[H2 PLACEMENT] OBJ = 0x7ffee20a0720
[H2 PLACEMENT] OBJ = 0x7ffee20a0778
[H2 PLACEMENT] OBJ = 0x7ffee20a07d0
[H2 PLACEMENT] OBJ = 0x7ffee20a0828
[H2 PLACEMENT] OBJ = 0x7ffee20a0880
[H2 PLACEMENT] OBJ = 0x7ffee20a08d8
[H2 PLACEMENT] OBJ = 0x7ffee20a0930
[H2 PLACEMENT] OBJ = 0x7ffee20a0988
[H2 PLACEMENT] OBJ = 0x7ffee20a09e0
[H2 PLACEMENT] OBJ = 0x7ffee20a0a38
[H2 PLACEMENT] OBJ = 0x7ffee20a0a90
[H2 PLACEMENT] OBJ = 0x7ffee20a0ae8
[H2 PLACEMENT] OBJ = 0x7ffee20a0b40
[H2 PLACEMENT] OBJ = 0x7ffee20a0b98
[H2 PLACEMENT] OBJ = 0x7ffee20a0bf0
[H2 PLACEMENT] OBJ = 0x7ffee20a0c48
[H2 PLACEMENT] OBJ = 0x7ffee20a0ca0
[H2 PLACEMENT] OBJ = 0x7ffee20a0cf8
[H2 PLACEMENT] OBJ = 0x7ffee20a0d50
[H2 PLACEMENT] OBJ = 0x7ffee20a0da8
[H2 PLACEMENT] OBJ = 0x7ffee20a0e00
[H2 PLACEMENT] OBJ = 0x7ffee20a0e58
[H2 PLACEMENT] OBJ = 0x7ffee20a0eb0
[H2 PLACEMENT] OBJ = 0x7ffee20a0f08
[H2 PLACEMENT] OBJ = 0x7ffee20a0f60
[H2 PLACEMENT] OBJ = 0x7ffee20a0fb8
[H2 PLACEMENT] OBJ = 0x7ffee20a1010
[H2 PLACEMENT] OBJ = 0x7ffee20a1068
[H2 PLACEMENT] OBJ = 0x7ffee20a10c0
[H2 PLACEMENT] OBJ = 0x7ffee20a1118
[H2 PLACEMENT] OBJ = 0x7ffee20a1170
[H2 PLACEMENT] OBJ = 0x7ffee20a11c8
[H2 PLACEMENT] OBJ = 0x7ffee20a1220
[H2 PLACEMENT] OBJ = 0x7ffee20a1278
[H2 PLACEMENT] OBJ = 0x7ffee20a12d0
[H2 PLACEMENT] OBJ = 0x7ffee20a1328
[H2 PLACEMENT] OBJ = 0x7ffee20a1380
[H2 PLACEMENT] OBJ = 0x7ffee20a13d8
[H2 PLACEMENT] OBJ = 0x7ffee20a1430
[H2 PLACEMENT] OBJ = 0x7ffee20a1488
[H2 PLACEMENT] OBJ = 0x7ffee20a14e0
[H2 PLACEMENT] OBJ = 0x7ffee20a1538
[H2 PLACEMENT] OBJ = 0x7ffee20a1590
[H2 PLACEMENT] OBJ = 0x7ffee20a15e8
[H2 PLACEMENT] OBJ = 0x7ffee20a1640
[H2 PLACEMENT] OBJ = 0x7ffee20a1698
[H2 PLACEMENT] OBJ = 0x7ffee20a16f0
[H2 PLACEMENT] OBJ = 0x7ffee20a1748
[H2 PLACEMENT] OBJ = 0x7ffee20a17a0
[H2 PLACEMENT] OBJ = 0x7ffee20a17f8
[H2 PLACEMENT] OBJ = 0x7ffee20a1850
[H2 PLACEMENT] OBJ = 0x7ffee20a18a8
[H2 PLACEMENT] OBJ = 0x7ffee20a1900
[H2 PLACEMENT] OBJ = 0x7ffee20a1958
[H2 PLACEMENT] OBJ = 0x7ffee20a19b0
[H2 PLACEMENT] OBJ = 0x7ffee20a1a08
[H2 PLACEMENT] OBJ = 0x7ffee20a1a60
[H2 PLACEMENT] OBJ = 0x7ffee20a1ab8
[H2 PLACEMENT] OBJ = 0x7ffee20a1b10
[H2 PLACEMENT] OBJ = 0x7ffee20a1b68
[H2 PLACEMENT] OBJ = 0x7ffee20a1bc0
[H2 PLACEMENT] OBJ = 0x7ffee20a1c18
[H2 PLACEMENT] OBJ = 0x7ffee20a1c70
[H2 PLACEMENT] OBJ = 0x7ffee20a1cc8
[H2 PLACEMENT] OBJ = 0x7ffee20a1d20
[H2 PLACEMENT] OBJ = 0x7ffee20a1d78
[H2 PLACEMENT] OBJ = 0x7ffee20a1dd0
[H2 PLACEMENT] OBJ = 0x7ffee20a1e28
[H2 PLACEMENT] OBJ = 0x7ffee20a1e80
[H2 PLACEMENT] OBJ = 0x7ffee20a1ed8
[H2 PLACEMENT] OBJ = 0x7ffee20a1f30
[H2 PLACEMENT] OBJ = 0x7ffee20a1f88
[H2 PLACEMENT] OBJ = 0x7ffee20a1fe0
[H2 PLACEMENT] OBJ = 0x7ffee20a2038
[H2 PLACEMENT] OBJ = 0x7ffee20a2090
[H2 PLACEMENT] OBJ = 0x7ffee20a20e8
[H2 PLACEMENT] OBJ = 0x7ffee20a2140
[H2 PLACEMENT] OBJ = 0x7ffee20a2198
[H2 PLACEMENT] OBJ = 0x7ffee20a21f0
[H2 PLACEMENT] OBJ = 0x7ffee20a2248
[H2 PLACEMENT] OBJ = 0x7ffee20a22a0
[H2 PLACEMENT] OBJ = 0x7ffee20a22f8
[H2 PLACEMENT] OBJ = 0x7ffee20a2350
[H2 PLACEMENT] OBJ = 0x7ffee20a23a8
[H2 PLACEMENT] OBJ = 0x7ffee20a2400
[H2 PLACEMENT] OBJ = 0x7ffee20a2458
[H2 PLACEMENT] OBJ = 0x7ffee20a24b0
[H2 PLACEMENT] OBJ = 0x7ffee20a2508
[H2 PLACEMENT] OBJ = 0x7ffee20a2560
[H2 PLACEMENT] OBJ = 0x7ffee20a25b8
[H2 PLACEMENT] OBJ = 0x7ffee20a2610
[H2 PLACEMENT] OBJ = 0x7ffee20a2668
[H2 PLACEMENT] OBJ = 0x7ffee20a26c0
[H2 PLACEMENT] OBJ = 0x7ffee20a2718
[H2 PLACEMENT] OBJ = 0x7ffee20a2770
[H2 PLACEMENT] OBJ = 0x7ffee20a27c8
[H2 PLACEMENT] OBJ = 0x7ffee20a2820
[H2 PLACEMENT] OBJ = 0x7ffee20a2878
[H2 PLACEMENT] OBJ = 0x7ffee20a28d0
[H2 PLACEMENT] OBJ = 0x7ffee20a2928
[H2 PLACEMENT] OBJ = 0x7ffee20a2980
[H2 PLACEMENT] OBJ = 0x7ffee20a29d8
[H2 PLACEMENT] OBJ = 0x7ffee20a2a30
[H2 PLACEMENT] OBJ = 0x7ffee20a2a88
[H2 PLACEMENT] OBJ = 0x7ffee20a2ae0
[H2 PLACEMENT] OBJ = 0x7ffee20a2b38
[H2 PLACEMENT] OBJ = 0x7ffee20a2b90
[H2 PLACEMENT] OBJ = 0x7ffee20a2be8
[H2 PLACEMENT] OBJ = 0x7ffee20a2c40
[H2 PLACEMENT] OBJ = 0x7ffee20a2c98
[H2 PLACEMENT] OBJ = 0x7ffee20a2cf0
[H2 PLACEMENT] OBJ = 0x7ffee20a2d48
[H2 PLACEMENT] OBJ = 0x7ffee20a2da0
[H2 PLACEMENT] OBJ = 0x7ffee20a2df8
[H2 PLACEMENT] OBJ = 0x7ffee20a2e50
[H2 PLACEMENT] OBJ = 0x7ffee20a2ea8
[H2 PLACEMENT] OBJ = 0x7ffee20a2f00
[H2 PLACEMENT] OBJ = 0x7ffee20a2f58
[H2 PLACEMENT] OBJ = 0x7ffee20a2fb0
[H2 PLACEMENT] OBJ = 0x7ffee20a3008
[H2 PLACEMENT] OBJ = 0x7ffee20a3060
[H2 PLACEMENT] OBJ = 0x7ffee20a30b8
[H2 PLACEMENT] OBJ = 0x7ffee20a3110
[H2 PLACEMENT] OBJ = 0x7ffee20a3168
[H2 PLACEMENT] OBJ = 0x7ffee20a31c0
[H2 PLACEMENT] OBJ = 0x7ffee20a3218
[H2 PLACEMENT] OBJ = 0x7ffee20a3270
[H2 PLACEMENT] OBJ = 0x7ffee20a32c8
[H2 PLACEMENT] OBJ = 0x7ffee20a3320
[H2 PLACEMENT] OBJ = 0x7ffee20a3378
[H2 PLACEMENT] OBJ = 0x7ffee20a33d0
[H2 PLACEMENT] OBJ = 0x7ffee20a3428
[H2 PLACEMENT] OBJ = 0x7ffee20a3480
[H2 PLACEMENT] OBJ = 0x7ffee20a34d8
[H2 PLACEMENT] OBJ = 0x7ffee20a3530
[H2 PLACEMENT] OBJ = 0x7ffee20a3588
[H2 PLACEMENT] OBJ = 0x7ffee20a35e0
[H2 PLACEMENT] OBJ = 0x7ffee20a3638
[H2 PLACEMENT] OBJ = 0x7ffee20a3690
[H2 PLACEMENT] OBJ = 0x7ffee20a36e8
[H2 PLACEMENT] OBJ = 0x7ffee20a3740
[H2 PLACEMENT] OBJ = 0x7ffee20a3798
[H2 PLACEMENT] OBJ = 0x7ffee20a37f0
[H2 PLACEMENT] OBJ = 0x7ffee20a3848
[H2 PLACEMENT] OBJ = 0x7ffee20a38a0
[H2 PLACEMENT] OBJ = 0x7ffee20a38f8
[H2 PLACEMENT] OBJ = 0x7ffee20a3950
[H2 PLACEMENT] OBJ = 0x7ffee20a39a8
[H2 PLACEMENT] OBJ = 0x7ffee20a3a00
[H2 PLACEMENT] OBJ = 0x7ffee20a3a58
[H2 PLACEMENT] OBJ = 0x7ffee20a3ab0
[H2 PLACEMENT] OBJ = 0x7ffee20a3b08
[H2 PLACEMENT] OBJ = 0x7ffee20a3b60
[H2 PLACEMENT] OBJ = 0x7ffee20a3bb8
[H2 PLACEMENT] OBJ = 0x7ffee20a3c10
[H2 PLACEMENT] OBJ = 0x7ffee20a3c68
[H2 PLACEMENT] OBJ = 0x7ffee20a3cc0
[H2 PLACEMENT] OBJ = 0x7ffee20a3d18
[H2 PLACEMENT] OBJ = 0x7ffee20a3d70
[H2 PLACEMENT] OBJ = 0x7ffee20a3dc8
[H2 PLACEMENT] OBJ = 0x7ffee20a3e20
[H2 PLACEMENT] OBJ = 0x7ffee20a3e78
[H2 PLACEMENT] OBJ = 0x7ffee20a3ed0
[H2 PLACEMENT] OBJ = 0x7ffee20a3f28
[H2 PLACEMENT] OBJ = 0x7ffee20a3f80
[H2 PLACEMENT] OBJ = 0x7ffee20a3fd8
[H2 PLACEMENT] OBJ = 0x7ffee20a4030
[H2 PLACEMENT] OBJ = 0x7ffee20a4088
[H2 PLACEMENT] OBJ = 0x7ffee20a40e0
[H2 PLACEMENT] OBJ = 0x7ffee20a4138
[H2 PLACEMENT] OBJ = 0x7ffee20a4190
[H2 PLACEMENT] OBJ = 0x7ffee20a41e8
[H2 PLACEMENT] OBJ = 0x7ffee20a4240
[H2 PLACEMENT] OBJ = 0x7ffee20a4298
[H2 PLACEMENT] OBJ = 0x7ffee20a42f0
[H2 PLACEMENT] OBJ = 0x7ffee20a4348
[H2 PLACEMENT] OBJ = 0x7ffee20a43a0
[H2 PLACEMENT] OBJ = 0x7ffee20a43f8
[H2 PLACEMENT] OBJ = 0x7ffee20a4450
[H2 PLACEMENT] OBJ = 0x7ffee20a44a8
[H2 PLACEMENT] OBJ = 0x7ffee20a4500
[H2 PLACEMENT] OBJ = 0x7ffee20a4558
[H2 PLACEMENT] OBJ = 0x7ffee20a45b0
[H2 PLACEMENT] OBJ = 0x7ffee20a4608
[H2 PLACEMENT] OBJ = 0x7ffee20a4660
[H2 PLACEMENT] OBJ = 0x7ffee20a46b8
[H2 PLACEMENT] OBJ = 0x7ffee20a4710
[H2 PLACEMENT] OBJ = 0x7ffee20a4768
[H2 PLACEMENT] OBJ = 0x7ffee20a47c0
[H2 PLACEMENT] OBJ = 0x7ffee20a4818
[H2 PLACEMENT] OBJ = 0x7ffee20a4870
[H2 PLACEMENT] OBJ = 0x7ffee20a48c8
[H2 PLACEMENT] OBJ = 0x7ffee20a4920
[H2 PLACEMENT] OBJ = 0x7ffee20a4978
[H2 PLACEMENT] OBJ = 0x7ffee20a49d0
[H2 PLACEMENT] OBJ = 0x7ffee20a4a28
[H2 PLACEMENT] OBJ = 0x7ffee20a4a80
[H2 PLACEMENT] OBJ = 0x7ffee20a4ad8
[H2 PLACEMENT] OBJ = 0x7ffee20a4b30
[H2 PLACEMENT] OBJ = 0x7ffee20a4b88
[H2 PLACEMENT] OBJ = 0x7ffee20a4be0
[H2 PLACEMENT] OBJ = 0x7ffee20a4c38
[H2 PLACEMENT] OBJ = 0x7ffee20a4c90
[H2 PLACEMENT] OBJ = 0x7ffee20a4ce8
[H2 PLACEMENT] OBJ = 0x7ffee20a4d40
[H2 PLACEMENT] OBJ = 0x7ffee20a4d98
[H2 PLACEMENT] OBJ = 0x7ffee20a4df0
[H2 PLACEMENT] OBJ = 0x7ffee20a4e48
[H2 PLACEMENT] OBJ = 0x7ffee20a4ea0
[H2 PLACEMENT] OBJ = 0x7ffee20a4ef8
[H2 PLACEMENT] OBJ = 0x7ffee20a4f50
[H2 PLACEMENT] OBJ = 0x7ffee20a4fa8
[H2 PLACEMENT] OBJ = 0x7ffee20a5000
[H2 PLACEMENT] OBJ = 0x7ffee20a5058
[H2 PLACEMENT] OBJ = 0x7ffee20a50b0
[H2 PLACEMENT] OBJ = 0x7ffee20a5108
[H2 PLACEMENT] OBJ = 0x7ffee20a5160
[H2 PLACEMENT] OBJ = 0x7ffee20a51b8
[H2 PLACEMENT] OBJ = 0x7ffee20a5210
[H2 PLACEMENT] OBJ = 0x7ffee20a5268
[H2 PLACEMENT] OBJ = 0x7ffee20a52c0
[H2 PLACEMENT] OBJ = 0x7ffee20a5318
[H2 PLACEMENT] OBJ = 0x7ffee20a5370
[H2 PLACEMENT] OBJ = 0x7ffee20a53c8
[H2 PLACEMENT] OBJ = 0x7ffee20a5420
[H2 PLACEMENT] OBJ = 0x7ffee20a5478
[H2 PLACEMENT] OBJ = 0x7ffee20a54d0
[H2 PLACEMENT] OBJ = 0x7ffee20a5528
[H2 PLACEMENT] OBJ = 0x7ffee20a5580
[H2 PLACEMENT] OBJ = 0x7ffee20a55d8
[H2 PLACEMENT] OBJ = 0x7ffee20a5630
[H2 PLACEMENT] OBJ = 0x7ffee20a5688
[H2 PLACEMENT] OBJ = 0x7ffee20a56e0
[H2 PLACEMENT] OBJ = 0x7ffee20a5738
[H2 PLACEMENT] OBJ = 0x7ffee20a5790
[H2 PLACEMENT] OBJ = 0x7ffee20a57e8
[H2 PLACEMENT] OBJ = 0x7ffee20a5840
[H2 PLACEMENT] OBJ = 0x7ffee20a5898
[H2 PLACEMENT] OBJ = 0x7ffee20a58f0
[H2 PLACEMENT] OBJ = 0x7ffee20a5948
[H2 PLACEMENT] OBJ = 0x7ffee20a59a0
[H2 PLACEMENT] OBJ = 0x7ffee20a59f8
[H2 PLACEMENT] OBJ = 0x7ffee20a5a50
[H2 PLACEMENT] OBJ = 0x7ffee20a5aa8
[H2 PLACEMENT] OBJ = 0x7ffee20a5b00
[H2 PLACEMENT] OBJ = 0x7ffee20a5b58
[H2 PLACEMENT] OBJ = 0x7ffee20a5bb0
[H2 PLACEMENT] OBJ = 0x7ffee20a5c08
[H2 PLACEMENT] OBJ = 0x7ffee20a5c60
[H2 PLACEMENT] OBJ = 0x7ffee20a5cb8
[H2 PLACEMENT] OBJ = 0x7ffee20a5d10
[H2 PLACEMENT] OBJ = 0x7ffee20a5d68
[H2 PLACEMENT] OBJ = 0x7ffee20a5dc0
[H2 PLACEMENT] OBJ = 0x7ffee20a5e18
[H2 PLACEMENT] OBJ = 0x7ffee20a5e70
[H2 PLACEMENT] OBJ = 0x7ffee20a5ec8
[H2 PLACEMENT] OBJ = 0x7ffee20a5f20
[H2 PLACEMENT] OBJ = 0x7ffee20a5f78
[H2 PLACEMENT] OBJ = 0x7ffee20a5fd0
[H2 PLACEMENT] OBJ = 0x7ffee20a6028
[H2 PLACEMENT] OBJ = 0x7ffee20a6080
[H2 PLACEMENT] OBJ = 0x7ffee20a60d8
[H2 PLACEMENT] OBJ = 0x7ffee20a6130
[H2 PLACEMENT] OBJ = 0x7ffee20a6188
[H2 PLACEMENT] OBJ = 0x7ffee20a61e0
[H2 PLACEMENT] OBJ = 0x7ffee20a6238
[H2 PLACEMENT] OBJ = 0x7ffee20a6290
[H2 PLACEMENT] OBJ = 0x7ffee20a62e8
[H2 PLACEMENT] OBJ = 0x7ffee20a6340
[H2 PLACEMENT] OBJ = 0x7ffee20a6398
[H2 PLACEMENT] OBJ = 0x7ffee20a63f0
[H2 PLACEMENT] OBJ = 0x7ffee20a6448
[H2 PLACEMENT] OBJ = 0x7ffee20a64a0
[H2 PLACEMENT] OBJ = 0x7ffee20a64f8
[H2 PLACEMENT] OBJ = 0x7ffee20a6550
[H2 PLACEMENT] OBJ = 0x7ffee20a65a8
[H2 PLACEMENT] OBJ = 0x7ffee20a6600
[H2 PLACEMENT] OBJ = 0x7ffee20a6658
[H2 PLACEMENT] OBJ = 0x7ffee20a66b0
[H2 PLACEMENT] OBJ = 0x7ffee20a6708
[H2 PLACEMENT] OBJ = 0x7ffee20a6760
[H2 PLACEMENT] OBJ = 0x7ffee20a67b8
[H2 PLACEMENT] OBJ = 0x7ffee20a6810
[H2 PLACEMENT] OBJ = 0x7ffee20a6868
[H2 PLACEMENT] OBJ = 0x7ffee20a68c0
[H2 PLACEMENT] OBJ = 0x7ffee20a6918
[H2 PLACEMENT] OBJ = 0x7ffee20a6970
[H2 PLACEMENT] OBJ = 0x7ffee20a69c8
[H2 PLACEMENT] OBJ = 0x7ffee20a6a20
[H2 PLACEMENT] OBJ = 0x7ffee20a6a78
[H2 PLACEMENT] OBJ = 0x7ffee20a6ad0
[H2 PLACEMENT] OBJ = 0x7ffee20a6b28
[H2 PLACEMENT] OBJ = 0x7ffee20a6b80
[H2 PLACEMENT] OBJ = 0x7ffee20a6bd8
[H2 PLACEMENT] OBJ = 0x7ffee20a6c30
[H2 PLACEMENT] OBJ = 0x7ffee20a6c88
[H2 PLACEMENT] OBJ = 0x7ffee20a6ce0
[H2 PLACEMENT] OBJ = 0x7ffee20a6d38
[H2 PLACEMENT] OBJ = 0x7ffee20a6d90
[H2 PLACEMENT] OBJ = 0x7ffee20a6de8
[H2 PLACEMENT] OBJ = 0x7ffee20a6e40
[H2 PLACEMENT] OBJ = 0x7ffee20a6e98
[H2 PLACEMENT] OBJ = 0x7ffee20a6ef0
[H2 PLACEMENT] OBJ = 0x7ffee20a6f48
[H2 PLACEMENT] OBJ = 0x7ffee20a6fa0
[H2 PLACEMENT] OBJ = 0x7ffee20a6ff8
[H2 PLACEMENT] OBJ = 0x7ffee20a7050
[H2 PLACEMENT] OBJ = 0x7ffee20a70a8
[H2 PLACEMENT] OBJ = 0x7ffee20a7100
[H2 PLACEMENT] OBJ = 0x7ffee20a7158
[H2 PLACEMENT] OBJ = 0x7ffee20a71b0
[H2 PLACEMENT] OBJ = 0x7ffee20a7208
[H2 PLACEMENT] OBJ = 0x7ffee20a7260
[H2 PLACEMENT] OBJ = 0x7ffee20a72b8
[H2 PLACEMENT] OBJ = 0x7ffee20a7310
[H2 PLACEMENT] OBJ = 0x7ffee20a7368
[H2 PLACEMENT] OBJ = 0x7ffee20a73c0
[H2 PLACEMENT] OBJ = 0x7ffee20a7418
[H2 PLACEMENT] OBJ = 0x7ffee20a7470
[H2 PLACEMENT] OBJ = 0x7ffee20a74c8
[H2 PLACEMENT] OBJ = 0x7ffee20a7520
[H2 PLACEMENT] OBJ = 0x7ffee20a7578
[H2 PLACEMENT] OBJ = 0x7ffee20a75d0
[H2 PLACEMENT] OBJ = 0x7ffee20a7628
[H2 PLACEMENT] OBJ = 0x7ffee20a7680
[H2 PLACEMENT] OBJ = 0x7ffee20a76d8
[H2 PLACEMENT] OBJ = 0x7ffee20a7730
[H2 PLACEMENT] OBJ = 0x7ffee20a7788
[H2 PLACEMENT] OBJ = 0x7ffee20a77e0
[H2 PLACEMENT] OBJ = 0x7ffee20a7838
[H2 PLACEMENT] OBJ = 0x7ffee20a7890
[H2 PLACEMENT] OBJ = 0x7ffee20a78e8
[H2 PLACEMENT] OBJ = 0x7ffee20a7940
[H2 PLACEMENT] OBJ = 0x7ffee20a7998
[H2 PLACEMENT] OBJ = 0x7ffee20a79f0
[H2 PLACEMENT] OBJ = 0x7ffee20a7a48
[H2 PLACEMENT] OBJ = 0x7ffee20a7aa0
[H2 PLACEMENT] OBJ = 0x7ffee20a7af8
[H2 PLACEMENT] OBJ = 0x7ffee20a7b50
[H2 PLACEMENT] OBJ = 0x7ffee20a7ba8
[H2 PLACEMENT] OBJ = 0x7ffee20a7c00
[H2 PLACEMENT] OBJ = 0x7ffee20a7c58
[H2 PLACEMENT] OBJ = 0x7ffee20a7cb0
[H2 PLACEMENT] OBJ = 0x7ffee20a7d08
[H2 PLACEMENT] OBJ = 0x7ffee20a7d60
[H2 PLACEMENT] OBJ = 0x7ffee20a7db8
[H2 PLACEMENT] OBJ = 0x7ffee20a7e10
[H2 PLACEMENT] OBJ = 0x7ffee20a7e68
[H2 PLACEMENT] OBJ = 0x7ffee20a7ec0
[H2 PLACEMENT] OBJ = 0x7ffee20a7f18
[H2 PLACEMENT] OBJ = 0x7ffee20a7f70
[H2 PLACEMENT] OBJ = 0x7ffee20a7fc8
[H2 PLACEMENT] OBJ = 0x7ffee20a8020
[H2 PLACEMENT] OBJ = 0x7ffee20a8078
[H2 PLACEMENT] OBJ = 0x7ffee20a80d0
[H2 PLACEMENT] OBJ = 0x7ffee20a8128
[H2 PLACEMENT] OBJ = 0x7ffee20a8180
[H2 PLACEMENT] OBJ = 0x7ffee20a81d8
[H2 PLACEMENT] OBJ = 0x7ffee20a8230
[H2 PLACEMENT] OBJ = 0x7ffee20a8288
[H2 PLACEMENT] OBJ = 0x7ffee20a82e0
[H2 PLACEMENT] OBJ = 0x7ffee20a8338
[H2 PLACEMENT] OBJ = 0x7ffee20a8390
[H2 PLACEMENT] OBJ = 0x7ffee20a83e8
[H2 PLACEMENT] OBJ = 0x7ffee20a8440
[H2 PLACEMENT] OBJ = 0x7ffee20a8498
[H2 PLACEMENT] OBJ = 0x7ffee20a84f0
[H2 PLACEMENT] OBJ = 0x7ffee20a8548
[H2 PLACEMENT] OBJ = 0x7ffee20a85a0
[H2 PLACEMENT] OBJ = 0x7ffee20a85f8
[H2 PLACEMENT] OBJ = 0x7ffee20a8650
[H2 PLACEMENT] OBJ = 0x7ffee20a86a8
[H2 PLACEMENT] OBJ = 0x7ffee20a8700
[H2 PLACEMENT] OBJ = 0x7ffee20a8758
[H2 PLACEMENT] OBJ = 0x7ffee20a87b0
[H2 PLACEMENT] OBJ = 0x7ffee20a8808
[H2 PLACEMENT] OBJ = 0x7ffee20a8860
[H2 PLACEMENT] OBJ = 0x7ffee20a88b8
[H2 PLACEMENT] OBJ = 0x7ffee20a8910
[H2 PLACEMENT] OBJ = 0x7ffee20a8968
[H2 PLACEMENT] OBJ = 0x7ffee20a89c0
[H2 PLACEMENT] OBJ = 0x7ffee20a8a18
[H2 PLACEMENT] OBJ = 0x7ffee20a8a70
[H2 PLACEMENT] OBJ = 0x7ffee20a8ac8
[H2 PLACEMENT] OBJ = 0x7ffee20a8b20
[H2 PLACEMENT] OBJ = 0x7ffee20a8b78
[H2 PLACEMENT] OBJ = 0x7ffee20a8bd0
[H2 PLACEMENT] OBJ = 0x7ffee20a8c28
[H2 PLACEMENT] OBJ = 0x7ffee20a8c80
[H2 PLACEMENT] OBJ = 0x7ffee20a8cd8
[H2 PLACEMENT] OBJ = 0x7ffee20a8d30
[H2 PLACEMENT] OBJ = 0x7ffee20a8d88
[H2 PLACEMENT] OBJ = 0x7ffee20a8de0
[H2 PLACEMENT] OBJ = 0x7ffee20a8e38
[H2 PLACEMENT] OBJ = 0x7ffee20a8e90
[H2 PLACEMENT] OBJ = 0x7ffee20a8ee8
[H2 PLACEMENT] OBJ = 0x7ffee20a8f40
[H2 PLACEMENT] OBJ = 0x7ffee20a8f98
[H2 PLACEMENT] OBJ = 0x7ffee20a8ff0
[H2 PLACEMENT] OBJ = 0x7ffee20a9048
[H2 PLACEMENT] OBJ = 0x7ffee20a90a0
[H2 PLACEMENT] OBJ = 0x7ffee20a90f8
[H2 PLACEMENT] OBJ = 0x7ffee20a9150
[H2 PLACEMENT] OBJ = 0x7ffee20a91a8
[H2 PLACEMENT] OBJ = 0x7ffee20a9200
[H2 PLACEMENT] OBJ = 0x7ffee20a9258
[H2 PLACEMENT] OBJ = 0x7ffee20a92b0
[H2 PLACEMENT] OBJ = 0x7ffee20a9308
[H2 PLACEMENT] OBJ = 0x7ffee20a9360
[H2 PLACEMENT] OBJ = 0x7ffee20a93b8
[H2 PLACEMENT] OBJ = 0x7ffee20a9410
[H2 PLACEMENT] OBJ = 0x7ffee20a9468
[H2 PLACEMENT] OBJ = 0x7ffee20a94c0
[H2 PLACEMENT] OBJ = 0x7ffee20a9518
[H2 PLACEMENT] OBJ = 0x7ffee20a9570
[H2 PLACEMENT] OBJ = 0x7ffee20a95c8
[H2 PLACEMENT] OBJ = 0x7ffee20a9620
[H2 PLACEMENT] OBJ = 0x7ffee20a9678
[H2 PLACEMENT] OBJ = 0x7ffee20a96d0
[H2 PLACEMENT] OBJ = 0x7ffee20a9728
[H2 PLACEMENT] OBJ = 0x7ffee20a9780
[H2 PLACEMENT] OBJ = 0x7ffee20a97d8
[H2 PLACEMENT] OBJ = 0x7ffee20a9830
[H2 PLACEMENT] OBJ = 0x7ffee20a9888
[H2 PLACEMENT] OBJ = 0x7ffee20a98e0
[H2 PLACEMENT] OBJ = 0x7ffee20a9938
[H2 PLACEMENT] OBJ = 0x7ffee20a9990
[H2 PLACEMENT] OBJ = 0x7ffee20a99e8
[H2 PLACEMENT] OBJ = 0x7ffee20a9a40
[H2 PLACEMENT] OBJ = 0x7ffee20a9a98
[H2 PLACEMENT] OBJ = 0x7ffee20a9af0
[H2 PLACEMENT] OBJ = 0x7ffee20a9b48
[H2 PLACEMENT] OBJ = 0x7ffee20a9ba0
[H2 PLACEMENT] OBJ = 0x7ffee20a9bf8
[H2 PLACEMENT] OBJ = 0x7ffee20a9c50
[H2 PLACEMENT] OBJ = 0x7ffee20a9ca8
[H2 PLACEMENT] OBJ = 0x7ffee20a9d00
[H2 PLACEMENT] OBJ = 0x7ffee20a9d58
[H2 PLACEMENT] OBJ = 0x7ffee20a9db0
[H2 PLACEMENT] OBJ = 0x7ffee20a9e08
[H2 PLACEMENT] OBJ = 0x7ffee20a9e60
[H2 PLACEMENT] OBJ = 0x7ffee20a9eb8
[H2 PLACEMENT] OBJ = 0x7ffee20a9f10
[H2 PLACEMENT] OBJ = 0x7ffee20a9f68
[H2 PLACEMENT] OBJ = 0x7ffee20a9fc0
[H2 PLACEMENT] OBJ = 0x7ffee20aa018
[H2 PLACEMENT] OBJ = 0x7ffee20aa070
[H2 PLACEMENT] OBJ = 0x7ffee20aa0c8
[H2 PLACEMENT] OBJ = 0x7ffee20aa120
[H2 PLACEMENT] OBJ = 0x7ffee20aa178
[H2 PLACEMENT] OBJ = 0x7ffee20aa1d0
[H2 PLACEMENT] OBJ = 0x7ffee20aa228
[H2 PLACEMENT] OBJ = 0x7ffee20aa280
[H2 PLACEMENT] OBJ = 0x7ffee20aa2d8
[H2 PLACEMENT] OBJ = 0x7ffee20aa330
[H2 PLACEMENT] OBJ = 0x7ffee20aa388
[H2 PLACEMENT] OBJ = 0x7ffee20aa3e0
[H2 PLACEMENT] OBJ = 0x7ffee20aa438
[H2 PLACEMENT] OBJ = 0x7ffee20aa490
[H2 PLACEMENT] OBJ = 0x7ffee20aa4e8
[H2 PLACEMENT] OBJ = 0x7ffee20aa540
[H2 PLACEMENT] OBJ = 0x7ffee20aa598
[H2 PLACEMENT] OBJ = 0x7ffee20aa5f0
[H2 PLACEMENT] OBJ = 0x7ffee20aa648
[H2 PLACEMENT] OBJ = 0x7ffee20aa6a0
[H2 PLACEMENT] OBJ = 0x7ffee20aa6f8
[H2 PLACEMENT] OBJ = 0x7ffee20aa750
[H2 PLACEMENT] OBJ = 0x7ffee20aa7a8
[H2 PLACEMENT] OBJ = 0x7ffee20aa800
[H2 PLACEMENT] OBJ = 0x7ffee20aa858
[H2 PLACEMENT] OBJ = 0x7ffee20aa8b0
[H2 PLACEMENT] OBJ = 0x7ffee20aa908
[H2 PLACEMENT] OBJ = 0x7ffee20aa960
[H2 PLACEMENT] OBJ = 0x7ffee20aa9b8
[H2 PLACEMENT] OBJ = 0x7ffee20aaa10
[H2 PLACEMENT] OBJ = 0x7ffee20aaa68
[H2 PLACEMENT] OBJ = 0x7ffee20aaac0
[H2 PLACEMENT] OBJ = 0x7ffee20aab18
[H2 PLACEMENT] OBJ = 0x7ffee20aab70
[H2 PLACEMENT] OBJ = 0x7ffee20aabc8
[H2 PLACEMENT] OBJ = 0x7ffee20aac20
[H2 PLACEMENT] OBJ = 0x7ffee20aac78
[H2 PLACEMENT] OBJ = 0x7ffee20aacd0
[H2 PLACEMENT] OBJ = 0x7ffee20aad28
[H2 PLACEMENT] OBJ = 0x7ffee20aad80
[H2 PLACEMENT] OBJ = 0x7ffee20aadd8
[H2 PLACEMENT] OBJ = 0x7ffee20aae30
[H2 PLACEMENT] OBJ = 0x7ffee20aae88
[H2 PLACEMENT] OBJ = 0x7ffee20aaee0
[H2 PLACEMENT] OBJ = 0x7ffee20aaf38
[H2 PLACEMENT] OBJ = 0x7ffee20aaf90
[H2 PLACEMENT] OBJ = 0x7ffee20aafe8
[H2 PLACEMENT] OBJ = 0x7ffee20ab040
[H2 PLACEMENT] OBJ = 0x7ffee20ab098
[H2 PLACEMENT] OBJ = 0x7ffee20ab0f0
[H2 PLACEMENT] OBJ = 0x7ffee20ab148
[H2 PLACEMENT] OBJ = 0x7ffee20ab1a0
[H2 PLACEMENT] OBJ = 0x7ffee20ab1f8
[H2 PLACEMENT] OBJ = 0x7ffee20ab250
[H2 PLACEMENT] OBJ = 0x7ffee20ab2a8
[H2 PLACEMENT] OBJ = 0x7ffee20ab300
[H2 PLACEMENT] OBJ = 0x7ffee20ab358
[H2 PLACEMENT] OBJ = 0x7ffee20ab3b0
[H2 PLACEMENT] OBJ = 0x7ffee20ab408
[H2 PLACEMENT] OBJ = 0x7ffee20ab460
[H2 PLACEMENT] OBJ = 0x7ffee20ab4b8
[H2 PLACEMENT] OBJ = 0x7ffee20ab510
[H2 PLACEMENT] OBJ = 0x7ffee20ab568
[H2 PLACEMENT] OBJ = 0x7ffee20ab5c0
[H2 PLACEMENT] OBJ = 0x7ffee20ab618
[H2 PLACEMENT] OBJ = 0x7ffee20ab670
[H2 PLACEMENT] OBJ = 0x7ffee20ab6c8
[H2 PLACEMENT] OBJ = 0x7ffee20ab720
[H2 PLACEMENT] OBJ = 0x7ffee20ab778
[H2 PLACEMENT] OBJ = 0x7ffee20ab7d0
[H2 PLACEMENT] OBJ = 0x7ffee20ab828
[H2 PLACEMENT] OBJ = 0x7ffee20ab880
[H2 PLACEMENT] OBJ = 0x7ffee20ab8d8
[H2 PLACEMENT] OBJ = 0x7ffee20ab930
[H2 PLACEMENT] OBJ = 0x7ffee20ab988
[H2 PLACEMENT] OBJ = 0x7ffee20ab9e0
[H2 PLACEMENT] OBJ = 0x7ffee20aba38
[H2 PLACEMENT] OBJ = 0x7ffee20aba90
[H2 PLACEMENT] OBJ = 0x7ffee20abae8
[H2 PLACEMENT] OBJ = 0x7ffee20abb40
[H2 PLACEMENT] OBJ = 0x7ffee20abb98
[H2 PLACEMENT] OBJ = 0x7ffee20abbf0
[H2 PLACEMENT] OBJ = 0x7ffee20abc48
[H2 PLACEMENT] OBJ = 0x7ffee20abca0
[H2 PLACEMENT] OBJ = 0x7ffee20abcf8
[H2 PLACEMENT] OBJ = 0x7ffee20abd50
[H2 PLACEMENT] OBJ = 0x7ffee20abda8
[H2 PLACEMENT] OBJ = 0x7ffee20abe00
[H2 PLACEMENT] OBJ = 0x7ffee20abe58
[H2 PLACEMENT] OBJ = 0x7ffee20abeb0
[H2 PLACEMENT] OBJ = 0x7ffee20abf08
[H2 PLACEMENT] OBJ = 0x7ffee20abf60
[H2 PLACEMENT] OBJ = 0x7ffee20abfb8
[H2 PLACEMENT] OBJ = 0x7ffee20ac010
[H2 PLACEMENT] OBJ = 0x7ffee20ac068
[H2 PLACEMENT] OBJ = 0x7ffee20ac0c0
[H2 PLACEMENT] OBJ = 0x7ffee20ac118
[H2 PLACEMENT] OBJ = 0x7ffee20ac170
[H2 PLACEMENT] OBJ = 0x7ffee20ac1c8
[H2 PLACEMENT] OBJ = 0x7ffee20ac220
[H2 PLACEMENT] OBJ = 0x7ffee20ac278
[H2 PLACEMENT] OBJ = 0x7ffee20ac2d0
[H2 PLACEMENT] OBJ = 0x7ffee20ac328
[H2 PLACEMENT] OBJ = 0x7ffee20ac380
[H2 PLACEMENT] OBJ = 0x7ffee20ac3d8
[H2 PLACEMENT] OBJ = 0x7ffee20ac430
[H2 PLACEMENT] OBJ = 0x7ffee20ac488
[H2 PLACEMENT] OBJ = 0x7ffee20ac4e0
[H2 PLACEMENT] OBJ = 0x7ffee20ac538
[H2 PLACEMENT] OBJ = 0x7ffee20ac590
[H2 PLACEMENT] OBJ = 0x7ffee20ac5e8
[H2 PLACEMENT] OBJ = 0x7ffee20ac640
[H2 PLACEMENT] OBJ = 0x7ffee20ac698
[H2 PLACEMENT] OBJ = 0x7ffee20ac6f0
[H2 PLACEMENT] OBJ = 0x7ffee20ac748
[H2 PLACEMENT] OBJ = 0x7ffee20ac7a0
[H2 PLACEMENT] OBJ = 0x7ffee20ac7f8
[H2 PLACEMENT] OBJ = 0x7ffee20ac850
[H2 PLACEMENT] OBJ = 0x7ffee20ac8a8
[H2 PLACEMENT] OBJ = 0x7ffee20ac900
[H2 PLACEMENT] OBJ = 0x7ffee20ac958
[H2 PLACEMENT] OBJ = 0x7ffee20ac9b0
[H2 PLACEMENT] OBJ = 0x7ffee20aca08
[H2 PLACEMENT] OBJ = 0x7ffee20aca60
[H2 PLACEMENT] OBJ = 0x7ffee20acab8
[H2 PLACEMENT] OBJ = 0x7ffee20acb10
[H2 PLACEMENT] OBJ = 0x7ffee20acb68
[H2 PLACEMENT] OBJ = 0x7ffee20acbc0
[H2 PLACEMENT] OBJ = 0x7ffee20acc18
[H2 PLACEMENT] OBJ = 0x7ffee20acc70
[H2 PLACEMENT] OBJ = 0x7ffee20accc8
[H2 PLACEMENT] OBJ = 0x7ffee20acd20
[H2 PLACEMENT] OBJ = 0x7ffee20acd78
[H2 PLACEMENT] OBJ = 0x7ffee20acdd0
[H2 PLACEMENT] OBJ = 0x7ffee20ace28
[H2 PLACEMENT] OBJ = 0x7ffee20ace80
[H2 PLACEMENT] OBJ = 0x7ffee20aced8
[H2 PLACEMENT] OBJ = 0x7ffee20acf30
[H2 PLACEMENT] OBJ = 0x7ffee20acf88
[H2 PLACEMENT] OBJ = 0x7ffee20acfe0
[H2 PLACEMENT] OBJ = 0x7ffee20ad038
[H2 PLACEMENT] OBJ = 0x7ffee20ad090
[H2 PLACEMENT] OBJ = 0x7ffee20ad0e8
[H2 PLACEMENT] OBJ = 0x7ffee20ad140
[H2 PLACEMENT] OBJ = 0x7ffee20ad198
[H2 PLACEMENT] OBJ = 0x7ffee20ad1f0
[H2 PLACEMENT] OBJ = 0x7ffee20ad248
[H2 PLACEMENT] OBJ = 0x7ffee20ad2a0
[H2 PLACEMENT] OBJ = 0x7ffee20ad2f8
[H2 PLACEMENT] OBJ = 0x7ffee20ad350
[H2 PLACEMENT] OBJ = 0x7ffee20ad3a8
[H2 PLACEMENT] OBJ = 0x7ffee20ad400
[H2 PLACEMENT] OBJ = 0x7ffee20ad458
[H2 PLACEMENT] OBJ = 0x7ffee20ad4b0
[H2 PLACEMENT] OBJ = 0x7ffee20ad508
[H2 PLACEMENT] OBJ = 0x7ffee20ad560
[H2 PLACEMENT] OBJ = 0x7ffee20ad5b8
[H2 PLACEMENT] OBJ = 0x7ffee20ad610
[H2 PLACEMENT] OBJ = 0x7ffee20ad668
[H2 PLACEMENT] OBJ = 0x7ffee20ad6c0
[H2 PLACEMENT] OBJ = 0x7ffee20ad718
[H2 PLACEMENT] OBJ = 0x7ffee20ad770
[H2 PLACEMENT] OBJ = 0x7ffee20ad7c8
[H2 PLACEMENT] OBJ = 0x7ffee20ad820
[H2 PLACEMENT] OBJ = 0x7ffee20ad878
[H2 PLACEMENT] OBJ = 0x7ffee20ad8d0
[H2 PLACEMENT] OBJ = 0x7ffee20ad928
[H2 PLACEMENT] OBJ = 0x7ffee20ad980
[H2 PLACEMENT] OBJ = 0x7ffee20ad9d8
[H2 PLACEMENT] OBJ = 0x7ffee20ada30
[H2 PLACEMENT] OBJ = 0x7ffee20ada88
[H2 PLACEMENT] OBJ = 0x7ffee20adae0
[H2 PLACEMENT] OBJ = 0x7ffee20adb38
[H2 PLACEMENT] OBJ = 0x7ffee20adb90
[H2 PLACEMENT] OBJ = 0x7ffee20adbe8
[H2 PLACEMENT] OBJ = 0x7ffee20adc40
[H2 PLACEMENT] OBJ = 0x7ffee20adc98
[H2 PLACEMENT] OBJ = 0x7ffee20adcf0
[H2 PLACEMENT] OBJ = 0x7ffee20add48
[H2 PLACEMENT] OBJ = 0x7ffee20adda0
[H2 PLACEMENT] OBJ = 0x7ffee20addf8
[H2 PLACEMENT] OBJ = 0x7ffee20ade50
[H2 PLACEMENT] OBJ = 0x7ffee20adea8
[H2 PLACEMENT] OBJ = 0x7ffee20adf00
[H2 PLACEMENT] OBJ = 0x7ffee20adf58
[H2 PLACEMENT] OBJ = 0x7ffee20adfb0
[H2 PLACEMENT] OBJ = 0x7ffee20ae008
[H2 PLACEMENT] OBJ = 0x7ffee20ae060
[H2 PLACEMENT] OBJ = 0x7ffee20ae0b8
[H2 PLACEMENT] OBJ = 0x7ffee20ae110
[H2 PLACEMENT] OBJ = 0x7ffee20ae168
[H2 PLACEMENT] OBJ = 0x7ffee20ae1c0
[H2 PLACEMENT] OBJ = 0x7ffee20ae218
[H2 PLACEMENT] OBJ = 0x7ffee20ae270
[H2 PLACEMENT] OBJ = 0x7ffee20ae2c8
[H2 PLACEMENT] OBJ = 0x7ffee20ae320
[H2 PLACEMENT] OBJ = 0x7ffee20ae378
[H2 PLACEMENT] OBJ = 0x7ffee20ae3d0
[H2 PLACEMENT] OBJ = 0x7ffee20ae428
[H2 PLACEMENT] OBJ = 0x7ffee20ae480
[H2 PLACEMENT] OBJ = 0x7ffee20ae4d8
[H2 PLACEMENT] OBJ = 0x7ffee20ae530
[H2 PLACEMENT] OBJ = 0x7ffee20ae588
[H2 PLACEMENT] OBJ = 0x7ffee20ae5e0
[H2 PLACEMENT] OBJ = 0x7ffee20ae638
[H2 PLACEMENT] OBJ = 0x7ffee20ae690
[H2 PLACEMENT] OBJ = 0x7ffee20ae6e8
[H2 PLACEMENT] OBJ = 0x7ffee20ae740
[H2 PLACEMENT] OBJ = 0x7ffee20ae798
[H2 PLACEMENT] OBJ = 0x7ffee20ae7f0
[H2 PLACEMENT] OBJ = 0x7ffee20ae848
[H2 PLACEMENT] OBJ = 0x7ffee20ae8a0
[H2 PLACEMENT] OBJ = 0x7ffee20ae8f8
[H2 PLACEMENT] OBJ = 0x7ffee20ae950
[H2 PLACEMENT] OBJ = 0x7ffee20ae9a8
[H2 PLACEMENT] OBJ = 0x7ffee20aea00
[H2 PLACEMENT] OBJ = 0x7ffee20aea58
[H2 PLACEMENT] OBJ = 0x7ffee20aeab0
[H2 PLACEMENT] OBJ = 0x7ffee20aeb08
[H2 PLACEMENT] OBJ = 0x7ffee20aeb60
[H2 PLACEMENT] OBJ = 0x7ffee20aebb8
[H2 PLACEMENT] OBJ = 0x7ffee20aec10
[H2 PLACEMENT] OBJ = 0x7ffee20aec68
[H2 PLACEMENT] OBJ = 0x7ffee20aecc0
[H2 PLACEMENT] OBJ = 0x7ffee20aed18
[H2 PLACEMENT] OBJ = 0x7ffee20aed70
[H2 PLACEMENT] OBJ = 0x7ffee20aedc8
[H2 PLACEMENT] OBJ = 0x7ffee20aee20
[H2 PLACEMENT] OBJ = 0x7ffee20aee78
[H2 PLACEMENT] OBJ = 0x7ffee20aeed0
[H2 PLACEMENT] OBJ = 0x7ffee20aef28
[H2 PLACEMENT] OBJ = 0x7ffee20aef80
[H2 PLACEMENT] OBJ = 0x7ffee20aefd8
[H2 PLACEMENT] OBJ = 0x7ffee20af030
[H2 PLACEMENT] OBJ = 0x7ffee20af088
[H2 PLACEMENT] OBJ = 0x7ffee20af0e0
[H2 PLACEMENT] OBJ = 0x7ffee20af138
[H2 PLACEMENT] OBJ = 0x7ffee20af190
[H2 PLACEMENT] OBJ = 0x7ffee20af1e8
[H2 PLACEMENT] OBJ = 0x7ffee20af240
[H2 PLACEMENT] OBJ = 0x7ffee20af298
[H2 PLACEMENT] OBJ = 0x7ffee20af2f0
[H2 PLACEMENT] OBJ = 0x7ffee20af348
[H2 PLACEMENT] OBJ = 0x7ffee20af3a0
[H2 PLACEMENT] OBJ = 0x7ffee20af3f8
[H2 PLACEMENT] OBJ = 0x7ffee20af450
[H2 PLACEMENT] OBJ = 0x7ffee20af4a8
[H2 PLACEMENT] OBJ = 0x7ffee20af500
[H2 PLACEMENT] OBJ = 0x7ffee20af558
[H2 PLACEMENT] OBJ = 0x7ffee20af5b0
[H2 PLACEMENT] OBJ = 0x7ffee20af608
[H2 PLACEMENT] OBJ = 0x7ffee20af660
[H2 PLACEMENT] OBJ = 0x7ffee20af6b8
[H2 PLACEMENT] OBJ = 0x7ffee20af710
[H2 PLACEMENT] OBJ = 0x7ffee20af768
[H2 PLACEMENT] OBJ = 0x7ffee20af7c0
[H2 PLACEMENT] OBJ = 0x7ffee20af818
[H2 PLACEMENT] OBJ = 0x7ffee20af870
[H2 PLACEMENT] OBJ = 0x7ffee20af8c8
[H2 PLACEMENT] OBJ = 0x7ffee20af920
[H2 PLACEMENT] OBJ = 0x7ffee20af978
[H2 PLACEMENT] OBJ = 0x7ffee20af9d0
[H2 PLACEMENT] OBJ = 0x7ffee20afa28
[H2 PLACEMENT] OBJ = 0x7ffee20afa80
[H2 PLACEMENT] OBJ = 0x7ffee20afad8
[H2 PLACEMENT] OBJ = 0x7ffee20afb30
[H2 PLACEMENT] OBJ = 0x7ffee20afb88
[H2 PLACEMENT] OBJ = 0x7ffee20afbe0
[H2 PLACEMENT] OBJ = 0x7ffee20afc38
[H2 PLACEMENT] OBJ = 0x7ffee20afc90
[H2 PLACEMENT] OBJ = 0x7ffee20afce8
[H2 PLACEMENT] OBJ = 0x7ffee20afd40
[H2 PLACEMENT] OBJ = 0x7ffee20afd98
[H2 PLACEMENT] OBJ = 0x7ffee20afdf0
[H2 PLACEMENT] OBJ = 0x7ffee20afe48
[H2 PLACEMENT] OBJ = 0x7ffee20afea0
[H2 PLACEMENT] OBJ = 0x7ffee20afef8
[H2 PLACEMENT] OBJ = 0x7ffee20aff50
[H2 PLACEMENT] OBJ = 0x7ffee20affa8
[H2 PLACEMENT] OBJ = 0x7ffee20b0000
[H2 PLACEMENT] OBJ = 0x7ffee20b0058
[H2 PLACEMENT] OBJ = 0x7ffee20b00b0
[H2 PLACEMENT] OBJ = 0x7ffee20b0108
[H2 PLACEMENT] OBJ = 0x7ffee20b0160
[H2 PLACEMENT] OBJ = 0x7ffee20b01b8
[H2 PLACEMENT] OBJ = 0x7ffee20b0210
[H2 PLACEMENT] OBJ = 0x7ffee20b0268
[H2 PLACEMENT] OBJ = 0x7ffee20b02c0
[H2 PLACEMENT] OBJ = 0x7ffee20b0318
[H2 PLACEMENT] OBJ = 0x7ffee20b0370
[H2 PLACEMENT] OBJ = 0x7ffee20b03c8
[H2 PLACEMENT] OBJ = 0x7ffee20b0420
[H2 PLACEMENT] OBJ = 0x7ffee20b0478
[H2 PLACEMENT] OBJ = 0x7ffee20b04d0
[H2 PLACEMENT] OBJ = 0x7ffee20b0528
[H2 PLACEMENT] OBJ = 0x7ffee20b0580
[H2 PLACEMENT] OBJ = 0x7ffee20b05d8
[H2 PLACEMENT] OBJ = 0x7ffee20b0630
[H2 PLACEMENT] OBJ = 0x7ffee20b0688
[H2 PLACEMENT] OBJ = 0x7ffee20b06e0
[H2 PLACEMENT] OBJ = 0x7ffee20b0738
[H2 PLACEMENT] OBJ = 0x7ffee20b0790
[H2 PLACEMENT] OBJ = 0x7ffee20b07e8
[H2 PLACEMENT] OBJ = 0x7ffee20b0840
[H2 PLACEMENT] OBJ = 0x7ffee20b0898
[H2 PLACEMENT] OBJ = 0x7ffee20b08f0
[H2 PLACEMENT] OBJ = 0x7ffee20b0948
[H2 PLACEMENT] OBJ = 0x7ffee20b09a0
[H2 PLACEMENT] OBJ = 0x7ffee20b09f8
[H2 PLACEMENT] OBJ = 0x7ffee20b0a50
[H2 PLACEMENT] OBJ = 0x7ffee20b0aa8
[H2 PLACEMENT] OBJ = 0x7ffee20b0b00
[H2 PLACEMENT] OBJ = 0x7ffee20b0b58
[H2 PLACEMENT] OBJ = 0x7ffee20b0bb0
[H2 PLACEMENT] OBJ = 0x7ffee20b0c08
[H2 PLACEMENT] OBJ = 0x7ffee20b0c60
[H2 PLACEMENT] OBJ = 0x7ffee20b0cb8
[H2 PLACEMENT] OBJ = 0x7ffee20b0d10
[H2 PLACEMENT] OBJ = 0x7ffee20b0d68
[H2 PLACEMENT] OBJ = 0x7ffee20b0dc0
[H2 PLACEMENT] OBJ = 0x7ffee20b0e18
[H2 PLACEMENT] OBJ = 0x7ffee20b0e70
[H2 PLACEMENT] OBJ = 0x7ffee20b0ec8
[H2 PLACEMENT] OBJ = 0x7ffee20b0f20
[H2 PLACEMENT] OBJ = 0x7ffee20b0f78
[H2 PLACEMENT] OBJ = 0x7ffee20b0fd0
[H2 PLACEMENT] OBJ = 0x7ffee20b1028
[H2 PLACEMENT] OBJ = 0x7ffee20b1080
[H2 PLACEMENT] OBJ = 0x7ffee20b10d8
[H2 PLACEMENT] OBJ = 0x7ffee20b1130
[H2 PLACEMENT] OBJ = 0x7ffee20b1188
[H2 PLACEMENT] OBJ = 0x7ffee20b11e0
[H2 PLACEMENT] OBJ = 0x7ffee20b1238
[H2 PLACEMENT] OBJ = 0x7ffee20b1290
[H2 PLACEMENT] OBJ = 0x7ffee20b12e8
[H2 PLACEMENT] OBJ = 0x7ffee20b1340
[H2 PLACEMENT] OBJ = 0x7ffee20b1398
[H2 PLACEMENT] OBJ = 0x7ffee20b13f0
[H2 PLACEMENT] OBJ = 0x7ffee20b1448
[H2 PLACEMENT] OBJ = 0x7ffee20b14a0
[H2 PLACEMENT] OBJ = 0x7ffee20b14f8
[H2 PLACEMENT] OBJ = 0x7ffee20b1550
[H2 PLACEMENT] OBJ = 0x7ffee20b15a8
[H2 PLACEMENT] OBJ = 0x7ffee20b1600
[H2 PLACEMENT] OBJ = 0x7ffee20b1658
[H2 PLACEMENT] OBJ = 0x7ffee20b16b0
[H2 PLACEMENT] OBJ = 0x7ffee20b1708
[H2 PLACEMENT] OBJ = 0x7ffee20b1760
[H2 PLACEMENT] OBJ = 0x7ffee20b17b8
[H2 PLACEMENT] OBJ = 0x7ffee20b1810
[H2 PLACEMENT] OBJ = 0x7ffee20b1868
[H2 PLACEMENT] OBJ = 0x7ffee20b18c0
[H2 PLACEMENT] OBJ = 0x7ffee20b1918
[H2 PLACEMENT] OBJ = 0x7ffee20b1970
[H2 PLACEMENT] OBJ = 0x7ffee20b19c8
[H2 PLACEMENT] OBJ = 0x7ffee20b1a20
[H2 PLACEMENT] OBJ = 0x7ffee20b1a78
[H2 PLACEMENT] OBJ = 0x7ffee20b1ad0
[H2 PLACEMENT] OBJ = 0x7ffee20b1b28
[H2 PLACEMENT] OBJ = 0x7ffee20b1b80
[H2 PLACEMENT] OBJ = 0x7ffee20b1bd8
[H2 PLACEMENT] OBJ = 0x7ffee20b1c30
[H2 PLACEMENT] OBJ = 0x7ffee20b1c88
[H2 PLACEMENT] OBJ = 0x7ffee20b1ce0
[H2 PLACEMENT] OBJ = 0x7ffee20b1d38
[H2 PLACEMENT] OBJ = 0x7ffee20b1d90
[H2 PLACEMENT] OBJ = 0x7ffee20b1de8
[H2 PLACEMENT] OBJ = 0x7ffee20b1e40
[H2 PLACEMENT] OBJ = 0x7ffee20b1e98
[H2 PLACEMENT] OBJ = 0x7ffee20b1ef0
[H2 PLACEMENT] OBJ = 0x7ffee20b1f48
[H2 PLACEMENT] OBJ = 0x7ffee20b1fa0
[H2 PLACEMENT] OBJ = 0x7ffee20b1ff8
[H2 PLACEMENT] OBJ = 0x7ffee20b2050
[H2 PLACEMENT] OBJ = 0x7ffee20b20a8
[H2 PLACEMENT] OBJ = 0x7ffee20b2100
[H2 PLACEMENT] OBJ = 0x7ffee20b2158
[H2 PLACEMENT] OBJ = 0x7ffee20b21b0
[H2 PLACEMENT] OBJ = 0x7ffee20b2208
[H2 PLACEMENT] OBJ = 0x7ffee20b2260
[H2 PLACEMENT] OBJ = 0x7ffee20b22b8
[H2 PLACEMENT] OBJ = 0x7ffee20b2310
[H2 PLACEMENT] OBJ = 0x7ffee20b2368
[H2 PLACEMENT] OBJ = 0x7ffee20b23c0
[H2 PLACEMENT] OBJ = 0x7ffee20b2418
[H2 PLACEMENT] OBJ = 0x7ffee20b2470
[H2 PLACEMENT] OBJ = 0x7ffee20b24c8
[H2 PLACEMENT] OBJ = 0x7ffee20b2520
[H2 PLACEMENT] OBJ = 0x7ffee20b2578
[H2 PLACEMENT] OBJ = 0x7ffee20b25d0
[H2 PLACEMENT] OBJ = 0x7ffee20b2628
[H2 PLACEMENT] OBJ = 0x7ffee20b2680
[H2 PLACEMENT] OBJ = 0x7ffee20b26d8
[H2 PLACEMENT] OBJ = 0x7ffee20b2730
[H2 PLACEMENT] OBJ = 0x7ffee20b2788
[H2 PLACEMENT] OBJ = 0x7ffee20b27e0
[H2 PLACEMENT] OBJ = 0x7ffee20b2838
[H2 PLACEMENT] OBJ = 0x7ffee20b2890
[H2 PLACEMENT] OBJ = 0x7ffee20b28e8
[H2 PLACEMENT] OBJ = 0x7ffee20b2940
[H2 PLACEMENT] OBJ = 0x7ffee20b2998
[H2 PLACEMENT] OBJ = 0x7ffee20b29f0
[H2 PLACEMENT] OBJ = 0x7ffee20b2a48
[H2 PLACEMENT] OBJ = 0x7ffee20b2aa0
[H2 PLACEMENT] OBJ = 0x7ffee20b2af8
[H2 PLACEMENT] OBJ = 0x7ffee20b2b50
[H2 PLACEMENT] OBJ = 0x7ffee20b2ba8
[H2 PLACEMENT] OBJ = 0x7ffee20b2c00
[H2 PLACEMENT] OBJ = 0x7ffee20b2c58
[H2 PLACEMENT] OBJ = 0x7ffee20b2cb0
[H2 PLACEMENT] OBJ = 0x7ffee20b2d08
[H2 PLACEMENT] OBJ = 0x7ffee20b2d60
[H2 PLACEMENT] OBJ = 0x7ffee20b2db8
[H2 PLACEMENT] OBJ = 0x7ffee20b2e10
[H2 PLACEMENT] OBJ = 0x7ffee20b2e68
[H2 PLACEMENT] OBJ = 0x7ffee20b2ec0
[H2 PLACEMENT] OBJ = 0x7ffee20b2f18
[H2 PLACEMENT] OBJ = 0x7ffee20b2f70
[H2 PLACEMENT] OBJ = 0x7ffee20b2fc8
[H2 PLACEMENT] OBJ = 0x7ffee20b3020
[H2 PLACEMENT] OBJ = 0x7ffee20b3078
[H2 PLACEMENT] OBJ = 0x7ffee20b30d0
[H2 PLACEMENT] OBJ = 0x7ffee20b3128
[H2 PLACEMENT] OBJ = 0x7ffee20b3180
[H2 PLACEMENT] OBJ = 0x7ffee20b31d8
[H2 PLACEMENT] OBJ = 0x7ffee20b3230
[H2 PLACEMENT] OBJ = 0x7ffee20b3288
[H2 PLACEMENT] OBJ = 0x7ffee20b32e0
[H2 PLACEMENT] OBJ = 0x7ffee20b3338
[H2 PLACEMENT] OBJ = 0x7ffee20b3390
[H2 PLACEMENT] OBJ = 0x7ffee20b33e8
[H2 PLACEMENT] OBJ = 0x7ffee20b3440
[H2 PLACEMENT] OBJ = 0x7ffee20b3498
[H2 PLACEMENT] OBJ = 0x7ffee20b34f0
[H2 PLACEMENT] OBJ = 0x7ffee20b3548
[H2 PLACEMENT] OBJ = 0x7ffee20b35a0
[H2 PLACEMENT] OBJ = 0x7ffee20b35f8
[H2 PLACEMENT] OBJ = 0x7ffee20b3650
[H2 PLACEMENT] OBJ = 0x7ffee20b36a8
[H2 PLACEMENT] OBJ = 0x7ffee20b3700
[H2 PLACEMENT] OBJ = 0x7ffee20b3758
[H2 PLACEMENT] OBJ = 0x7ffee20b37b0
[H2 PLACEMENT] OBJ = 0x7ffee20b3808
[H2 PLACEMENT] OBJ = 0x7ffee20b3860
[H2 PLACEMENT] OBJ = 0x7ffee20b38b8
[H2 PLACEMENT] OBJ = 0x7ffee20b3910
[H2 PLACEMENT] OBJ = 0x7ffee20b3968
[H2 PLACEMENT] OBJ = 0x7ffee20b39c0
[H2 PLACEMENT] OBJ = 0x7ffee20b3a18
[H2 PLACEMENT] OBJ = 0x7ffee20b3a70
[H2 PLACEMENT] OBJ = 0x7ffee20b3ac8
[H2 PLACEMENT] OBJ = 0x7ffee20b3b20
[H2 PLACEMENT] OBJ = 0x7ffee20b3b78
[H2 PLACEMENT] OBJ = 0x7ffee20b3bd0
[H2 PLACEMENT] OBJ = 0x7ffee20b3c28
[H2 PLACEMENT] OBJ = 0x7ffee20b3c80
[H2 PLACEMENT] OBJ = 0x7ffee20b3cd8
[H2 PLACEMENT] OBJ = 0x7ffee20b3d30
[H2 PLACEMENT] OBJ = 0x7ffee20b3d88
[H2 PLACEMENT] OBJ = 0x7ffee20b3de0
[H2 PLACEMENT] OBJ = 0x7ffee20b3e38
[H2 PLACEMENT] OBJ = 0x7ffee20b3e90
[H2 PLACEMENT] OBJ = 0x7ffee20b3ee8
[H2 PLACEMENT] OBJ = 0x7ffee20b3f40
[H2 PLACEMENT] OBJ = 0x7ffee20b3f98
[H2 PLACEMENT] OBJ = 0x7ffee20b3ff0
[H2 PLACEMENT] OBJ = 0x7ffee20b4048
[H2 PLACEMENT] OBJ = 0x7ffee20b40a0
[H2 PLACEMENT] OBJ = 0x7ffee20b40f8
[H2 PLACEMENT] OBJ = 0x7ffee20b4150
[H2 PLACEMENT] OBJ = 0x7ffee20b41a8
[H2 PLACEMENT] OBJ = 0x7ffee20b4200
[H2 PLACEMENT] OBJ = 0x7ffee20b4258
[H2 PLACEMENT] OBJ = 0x7ffee20b42b0
[H2 PLACEMENT] OBJ = 0x7ffee20b4308
[H2 PLACEMENT] OBJ = 0x7ffee20b4360
[H2 PLACEMENT] OBJ = 0x7ffee20b43b8
[H2 PLACEMENT] OBJ = 0x7ffee20b4410
[H2 PLACEMENT] OBJ = 0x7ffee20b4468
[H2 PLACEMENT] OBJ = 0x7ffee20b44c0
[H2 PLACEMENT] OBJ = 0x7ffee20b4518
[H2 PLACEMENT] OBJ = 0x7ffee20b4570
[H2 PLACEMENT] OBJ = 0x7ffee20b45c8
[H2 PLACEMENT] OBJ = 0x7ffee20b4620
[H2 PLACEMENT] OBJ = 0x7ffee20b4678
[H2 PLACEMENT] OBJ = 0x7ffee20b46d0
[H2 PLACEMENT] OBJ = 0x7ffee20b4728
[H2 PLACEMENT] OBJ = 0x7ffee20b4780
[H2 PLACEMENT] OBJ = 0x7ffee20b47d8
[H2 PLACEMENT] OBJ = 0x7ffee20b4830
[H2 PLACEMENT] OBJ = 0x7ffee20b4888
[H2 PLACEMENT] OBJ = 0x7ffee20b48e0
[H2 PLACEMENT] OBJ = 0x7ffee20b4938
[H2 PLACEMENT] OBJ = 0x7ffee20b4990
[H2 PLACEMENT] OBJ = 0x7ffee20b49e8
[H2 PLACEMENT] OBJ = 0x7ffee20b4a40
[H2 PLACEMENT] OBJ = 0x7ffee20b4a98
[H2 PLACEMENT] OBJ = 0x7ffee20b4af0
[H2 PLACEMENT] OBJ = 0x7ffee20b4b48
[H2 PLACEMENT] OBJ = 0x7ffee20b4ba0
[H2 PLACEMENT] OBJ = 0x7ffee20b4bf8
[H2 PLACEMENT] OBJ = 0x7ffee20b4c50
[H2 PLACEMENT] OBJ = 0x7ffee20b4ca8
[H2 PLACEMENT] OBJ = 0x7ffee20b4d00
[H2 PLACEMENT] OBJ = 0x7ffee20b4d58
[H2 PLACEMENT] OBJ = 0x7ffee20b4db0
[H2 PLACEMENT] OBJ = 0x7ffee20b4e08
[H2 PLACEMENT] OBJ = 0x7ffee20b4e60
[H2 PLACEMENT] OBJ = 0x7ffee20b4eb8
[H2 PLACEMENT] OBJ = 0x7ffee20b4f10
[H2 PLACEMENT] OBJ = 0x7ffee20b4f68
[H2 PLACEMENT] OBJ = 0x7ffee20b4fc0
[H2 PLACEMENT] OBJ = 0x7ffee20b5018
[H2 PLACEMENT] OBJ = 0x7ffee20b5070
[H2 PLACEMENT] OBJ = 0x7ffee20b50c8
[H2 PLACEMENT] OBJ = 0x7ffee20b5120
[H2 PLACEMENT] OBJ = 0x7ffee20b5178
[H2 PLACEMENT] OBJ = 0x7ffee20b51d0
[H2 PLACEMENT] OBJ = 0x7ffee20b5228
[H2 PLACEMENT] OBJ = 0x7ffee20b5280
[H2 PLACEMENT] OBJ = 0x7ffee20b52d8
[H2 PLACEMENT] OBJ = 0x7ffee20b5330
[H2 PLACEMENT] OBJ = 0x7ffee20b5388
[H2 PLACEMENT] OBJ = 0x7ffee20b53e0
[H2 PLACEMENT] OBJ = 0x7ffee20b5438
[H2 PLACEMENT] OBJ = 0x7ffee20b5490
[H2 PLACEMENT] OBJ = 0x7ffee20b54e8
[H2 PLACEMENT] OBJ = 0x7ffee20b5540
[H2 PLACEMENT] OBJ = 0x7ffee20b5598
[H2 PLACEMENT] OBJ = 0x7ffee20b55f0
[H2 PLACEMENT] OBJ = 0x7ffee20b5648
[H2 PLACEMENT] OBJ = 0x7ffee20b56a0
[H2 PLACEMENT] OBJ = 0x7ffee20b56f8
[H2 PLACEMENT] OBJ = 0x7ffee20b5750
[H2 PLACEMENT] OBJ = 0x7ffee20b57a8
[H2 PLACEMENT] OBJ = 0x7ffee20b5800
LNodes moved in H1=10362695 ,H2=8449
==============FINISHED A MIX GC=================
[288.223s][info   ][gc,mmu      ] GC(32) MMU target violated: 201.0ms (200.0ms/201.0ms)
[288.223s][info   ][gc,phases   ] GC(32)   Pre Evacuate Collection Set: 0.9ms
[288.224s][info   ][gc,phases   ] GC(32)   Merge Heap Roots: 59.9ms
[288.224s][info   ][gc,phases   ] GC(32)   Evacuate Collection Set: 25090.1ms
[288.224s][info   ][gc,phases   ] GC(32)   Post Evacuate Collection Set: 41.1ms
[288.224s][info   ][gc,phases   ] GC(32)   Other: 8.4ms
[288.224s][info   ][gc,heap     ] GC(32) Eden regions: 43->0(43)
[288.224s][info   ][gc,heap     ] GC(32) Survivor regions: 7->7(7)
[288.224s][info   ][gc,heap     ] GC(32) Old regions: 1042->1065
[288.224s][info   ][gc,heap     ] GC(32) Archive regions: 0->0
[288.224s][info   ][gc,heap     ] GC(32) Humongous regions: 118->118
[288.225s][info   ][gc,metaspace] GC(32) Metaspace: 7052K(7168K)->7052K(7168K)
[288.226s][info   ][gc          ] GC(32) Pause Young (Mixed) (G1 Evacuation Pause) 1210M->1190M(2048M) 25201.530ms
[288.226s][info   ][gc,cpu      ] GC(32) User=8.18s Sys=0.09s Real=25.21s
[296.339s][info   ][gc,start    ] GC(33) Pause Young (Mixed) (G1 Evacuation Pause)
[296.340s][info   ][gc,task     ] GC(33) Using 1 workers of 1 for evacuation
==============FINISHED A MIX GC=================
[304.286s][info   ][gc,mmu      ] GC(33) MMU target violated: 201.0ms (200.0ms/201.0ms)
[304.286s][info   ][gc,phases   ] GC(33)   Pre Evacuate Collection Set: 0.9ms
[304.286s][info   ][gc,phases   ] GC(33)   Merge Heap Roots: 64.6ms
[304.286s][info   ][gc,phases   ] GC(33)   Evacuate Collection Set: 7843.3ms
[304.287s][info   ][gc,phases   ] GC(33)   Post Evacuate Collection Set: 35.3ms
[304.287s][info   ][gc,phases   ] GC(33)   Other: 5.4ms
[304.287s][info   ][gc,heap     ] GC(33) Eden regions: 43->0(43)
[304.287s][info   ][gc,heap     ] GC(33) Survivor regions: 7->7(7)
[304.287s][info   ][gc,heap     ] GC(33) Old regions: 1065->1086
[304.287s][info   ][gc,heap     ] GC(33) Archive regions: 0->0
[304.287s][info   ][gc,heap     ] GC(33) Humongous regions: 151->151
[304.287s][info   ][gc,metaspace] GC(33) Metaspace: 7052K(7168K)->7052K(7168K)
[304.289s][info   ][gc          ] GC(33) Pause Young (Mixed) (G1 Evacuation Pause) 1266M->1243M(2048M) 7949.482ms
[304.289s][info   ][gc,cpu      ] GC(33) User=7.94s Sys=0.01s Real=7.95s
************ Deleteded 2249998
************ Deleteded for real = 2249998
DONE deletion 2
================== Sum before H2 traversal 2250006
================== Total Sum 2282007
heap size: 2048.0 MB   2.0 GB
heap max size: 2048.0 MB   2.0 GB
heap free size: 753.5 MB   0.73583984375 GB
heap used size: 1294.5 MB   1.26416015625 GB
[312.736s][info   ][gc,heap,exit] Heap
[312.736s][info   ][gc,heap,exit]  garbage-first heap   total 2097152K, used 1327616K [0x00007ffe60800000, 0x00007ffee0800000)
[312.736s][info   ][gc,heap,exit]   region size 1024K, 42 young (43008K), 7 survivors (7168K)
[312.736s][info   ][gc,heap,exit]  Metaspace       used 7280K, committed 7360K, reserved 8192K
[312.742s][info   ][gc,verify,start] Verifying 
[383.213s][info   ][gc,verify      ] Verifying  70471.345ms
